--------- beginning of main
02-16 20:53:16.850 27007 27020 E TestRunner: failed: givenUserInAnotherTeam_whenFileIsSent_thenRecipientCanReceivePlayAndDownloadIt(com.wire.android.tests.core.criticalFlows.FileSharingBetweenTeams)
02-16 20:53:16.851 27007 27020 E TestRunner: ----- begin exception -----
02-16 20:53:16.851 27007 27020 E TestRunner: java.lang.AssertionError: Element not found with selector: text='Enter your email to start!'
02-16 20:53:16.851 27007 27020 E TestRunner: 	at uiautomatorutils.UiWaitUtils.waitElement(UiWaitUtils.kt:94)
02-16 20:53:16.851 27007 27020 E TestRunner: 	at uiautomatorutils.UiWaitUtils.waitElement$default(UiWaitUtils.kt:84)
02-16 20:53:16.851 27007 27020 E TestRunner: 	at com.wire.android.tests.core.pages.RegistrationPage.assertEmailWelcomePage(RegistrationPage.kt:66)
02-16 20:53:16.851 27007 27020 E TestRunner: 	at com.wire.android.tests.core.criticalFlows.FileSharingBetweenTeams.givenUserInAnotherTeam_whenFileIsSent_thenRecipientCanReceivePlayAndDownloadIt$lambda$7(FileSharingBetweenTeams.kt:127)
02-16 20:53:16.851 27007 27020 E TestRunner: 	at com.wire.android.tests.core.criticalFlows.FileSharingBetweenTeams.$r8$lambda$wBwXBq4ElaSAC8GukrexFtaXqkM(Unknown Source:0)
02-16 20:53:16.851 27007 27020 E TestRunner: 	at com.wire.android.tests.core.criticalFlows.FileSharingBetweenTeams$$ExternalSyntheticLambda2.invoke(D8$$SyntheticClass:0)
02-16 20:53:16.851 27007 27020 E TestRunner: 	at com.wire.android.tests.core.BaseUiTest.step$lambda$1(BaseUiTest.kt:54)
02-16 20:53:16.851 27007 27020 E TestRunner: 	at com.wire.android.tests.core.BaseUiTest.$r8$lambda$CSKDAIjp6271vtVFMpsHBDVw5qY(Unknown Source:0)
02-16 20:53:16.851 27007 27020 E TestRunner: 	at com.wire.android.tests.core.BaseUiTest$$ExternalSyntheticLambda1.invoke(D8$$SyntheticClass:0)
02-16 20:53:16.851 27007 27020 E TestRunner: 	at io.qameta.allure.kotlin.Allure.step(Allure.kt:60)
02-16 20:53:16.851 27007 27020 E TestRunner: 	at com.wire.android.tests.core.BaseUiTest.step(BaseUiTest.kt:54)
02-16 20:53:16.851 27007 27020 E TestRunner: 	at com.wire.android.tests.core.criticalFlows.FileSharingBetweenTeams.givenUserInAnotherTeam_whenFileIsSent_thenRecipientCanReceivePlayAndDownloadIt(FileSharingBetweenTeams.kt:125)
02-16 20:53:16.851 27007 27020 E TestRunner: 	at java.lang.reflect.Method.invoke(Native Method)
02-16 20:53:16.851 27007 27020 E TestRunner: 	at org.junit.runners.model.FrameworkMethod$1.runReflectiveCall(FrameworkMethod.java:59)
02-16 20:53:16.851 27007 27020 E TestRunner: 	at org.junit.internal.runners.model.ReflectiveCallable.run(ReflectiveCallable.java:12)
02-16 20:53:16.851 27007 27020 E TestRunner: 	at org.junit.runners.model.FrameworkMethod.invokeExplosively(FrameworkMethod.java:56)
02-16 20:53:16.851 27007 27020 E TestRunner: 	at org.junit.internal.runners.statements.InvokeMethod.evaluate(InvokeMethod.java:17)
02-16 20:53:16.851 27007 27020 E TestRunner: 	at androidx.test.internal.runner.junit4.statement.RunBefores.evaluate(RunBefores.java:80)
02-16 20:53:16.851 27007 27020 E TestRunner: 	at androidx.test.internal.runner.junit4.statement.RunAfters.evaluate(RunAfters.java:61)
02-16 20:53:16.851 27007 27020 E TestRunner: 	at com.wire.android.tests.support.suite.AllureFailureScreenshotRule$apply$1.evaluate(AllureFailureScreenshotRule.kt:44)
02-16 20:53:16.851 27007 27020 E TestRunner: 	at com.wire.android.tests.support.suite.AllureLabelsRule$apply$1.evaluate(AllureLabelsRule.kt:70)
02-16 20:53:16.851 27007 27020 E TestRunner: 	at org.junit.rules.TestWatcher$1.evaluate(TestWatcher.java:61)
02-16 20:53:16.851 27007 27020 E TestRunner: 	at com.wire.android.tests.support.suite.AllureLogcatRule$apply$1.evaluate(AllureLogcatRule.kt:41)
02-16 20:53:16.851 27007 27020 E TestRunner: 	at org.junit.runners.ParentRunner$3.evaluate(ParentRunner.java:306)
02-16 20:53:16.851 27007 27020 E TestRunner: 	at org.junit.runners.BlockJUnit4ClassRunner$1.evaluate(BlockJUnit4ClassRunner.java:100)
02-16 20:53:16.851 27007 27020 E TestRunner: 	at org.junit.runners.ParentRunner.runLeaf(ParentRunner.java:366)
02-16 20:53:16.851 27007 27020 E TestRunner: 	at org.junit.runners.BlockJUnit4ClassRunner.runChild(BlockJUnit4ClassRunner.java:103)
02-16 20:53:16.851 27007 27020 E TestRunner: 	at org.junit.runners.BlockJUnit4ClassRunner.runChild(BlockJUnit4ClassRunner.java:63)
02-16 20:53:16.851 27007 27020 E TestRunner: 	at org.junit.runners.ParentRunner$4.run(ParentRunner.java:331)
02-16 20:53:16.851 27007 27020 E TestRunner: 	at org.junit.runners.ParentRunner$1.schedule(ParentRunner.java:79)
02-16 20:53:16.851 27007 27020 E TestRunner: 	at org.junit.runners.ParentRunner.runChildren(ParentRunner.java:329)
02-16 20:53:16.851 27007 27020 E TestRunner: 	at org.junit.runners.ParentRunner.access$100(ParentRunner.java:66)
02-16 20:53:16.851 27007 27020 E TestRunner: 	at org.junit.runners.ParentRunner$2.evaluate(ParentRunner.java:293)
02-16 20:53:16.851 27007 27020 E TestRunner: 	at org.junit.runners.ParentRunner$3.evaluate(ParentRunner.java:306)
02-16 20:53:16.851 27007 27020 E TestRunner: 	at org.junit.runners.ParentRunner.run(ParentRunner.java:413)
02-16 20:53:16.851 27007 27020 E TestRunner: 	at androidx.test.ext.junit.runners.AndroidJUnit4.run(AndroidJUnit4.java:162)
02-16 20:53:16.851 27007 27020 E TestRunner: 	at org.junit.runners.Suite.runChild(Suite.java:128)
02-16 20:53:16.851 27007 27020 E TestRunner: 	at org.junit.runners.Suite.runChild(Suite.java:27)
02-16 20:53:16.851 27007 27020 E TestRunner: 	at org.junit.runners.ParentRunner$4.run(ParentRunner.java:331)
02-16 20:53:16.851 27007 27020 E TestRunner: 	at org.junit.runners.ParentRunner$1.schedule(ParentRunner.java:79)
02-16 20:53:16.851 27007 27020 E TestRunner: 	at org.junit.runners.ParentRunner.runChildren(ParentRunner.java:329)
02-16 20:53:16.851 27007 27020 E TestRunner: 	at org.junit.runners.ParentRunner.access$100(ParentRunner.java:66)
02-16 20:53:16.851 27007 27020 E TestRunner: 	at org.junit.runners.ParentRunner$2.evaluate(ParentRunner.java:293)
02-16 20:53:16.851 27007 27020 E TestRunner: 	at org.junit.runners.ParentRunner$3.evaluate(ParentRunner.java:306)
02-16 20:53:16.851 27007 27020 E TestRunner: 	at org.junit.runners.ParentRunner.run(ParentRunner.java:413)
02-16 20:53:16.851 27007 27020 E TestRunner: 	at org.junit.runner.JUnitCore.run(JUnitCore.java:137)
02-16 20:53:16.851 27007 27020 E TestRunner: 	at org.junit.runner.JUnitCore.run(JUnitCore.java:115)
02-16 20:53:16.851 27007 27020 E TestRunner: 	at androidx.test.internal.runner.TestExecutor.execute(TestExecutor.java:68)
02-16 20:53:16.851 27007 27020 E TestRunner: 	at androidx.test.internal.runner.TestExecutor.execute(TestExecutor.java:59)
02-16 20:53:16.851 27007 27020 E TestRunner: 	at androidx.test.runner.AndroidJUnitRunner.onStart(AndroidJUnitRunner.java:467)
02-16 20:53:16.851 27007 27020 E TestRunner: 	at com.wire.android.tests.support.suite.TaggedTestRunner.onStart(TaggedTestRunner.kt:51)
02-16 20:53:16.851 27007 27020 E TestRunner: 	at android.app.Instrumentation$InstrumentationThread.run(Instrumentation.java:2278)
02-16 20:53:16.851 27007 27020 E TestRunner: ----- end exception -----
02-16 20:53:16.856 27007 27020 I TestRunner: finished: givenUserInAnotherTeam_whenFileIsSent_thenRecipientCanReceivePlayAndDownloadIt(com.wire.android.tests.core.criticalFlows.FileSharingBetweenTeams)
02-16 20:53:16.918 27007 27020 I TestRunner: started: givenIStartGroupCall_whenParticipantShareMessageFileAndLocation_thenAllVisibleAndCallContinues(com.wire.android.tests.core.criticalFlows.GroupCallChat)
02-16 20:53:16.937 27007 27020 D UiDevice: Executing shell command: pm clear com.wire.internal
02-16 20:53:17.009 27007 27020 D UiDevice: Executing shell command: settings put secure show_ime_with_hard_keyboard 0
02-16 20:53:17.039 27007 27020 D UiDevice: Executing shell command: settings put global window_animation_scale 0
02-16 20:53:17.062 27007 27020 D UiDevice: Executing shell command: settings put global transition_animation_scale 0
02-16 20:53:17.087 27007 27020 D UiDevice: Executing shell command: settings put global animator_duration_scale .5
02-16 20:53:17.119 27007 27020 D UiDevice: Pressing home button.
02-16 20:53:18.151 27007 27020 W InteractionController: Timed out waiting 1000ms for command and events.
02-16 20:53:18.160 27007 27020 D UiDevice: Waiting 20000ms for SearchCondition[hasObject=BySelector [PKG='\Qcom.google.android.apps.nexuslauncher\E']].
02-16 20:53:18.161 27007 27020 D UiDevice: Searching for node with selector: BySelector [PKG='\Qcom.google.android.apps.nexuslauncher\E'].
02-16 20:53:18.487 27007 27020 D UiDevice: Searching for node with selector: BySelector [PKG='\Qcom.google.android.apps.nexuslauncher\E'].
02-16 20:53:18.637 27007 27020 D UiDevice: Searching for node with selector: BySelector [PKG='\Qcom.google.android.apps.nexuslauncher\E'].
02-16 20:53:18.788 27007 27020 D UiDevice: Searching for node with selector: BySelector [PKG='\Qcom.google.android.apps.nexuslauncher\E'].
02-16 20:53:18.937 27007 27020 D UiDevice: Searching for node with selector: BySelector [PKG='\Qcom.google.android.apps.nexuslauncher\E'].
02-16 20:53:19.087 27007 27020 D UiDevice: Searching for node with selector: BySelector [PKG='\Qcom.google.android.apps.nexuslauncher\E'].
02-16 20:53:19.236 27007 27020 D UiDevice: Searching for node with selector: BySelector [PKG='\Qcom.google.android.apps.nexuslauncher\E'].
02-16 20:53:19.384 27007 27020 D UiDevice: Searching for node with selector: BySelector [PKG='\Qcom.google.android.apps.nexuslauncher\E'].
02-16 20:53:19.533 27007 27020 D UiDevice: Searching for node with selector: BySelector [PKG='\Qcom.google.android.apps.nexuslauncher\E'].
02-16 20:53:19.682 27007 27020 D UiDevice: Searching for node with selector: BySelector [PKG='\Qcom.google.android.apps.nexuslauncher\E'].
02-16 20:53:19.828 27007 27020 D UiDevice: Searching for node with selector: BySelector [PKG='\Qcom.google.android.apps.nexuslauncher\E'].
02-16 20:53:19.968 27007 27020 D UiDevice: Searching for node with selector: BySelector [PKG='\Qcom.google.android.apps.nexuslauncher\E'].
02-16 20:53:20.117 27007 27020 D UiDevice: Searching for node with selector: BySelector [PKG='\Qcom.google.android.apps.nexuslauncher\E'].
02-16 20:53:20.262 27007 27020 D UiDevice: Searching for node with selector: BySelector [PKG='\Qcom.google.android.apps.nexuslauncher\E'].
02-16 20:53:20.593 27007 27020 D UiDevice: Searching for node with selector: BySelector [PKG='\Qcom.google.android.apps.nexuslauncher\E'].
02-16 20:53:20.743 27007 27020 D UiDevice: Searching for node with selector: BySelector [PKG='\Qcom.google.android.apps.nexuslauncher\E'].
02-16 20:53:20.889 27007 27020 D UiDevice: Searching for node with selector: BySelector [PKG='\Qcom.google.android.apps.nexuslauncher\E'].
02-16 20:53:21.039 27007 27020 D UiDevice: Searching for node with selector: BySelector [PKG='\Qcom.google.android.apps.nexuslauncher\E'].
02-16 20:53:21.189 27007 27020 D UiDevice: Searching for node with selector: BySelector [PKG='\Qcom.google.android.apps.nexuslauncher\E'].
02-16 20:53:21.341 27007 27020 D UiDevice: Searching for node with selector: BySelector [PKG='\Qcom.google.android.apps.nexuslauncher\E'].
02-16 20:53:21.487 27007 27020 D UiDevice: Searching for node with selector: BySelector [PKG='\Qcom.google.android.apps.nexuslauncher\E'].
02-16 20:53:21.634 27007 27020 D UiDevice: Searching for node with selector: BySelector [PKG='\Qcom.google.android.apps.nexuslauncher\E'].
02-16 20:53:21.786 27007 27020 D UiDevice: Searching for node with selector: BySelector [PKG='\Qcom.google.android.apps.nexuslauncher\E'].
02-16 20:53:21.928 27007 27020 D UiDevice: Searching for node with selector: BySelector [PKG='\Qcom.google.android.apps.nexuslauncher\E'].
02-16 20:53:22.076 27007 27020 D UiDevice: Searching for node with selector: BySelector [PKG='\Qcom.google.android.apps.nexuslauncher\E'].
02-16 20:53:22.226 27007 27020 D UiDevice: Searching for node with selector: BySelector [PKG='\Qcom.google.android.apps.nexuslauncher\E'].
02-16 20:53:22.376 27007 27020 D UiDevice: Searching for node with selector: BySelector [PKG='\Qcom.google.android.apps.nexuslauncher\E'].
02-16 20:53:22.630 27007 27012 I .testsCore.tes: Background concurrent copying GC freed 18MB AllocSpace bytes, 76(3292KB) LOS objects, 76% free, 7710KB/31MB, paused 92us,33us total 127.924ms
02-16 20:53:22.676 27007 27020 D UiDevice: Searching for node with selector: BySelector [PKG='\Qcom.google.android.apps.nexuslauncher\E'].
02-16 20:53:22.800 27007 27020 D UiDevice: Searching for node with selector: BySelector [PKG='\Qcom.google.android.apps.nexuslauncher\E'].
02-16 20:53:22.948 27007 27020 D UiDevice: Searching for node with selector: BySelector [PKG='\Qcom.google.android.apps.nexuslauncher\E'].
02-16 20:53:23.092 27007 27020 D UiDevice: Searching for node with selector: BySelector [PKG='\Qcom.google.android.apps.nexuslauncher\E'].
02-16 20:53:23.246 27007 27020 D UiDevice: Searching for node with selector: BySelector [PKG='\Qcom.google.android.apps.nexuslauncher\E'].
02-16 20:53:23.394 27007 27020 D UiDevice: Searching for node with selector: BySelector [PKG='\Qcom.google.android.apps.nexuslauncher\E'].
02-16 20:53:23.544 27007 27020 D UiDevice: Searching for node with selector: BySelector [PKG='\Qcom.google.android.apps.nexuslauncher\E'].
02-16 20:53:23.696 27007 27020 D UiDevice: Searching for node with selector: BySelector [PKG='\Qcom.google.android.apps.nexuslauncher\E'].
02-16 20:53:23.843 27007 27020 D UiDevice: Searching for node with selector: BySelector [PKG='\Qcom.google.android.apps.nexuslauncher\E'].
02-16 20:53:23.990 27007 27020 D UiDevice: Searching for node with selector: BySelector [PKG='\Qcom.google.android.apps.nexuslauncher\E'].
02-16 20:53:24.139 27007 27020 D UiDevice: Searching for node with selector: BySelector [PKG='\Qcom.google.android.apps.nexuslauncher\E'].
02-16 20:53:24.269 27007 27020 D UiDevice: Searching for node with selector: BySelector [PKG='\Qcom.google.android.apps.nexuslauncher\E'].
02-16 20:53:24.413 27007 27020 D UiDevice: Searching for node with selector: BySelector [PKG='\Qcom.google.android.apps.nexuslauncher\E'].
02-16 20:53:24.730 27007 27020 D UiDevice: Searching for node with selector: BySelector [PKG='\Qcom.google.android.apps.nexuslauncher\E'].
02-16 20:53:24.885 27007 27020 D UiDevice: Searching for node with selector: BySelector [PKG='\Qcom.google.android.apps.nexuslauncher\E'].
02-16 20:53:25.034 27007 27020 D UiDevice: Searching for node with selector: BySelector [PKG='\Qcom.google.android.apps.nexuslauncher\E'].
02-16 20:53:25.182 27007 27020 D UiDevice: Searching for node with selector: BySelector [PKG='\Qcom.google.android.apps.nexuslauncher\E'].
02-16 20:53:25.325 27007 27020 D UiDevice: Searching for node with selector: BySelector [PKG='\Qcom.google.android.apps.nexuslauncher\E'].
02-16 20:53:25.471 27007 27020 D UiDevice: Searching for node with selector: BySelector [PKG='\Qcom.google.android.apps.nexuslauncher\E'].
02-16 20:53:25.619 27007 27020 D UiDevice: Searching for node with selector: BySelector [PKG='\Qcom.google.android.apps.nexuslauncher\E'].
02-16 20:53:25.764 27007 27020 D UiDevice: Searching for node with selector: BySelector [PKG='\Qcom.google.android.apps.nexuslauncher\E'].
02-16 20:53:25.909 27007 27020 D UiDevice: Searching for node with selector: BySelector [PKG='\Qcom.google.android.apps.nexuslauncher\E'].
02-16 20:53:26.060 27007 27020 D UiDevice: Searching for node with selector: BySelector [PKG='\Qcom.google.android.apps.nexuslauncher\E'].
02-16 20:53:26.209 27007 27020 D UiDevice: Searching for node with selector: BySelector [PKG='\Qcom.google.android.apps.nexuslauncher\E'].
02-16 20:53:26.357 27007 27020 D UiDevice: Searching for node with selector: BySelector [PKG='\Qcom.google.android.apps.nexuslauncher\E'].
02-16 20:53:26.507 27007 27020 D UiDevice: Searching for node with selector: BySelector [PKG='\Qcom.google.android.apps.nexuslauncher\E'].
02-16 20:53:26.859 27007 27020 D UiDevice: Searching for node with selector: BySelector [PKG='\Qcom.google.android.apps.nexuslauncher\E'].
02-16 20:53:26.997 27007 27020 D UiDevice: Searching for node with selector: BySelector [PKG='\Qcom.google.android.apps.nexuslauncher\E'].
02-16 20:53:27.124 27007 27020 D UiDevice: Searching for node with selector: BySelector [PKG='\Qcom.google.android.apps.nexuslauncher\E'].
02-16 20:53:27.268 27007 27020 D UiDevice: Searching for node with selector: BySelector [PKG='\Qcom.google.android.apps.nexuslauncher\E'].
02-16 20:53:27.417 27007 27020 D UiDevice: Searching for node with selector: BySelector [PKG='\Qcom.google.android.apps.nexuslauncher\E'].
02-16 20:53:27.569 27007 27020 D UiDevice: Searching for node with selector: BySelector [PKG='\Qcom.google.android.apps.nexuslauncher\E'].
02-16 20:53:27.721 27007 27020 D UiDevice: Searching for node with selector: BySelector [PKG='\Qcom.google.android.apps.nexuslauncher\E'].
02-16 20:53:27.872 27007 27020 D UiDevice: Searching for node with selector: BySelector [PKG='\Qcom.google.android.apps.nexuslauncher\E'].
02-16 20:53:28.022 27007 27020 D UiDevice: Searching for node with selector: BySelector [PKG='\Qcom.google.android.apps.nexuslauncher\E'].
02-16 20:53:28.168 27007 27020 D UiDevice: Searching for node with selector: BySelector [PKG='\Qcom.google.android.apps.nexuslauncher\E'].
02-16 20:53:28.317 27007 27020 D UiDevice: Searching for node with selector: BySelector [PKG='\Qcom.google.android.apps.nexuslauncher\E'].
02-16 20:53:28.463 27007 27020 D UiDevice: Searching for node with selector: BySelector [PKG='\Qcom.google.android.apps.nexuslauncher\E'].
02-16 20:53:28.609 27007 27020 D UiDevice: Searching for node with selector: BySelector [PKG='\Qcom.google.android.apps.nexuslauncher\E'].
02-16 20:53:28.931 27007 27020 D UiDevice: Searching for node with selector: BySelector [PKG='\Qcom.google.android.apps.nexuslauncher\E'].
02-16 20:53:29.081 27007 27020 D UiDevice: Searching for node with selector: BySelector [PKG='\Qcom.google.android.apps.nexuslauncher\E'].
02-16 20:53:29.232 27007 27020 D UiDevice: Searching for node with selector: BySelector [PKG='\Qcom.google.android.apps.nexuslauncher\E'].
02-16 20:53:29.380 27007 27020 D UiDevice: Searching for node with selector: BySelector [PKG='\Qcom.google.android.apps.nexuslauncher\E'].
02-16 20:53:29.528 27007 27020 D UiDevice: Searching for node with selector: BySelector [PKG='\Qcom.google.android.apps.nexuslauncher\E'].
02-16 20:53:29.678 27007 27020 D UiDevice: Searching for node with selector: BySelector [PKG='\Qcom.google.android.apps.nexuslauncher\E'].
02-16 20:53:29.822 27007 27020 D UiDevice: Searching for node with selector: BySelector [PKG='\Qcom.google.android.apps.nexuslauncher\E'].
02-16 20:53:29.969 27007 27020 D UiDevice: Searching for node with selector: BySelector [PKG='\Qcom.google.android.apps.nexuslauncher\E'].
02-16 20:53:30.114 27007 27020 D UiDevice: Searching for node with selector: BySelector [PKG='\Qcom.google.android.apps.nexuslauncher\E'].
02-16 20:53:30.266 27007 27020 D UiDevice: Searching for node with selector: BySelector [PKG='\Qcom.google.android.apps.nexuslauncher\E'].
02-16 20:53:30.413 27007 27020 D UiDevice: Searching for node with selector: BySelector [PKG='\Qcom.google.android.apps.nexuslauncher\E'].
02-16 20:53:30.564 27007 27020 D UiDevice: Searching for node with selector: BySelector [PKG='\Qcom.google.android.apps.nexuslauncher\E'].
02-16 20:53:30.712 27007 27020 D UiDevice: Searching for node with selector: BySelector [PKG='\Qcom.google.android.apps.nexuslauncher\E'].
02-16 20:53:31.058 27007 27020 D UiDevice: Searching for node with selector: BySelector [PKG='\Qcom.google.android.apps.nexuslauncher\E'].
02-16 20:53:31.203 27007 27020 D UiDevice: Searching for node with selector: BySelector [PKG='\Qcom.google.android.apps.nexuslauncher\E'].
02-16 20:53:31.348 27007 27020 D UiDevice: Searching for node with selector: BySelector [PKG='\Qcom.google.android.apps.nexuslauncher\E'].
02-16 20:53:31.502 27007 27020 D UiDevice: Searching for node with selector: BySelector [PKG='\Qcom.google.android.apps.nexuslauncher\E'].
02-16 20:53:31.648 27007 27020 D UiDevice: Searching for node with selector: BySelector [PKG='\Qcom.google.android.apps.nexuslauncher\E'].
02-16 20:53:31.797 27007 27020 D UiDevice: Searching for node with selector: BySelector [PKG='\Qcom.google.android.apps.nexuslauncher\E'].
02-16 20:53:31.942 27007 27020 D UiDevice: Searching for node with selector: BySelector [PKG='\Qcom.google.android.apps.nexuslauncher\E'].
02-16 20:53:32.087 27007 27020 D UiDevice: Searching for node with selector: BySelector [PKG='\Qcom.google.android.apps.nexuslauncher\E'].
02-16 20:53:32.233 27007 27020 D UiDevice: Searching for node with selector: BySelector [PKG='\Qcom.google.android.apps.nexuslauncher\E'].
02-16 20:53:32.378 27007 27020 D UiDevice: Searching for node with selector: BySelector [PKG='\Qcom.google.android.apps.nexuslauncher\E'].
02-16 20:53:32.524 27007 27020 D UiDevice: Searching for node with selector: BySelector [PKG='\Qcom.google.android.apps.nexuslauncher\E'].
02-16 20:53:32.669 27007 27020 D UiDevice: Searching for node with selector: BySelector [PKG='\Qcom.google.android.apps.nexuslauncher\E'].
02-16 20:53:32.819 27007 27020 D UiDevice: Searching for node with selector: BySelector [PKG='\Qcom.google.android.apps.nexuslauncher\E'].
02-16 20:53:33.151 27007 27020 D UiDevice: Searching for node with selector: BySelector [PKG='\Qcom.google.android.apps.nexuslauncher\E'].
02-16 20:53:33.303 27007 27020 D UiDevice: Searching for node with selector: BySelector [PKG='\Qcom.google.android.apps.nexuslauncher\E'].
02-16 20:53:33.450 27007 27020 D UiDevice: Searching for node with selector: BySelector [PKG='\Qcom.google.android.apps.nexuslauncher\E'].
02-16 20:53:33.606 27007 27020 D UiDevice: Searching for node with selector: BySelector [PKG='\Qcom.google.android.apps.nexuslauncher\E'].
02-16 20:53:33.754 27007 27020 D UiDevice: Searching for node with selector: BySelector [PKG='\Qcom.google.android.apps.nexuslauncher\E'].
02-16 20:53:33.900 27007 27020 D UiDevice: Searching for node with selector: BySelector [PKG='\Qcom.google.android.apps.nexuslauncher\E'].
02-16 20:53:34.049 27007 27020 D UiDevice: Searching for node with selector: BySelector [PKG='\Qcom.google.android.apps.nexuslauncher\E'].
02-16 20:53:34.199 27007 27020 D UiDevice: Searching for node with selector: BySelector [PKG='\Qcom.google.android.apps.nexuslauncher\E'].
02-16 20:53:34.345 27007 27020 D UiDevice: Searching for node with selector: BySelector [PKG='\Qcom.google.android.apps.nexuslauncher\E'].
02-16 20:53:34.491 27007 27020 D UiDevice: Searching for node with selector: BySelector [PKG='\Qcom.google.android.apps.nexuslauncher\E'].
02-16 20:53:34.641 27007 27020 D UiDevice: Searching for node with selector: BySelector [PKG='\Qcom.google.android.apps.nexuslauncher\E'].
02-16 20:53:34.787 27007 27020 D UiDevice: Searching for node with selector: BySelector [PKG='\Qcom.google.android.apps.nexuslauncher\E'].
02-16 20:53:34.926 27007 27020 D UiDevice: Searching for node with selector: BySelector [PKG='\Qcom.google.android.apps.nexuslauncher\E'].
02-16 20:53:35.255 27007 27020 D UiDevice: Searching for node with selector: BySelector [PKG='\Qcom.google.android.apps.nexuslauncher\E'].
02-16 20:53:35.403 27007 27020 D UiDevice: Searching for node with selector: BySelector [PKG='\Qcom.google.android.apps.nexuslauncher\E'].
02-16 20:53:35.553 27007 27020 D UiDevice: Searching for node with selector: BySelector [PKG='\Qcom.google.android.apps.nexuslauncher\E'].
02-16 20:53:35.704 27007 27020 D UiDevice: Searching for node with selector: BySelector [PKG='\Qcom.google.android.apps.nexuslauncher\E'].
02-16 20:53:35.848 27007 27020 D UiDevice: Searching for node with selector: BySelector [PKG='\Qcom.google.android.apps.nexuslauncher\E'].
02-16 20:53:35.994 27007 27020 D UiDevice: Searching for node with selector: BySelector [PKG='\Qcom.google.android.apps.nexuslauncher\E'].
02-16 20:53:36.150 27007 27020 D UiDevice: Searching for node with selector: BySelector [PKG='\Qcom.google.android.apps.nexuslauncher\E'].
02-16 20:53:36.304 27007 27020 D UiDevice: Searching for node with selector: BySelector [PKG='\Qcom.google.android.apps.nexuslauncher\E'].
02-16 20:53:36.451 27007 27020 D UiDevice: Searching for node with selector: BySelector [PKG='\Qcom.google.android.apps.nexuslauncher\E'].
02-16 20:53:36.602 27007 27020 D UiDevice: Searching for node with selector: BySelector [PKG='\Qcom.google.android.apps.nexuslauncher\E'].
02-16 20:53:36.750 27007 27020 D UiDevice: Searching for node with selector: BySelector [PKG='\Qcom.google.android.apps.nexuslauncher\E'].
02-16 20:53:36.900 27007 27020 D UiDevice: Searching for node with selector: BySelector [PKG='\Qcom.google.android.apps.nexuslauncher\E'].
02-16 20:53:37.043 27007 27020 D UiDevice: Searching for node with selector: BySelector [PKG='\Qcom.google.android.apps.nexuslauncher\E'].
02-16 20:53:37.361 27007 27020 D UiDevice: Searching for node with selector: BySelector [PKG='\Qcom.google.android.apps.nexuslauncher\E'].
02-16 20:53:37.508 27007 27020 D UiDevice: Searching for node with selector: BySelector [PKG='\Qcom.google.android.apps.nexuslauncher\E'].
02-16 20:53:37.663 27007 27020 D UiDevice: Searching for node with selector: BySelector [PKG='\Qcom.google.android.apps.nexuslauncher\E'].
02-16 20:53:37.810 27007 27020 D UiDevice: Searching for node with selector: BySelector [PKG='\Qcom.google.android.apps.nexuslauncher\E'].
02-16 20:53:37.961 27007 27020 D UiDevice: Searching for node with selector: BySelector [PKG='\Qcom.google.android.apps.nexuslauncher\E'].
02-16 20:53:38.104 27007 27020 D UiDevice: Searching for node with selector: BySelector [PKG='\Qcom.google.android.apps.nexuslauncher\E'].
02-16 20:53:38.252 27007 27020 D UiDevice: Searching for node with selector: BySelector [PKG='\Qcom.google.android.apps.nexuslauncher\E'].
02-16 20:53:38.327 27007 27020 D UiDevice: Waiting 20000ms for SearchCondition[hasObject=BySelector [PKG='\Qcom.wire.internal\E']].
02-16 20:53:38.327 27007 27020 D UiDevice: Searching for node with selector: BySelector [PKG='\Qcom.wire.internal\E'].
02-16 20:53:38.447 27007 27020 D UiDevice: Searching for node with selector: BySelector [PKG='\Qcom.wire.internal\E'].
02-16 20:53:38.569 27007 27020 D UiDevice: Searching for node with selector: BySelector [PKG='\Qcom.wire.internal\E'].
02-16 20:53:38.694 27007 27020 D UiDevice: Searching for node with selector: BySelector [PKG='\Qcom.wire.internal\E'].
02-16 20:53:38.818 27007 27020 D UiDevice: Searching for node with selector: BySelector [PKG='\Qcom.wire.internal\E'].
02-16 20:53:38.953 27007 27020 D UiDevice: Searching for node with selector: BySelector [PKG='\Qcom.wire.internal\E'].
02-16 20:53:39.098 27007 27020 D UiDevice: Searching for node with selector: BySelector [PKG='\Qcom.wire.internal\E'].
02-16 20:53:39.392 27007 27020 D UiDevice: Searching for node with selector: BySelector [PKG='\Qcom.wire.internal\E'].
02-16 20:53:39.520 27007 27020 D UiDevice: Searching for node with selector: BySelector [PKG='\Qcom.wire.internal\E'].
02-16 20:53:39.646 27007 27020 D UiDevice: Searching for node with selector: BySelector [PKG='\Qcom.wire.internal\E'].
02-16 20:53:39.771 27007 27020 D UiDevice: Searching for node with selector: BySelector [PKG='\Qcom.wire.internal\E'].
02-16 20:53:39.898 27007 27020 D UiDevice: Searching for node with selector: BySelector [PKG='\Qcom.wire.internal\E'].
02-16 20:53:40.024 27007 27020 D UiDevice: Searching for node with selector: BySelector [PKG='\Qcom.wire.internal\E'].
02-16 20:53:40.151 27007 27020 D UiDevice: Searching for node with selector: BySelector [PKG='\Qcom.wire.internal\E'].
02-16 20:53:40.279 27007 27020 D UiDevice: Searching for node with selector: BySelector [PKG='\Qcom.wire.internal\E'].
02-16 20:53:40.404 27007 27020 D UiDevice: Searching for node with selector: BySelector [PKG='\Qcom.wire.internal\E'].
02-16 20:53:40.525 27007 27020 D UiDevice: Searching for node with selector: BySelector [PKG='\Qcom.wire.internal\E'].
02-16 20:53:40.648 27007 27020 D UiDevice: Searching for node with selector: BySelector [PKG='\Qcom.wire.internal\E'].
02-16 20:53:40.769 27007 27020 D UiDevice: Searching for node with selector: BySelector [PKG='\Qcom.wire.internal\E'].
02-16 20:53:40.889 27007 27020 D UiDevice: Searching for node with selector: BySelector [PKG='\Qcom.wire.internal\E'].
02-16 20:53:41.012 27007 27020 D UiDevice: Searching for node with selector: BySelector [PKG='\Qcom.wire.internal\E'].
02-16 20:53:41.133 27007 27020 D UiDevice: Searching for node with selector: BySelector [PKG='\Qcom.wire.internal\E'].
02-16 20:53:41.384 27007 27020 D UiDevice: Searching for node with selector: BySelector [PKG='\Qcom.wire.internal\E'].
02-16 20:53:41.521 27007 27020 D UiDevice: Searching for node with selector: BySelector [PKG='\Qcom.wire.internal\E'].
02-16 20:53:41.657 27007 27020 D UiDevice: Searching for node with selector: BySelector [PKG='\Qcom.wire.internal\E'].
02-16 20:53:41.804 27007 27020 D UiDevice: Searching for node with selector: BySelector [PKG='\Qcom.wire.internal\E'].
02-16 20:53:41.947 27007 27020 D UiDevice: Searching for node with selector: BySelector [PKG='\Qcom.wire.internal\E'].
02-16 20:53:42.092 27007 27020 D UiDevice: Searching for node with selector: BySelector [PKG='\Qcom.wire.internal\E'].
02-16 20:53:42.246 27007 27020 D UiDevice: Searching for node with selector: BySelector [PKG='\Qcom.wire.internal\E'].
02-16 20:53:42.394 27007 27020 D UiDevice: Searching for node with selector: BySelector [PKG='\Qcom.wire.internal\E'].
02-16 20:53:42.527 27007 27020 D UiDevice: Searching for node with selector: BySelector [PKG='\Qcom.wire.internal\E'].
02-16 20:53:42.670 27007 27020 D UiDevice: Searching for node with selector: BySelector [PKG='\Qcom.wire.internal\E'].
02-16 20:53:42.818 27007 27020 D UiDevice: Searching for node with selector: BySelector [PKG='\Qcom.wire.internal\E'].
02-16 20:53:42.960 27007 27020 D UiDevice: Searching for node with selector: BySelector [PKG='\Qcom.wire.internal\E'].
02-16 20:53:43.099 27007 27020 D UiDevice: Searching for node with selector: BySelector [PKG='\Qcom.wire.internal\E'].
02-16 20:53:43.263 27007 27020 D UiDevice: Searching for node with selector: BySelector [PKG='\Qcom.wire.internal\E'].
02-16 20:53:44.035 27007 27020 D UiDevice: Searching for node with selector: BySelector [PKG='\Qcom.wire.internal\E'].
02-16 20:53:44.185 27007 27020 D UiDevice: Searching for node with selector: BySelector [PKG='\Qcom.wire.internal\E'].
02-16 20:53:44.332 27007 27020 D UiDevice: Searching for node with selector: BySelector [PKG='\Qcom.wire.internal\E'].
02-16 20:53:44.483 27007 27020 D UiDevice: Searching for node with selector: BySelector [PKG='\Qcom.wire.internal\E'].
02-16 20:53:44.628 27007 27020 D UiDevice: Searching for node with selector: BySelector [PKG='\Qcom.wire.internal\E'].
02-16 20:53:44.776 27007 27020 D UiDevice: Searching for node with selector: BySelector [PKG='\Qcom.wire.internal\E'].
02-16 20:53:44.926 27007 27020 D UiDevice: Searching for node with selector: BySelector [PKG='\Qcom.wire.internal\E'].
02-16 20:53:45.072 27007 27020 D UiDevice: Searching for node with selector: BySelector [PKG='\Qcom.wire.internal\E'].
02-16 20:53:45.221 27007 27020 D UiDevice: Searching for node with selector: BySelector [PKG='\Qcom.wire.internal\E'].
02-16 20:53:45.368 27007 27020 D UiDevice: Searching for node with selector: BySelector [PKG='\Qcom.wire.internal\E'].
02-16 20:53:45.721 27007 27020 D UiDevice: Searching for node with selector: BySelector [PKG='\Qcom.wire.internal\E'].
02-16 20:53:45.868 27007 27020 D UiDevice: Searching for node with selector: BySelector [PKG='\Qcom.wire.internal\E'].
02-16 20:53:46.017 27007 27020 D UiDevice: Searching for node with selector: BySelector [PKG='\Qcom.wire.internal\E'].
02-16 20:53:46.147 27007 27020 D UiDevice: Searching for node with selector: BySelector [PKG='\Qcom.wire.internal\E'].
02-16 20:53:46.290 27007 27020 D UiDevice: Searching for node with selector: BySelector [PKG='\Qcom.wire.internal\E'].
02-16 20:53:46.432 27007 27020 D UiDevice: Searching for node with selector: BySelector [PKG='\Qcom.wire.internal\E'].
02-16 20:53:46.583 27007 27020 D UiDevice: Searching for node with selector: BySelector [PKG='\Qcom.wire.internal\E'].
02-16 20:53:46.729 27007 27020 D UiDevice: Searching for node with selector: BySelector [PKG='\Qcom.wire.internal\E'].
02-16 20:53:46.875 27007 27020 D UiDevice: Searching for node with selector: BySelector [PKG='\Qcom.wire.internal\E'].
02-16 20:53:47.025 27007 27020 D UiDevice: Searching for node with selector: BySelector [PKG='\Qcom.wire.internal\E'].
02-16 20:53:47.172 27007 27020 D UiDevice: Searching for node with selector: BySelector [PKG='\Qcom.wire.internal\E'].
02-16 20:53:47.321 27007 27020 D UiDevice: Searching for node with selector: BySelector [PKG='\Qcom.wire.internal\E'].
02-16 20:53:47.470 27007 27020 D UiDevice: Searching for node with selector: BySelector [PKG='\Qcom.wire.internal\E'].
02-16 20:53:47.788 27007 27020 D UiDevice: Searching for node with selector: BySelector [PKG='\Qcom.wire.internal\E'].
02-16 20:53:47.936 27007 27020 D UiDevice: Searching for node with selector: BySelector [PKG='\Qcom.wire.internal\E'].
02-16 20:53:48.072 27007 27020 D UiDevice: Searching for node with selector: BySelector [PKG='\Qcom.wire.internal\E'].
02-16 20:53:48.216 27007 27020 D UiDevice: Searching for node with selector: BySelector [PKG='\Qcom.wire.internal\E'].
02-16 20:53:48.362 27007 27020 D UiDevice: Searching for node with selector: BySelector [PKG='\Qcom.wire.internal\E'].
02-16 20:53:48.511 27007 27020 D UiDevice: Searching for node with selector: BySelector [PKG='\Qcom.wire.internal\E'].
02-16 20:53:48.661 27007 27020 D UiDevice: Searching for node with selector: BySelector [PKG='\Qcom.wire.internal\E'].
02-16 20:53:48.808 27007 27020 D UiDevice: Searching for node with selector: BySelector [PKG='\Qcom.wire.internal\E'].
02-16 20:53:48.954 27007 27020 D UiDevice: Searching for node with selector: BySelector [PKG='\Qcom.wire.internal\E'].
02-16 20:53:49.097 27007 27020 D UiDevice: Searching for node with selector: BySelector [PKG='\Qcom.wire.internal\E'].
02-16 20:53:49.248 27007 27020 D UiDevice: Searching for node with selector: BySelector [PKG='\Qcom.wire.internal\E'].
02-16 20:53:49.396 27007 27020 D UiDevice: Searching for node with selector: BySelector [PKG='\Qcom.wire.internal\E'].
02-16 20:53:49.552 27007 27020 D UiDevice: Searching for node with selector: BySelector [PKG='\Qcom.wire.internal\E'].
02-16 20:53:49.897 27007 27020 D UiDevice: Searching for node with selector: BySelector [PKG='\Qcom.wire.internal\E'].
02-16 20:53:50.042 27007 27020 D UiDevice: Searching for node with selector: BySelector [PKG='\Qcom.wire.internal\E'].
02-16 20:53:50.186 27007 27020 D UiDevice: Searching for node with selector: BySelector [PKG='\Qcom.wire.internal\E'].
02-16 20:53:50.331 27007 27020 D UiDevice: Searching for node with selector: BySelector [PKG='\Qcom.wire.internal\E'].
02-16 20:53:50.482 27007 27020 D UiDevice: Searching for node with selector: BySelector [PKG='\Qcom.wire.internal\E'].
02-16 20:53:50.628 27007 27020 D UiDevice: Searching for node with selector: BySelector [PKG='\Qcom.wire.internal\E'].
02-16 20:53:50.776 27007 27020 D UiDevice: Searching for node with selector: BySelector [PKG='\Qcom.wire.internal\E'].
02-16 20:53:50.925 27007 27020 D UiDevice: Searching for node with selector: BySelector [PKG='\Qcom.wire.internal\E'].
02-16 20:53:51.072 27007 27020 D UiDevice: Searching for node with selector: BySelector [PKG='\Qcom.wire.internal\E'].
02-16 20:53:51.223 27007 27020 D UiDevice: Searching for node with selector: BySelector [PKG='\Qcom.wire.internal\E'].
02-16 20:53:51.365 27007 27020 D UiDevice: Searching for node with selector: BySelector [PKG='\Qcom.wire.internal\E'].
02-16 20:53:51.509 27007 27020 D UiDevice: Searching for node with selector: BySelector [PKG='\Qcom.wire.internal\E'].
02-16 20:53:51.661 27007 27020 D UiDevice: Searching for node with selector: BySelector [PKG='\Qcom.wire.internal\E'].
02-16 20:53:51.967 27007 27020 D UiDevice: Searching for node with selector: BySelector [PKG='\Qcom.wire.internal\E'].
02-16 20:53:52.090 27007 27020 D UiDevice: Searching for node with selector: BySelector [PKG='\Qcom.wire.internal\E'].
02-16 20:53:52.214 27007 27020 D UiDevice: Searching for node with selector: BySelector [PKG='\Qcom.wire.internal\E'].
02-16 20:53:52.365 27007 27020 D UiDevice: Searching for node with selector: BySelector [PKG='\Qcom.wire.internal\E'].
02-16 20:53:52.509 27007 27020 D UiDevice: Searching for node with selector: BySelector [PKG='\Qcom.wire.internal\E'].
02-16 20:53:52.656 27007 27020 D UiDevice: Searching for node with selector: BySelector [PKG='\Qcom.wire.internal\E'].
02-16 20:53:52.803 27007 27020 D UiDevice: Searching for node with selector: BySelector [PKG='\Qcom.wire.internal\E'].
02-16 20:53:52.946 27007 27020 D UiDevice: Searching for node with selector: BySelector [PKG='\Qcom.wire.internal\E'].
02-16 20:53:53.082 27007 27020 D UiDevice: Searching for node with selector: BySelector [PKG='\Qcom.wire.internal\E'].
02-16 20:53:53.227 27007 27020 D UiDevice: Searching for node with selector: BySelector [PKG='\Qcom.wire.internal\E'].
02-16 20:53:53.368 27007 27020 D UiDevice: Searching for node with selector: BySelector [PKG='\Qcom.wire.internal\E'].
02-16 20:53:53.517 27007 27020 D UiDevice: Searching for node with selector: BySelector [PKG='\Qcom.wire.internal\E'].
02-16 20:53:53.668 27007 27020 D UiDevice: Searching for node with selector: BySelector [PKG='\Qcom.wire.internal\E'].
02-16 20:53:54.028 27007 27020 D UiDevice: Searching for node with selector: BySelector [PKG='\Qcom.wire.internal\E'].
02-16 20:53:54.176 27007 27020 D UiDevice: Searching for node with selector: BySelector [PKG='\Qcom.wire.internal\E'].
02-16 20:53:54.329 27007 27020 D UiDevice: Searching for node with selector: BySelector [PKG='\Qcom.wire.internal\E'].
02-16 20:53:54.473 27007 27020 D UiDevice: Searching for node with selector: BySelector [PKG='\Qcom.wire.internal\E'].
02-16 20:53:54.621 27007 27020 D UiDevice: Searching for node with selector: BySelector [PKG='\Qcom.wire.internal\E'].
02-16 20:53:54.767 27007 27020 D UiDevice: Searching for node with selector: BySelector [PKG='\Qcom.wire.internal\E'].
02-16 20:53:54.915 27007 27020 D UiDevice: Searching for node with selector: BySelector [PKG='\Qcom.wire.internal\E'].
02-16 20:53:55.070 27007 27020 D UiDevice: Searching for node with selector: BySelector [PKG='\Qcom.wire.internal\E'].
02-16 20:53:55.221 27007 27020 D UiDevice: Searching for node with selector: BySelector [PKG='\Qcom.wire.internal\E'].
02-16 20:53:55.371 27007 27020 D UiDevice: Searching for node with selector: BySelector [PKG='\Qcom.wire.internal\E'].
02-16 20:53:55.520 27007 27020 D UiDevice: Searching for node with selector: BySelector [PKG='\Qcom.wire.internal\E'].
02-16 20:53:55.669 27007 27020 D UiDevice: Searching for node with selector: BySelector [PKG='\Qcom.wire.internal\E'].
02-16 20:53:55.817 27007 27020 D UiDevice: Searching for node with selector: BySelector [PKG='\Qcom.wire.internal\E'].
02-16 20:53:56.153 27007 27020 D UiDevice: Searching for node with selector: BySelector [PKG='\Qcom.wire.internal\E'].
02-16 20:53:56.305 27007 27020 D UiDevice: Searching for node with selector: BySelector [PKG='\Qcom.wire.internal\E'].
02-16 20:53:56.449 27007 27020 D UiDevice: Searching for node with selector: BySelector [PKG='\Qcom.wire.internal\E'].
02-16 20:53:56.594 27007 27020 D UiDevice: Searching for node with selector: BySelector [PKG='\Qcom.wire.internal\E'].
02-16 20:53:56.745 27007 27020 D UiDevice: Searching for node with selector: BySelector [PKG='\Qcom.wire.internal\E'].
02-16 20:53:56.890 27007 27020 D UiDevice: Searching for node with selector: BySelector [PKG='\Qcom.wire.internal\E'].
02-16 20:53:57.040 27007 27020 D UiDevice: Searching for node with selector: BySelector [PKG='\Qcom.wire.internal\E'].
02-16 20:53:57.186 27007 27020 D UiDevice: Searching for node with selector: BySelector [PKG='\Qcom.wire.internal\E'].
02-16 20:53:57.338 27007 27020 D UiDevice: Searching for node with selector: BySelector [PKG='\Qcom.wire.internal\E'].
02-16 20:53:57.483 27007 27020 D UiDevice: Searching for node with selector: BySelector [PKG='\Qcom.wire.internal\E'].
02-16 20:53:57.626 27007 27020 D UiDevice: Searching for node with selector: BySelector [PKG='\Qcom.wire.internal\E'].
02-16 20:53:57.774 27007 27020 D UiDevice: Searching for node with selector: BySelector [PKG='\Qcom.wire.internal\E'].
02-16 20:53:57.919 27007 27020 D UiDevice: Searching for node with selector: BySelector [PKG='\Qcom.wire.internal\E'].
02-16 20:53:58.228 27007 27020 D UiDevice: Searching for node with selector: BySelector [PKG='\Qcom.wire.internal\E'].
02-16 20:53:58.373 27007 27020 D UiDevice: Searching for node with selector: BySelector [PKG='\Qcom.wire.internal\E'].
02-16 20:53:58.422 27007 27020 I System.out: Could not access BuildConfig field 'BACKENDCONNECTION_STAGING_SOCKSPROXY': No field BACKENDCONNECTION_STAGING_SOCKSPROXY in class Lcom/wire/android/testSupport/BuildConfig; (declaration of 'com.wire.android.testSupport.BuildConfig' appears in /data/app/~~kTVJzgzWFSTV_Kuq2FMmww==/com.wire.android.tests.testsCore.test-l4AXxM_zFaGk7-MvzIvoyg==/base.apk!classes2.dex)
02-16 20:53:58.425 27007 27020 I System.out: Could not access BuildConfig field 'BACKENDCONNECTION_STAGING_SOCKSPROXY': No field BACKENDCONNECTION_STAGING_SOCKSPROXY in class Lcom/wire/android/testSupport/BuildConfig; (declaration of 'com.wire.android.testSupport.BuildConfig' appears in /data/app/~~kTVJzgzWFSTV_Kuq2FMmww==/com.wire.android.tests.testsCore.test-l4AXxM_zFaGk7-MvzIvoyg==/base.apk!classes2.dex)
02-16 20:53:58.427 27007 27020 I System.out: Could not access BuildConfig field 'BACKENDCONNECTION_STAGING_SOCKSPROXY': No field BACKENDCONNECTION_STAGING_SOCKSPROXY in class Lcom/wire/android/testSupport/BuildConfig; (declaration of 'com.wire.android.testSupport.BuildConfig' appears in /data/app/~~kTVJzgzWFSTV_Kuq2FMmww==/com.wire.android.tests.testsCore.test-l4AXxM_zFaGk7-MvzIvoyg==/base.apk!classes2.dex)
02-16 20:53:58.591 27007 27020 W UiAutomation: UiAutomation.grantRuntimePermission() is more robust and should be used instead of 'pm grant'
02-16 20:53:58.597 27007 27020 W UiAutomation: UiAutomation.grantRuntimePermission() is more robust and should be used instead of 'pm grant'
02-16 20:53:58.604 27007 27020 I ClientUserManager: 20:53:58 INFO [411] (ClientUse) Cannot find user by: user1Name 
02-16 20:53:58.604 27007 27020 I Hello   : 20:53:58 INFO [411] (ClientUse) Hello, my name is Dimple Turcotte and my email is turcottenxvylomquh@wire.engineering and password is R@f!!5nu and emailPassword is r_+4fa*Zr|&Ginnnnn 
02-16 20:54:00.468 27007 27020 I ClientUserManager: 20:54:00 INFO [411] (ClientUse) Cannot find user by: user1Name 
02-16 20:54:00.518 27007 27020 I ClientUserManager: 20:54:00 INFO [411] (ClientUse) Cannot find user by: user2Name 
02-16 20:54:00.521 27007 27020 I ClientUserManager: 20:54:00 INFO [411] (ClientUse) Cannot find user by: user3Name 
02-16 20:54:02.412 27007 27020 I ClientUserManager: 20:54:02 INFO [411] (ClientUse) Cannot find user by: user1Name 
02-16 20:54:02.418 27007 27020 I ClientUserManager: 20:54:02 INFO [411] (ClientUse) Cannot find user by: user2Name 
02-16 20:54:02.424 27007 27020 I ClientUserManager: 20:54:02 INFO [411] (ClientUse) Cannot find user by: user3Name 
02-16 20:54:02.426 27007 27020 I System.out: Could not access BuildConfig field 'BACKENDCONNECTION_STAGING_SOCKSPROXY': No field BACKENDCONNECTION_STAGING_SOCKSPROXY in class Lcom/wire/android/testSupport/BuildConfig; (declaration of 'com.wire.android.testSupport.BuildConfig' appears in /data/app/~~kTVJzgzWFSTV_Kuq2FMmww==/com.wire.android.tests.testsCore.test-l4AXxM_zFaGk7-MvzIvoyg==/base.apk!classes2.dex)
02-16 20:54:02.599 27007 27020 I ClientUserManager: 20:54:02 INFO [411] (ClientUse) Cannot find user by: user3Name 
02-16 20:54:02.600 27007 27020 I System.out: Could not access BuildConfig field 'BACKENDCONNECTION_STAGING_SOCKSPROXY': No field BACKENDCONNECTION_STAGING_SOCKSPROXY in class Lcom/wire/android/testSupport/BuildConfig; (declaration of 'com.wire.android.testSupport.BuildConfig' appears in /data/app/~~kTVJzgzWFSTV_Kuq2FMmww==/com.wire.android.tests.testsCore.test-l4AXxM_zFaGk7-MvzIvoyg==/base.apk!classes2.dex)
02-16 20:54:02.603 27007 27020 I ClientUserManager: 20:54:02 INFO [411] (ClientUse) Cannot find user by: user3Name 
02-16 20:54:02.655 27007 27020 I ClientUserManager: 20:54:02 INFO [411] (ClientUse) Cannot find user by: user3Name 
02-16 20:54:02.658 27007 27020 I System.out: Could not access BuildConfig field 'BACKENDCONNECTION_STAGING_SOCKSPROXY': No field BACKENDCONNECTION_STAGING_SOCKSPROXY in class Lcom/wire/android/testSupport/BuildConfig; (declaration of 'com.wire.android.testSupport.BuildConfig' appears in /data/app/~~kTVJzgzWFSTV_Kuq2FMmww==/com.wire.android.tests.testsCore.test-l4AXxM_zFaGk7-MvzIvoyg==/base.apk!classes2.dex)
02-16 20:54:02.659 27007 27020 I TestService: 20:54:02 INFO [411] (TestServi) GET: http://192.168.2.18:8080/api/v1/ 
02-16 20:54:02.674 27007 27020 I TestService: 20:54:02 INFO [411] (TestServi) PUT: http://192.168.2.18:8080/api/v1/instance 
02-16 20:54:02.676 27007 27020 I TestService: 20:54:02 INFO [411] (TestServi)  >>> Request: {"email":"altenwerthvfekbrkyrm@wire.engineering","password":"0#C9$ahy","deviceName":"Device1","name":"TestService","customBackend":{"name":"STAGING","rest":"https:\/\/staging-nginz-https.zinfra.io\/","ws":"wss:\/\/staging-nginz-ssl.zinfra.io"},"federationDomain":"staging.zinfra.io","developmentApiEnabled":true} 
02-16 20:54:12.368 27007 27020 I TestService: 20:54:12 INFO [411] (TestServi)  >>> Response (200): {"backend":"staging","clientId":"6730c8cc06904737","instanceId":"0a6f5a5c-0089-4f32-b610-0f7114807bf4","name":"TestService","startupTime":7720,"startTime":1771271649834} 
02-16 20:54:12.374 27007 27020 I ClientUserManager: 20:54:12 INFO [411] (ClientUse) Cannot find user by: user1Name 
02-16 20:54:12.376 27007 27020 I System.out: Could not access BuildConfig field 'BACKENDCONNECTION_STAGING_SOCKSPROXY': No field BACKENDCONNECTION_STAGING_SOCKSPROXY in class Lcom/wire/android/testSupport/BuildConfig; (declaration of 'com.wire.android.testSupport.BuildConfig' appears in /data/app/~~kTVJzgzWFSTV_Kuq2FMmww==/com.wire.android.tests.testsCore.test-l4AXxM_zFaGk7-MvzIvoyg==/base.apk!classes2.dex)
02-16 20:54:12.531 27007 27020 I UiAutomatorPinger: 20:54:12 INFO [411] (UiAutomat) Starting UIAutomator pinger every 30 seconds 
02-16 20:54:12.542 27007 27400 I UiAutomatorPinger: 20:54:12 INFO [420] (UiAutomat) Pinging device (waking up screen) 
02-16 20:54:12.547 27007 27401 D CallingManager: Creating instance for user2Name
02-16 20:54:12.547 27007 27402 D CallingManager: Creating instance for user3Name
02-16 20:54:12.548 27007 27400 D UiDevice: Turning on screen.
02-16 20:54:12.554 27007 27401 I ClientUserManager: 20:54:12 INFO [421] (ClientUse) Cannot find user by: user2Name 
02-16 20:54:12.554 27007 27402 I ClientUserManager: 20:54:12 INFO [422] (ClientUse) Cannot find user by: user3Name 
02-16 20:54:12.555 27007 27402 I System.out: Could not access BuildConfig field 'BACKENDCONNECTION_STAGING_SOCKSPROXY': No field BACKENDCONNECTION_STAGING_SOCKSPROXY in class Lcom/wire/android/testSupport/BuildConfig; (declaration of 'com.wire.android.testSupport.BuildConfig' appears in /data/app/~~kTVJzgzWFSTV_Kuq2FMmww==/com.wire.android.tests.testsCore.test-l4AXxM_zFaGk7-MvzIvoyg==/base.apk!classes2.dex)
02-16 20:54:12.555 27007 27401 I System.out: Could not access BuildConfig field 'BACKENDCONNECTION_STAGING_SOCKSPROXY': No field BACKENDCONNECTION_STAGING_SOCKSPROXY in class Lcom/wire/android/testSupport/BuildConfig; (declaration of 'com.wire.android.testSupport.BuildConfig' appears in /data/app/~~kTVJzgzWFSTV_Kuq2FMmww==/com.wire.android.tests.testsCore.test-l4AXxM_zFaGk7-MvzIvoyg==/base.apk!classes2.dex)
02-16 20:54:12.600 27007 27402 I System.out: Could not access BuildConfig field 'BACKENDCONNECTION_STAGING_SOCKSPROXY': No field BACKENDCONNECTION_STAGING_SOCKSPROXY in class Lcom/wire/android/testSupport/BuildConfig; (declaration of 'com.wire.android.testSupport.BuildConfig' appears in /data/app/~~kTVJzgzWFSTV_Kuq2FMmww==/com.wire.android.tests.testsCore.test-l4AXxM_zFaGk7-MvzIvoyg==/base.apk!classes2.dex)
02-16 20:54:12.600 27007 27401 I System.out: Could not access BuildConfig field 'BACKENDCONNECTION_STAGING_SOCKSPROXY': No field BACKENDCONNECTION_STAGING_SOCKSPROXY in class Lcom/wire/android/testSupport/BuildConfig; (declaration of 'com.wire.android.testSupport.BuildConfig' appears in /data/app/~~kTVJzgzWFSTV_Kuq2FMmww==/com.wire.android.tests.testsCore.test-l4AXxM_zFaGk7-MvzIvoyg==/base.apk!classes2.dex)
02-16 20:54:13.312 27007 27400 I UiAutomatorPinger: 20:54:13 INFO [420] (UiAutomat) Device screen awakened 
02-16 20:54:24.782 27007 27401 D CallingManager: Started instance acc8a282-b09f-4f1f-8cfa-9ed85f1502db for user Trisha Bartoletti
02-16 20:54:24.829 27007 27402 D CallingManager: Started instance 0dd2ed88-98e4-4fc4-ac73-58a3cebbe3e7 for user Carroll Altenwerth
02-16 20:54:24.834 27007 27020 I UiAutomatorPinger: 20:54:24 INFO [411] (UiAutomat) Stopping UIAutomator pinger 
02-16 20:54:24.846 27007 27020 I System.out: Could not access BuildConfig field 'BACKENDCONNECTION_STAGING_SOCKSPROXY': No field BACKENDCONNECTION_STAGING_SOCKSPROXY in class Lcom/wire/android/testSupport/BuildConfig; (declaration of 'com.wire.android.testSupport.BuildConfig' appears in /data/app/~~kTVJzgzWFSTV_Kuq2FMmww==/com.wire.android.tests.testsCore.test-l4AXxM_zFaGk7-MvzIvoyg==/base.apk!classes2.dex)
