--------- beginning of main
02-26 14:14:46.364 15293 15306 E TestRunner: failed: givenUserInAnotherTeam_whenFileIsSent_thenRecipientCanReceivePlayAndDownloadIt(com.wire.android.tests.core.criticalFlows.FileSharingBetweenTeams)
02-26 14:14:46.365 15293 15306 E TestRunner: ----- begin exception -----
02-26 14:14:46.365 15293 15306 E TestRunner: java.lang.AssertionError: Element not found with selector: text='Enter your email to start!'
02-26 14:14:46.365 15293 15306 E TestRunner: 	at uiautomatorutils.UiWaitUtils.waitElement(UiWaitUtils.kt:94)
02-26 14:14:46.365 15293 15306 E TestRunner: 	at uiautomatorutils.UiWaitUtils.waitElement$default(UiWaitUtils.kt:85)
02-26 14:14:46.365 15293 15306 E TestRunner: 	at com.wire.android.tests.core.pages.RegistrationPage.assertEmailWelcomePage(RegistrationPage.kt:66)
02-26 14:14:46.365 15293 15306 E TestRunner: 	at com.wire.android.tests.core.criticalFlows.FileSharingBetweenTeams.givenUserInAnotherTeam_whenFileIsSent_thenRecipientCanReceivePlayAndDownloadIt$lambda$1(FileSharingBetweenTeams.kt:127)
02-26 14:14:46.365 15293 15306 E TestRunner: 	at com.wire.android.tests.core.criticalFlows.FileSharingBetweenTeams$$ExternalSyntheticLambda2.invoke(D8$$SyntheticClass:0)
02-26 14:14:46.365 15293 15306 E TestRunner: 	at com.wire.android.tests.core.BaseUiTest.step$lambda$0(BaseUiTest.kt:54)
02-26 14:14:46.365 15293 15306 E TestRunner: 	at com.wire.android.tests.core.BaseUiTest$$ExternalSyntheticLambda1.invoke(D8$$SyntheticClass:0)
02-26 14:14:46.365 15293 15306 E TestRunner: 	at io.qameta.allure.kotlin.Allure.step(Allure.kt:60)
02-26 14:14:46.365 15293 15306 E TestRunner: 	at com.wire.android.tests.core.BaseUiTest.step(BaseUiTest.kt:54)
02-26 14:14:46.365 15293 15306 E TestRunner: 	at com.wire.android.tests.core.criticalFlows.FileSharingBetweenTeams.givenUserInAnotherTeam_whenFileIsSent_thenRecipientCanReceivePlayAndDownloadIt(FileSharingBetweenTeams.kt:125)
02-26 14:14:46.365 15293 15306 E TestRunner: 	at java.lang.reflect.Method.invoke(Native Method)
02-26 14:14:46.365 15293 15306 E TestRunner: 	at org.junit.runners.model.FrameworkMethod$1.runReflectiveCall(FrameworkMethod.java:59)
02-26 14:14:46.365 15293 15306 E TestRunner: 	at org.junit.internal.runners.model.ReflectiveCallable.run(ReflectiveCallable.java:12)
02-26 14:14:46.365 15293 15306 E TestRunner: 	at org.junit.runners.model.FrameworkMethod.invokeExplosively(FrameworkMethod.java:56)
02-26 14:14:46.365 15293 15306 E TestRunner: 	at org.junit.internal.runners.statements.InvokeMethod.evaluate(InvokeMethod.java:17)
02-26 14:14:46.365 15293 15306 E TestRunner: 	at androidx.test.internal.runner.junit4.statement.RunBefores.evaluate(RunBefores.java:80)
02-26 14:14:46.365 15293 15306 E TestRunner: 	at androidx.test.internal.runner.junit4.statement.RunAfters.evaluate(RunAfters.java:61)
02-26 14:14:46.365 15293 15306 E TestRunner: 	at com.wire.android.tests.support.suite.AllureFailureScreenshotRule$apply$1.evaluate(AllureFailureScreenshotRule.kt:44)
02-26 14:14:46.365 15293 15306 E TestRunner: 	at com.wire.android.tests.support.suite.AllureLabelsRule$apply$1.evaluate(AllureLabelsRule.kt:70)
02-26 14:14:46.365 15293 15306 E TestRunner: 	at org.junit.rules.TestWatcher$1.evaluate(TestWatcher.java:61)
02-26 14:14:46.365 15293 15306 E TestRunner: 	at com.wire.android.tests.support.suite.AllureLogcatRule$apply$1.evaluate(AllureLogcatRule.kt:41)
02-26 14:14:46.365 15293 15306 E TestRunner: 	at org.junit.runners.ParentRunner$3.evaluate(ParentRunner.java:306)
02-26 14:14:46.365 15293 15306 E TestRunner: 	at org.junit.runners.BlockJUnit4ClassRunner$1.evaluate(BlockJUnit4ClassRunner.java:100)
02-26 14:14:46.365 15293 15306 E TestRunner: 	at org.junit.runners.ParentRunner.runLeaf(ParentRunner.java:366)
02-26 14:14:46.365 15293 15306 E TestRunner: 	at org.junit.runners.BlockJUnit4ClassRunner.runChild(BlockJUnit4ClassRunner.java:103)
02-26 14:14:46.365 15293 15306 E TestRunner: 	at org.junit.runners.BlockJUnit4ClassRunner.runChild(BlockJUnit4ClassRunner.java:63)
02-26 14:14:46.365 15293 15306 E TestRunner: 	at org.junit.runners.ParentRunner$4.run(ParentRunner.java:331)
02-26 14:14:46.365 15293 15306 E TestRunner: 	at org.junit.runners.ParentRunner$1.schedule(ParentRunner.java:79)
02-26 14:14:46.365 15293 15306 E TestRunner: 	at org.junit.runners.ParentRunner.runChildren(ParentRunner.java:329)
02-26 14:14:46.365 15293 15306 E TestRunner: 	at org.junit.runners.ParentRunner.access$100(ParentRunner.java:66)
02-26 14:14:46.365 15293 15306 E TestRunner: 	at org.junit.runners.ParentRunner$2.evaluate(ParentRunner.java:293)
02-26 14:14:46.365 15293 15306 E TestRunner: 	at org.junit.runners.ParentRunner$3.evaluate(ParentRunner.java:306)
02-26 14:14:46.365 15293 15306 E TestRunner: 	at org.junit.runners.ParentRunner.run(ParentRunner.java:413)
02-26 14:14:46.365 15293 15306 E TestRunner: 	at androidx.test.ext.junit.runners.AndroidJUnit4.run(AndroidJUnit4.java:162)
02-26 14:14:46.365 15293 15306 E TestRunner: 	at org.junit.runners.Suite.runChild(Suite.java:128)
02-26 14:14:46.365 15293 15306 E TestRunner: 	at org.junit.runners.Suite.runChild(Suite.java:27)
02-26 14:14:46.365 15293 15306 E TestRunner: 	at org.junit.runners.ParentRunner$4.run(ParentRunner.java:331)
02-26 14:14:46.365 15293 15306 E TestRunner: 	at org.junit.runners.ParentRunner$1.schedule(ParentRunner.java:79)
02-26 14:14:46.365 15293 15306 E TestRunner: 	at org.junit.runners.ParentRunner.runChildren(ParentRunner.java:329)
02-26 14:14:46.365 15293 15306 E TestRunner: 	at org.junit.runners.ParentRunner.access$100(ParentRunner.java:66)
02-26 14:14:46.365 15293 15306 E TestRunner: 	at org.junit.runners.ParentRunner$2.evaluate(ParentRunner.java:293)
02-26 14:14:46.365 15293 15306 E TestRunner: 	at org.junit.runners.ParentRunner$3.evaluate(ParentRunner.java:306)
02-26 14:14:46.365 15293 15306 E TestRunner: 	at org.junit.runners.ParentRunner.run(ParentRunner.java:413)
02-26 14:14:46.365 15293 15306 E TestRunner: 	at org.junit.runner.JUnitCore.run(JUnitCore.java:137)
02-26 14:14:46.365 15293 15306 E TestRunner: 	at org.junit.runner.JUnitCore.run(JUnitCore.java:115)
02-26 14:14:46.365 15293 15306 E TestRunner: 	at androidx.test.internal.runner.TestExecutor.execute(TestExecutor.java:68)
02-26 14:14:46.365 15293 15306 E TestRunner: 	at androidx.test.internal.runner.TestExecutor.execute(TestExecutor.java:59)
02-26 14:14:46.365 15293 15306 E TestRunner: 	at androidx.test.runner.AndroidJUnitRunner.onStart(AndroidJUnitRunner.java:467)
02-26 14:14:46.365 15293 15306 E TestRunner: 	at com.wire.android.tests.support.suite.TaggedTestRunner.onStart(TaggedTestRunner.kt:51)
02-26 14:14:46.365 15293 15306 E TestRunner: 	at android.app.Instrumentation$InstrumentationThread.run(Instrumentation.java:2278)
02-26 14:14:46.365 15293 15306 E TestRunner: ----- end exception -----
02-26 14:14:46.372 15293 15306 I TestRunner: finished: givenUserInAnotherTeam_whenFileIsSent_thenRecipientCanReceivePlayAndDownloadIt(com.wire.android.tests.core.criticalFlows.FileSharingBetweenTeams)
02-26 14:14:46.441 15293 15306 I TestRunner: started: givenIStartGroupCall_whenParticipantShareMessageFileAndLocation_thenAllVisibleAndCallContinues(com.wire.android.tests.core.criticalFlows.GroupCallChat)
02-26 14:14:46.487 15293 15306 D UiDevice: Executing shell command: pm clear com.wire.internal
02-26 14:14:46.602 15293 15306 D UiDevice: Executing shell command: settings put secure show_ime_with_hard_keyboard 0
02-26 14:14:46.638 15293 15306 D UiDevice: Executing shell command: settings put global window_animation_scale 0
02-26 14:14:46.668 15293 15306 D UiDevice: Executing shell command: settings put global transition_animation_scale 0
02-26 14:14:46.705 15293 15306 D UiDevice: Executing shell command: settings put global animator_duration_scale .5
02-26 14:14:46.747 15293 15306 D UiDevice: Pressing home button.
02-26 14:14:47.791 15293 15306 W InteractionController: Timed out waiting 1000ms for command and events.
02-26 14:14:47.802 15293 15306 D UiDevice: Waiting 20000ms for SearchCondition[hasObject=BySelector [PKG='\Qcom.google.android.apps.nexuslauncher\E']].
02-26 14:14:47.803 15293 15306 D UiDevice: Searching for node with selector: BySelector [PKG='\Qcom.google.android.apps.nexuslauncher\E'].
02-26 14:14:48.109 15293 15306 D UiDevice: Searching for node with selector: BySelector [PKG='\Qcom.google.android.apps.nexuslauncher\E'].
02-26 14:14:48.266 15293 15306 D UiDevice: Searching for node with selector: BySelector [PKG='\Qcom.google.android.apps.nexuslauncher\E'].
02-26 14:14:48.417 15293 15306 D UiDevice: Searching for node with selector: BySelector [PKG='\Qcom.google.android.apps.nexuslauncher\E'].
02-26 14:14:48.564 15293 15306 D UiDevice: Searching for node with selector: BySelector [PKG='\Qcom.google.android.apps.nexuslauncher\E'].
02-26 14:14:48.708 15293 15298 I .testsCore.tes: Background concurrent copying GC freed 15MB AllocSpace bytes, 106(4840KB) LOS objects, 75% free, 7964KB/31MB, paused 68us,47us total 110.322ms
02-26 14:14:48.711 15293 15306 D UiDevice: Searching for node with selector: BySelector [PKG='\Qcom.google.android.apps.nexuslauncher\E'].
02-26 14:14:48.836 15293 15306 D UiDevice: Searching for node with selector: BySelector [PKG='\Qcom.google.android.apps.nexuslauncher\E'].
02-26 14:14:48.988 15293 15306 D UiDevice: Searching for node with selector: BySelector [PKG='\Qcom.google.android.apps.nexuslauncher\E'].
02-26 14:14:49.141 15293 15306 D UiDevice: Searching for node with selector: BySelector [PKG='\Qcom.google.android.apps.nexuslauncher\E'].
02-26 14:14:49.286 15293 15306 D UiDevice: Searching for node with selector: BySelector [PKG='\Qcom.google.android.apps.nexuslauncher\E'].
02-26 14:14:49.441 15293 15306 D UiDevice: Searching for node with selector: BySelector [PKG='\Qcom.google.android.apps.nexuslauncher\E'].
02-26 14:14:49.585 15293 15306 D UiDevice: Searching for node with selector: BySelector [PKG='\Qcom.google.android.apps.nexuslauncher\E'].
02-26 14:14:49.737 15293 15306 D UiDevice: Searching for node with selector: BySelector [PKG='\Qcom.google.android.apps.nexuslauncher\E'].
02-26 14:14:49.885 15293 15306 D UiDevice: Searching for node with selector: BySelector [PKG='\Qcom.google.android.apps.nexuslauncher\E'].
02-26 14:14:50.211 15293 15306 D UiDevice: Searching for node with selector: BySelector [PKG='\Qcom.google.android.apps.nexuslauncher\E'].
02-26 14:14:50.365 15293 15306 D UiDevice: Searching for node with selector: BySelector [PKG='\Qcom.google.android.apps.nexuslauncher\E'].
02-26 14:14:50.516 15293 15306 D UiDevice: Searching for node with selector: BySelector [PKG='\Qcom.google.android.apps.nexuslauncher\E'].
02-26 14:14:50.669 15293 15306 D UiDevice: Searching for node with selector: BySelector [PKG='\Qcom.google.android.apps.nexuslauncher\E'].
02-26 14:14:50.816 15293 15306 D UiDevice: Searching for node with selector: BySelector [PKG='\Qcom.google.android.apps.nexuslauncher\E'].
02-26 14:14:50.948 15293 15306 D UiDevice: Searching for node with selector: BySelector [PKG='\Qcom.google.android.apps.nexuslauncher\E'].
02-26 14:14:51.101 15293 15306 D UiDevice: Searching for node with selector: BySelector [PKG='\Qcom.google.android.apps.nexuslauncher\E'].
02-26 14:14:51.251 15293 15306 D UiDevice: Searching for node with selector: BySelector [PKG='\Qcom.google.android.apps.nexuslauncher\E'].
02-26 14:14:51.409 15293 15306 D UiDevice: Searching for node with selector: BySelector [PKG='\Qcom.google.android.apps.nexuslauncher\E'].
02-26 14:14:51.565 15293 15306 D UiDevice: Searching for node with selector: BySelector [PKG='\Qcom.google.android.apps.nexuslauncher\E'].
02-26 14:14:51.710 15293 15306 D UiDevice: Searching for node with selector: BySelector [PKG='\Qcom.google.android.apps.nexuslauncher\E'].
02-26 14:14:51.860 15293 15306 D UiDevice: Searching for node with selector: BySelector [PKG='\Qcom.google.android.apps.nexuslauncher\E'].
02-26 14:14:52.010 15293 15306 D UiDevice: Searching for node with selector: BySelector [PKG='\Qcom.google.android.apps.nexuslauncher\E'].
02-26 14:14:52.348 15293 15306 D UiDevice: Searching for node with selector: BySelector [PKG='\Qcom.google.android.apps.nexuslauncher\E'].
02-26 14:14:52.498 15293 15306 D UiDevice: Searching for node with selector: BySelector [PKG='\Qcom.google.android.apps.nexuslauncher\E'].
02-26 14:14:52.648 15293 15306 D UiDevice: Searching for node with selector: BySelector [PKG='\Qcom.google.android.apps.nexuslauncher\E'].
02-26 14:14:52.805 15293 15306 D UiDevice: Searching for node with selector: BySelector [PKG='\Qcom.google.android.apps.nexuslauncher\E'].
02-26 14:14:52.953 15293 15306 D UiDevice: Searching for node with selector: BySelector [PKG='\Qcom.google.android.apps.nexuslauncher\E'].
02-26 14:14:53.107 15293 15306 D UiDevice: Searching for node with selector: BySelector [PKG='\Qcom.google.android.apps.nexuslauncher\E'].
02-26 14:14:53.264 15293 15306 D UiDevice: Searching for node with selector: BySelector [PKG='\Qcom.google.android.apps.nexuslauncher\E'].
02-26 14:14:53.416 15293 15306 D UiDevice: Searching for node with selector: BySelector [PKG='\Qcom.google.android.apps.nexuslauncher\E'].
02-26 14:14:53.568 15293 15306 D UiDevice: Searching for node with selector: BySelector [PKG='\Qcom.google.android.apps.nexuslauncher\E'].
02-26 14:14:53.717 15293 15306 D UiDevice: Searching for node with selector: BySelector [PKG='\Qcom.google.android.apps.nexuslauncher\E'].
02-26 14:14:53.868 15293 15306 D UiDevice: Searching for node with selector: BySelector [PKG='\Qcom.google.android.apps.nexuslauncher\E'].
02-26 14:14:54.019 15293 15306 D UiDevice: Searching for node with selector: BySelector [PKG='\Qcom.google.android.apps.nexuslauncher\E'].
02-26 14:14:54.336 15293 15306 D UiDevice: Searching for node with selector: BySelector [PKG='\Qcom.google.android.apps.nexuslauncher\E'].
02-26 14:14:54.483 15293 15306 D UiDevice: Searching for node with selector: BySelector [PKG='\Qcom.google.android.apps.nexuslauncher\E'].
02-26 14:14:54.637 15293 15306 D UiDevice: Searching for node with selector: BySelector [PKG='\Qcom.google.android.apps.nexuslauncher\E'].
02-26 14:14:54.787 15293 15306 D UiDevice: Searching for node with selector: BySelector [PKG='\Qcom.google.android.apps.nexuslauncher\E'].
02-26 14:14:54.936 15293 15306 D UiDevice: Searching for node with selector: BySelector [PKG='\Qcom.google.android.apps.nexuslauncher\E'].
02-26 14:14:55.081 15293 15306 D UiDevice: Searching for node with selector: BySelector [PKG='\Qcom.google.android.apps.nexuslauncher\E'].
02-26 14:14:55.224 15293 15306 D UiDevice: Searching for node with selector: BySelector [PKG='\Qcom.google.android.apps.nexuslauncher\E'].
02-26 14:14:55.371 15293 15306 D UiDevice: Searching for node with selector: BySelector [PKG='\Qcom.google.android.apps.nexuslauncher\E'].
02-26 14:14:55.518 15293 15306 D UiDevice: Searching for node with selector: BySelector [PKG='\Qcom.google.android.apps.nexuslauncher\E'].
02-26 14:14:55.669 15293 15306 D UiDevice: Searching for node with selector: BySelector [PKG='\Qcom.google.android.apps.nexuslauncher\E'].
02-26 14:14:55.815 15293 15306 D UiDevice: Searching for node with selector: BySelector [PKG='\Qcom.google.android.apps.nexuslauncher\E'].
02-26 14:14:55.960 15293 15306 D UiDevice: Searching for node with selector: BySelector [PKG='\Qcom.google.android.apps.nexuslauncher\E'].
02-26 14:14:56.108 15293 15306 D UiDevice: Searching for node with selector: BySelector [PKG='\Qcom.google.android.apps.nexuslauncher\E'].
02-26 14:14:56.436 15293 15306 D UiDevice: Searching for node with selector: BySelector [PKG='\Qcom.google.android.apps.nexuslauncher\E'].
02-26 14:14:56.588 15293 15306 D UiDevice: Searching for node with selector: BySelector [PKG='\Qcom.google.android.apps.nexuslauncher\E'].
02-26 14:14:56.735 15293 15306 D UiDevice: Searching for node with selector: BySelector [PKG='\Qcom.google.android.apps.nexuslauncher\E'].
02-26 14:14:56.884 15293 15306 D UiDevice: Searching for node with selector: BySelector [PKG='\Qcom.google.android.apps.nexuslauncher\E'].
02-26 14:14:57.036 15293 15306 D UiDevice: Searching for node with selector: BySelector [PKG='\Qcom.google.android.apps.nexuslauncher\E'].
02-26 14:14:57.187 15293 15306 D UiDevice: Searching for node with selector: BySelector [PKG='\Qcom.google.android.apps.nexuslauncher\E'].
02-26 14:14:57.342 15293 15306 D UiDevice: Searching for node with selector: BySelector [PKG='\Qcom.google.android.apps.nexuslauncher\E'].
02-26 14:14:57.487 15293 15306 D UiDevice: Searching for node with selector: BySelector [PKG='\Qcom.google.android.apps.nexuslauncher\E'].
02-26 14:14:57.636 15293 15306 D UiDevice: Searching for node with selector: BySelector [PKG='\Qcom.google.android.apps.nexuslauncher\E'].
02-26 14:14:57.788 15293 15306 D UiDevice: Searching for node with selector: BySelector [PKG='\Qcom.google.android.apps.nexuslauncher\E'].
02-26 14:14:57.942 15293 15306 D UiDevice: Searching for node with selector: BySelector [PKG='\Qcom.google.android.apps.nexuslauncher\E'].
02-26 14:14:58.093 15293 15306 D UiDevice: Searching for node with selector: BySelector [PKG='\Qcom.google.android.apps.nexuslauncher\E'].
02-26 14:14:58.244 15293 15306 D UiDevice: Searching for node with selector: BySelector [PKG='\Qcom.google.android.apps.nexuslauncher\E'].
02-26 14:14:58.522 15293 15306 D UiDevice: Searching for node with selector: BySelector [PKG='\Qcom.google.android.apps.nexuslauncher\E'].
02-26 14:14:58.666 15293 15306 D UiDevice: Searching for node with selector: BySelector [PKG='\Qcom.google.android.apps.nexuslauncher\E'].
02-26 14:14:58.820 15293 15306 D UiDevice: Searching for node with selector: BySelector [PKG='\Qcom.google.android.apps.nexuslauncher\E'].
02-26 14:14:58.965 15293 15306 D UiDevice: Searching for node with selector: BySelector [PKG='\Qcom.google.android.apps.nexuslauncher\E'].
02-26 14:14:59.114 15293 15306 D UiDevice: Searching for node with selector: BySelector [PKG='\Qcom.google.android.apps.nexuslauncher\E'].
02-26 14:14:59.269 15293 15306 D UiDevice: Searching for node with selector: BySelector [PKG='\Qcom.google.android.apps.nexuslauncher\E'].
02-26 14:14:59.422 15293 15306 D UiDevice: Searching for node with selector: BySelector [PKG='\Qcom.google.android.apps.nexuslauncher\E'].
02-26 14:14:59.574 15293 15306 D UiDevice: Searching for node with selector: BySelector [PKG='\Qcom.google.android.apps.nexuslauncher\E'].
02-26 14:14:59.723 15293 15306 D UiDevice: Searching for node with selector: BySelector [PKG='\Qcom.google.android.apps.nexuslauncher\E'].
02-26 14:14:59.870 15293 15306 D UiDevice: Searching for node with selector: BySelector [PKG='\Qcom.google.android.apps.nexuslauncher\E'].
02-26 14:15:00.025 15293 15306 D UiDevice: Searching for node with selector: BySelector [PKG='\Qcom.google.android.apps.nexuslauncher\E'].
02-26 14:15:00.172 15293 15306 D UiDevice: Searching for node with selector: BySelector [PKG='\Qcom.google.android.apps.nexuslauncher\E'].
02-26 14:15:00.327 15293 15306 D UiDevice: Searching for node with selector: BySelector [PKG='\Qcom.google.android.apps.nexuslauncher\E'].
02-26 14:15:00.699 15293 15306 D UiDevice: Searching for node with selector: BySelector [PKG='\Qcom.google.android.apps.nexuslauncher\E'].
02-26 14:15:00.848 15293 15306 D UiDevice: Searching for node with selector: BySelector [PKG='\Qcom.google.android.apps.nexuslauncher\E'].
02-26 14:15:01.001 15293 15306 D UiDevice: Searching for node with selector: BySelector [PKG='\Qcom.google.android.apps.nexuslauncher\E'].
02-26 14:15:01.148 15293 15306 D UiDevice: Searching for node with selector: BySelector [PKG='\Qcom.google.android.apps.nexuslauncher\E'].
02-26 14:15:01.298 15293 15306 D UiDevice: Searching for node with selector: BySelector [PKG='\Qcom.google.android.apps.nexuslauncher\E'].
02-26 14:15:01.447 15293 15306 D UiDevice: Searching for node with selector: BySelector [PKG='\Qcom.google.android.apps.nexuslauncher\E'].
02-26 14:15:01.603 15293 15306 D UiDevice: Searching for node with selector: BySelector [PKG='\Qcom.google.android.apps.nexuslauncher\E'].
02-26 14:15:01.754 15293 15306 D UiDevice: Searching for node with selector: BySelector [PKG='\Qcom.google.android.apps.nexuslauncher\E'].
02-26 14:15:01.909 15293 15306 D UiDevice: Searching for node with selector: BySelector [PKG='\Qcom.google.android.apps.nexuslauncher\E'].
02-26 14:15:02.062 15293 15306 D UiDevice: Searching for node with selector: BySelector [PKG='\Qcom.google.android.apps.nexuslauncher\E'].
02-26 14:15:02.213 15293 15306 D UiDevice: Searching for node with selector: BySelector [PKG='\Qcom.google.android.apps.nexuslauncher\E'].
02-26 14:15:02.372 15293 15306 D UiDevice: Searching for node with selector: BySelector [PKG='\Qcom.google.android.apps.nexuslauncher\E'].
02-26 14:15:02.633 15293 15306 D UiDevice: Searching for node with selector: BySelector [PKG='\Qcom.google.android.apps.nexuslauncher\E'].
02-26 14:15:02.783 15293 15306 D UiDevice: Searching for node with selector: BySelector [PKG='\Qcom.google.android.apps.nexuslauncher\E'].
02-26 14:15:02.934 15293 15306 D UiDevice: Searching for node with selector: BySelector [PKG='\Qcom.google.android.apps.nexuslauncher\E'].
02-26 14:15:03.088 15293 15306 D UiDevice: Searching for node with selector: BySelector [PKG='\Qcom.google.android.apps.nexuslauncher\E'].
02-26 14:15:03.235 15293 15306 D UiDevice: Searching for node with selector: BySelector [PKG='\Qcom.google.android.apps.nexuslauncher\E'].
02-26 14:15:03.386 15293 15306 D UiDevice: Searching for node with selector: BySelector [PKG='\Qcom.google.android.apps.nexuslauncher\E'].
02-26 14:15:03.544 15293 15306 D UiDevice: Searching for node with selector: BySelector [PKG='\Qcom.google.android.apps.nexuslauncher\E'].
02-26 14:15:03.697 15293 15306 D UiDevice: Searching for node with selector: BySelector [PKG='\Qcom.google.android.apps.nexuslauncher\E'].
02-26 14:15:03.849 15293 15306 D UiDevice: Searching for node with selector: BySelector [PKG='\Qcom.google.android.apps.nexuslauncher\E'].
02-26 14:15:04.000 15293 15306 D UiDevice: Searching for node with selector: BySelector [PKG='\Qcom.google.android.apps.nexuslauncher\E'].
02-26 14:15:04.150 15293 15306 D UiDevice: Searching for node with selector: BySelector [PKG='\Qcom.google.android.apps.nexuslauncher\E'].
02-26 14:15:04.297 15293 15306 D UiDevice: Searching for node with selector: BySelector [PKG='\Qcom.google.android.apps.nexuslauncher\E'].
02-26 14:15:04.451 15293 15306 D UiDevice: Searching for node with selector: BySelector [PKG='\Qcom.google.android.apps.nexuslauncher\E'].
02-26 14:15:04.748 15293 15306 D UiDevice: Searching for node with selector: BySelector [PKG='\Qcom.google.android.apps.nexuslauncher\E'].
02-26 14:15:04.905 15293 15306 D UiDevice: Searching for node with selector: BySelector [PKG='\Qcom.google.android.apps.nexuslauncher\E'].
02-26 14:15:05.057 15293 15306 D UiDevice: Searching for node with selector: BySelector [PKG='\Qcom.google.android.apps.nexuslauncher\E'].
02-26 14:15:05.209 15293 15306 D UiDevice: Searching for node with selector: BySelector [PKG='\Qcom.google.android.apps.nexuslauncher\E'].
02-26 14:15:05.363 15293 15306 D UiDevice: Searching for node with selector: BySelector [PKG='\Qcom.google.android.apps.nexuslauncher\E'].
02-26 14:15:05.511 15293 15306 D UiDevice: Searching for node with selector: BySelector [PKG='\Qcom.google.android.apps.nexuslauncher\E'].
02-26 14:15:05.668 15293 15306 D UiDevice: Searching for node with selector: BySelector [PKG='\Qcom.google.android.apps.nexuslauncher\E'].
02-26 14:15:05.824 15293 15306 D UiDevice: Searching for node with selector: BySelector [PKG='\Qcom.google.android.apps.nexuslauncher\E'].
02-26 14:15:05.975 15293 15306 D UiDevice: Searching for node with selector: BySelector [PKG='\Qcom.google.android.apps.nexuslauncher\E'].
02-26 14:15:06.124 15293 15306 D UiDevice: Searching for node with selector: BySelector [PKG='\Qcom.google.android.apps.nexuslauncher\E'].
02-26 14:15:06.262 15293 15306 D UiDevice: Searching for node with selector: BySelector [PKG='\Qcom.google.android.apps.nexuslauncher\E'].
02-26 14:15:06.413 15293 15306 D UiDevice: Searching for node with selector: BySelector [PKG='\Qcom.google.android.apps.nexuslauncher\E'].
02-26 14:15:06.570 15293 15306 D UiDevice: Searching for node with selector: BySelector [PKG='\Qcom.google.android.apps.nexuslauncher\E'].
02-26 14:15:06.870 15293 15306 D UiDevice: Searching for node with selector: BySelector [PKG='\Qcom.google.android.apps.nexuslauncher\E'].
02-26 14:15:07.013 15293 15306 D UiDevice: Searching for node with selector: BySelector [PKG='\Qcom.google.android.apps.nexuslauncher\E'].
02-26 14:15:07.162 15293 15306 D UiDevice: Searching for node with selector: BySelector [PKG='\Qcom.google.android.apps.nexuslauncher\E'].
02-26 14:15:07.310 15293 15306 D UiDevice: Searching for node with selector: BySelector [PKG='\Qcom.google.android.apps.nexuslauncher\E'].
02-26 14:15:07.460 15293 15306 D UiDevice: Searching for node with selector: BySelector [PKG='\Qcom.google.android.apps.nexuslauncher\E'].
02-26 14:15:07.608 15293 15306 D UiDevice: Searching for node with selector: BySelector [PKG='\Qcom.google.android.apps.nexuslauncher\E'].
02-26 14:15:07.764 15293 15306 D UiDevice: Searching for node with selector: BySelector [PKG='\Qcom.google.android.apps.nexuslauncher\E'].
02-26 14:15:07.831 15293 15306 D UiDevice: Waiting 20000ms for SearchCondition[hasObject=BySelector [PKG='\Qcom.wire.internal\E']].
02-26 14:15:07.831 15293 15306 D UiDevice: Searching for node with selector: BySelector [PKG='\Qcom.wire.internal\E'].
02-26 14:15:07.952 15293 15306 D UiDevice: Searching for node with selector: BySelector [PKG='\Qcom.wire.internal\E'].
02-26 14:15:08.071 15293 15306 D UiDevice: Searching for node with selector: BySelector [PKG='\Qcom.wire.internal\E'].
02-26 14:15:08.196 15293 15306 D UiDevice: Searching for node with selector: BySelector [PKG='\Qcom.wire.internal\E'].
02-26 14:15:08.319 15293 15306 D UiDevice: Searching for node with selector: BySelector [PKG='\Qcom.wire.internal\E'].
02-26 14:15:08.462 15293 15306 D UiDevice: Searching for node with selector: BySelector [PKG='\Qcom.wire.internal\E'].
02-26 14:15:08.588 15293 15306 D UiDevice: Searching for node with selector: BySelector [PKG='\Qcom.wire.internal\E'].
02-26 14:15:08.908 15293 15306 D UiDevice: Searching for node with selector: BySelector [PKG='\Qcom.wire.internal\E'].
02-26 14:15:09.035 15293 15306 D UiDevice: Searching for node with selector: BySelector [PKG='\Qcom.wire.internal\E'].
02-26 14:15:09.161 15293 15306 D UiDevice: Searching for node with selector: BySelector [PKG='\Qcom.wire.internal\E'].
02-26 14:15:09.289 15293 15306 D UiDevice: Searching for node with selector: BySelector [PKG='\Qcom.wire.internal\E'].
02-26 14:15:09.414 15293 15306 D UiDevice: Searching for node with selector: BySelector [PKG='\Qcom.wire.internal\E'].
02-26 14:15:09.542 15293 15306 D UiDevice: Searching for node with selector: BySelector [PKG='\Qcom.wire.internal\E'].
02-26 14:15:09.670 15293 15306 D UiDevice: Searching for node with selector: BySelector [PKG='\Qcom.wire.internal\E'].
02-26 14:15:09.797 15293 15306 D UiDevice: Searching for node with selector: BySelector [PKG='\Qcom.wire.internal\E'].
02-26 14:15:09.918 15293 15306 D UiDevice: Searching for node with selector: BySelector [PKG='\Qcom.wire.internal\E'].
02-26 14:15:10.039 15293 15306 D UiDevice: Searching for node with selector: BySelector [PKG='\Qcom.wire.internal\E'].
02-26 14:15:10.160 15293 15306 D UiDevice: Searching for node with selector: BySelector [PKG='\Qcom.wire.internal\E'].
02-26 14:15:10.281 15293 15306 D UiDevice: Searching for node with selector: BySelector [PKG='\Qcom.wire.internal\E'].
02-26 14:15:10.404 15293 15306 D UiDevice: Searching for node with selector: BySelector [PKG='\Qcom.wire.internal\E'].
02-26 14:15:10.527 15293 15306 D UiDevice: Searching for node with selector: BySelector [PKG='\Qcom.wire.internal\E'].
02-26 14:15:10.649 15293 15306 D UiDevice: Searching for node with selector: BySelector [PKG='\Qcom.wire.internal\E'].
02-26 14:15:10.863 15293 15306 D UiDevice: Searching for node with selector: BySelector [PKG='\Qcom.wire.internal\E'].
02-26 14:15:11.001 15293 15306 D UiDevice: Searching for node with selector: BySelector [PKG='\Qcom.wire.internal\E'].
02-26 14:15:11.137 15293 15306 D UiDevice: Searching for node with selector: BySelector [PKG='\Qcom.wire.internal\E'].
02-26 14:15:11.285 15293 15306 D UiDevice: Searching for node with selector: BySelector [PKG='\Qcom.wire.internal\E'].
02-26 14:15:11.438 15293 15306 D UiDevice: Searching for node with selector: BySelector [PKG='\Qcom.wire.internal\E'].
02-26 14:15:11.589 15293 15306 D UiDevice: Searching for node with selector: BySelector [PKG='\Qcom.wire.internal\E'].
02-26 14:15:11.742 15293 15306 D UiDevice: Searching for node with selector: BySelector [PKG='\Qcom.wire.internal\E'].
02-26 14:15:11.892 15293 15306 D UiDevice: Searching for node with selector: BySelector [PKG='\Qcom.wire.internal\E'].
02-26 14:15:12.040 15293 15306 D UiDevice: Searching for node with selector: BySelector [PKG='\Qcom.wire.internal\E'].
02-26 14:15:12.193 15293 15306 D UiDevice: Searching for node with selector: BySelector [PKG='\Qcom.wire.internal\E'].
02-26 14:15:12.338 15293 15306 D UiDevice: Searching for node with selector: BySelector [PKG='\Qcom.wire.internal\E'].
02-26 14:15:12.488 15293 15306 D UiDevice: Searching for node with selector: BySelector [PKG='\Qcom.wire.internal\E'].
02-26 14:15:12.642 15293 15306 D UiDevice: Searching for node with selector: BySelector [PKG='\Qcom.wire.internal\E'].
02-26 14:15:12.790 15293 15306 D UiDevice: Searching for node with selector: BySelector [PKG='\Qcom.wire.internal\E'].
02-26 14:15:13.065 15293 15306 D UiDevice: Searching for node with selector: BySelector [PKG='\Qcom.wire.internal\E'].
02-26 14:15:13.189 15293 15306 D UiDevice: Searching for node with selector: BySelector [PKG='\Qcom.wire.internal\E'].
02-26 14:15:13.335 15293 15306 D UiDevice: Searching for node with selector: BySelector [PKG='\Qcom.wire.internal\E'].
02-26 14:15:13.489 15293 15306 D UiDevice: Searching for node with selector: BySelector [PKG='\Qcom.wire.internal\E'].
02-26 14:15:13.639 15293 15306 D UiDevice: Searching for node with selector: BySelector [PKG='\Qcom.wire.internal\E'].
02-26 14:15:13.788 15293 15306 D UiDevice: Searching for node with selector: BySelector [PKG='\Qcom.wire.internal\E'].
02-26 14:15:13.945 15293 15306 D UiDevice: Searching for node with selector: BySelector [PKG='\Qcom.wire.internal\E'].
02-26 14:15:14.094 15293 15306 D UiDevice: Searching for node with selector: BySelector [PKG='\Qcom.wire.internal\E'].
02-26 14:15:14.244 15293 15306 D UiDevice: Searching for node with selector: BySelector [PKG='\Qcom.wire.internal\E'].
02-26 14:15:14.396 15293 15306 D UiDevice: Searching for node with selector: BySelector [PKG='\Qcom.wire.internal\E'].
02-26 14:15:14.546 15293 15306 D UiDevice: Searching for node with selector: BySelector [PKG='\Qcom.wire.internal\E'].
02-26 14:15:14.700 15293 15306 D UiDevice: Searching for node with selector: BySelector [PKG='\Qcom.wire.internal\E'].
02-26 14:15:14.850 15293 15306 D UiDevice: Searching for node with selector: BySelector [PKG='\Qcom.wire.internal\E'].
02-26 14:15:15.179 15293 15306 D UiDevice: Searching for node with selector: BySelector [PKG='\Qcom.wire.internal\E'].
02-26 14:15:15.326 15293 15306 D UiDevice: Searching for node with selector: BySelector [PKG='\Qcom.wire.internal\E'].
02-26 14:15:15.479 15293 15306 D UiDevice: Searching for node with selector: BySelector [PKG='\Qcom.wire.internal\E'].
02-26 14:15:15.631 15293 15306 D UiDevice: Searching for node with selector: BySelector [PKG='\Qcom.wire.internal\E'].
02-26 14:15:15.783 15293 15306 D UiDevice: Searching for node with selector: BySelector [PKG='\Qcom.wire.internal\E'].
02-26 14:15:15.935 15293 15306 D UiDevice: Searching for node with selector: BySelector [PKG='\Qcom.wire.internal\E'].
02-26 14:15:16.088 15293 15306 D UiDevice: Searching for node with selector: BySelector [PKG='\Qcom.wire.internal\E'].
02-26 14:15:16.239 15293 15306 D UiDevice: Searching for node with selector: BySelector [PKG='\Qcom.wire.internal\E'].
02-26 14:15:16.385 15293 15306 D UiDevice: Searching for node with selector: BySelector [PKG='\Qcom.wire.internal\E'].
02-26 14:15:16.517 15293 15306 D UiDevice: Searching for node with selector: BySelector [PKG='\Qcom.wire.internal\E'].
02-26 14:15:16.670 15293 15306 D UiDevice: Searching for node with selector: BySelector [PKG='\Qcom.wire.internal\E'].
02-26 14:15:16.821 15293 15306 D UiDevice: Searching for node with selector: BySelector [PKG='\Qcom.wire.internal\E'].
02-26 14:15:16.971 15293 15306 D UiDevice: Searching for node with selector: BySelector [PKG='\Qcom.wire.internal\E'].
02-26 14:15:17.307 15293 15306 D UiDevice: Searching for node with selector: BySelector [PKG='\Qcom.wire.internal\E'].
02-26 14:15:17.463 15293 15306 D UiDevice: Searching for node with selector: BySelector [PKG='\Qcom.wire.internal\E'].
02-26 14:15:17.611 15293 15306 D UiDevice: Searching for node with selector: BySelector [PKG='\Qcom.wire.internal\E'].
02-26 14:15:17.762 15293 15306 D UiDevice: Searching for node with selector: BySelector [PKG='\Qcom.wire.internal\E'].
02-26 14:15:17.911 15293 15306 D UiDevice: Searching for node with selector: BySelector [PKG='\Qcom.wire.internal\E'].
02-26 14:15:18.060 15293 15306 D UiDevice: Searching for node with selector: BySelector [PKG='\Qcom.wire.internal\E'].
02-26 14:15:18.210 15293 15306 D UiDevice: Searching for node with selector: BySelector [PKG='\Qcom.wire.internal\E'].
02-26 14:15:18.360 15293 15306 D UiDevice: Searching for node with selector: BySelector [PKG='\Qcom.wire.internal\E'].
02-26 14:15:18.506 15293 15306 D UiDevice: Searching for node with selector: BySelector [PKG='\Qcom.wire.internal\E'].
02-26 14:15:18.657 15293 15306 D UiDevice: Searching for node with selector: BySelector [PKG='\Qcom.wire.internal\E'].
02-26 14:15:18.801 15293 15306 D UiDevice: Searching for node with selector: BySelector [PKG='\Qcom.wire.internal\E'].
02-26 14:15:18.938 15293 15306 D UiDevice: Searching for node with selector: BySelector [PKG='\Qcom.wire.internal\E'].
02-26 14:15:19.059 15293 15306 D UiDevice: Searching for node with selector: BySelector [PKG='\Qcom.wire.internal\E'].
02-26 14:15:19.288 15293 15306 D UiDevice: Searching for node with selector: BySelector [PKG='\Qcom.wire.internal\E'].
02-26 14:15:19.443 15293 15306 D UiDevice: Searching for node with selector: BySelector [PKG='\Qcom.wire.internal\E'].
02-26 14:15:19.595 15293 15306 D UiDevice: Searching for node with selector: BySelector [PKG='\Qcom.wire.internal\E'].
02-26 14:15:19.746 15293 15306 D UiDevice: Searching for node with selector: BySelector [PKG='\Qcom.wire.internal\E'].
02-26 14:15:19.898 15293 15306 D UiDevice: Searching for node with selector: BySelector [PKG='\Qcom.wire.internal\E'].
02-26 14:15:20.050 15293 15306 D UiDevice: Searching for node with selector: BySelector [PKG='\Qcom.wire.internal\E'].
02-26 14:15:20.204 15293 15306 D UiDevice: Searching for node with selector: BySelector [PKG='\Qcom.wire.internal\E'].
02-26 14:15:20.357 15293 15306 D UiDevice: Searching for node with selector: BySelector [PKG='\Qcom.wire.internal\E'].
02-26 14:15:20.509 15293 15306 D UiDevice: Searching for node with selector: BySelector [PKG='\Qcom.wire.internal\E'].
02-26 14:15:20.663 15293 15306 D UiDevice: Searching for node with selector: BySelector [PKG='\Qcom.wire.internal\E'].
02-26 14:15:20.812 15293 15306 D UiDevice: Searching for node with selector: BySelector [PKG='\Qcom.wire.internal\E'].
02-26 14:15:20.970 15293 15306 D UiDevice: Searching for node with selector: BySelector [PKG='\Qcom.wire.internal\E'].
02-26 14:15:21.117 15293 15306 D UiDevice: Searching for node with selector: BySelector [PKG='\Qcom.wire.internal\E'].
02-26 14:15:21.457 15293 15306 D UiDevice: Searching for node with selector: BySelector [PKG='\Qcom.wire.internal\E'].
02-26 14:15:21.610 15293 15306 D UiDevice: Searching for node with selector: BySelector [PKG='\Qcom.wire.internal\E'].
02-26 14:15:21.765 15293 15306 D UiDevice: Searching for node with selector: BySelector [PKG='\Qcom.wire.internal\E'].
02-26 14:15:21.913 15293 15306 D UiDevice: Searching for node with selector: BySelector [PKG='\Qcom.wire.internal\E'].
02-26 14:15:22.068 15293 15306 D UiDevice: Searching for node with selector: BySelector [PKG='\Qcom.wire.internal\E'].
02-26 14:15:22.216 15293 15306 D UiDevice: Searching for node with selector: BySelector [PKG='\Qcom.wire.internal\E'].
02-26 14:15:22.366 15293 15306 D UiDevice: Searching for node with selector: BySelector [PKG='\Qcom.wire.internal\E'].
02-26 14:15:22.519 15293 15306 D UiDevice: Searching for node with selector: BySelector [PKG='\Qcom.wire.internal\E'].
02-26 14:15:22.670 15293 15306 D UiDevice: Searching for node with selector: BySelector [PKG='\Qcom.wire.internal\E'].
02-26 14:15:22.817 15293 15306 D UiDevice: Searching for node with selector: BySelector [PKG='\Qcom.wire.internal\E'].
02-26 14:15:22.969 15293 15306 D UiDevice: Searching for node with selector: BySelector [PKG='\Qcom.wire.internal\E'].
02-26 14:15:23.122 15293 15306 D UiDevice: Searching for node with selector: BySelector [PKG='\Qcom.wire.internal\E'].
02-26 14:15:23.464 15293 15306 D UiDevice: Searching for node with selector: BySelector [PKG='\Qcom.wire.internal\E'].
02-26 14:15:23.615 15293 15306 D UiDevice: Searching for node with selector: BySelector [PKG='\Qcom.wire.internal\E'].
02-26 14:15:23.769 15293 15306 D UiDevice: Searching for node with selector: BySelector [PKG='\Qcom.wire.internal\E'].
02-26 14:15:23.923 15293 15306 D UiDevice: Searching for node with selector: BySelector [PKG='\Qcom.wire.internal\E'].
02-26 14:15:24.072 15293 15306 D UiDevice: Searching for node with selector: BySelector [PKG='\Qcom.wire.internal\E'].
02-26 14:15:24.232 15293 15306 D UiDevice: Searching for node with selector: BySelector [PKG='\Qcom.wire.internal\E'].
02-26 14:15:24.390 15293 15306 D UiDevice: Searching for node with selector: BySelector [PKG='\Qcom.wire.internal\E'].
02-26 14:15:24.538 15293 15306 D UiDevice: Searching for node with selector: BySelector [PKG='\Qcom.wire.internal\E'].
02-26 14:15:24.688 15293 15306 D UiDevice: Searching for node with selector: BySelector [PKG='\Qcom.wire.internal\E'].
02-26 14:15:24.843 15293 15306 D UiDevice: Searching for node with selector: BySelector [PKG='\Qcom.wire.internal\E'].
02-26 14:15:24.988 15293 15306 D UiDevice: Searching for node with selector: BySelector [PKG='\Qcom.wire.internal\E'].
02-26 14:15:25.141 15293 15306 D UiDevice: Searching for node with selector: BySelector [PKG='\Qcom.wire.internal\E'].
02-26 14:15:25.470 15293 15306 D UiDevice: Searching for node with selector: BySelector [PKG='\Qcom.wire.internal\E'].
02-26 14:15:25.622 15293 15306 D UiDevice: Searching for node with selector: BySelector [PKG='\Qcom.wire.internal\E'].
02-26 14:15:25.771 15293 15306 D UiDevice: Searching for node with selector: BySelector [PKG='\Qcom.wire.internal\E'].
02-26 14:15:25.930 15293 15306 D UiDevice: Searching for node with selector: BySelector [PKG='\Qcom.wire.internal\E'].
02-26 14:15:26.086 15293 15306 D UiDevice: Searching for node with selector: BySelector [PKG='\Qcom.wire.internal\E'].
02-26 14:15:26.238 15293 15306 D UiDevice: Searching for node with selector: BySelector [PKG='\Qcom.wire.internal\E'].
02-26 14:15:26.390 15293 15306 D UiDevice: Searching for node with selector: BySelector [PKG='\Qcom.wire.internal\E'].
02-26 14:15:26.538 15293 15306 D UiDevice: Searching for node with selector: BySelector [PKG='\Qcom.wire.internal\E'].
02-26 14:15:26.688 15293 15306 D UiDevice: Searching for node with selector: BySelector [PKG='\Qcom.wire.internal\E'].
02-26 14:15:26.841 15293 15306 D UiDevice: Searching for node with selector: BySelector [PKG='\Qcom.wire.internal\E'].
02-26 14:15:26.988 15293 15306 D UiDevice: Searching for node with selector: BySelector [PKG='\Qcom.wire.internal\E'].
02-26 14:15:27.135 15293 15306 D UiDevice: Searching for node with selector: BySelector [PKG='\Qcom.wire.internal\E'].
02-26 14:15:27.260 15293 15306 D UiDevice: Searching for node with selector: BySelector [PKG='\Qcom.wire.internal\E'].
02-26 14:15:27.479 15293 15306 D UiDevice: Searching for node with selector: BySelector [PKG='\Qcom.wire.internal\E'].
02-26 14:15:27.628 15293 15306 D UiDevice: Searching for node with selector: BySelector [PKG='\Qcom.wire.internal\E'].
02-26 14:15:27.783 15293 15306 D UiDevice: Searching for node with selector: BySelector [PKG='\Qcom.wire.internal\E'].
02-26 14:15:27.936 15293 15306 D UiDevice: Searching for node with selector: BySelector [PKG='\Qcom.wire.internal\E'].
02-26 14:15:27.984 15293 15306 I System.out: Could not access BuildConfig field 'BACKENDCONNECTION_STAGING_SOCKSPROXY': No field BACKENDCONNECTION_STAGING_SOCKSPROXY in class Lcom/wire/android/testSupport/BuildConfig; (declaration of 'com.wire.android.testSupport.BuildConfig' appears in /data/app/~~I3PshYqr0-_v94OjiVekwg==/com.wire.android.tests.testsCore.test-dPIWFwPWsnAqLg1k8BcTgw==/base.apk!classes2.dex)
02-26 14:15:27.985 15293 15306 I System.out: Could not access BuildConfig field 'BACKENDCONNECTION_STAGING_SOCKSPROXY': No field BACKENDCONNECTION_STAGING_SOCKSPROXY in class Lcom/wire/android/testSupport/BuildConfig; (declaration of 'com.wire.android.testSupport.BuildConfig' appears in /data/app/~~I3PshYqr0-_v94OjiVekwg==/com.wire.android.tests.testsCore.test-dPIWFwPWsnAqLg1k8BcTgw==/base.apk!classes2.dex)
02-26 14:15:27.986 15293 15306 I System.out: Could not access BuildConfig field 'BACKENDCONNECTION_STAGING_SOCKSPROXY': No field BACKENDCONNECTION_STAGING_SOCKSPROXY in class Lcom/wire/android/testSupport/BuildConfig; (declaration of 'com.wire.android.testSupport.BuildConfig' appears in /data/app/~~I3PshYqr0-_v94OjiVekwg==/com.wire.android.tests.testsCore.test-dPIWFwPWsnAqLg1k8BcTgw==/base.apk!classes2.dex)
02-26 14:15:28.155 15293 15306 W UiAutomation: UiAutomation.grantRuntimePermission() is more robust and should be used instead of 'pm grant'
02-26 14:15:28.162 15293 15306 W UiAutomation: UiAutomation.grantRuntimePermission() is more robust and should be used instead of 'pm grant'
02-26 14:15:28.174 15293 15306 I ClientUserManager: 14:15:28 INFO [686] (ClientUse) Cannot find user by: user1Name 
02-26 14:15:28.176 15293 15306 I Hello   : 14:15:28 INFO [686] (ClientUse) Hello, my name is Howard Orn and my email is ornmcqnjqmxiz@wire.engineering and password is 6j0!$Lls and emailPassword is v{%?Yd#x<gm@innnnn 
02-26 14:15:30.229 15293 15306 I ClientUserManager: 14:15:30 INFO [686] (ClientUse) Cannot find user by: user1Name 
02-26 14:15:30.280 15293 15306 I ClientUserManager: 14:15:30 INFO [686] (ClientUse) Cannot find user by: user2Name 
02-26 14:15:30.282 15293 15306 I ClientUserManager: 14:15:30 INFO [686] (ClientUse) Cannot find user by: user3Name 
02-26 14:15:32.314 15293 15306 I ClientUserManager: 14:15:32 INFO [686] (ClientUse) Cannot find user by: user1Name 
02-26 14:15:32.323 15293 15306 I ClientUserManager: 14:15:32 INFO [686] (ClientUse) Cannot find user by: user2Name 
02-26 14:15:32.331 15293 15306 I ClientUserManager: 14:15:32 INFO [686] (ClientUse) Cannot find user by: user3Name 
02-26 14:15:32.333 15293 15306 I System.out: Could not access BuildConfig field 'BACKENDCONNECTION_STAGING_SOCKSPROXY': No field BACKENDCONNECTION_STAGING_SOCKSPROXY in class Lcom/wire/android/testSupport/BuildConfig; (declaration of 'com.wire.android.testSupport.BuildConfig' appears in /data/app/~~I3PshYqr0-_v94OjiVekwg==/com.wire.android.tests.testsCore.test-dPIWFwPWsnAqLg1k8BcTgw==/base.apk!classes2.dex)
02-26 14:15:32.506 15293 15306 I ClientUserManager: 14:15:32 INFO [686] (ClientUse) Cannot find user by: user3Name 
02-26 14:15:32.507 15293 15306 I System.out: Could not access BuildConfig field 'BACKENDCONNECTION_STAGING_SOCKSPROXY': No field BACKENDCONNECTION_STAGING_SOCKSPROXY in class Lcom/wire/android/testSupport/BuildConfig; (declaration of 'com.wire.android.testSupport.BuildConfig' appears in /data/app/~~I3PshYqr0-_v94OjiVekwg==/com.wire.android.tests.testsCore.test-dPIWFwPWsnAqLg1k8BcTgw==/base.apk!classes2.dex)
02-26 14:15:32.510 15293 15306 I ClientUserManager: 14:15:32 INFO [686] (ClientUse) Cannot find user by: user3Name 
02-26 14:15:32.565 15293 15306 I ClientUserManager: 14:15:32 INFO [686] (ClientUse) Cannot find user by: user3Name 
02-26 14:15:32.567 15293 15306 I System.out: Could not access BuildConfig field 'BACKENDCONNECTION_STAGING_SOCKSPROXY': No field BACKENDCONNECTION_STAGING_SOCKSPROXY in class Lcom/wire/android/testSupport/BuildConfig; (declaration of 'com.wire.android.testSupport.BuildConfig' appears in /data/app/~~I3PshYqr0-_v94OjiVekwg==/com.wire.android.tests.testsCore.test-dPIWFwPWsnAqLg1k8BcTgw==/base.apk!classes2.dex)
02-26 14:15:32.569 15293 15306 I TestService: 14:15:32 INFO [686] (TestServi) GET: http://192.168.2.18:8080/api/v1/ 
02-26 14:15:32.588 15293 15306 I TestService: 14:15:32 INFO [686] (TestServi) PUT: http://192.168.2.18:8080/api/v1/instance 
02-26 14:15:32.590 15293 15306 I TestService: 14:15:32 INFO [686] (TestServi)  >>> Request: {"email":"greenyijpwqyjtv@wire.engineering","password":"N!2@w#lx","deviceName":"Device1","name":"TestService","customBackend":{"name":"STAGING","rest":"https:\/\/staging-nginz-https.zinfra.io\/","ws":"wss:\/\/staging-nginz-ssl.zinfra.io"},"federationDomain":"staging.zinfra.io","developmentApiEnabled":true} 
02-26 14:15:32.673 15293 15298 I .testsCore.tes: Background concurrent copying GC freed 20MB AllocSpace bytes, 87(3588KB) LOS objects, 75% free, 7927KB/31MB, paused 79us,33us total 105.578ms
02-26 14:15:41.998 15293 15306 I TestService: 14:15:41 INFO [686] (TestServi)  >>> Response (200): {"backend":"staging","clientId":"baf68eaaef4126c4","instanceId":"ae828922-6b2e-4c45-9c99-e0387b071055","name":"TestService","startupTime":7324,"startTime":1772111739174} 
02-26 14:15:42.003 15293 15306 I ClientUserManager: 14:15:42 INFO [686] (ClientUse) Cannot find user by: user1Name 
02-26 14:15:42.004 15293 15306 I System.out: Could not access BuildConfig field 'BACKENDCONNECTION_STAGING_SOCKSPROXY': No field BACKENDCONNECTION_STAGING_SOCKSPROXY in class Lcom/wire/android/testSupport/BuildConfig; (declaration of 'com.wire.android.testSupport.BuildConfig' appears in /data/app/~~I3PshYqr0-_v94OjiVekwg==/com.wire.android.tests.testsCore.test-dPIWFwPWsnAqLg1k8BcTgw==/base.apk!classes2.dex)
02-26 14:15:42.205 15293 15306 I UiAutomatorPinger: 14:15:42 INFO [686] (UiAutomat) Starting UIAutomator pinger every 30 seconds 
02-26 14:15:42.219 15293 15671 I UiAutomatorPinger: 14:15:42 INFO [695] (UiAutomat) Pinging device (waking up screen) 
02-26 14:15:42.232 15293 15671 D UiDevice: Turning on screen.
02-26 14:15:42.232 15293 15672 D CallingManager: Creating instance for user2Name
02-26 14:15:42.232 15293 15673 D CallingManager: Creating instance for user3Name
02-26 14:15:42.236 15293 15672 I ClientUserManager: 14:15:42 INFO [696] (ClientUse) Cannot find user by: user2Name 
02-26 14:15:42.237 15293 15672 I System.out: Could not access BuildConfig field 'BACKENDCONNECTION_STAGING_SOCKSPROXY': No field BACKENDCONNECTION_STAGING_SOCKSPROXY in class Lcom/wire/android/testSupport/BuildConfig; (declaration of 'com.wire.android.testSupport.BuildConfig' appears in /data/app/~~I3PshYqr0-_v94OjiVekwg==/com.wire.android.tests.testsCore.test-dPIWFwPWsnAqLg1k8BcTgw==/base.apk!classes2.dex)
02-26 14:15:42.240 15293 15673 I ClientUserManager: 14:15:42 INFO [697] (ClientUse) Cannot find user by: user3Name 
02-26 14:15:42.242 15293 15673 I System.out: Could not access BuildConfig field 'BACKENDCONNECTION_STAGING_SOCKSPROXY': No field BACKENDCONNECTION_STAGING_SOCKSPROXY in class Lcom/wire/android/testSupport/BuildConfig; (declaration of 'com.wire.android.testSupport.BuildConfig' appears in /data/app/~~I3PshYqr0-_v94OjiVekwg==/com.wire.android.tests.testsCore.test-dPIWFwPWsnAqLg1k8BcTgw==/base.apk!classes2.dex)
02-26 14:15:42.286 15293 15673 I System.out: Could not access BuildConfig field 'BACKENDCONNECTION_STAGING_SOCKSPROXY': No field BACKENDCONNECTION_STAGING_SOCKSPROXY in class Lcom/wire/android/testSupport/BuildConfig; (declaration of 'com.wire.android.testSupport.BuildConfig' appears in /data/app/~~I3PshYqr0-_v94OjiVekwg==/com.wire.android.tests.testsCore.test-dPIWFwPWsnAqLg1k8BcTgw==/base.apk!classes2.dex)
02-26 14:15:42.300 15293 15672 I System.out: Could not access BuildConfig field 'BACKENDCONNECTION_STAGING_SOCKSPROXY': No field BACKENDCONNECTION_STAGING_SOCKSPROXY in class Lcom/wire/android/testSupport/BuildConfig; (declaration of 'com.wire.android.testSupport.BuildConfig' appears in /data/app/~~I3PshYqr0-_v94OjiVekwg==/com.wire.android.tests.testsCore.test-dPIWFwPWsnAqLg1k8BcTgw==/base.apk!classes2.dex)
02-26 14:15:42.937 15293 15671 I UiAutomatorPinger: 14:15:42 INFO [695] (UiAutomat) Device screen awakened 
02-26 14:15:55.168 15293 15672 D CallingManager: Started instance b7b7219d-d3dc-46ee-a984-39b0073f0194 for user Tyree Adams
02-26 14:15:55.873 15293 15673 D CallingManager: Started instance 6af6415e-497d-4a33-b0a5-b98eda60fc5b for user Christina Green
02-26 14:15:55.877 15293 15306 I UiAutomatorPinger: 14:15:55 INFO [686] (UiAutomat) Stopping UIAutomator pinger 
02-26 14:15:55.887 15293 15306 I System.out: Could not access BuildConfig field 'BACKENDCONNECTION_STAGING_SOCKSPROXY': No field BACKENDCONNECTION_STAGING_SOCKSPROXY in class Lcom/wire/android/testSupport/BuildConfig; (declaration of 'com.wire.android.testSupport.BuildConfig' appears in /data/app/~~I3PshYqr0-_v94OjiVekwg==/com.wire.android.tests.testsCore.test-dPIWFwPWsnAqLg1k8BcTgw==/base.apk!classes2.dex)
02-26 14:15:55.890 15293 15306 D UiDevice: Waiting 10000ms for SearchCondition[hasObject=BySelector [TEXT='\QEnter your email to start!\E']].
