--------- beginning of main
02-26 13:57:51.606 13074 13087 E TestRunner: failed: givenUserInAnotherTeam_whenFileIsSent_thenRecipientCanReceivePlayAndDownloadIt(com.wire.android.tests.core.criticalFlows.FileSharingBetweenTeams)
02-26 13:57:51.607 13074 13087 E TestRunner: ----- begin exception -----
02-26 13:57:51.607 13074 13087 E TestRunner: java.lang.AssertionError: Element not found with selector: text='Enter your email to start!'
02-26 13:57:51.607 13074 13087 E TestRunner: 	at uiautomatorutils.UiWaitUtils.waitElement(UiWaitUtils.kt:94)
02-26 13:57:51.607 13074 13087 E TestRunner: 	at uiautomatorutils.UiWaitUtils.waitElement$default(UiWaitUtils.kt:85)
02-26 13:57:51.607 13074 13087 E TestRunner: 	at com.wire.android.tests.core.pages.RegistrationPage.assertEmailWelcomePage(RegistrationPage.kt:66)
02-26 13:57:51.607 13074 13087 E TestRunner: 	at com.wire.android.tests.core.criticalFlows.FileSharingBetweenTeams.givenUserInAnotherTeam_whenFileIsSent_thenRecipientCanReceivePlayAndDownloadIt$lambda$1(FileSharingBetweenTeams.kt:127)
02-26 13:57:51.607 13074 13087 E TestRunner: 	at com.wire.android.tests.core.criticalFlows.FileSharingBetweenTeams$$ExternalSyntheticLambda2.invoke(D8$$SyntheticClass:0)
02-26 13:57:51.607 13074 13087 E TestRunner: 	at com.wire.android.tests.core.BaseUiTest.step$lambda$0(BaseUiTest.kt:54)
02-26 13:57:51.607 13074 13087 E TestRunner: 	at com.wire.android.tests.core.BaseUiTest$$ExternalSyntheticLambda1.invoke(D8$$SyntheticClass:0)
02-26 13:57:51.607 13074 13087 E TestRunner: 	at io.qameta.allure.kotlin.Allure.step(Allure.kt:60)
02-26 13:57:51.607 13074 13087 E TestRunner: 	at com.wire.android.tests.core.BaseUiTest.step(BaseUiTest.kt:54)
02-26 13:57:51.607 13074 13087 E TestRunner: 	at com.wire.android.tests.core.criticalFlows.FileSharingBetweenTeams.givenUserInAnotherTeam_whenFileIsSent_thenRecipientCanReceivePlayAndDownloadIt(FileSharingBetweenTeams.kt:125)
02-26 13:57:51.607 13074 13087 E TestRunner: 	at java.lang.reflect.Method.invoke(Native Method)
02-26 13:57:51.607 13074 13087 E TestRunner: 	at org.junit.runners.model.FrameworkMethod$1.runReflectiveCall(FrameworkMethod.java:59)
02-26 13:57:51.607 13074 13087 E TestRunner: 	at org.junit.internal.runners.model.ReflectiveCallable.run(ReflectiveCallable.java:12)
02-26 13:57:51.607 13074 13087 E TestRunner: 	at org.junit.runners.model.FrameworkMethod.invokeExplosively(FrameworkMethod.java:56)
02-26 13:57:51.607 13074 13087 E TestRunner: 	at org.junit.internal.runners.statements.InvokeMethod.evaluate(InvokeMethod.java:17)
02-26 13:57:51.607 13074 13087 E TestRunner: 	at androidx.test.internal.runner.junit4.statement.RunBefores.evaluate(RunBefores.java:80)
02-26 13:57:51.607 13074 13087 E TestRunner: 	at androidx.test.internal.runner.junit4.statement.RunAfters.evaluate(RunAfters.java:61)
02-26 13:57:51.607 13074 13087 E TestRunner: 	at com.wire.android.tests.support.suite.AllureFailureScreenshotRule$apply$1.evaluate(AllureFailureScreenshotRule.kt:44)
02-26 13:57:51.607 13074 13087 E TestRunner: 	at com.wire.android.tests.support.suite.AllureLabelsRule$apply$1.evaluate(AllureLabelsRule.kt:70)
02-26 13:57:51.607 13074 13087 E TestRunner: 	at org.junit.rules.TestWatcher$1.evaluate(TestWatcher.java:61)
02-26 13:57:51.607 13074 13087 E TestRunner: 	at com.wire.android.tests.support.suite.AllureLogcatRule$apply$1.evaluate(AllureLogcatRule.kt:41)
02-26 13:57:51.607 13074 13087 E TestRunner: 	at org.junit.runners.ParentRunner$3.evaluate(ParentRunner.java:306)
02-26 13:57:51.607 13074 13087 E TestRunner: 	at org.junit.runners.BlockJUnit4ClassRunner$1.evaluate(BlockJUnit4ClassRunner.java:100)
02-26 13:57:51.607 13074 13087 E TestRunner: 	at org.junit.runners.ParentRunner.runLeaf(ParentRunner.java:366)
02-26 13:57:51.607 13074 13087 E TestRunner: 	at org.junit.runners.BlockJUnit4ClassRunner.runChild(BlockJUnit4ClassRunner.java:103)
02-26 13:57:51.607 13074 13087 E TestRunner: 	at org.junit.runners.BlockJUnit4ClassRunner.runChild(BlockJUnit4ClassRunner.java:63)
02-26 13:57:51.607 13074 13087 E TestRunner: 	at org.junit.runners.ParentRunner$4.run(ParentRunner.java:331)
02-26 13:57:51.607 13074 13087 E TestRunner: 	at org.junit.runners.ParentRunner$1.schedule(ParentRunner.java:79)
02-26 13:57:51.607 13074 13087 E TestRunner: 	at org.junit.runners.ParentRunner.runChildren(ParentRunner.java:329)
02-26 13:57:51.607 13074 13087 E TestRunner: 	at org.junit.runners.ParentRunner.access$100(ParentRunner.java:66)
02-26 13:57:51.607 13074 13087 E TestRunner: 	at org.junit.runners.ParentRunner$2.evaluate(ParentRunner.java:293)
02-26 13:57:51.607 13074 13087 E TestRunner: 	at org.junit.runners.ParentRunner$3.evaluate(ParentRunner.java:306)
02-26 13:57:51.607 13074 13087 E TestRunner: 	at org.junit.runners.ParentRunner.run(ParentRunner.java:413)
02-26 13:57:51.607 13074 13087 E TestRunner: 	at androidx.test.ext.junit.runners.AndroidJUnit4.run(AndroidJUnit4.java:162)
02-26 13:57:51.607 13074 13087 E TestRunner: 	at org.junit.runners.Suite.runChild(Suite.java:128)
02-26 13:57:51.607 13074 13087 E TestRunner: 	at org.junit.runners.Suite.runChild(Suite.java:27)
02-26 13:57:51.607 13074 13087 E TestRunner: 	at org.junit.runners.ParentRunner$4.run(ParentRunner.java:331)
02-26 13:57:51.607 13074 13087 E TestRunner: 	at org.junit.runners.ParentRunner$1.schedule(ParentRunner.java:79)
02-26 13:57:51.607 13074 13087 E TestRunner: 	at org.junit.runners.ParentRunner.runChildren(ParentRunner.java:329)
02-26 13:57:51.607 13074 13087 E TestRunner: 	at org.junit.runners.ParentRunner.access$100(ParentRunner.java:66)
02-26 13:57:51.607 13074 13087 E TestRunner: 	at org.junit.runners.ParentRunner$2.evaluate(ParentRunner.java:293)
02-26 13:57:51.607 13074 13087 E TestRunner: 	at org.junit.runners.ParentRunner$3.evaluate(ParentRunner.java:306)
02-26 13:57:51.607 13074 13087 E TestRunner: 	at org.junit.runners.ParentRunner.run(ParentRunner.java:413)
02-26 13:57:51.607 13074 13087 E TestRunner: 	at org.junit.runner.JUnitCore.run(JUnitCore.java:137)
02-26 13:57:51.607 13074 13087 E TestRunner: 	at org.junit.runner.JUnitCore.run(JUnitCore.java:115)
02-26 13:57:51.607 13074 13087 E TestRunner: 	at androidx.test.internal.runner.TestExecutor.execute(TestExecutor.java:68)
02-26 13:57:51.607 13074 13087 E TestRunner: 	at androidx.test.internal.runner.TestExecutor.execute(TestExecutor.java:59)
02-26 13:57:51.607 13074 13087 E TestRunner: 	at androidx.test.runner.AndroidJUnitRunner.onStart(AndroidJUnitRunner.java:467)
02-26 13:57:51.607 13074 13087 E TestRunner: 	at com.wire.android.tests.support.suite.TaggedTestRunner.onStart(TaggedTestRunner.kt:51)
02-26 13:57:51.607 13074 13087 E TestRunner: 	at android.app.Instrumentation$InstrumentationThread.run(Instrumentation.java:2278)
02-26 13:57:51.607 13074 13087 E TestRunner: ----- end exception -----
02-26 13:57:51.612 13074 13087 I TestRunner: finished: givenUserInAnotherTeam_whenFileIsSent_thenRecipientCanReceivePlayAndDownloadIt(com.wire.android.tests.core.criticalFlows.FileSharingBetweenTeams)
02-26 13:57:51.669 13074 13087 I TestRunner: started: givenIStartGroupCall_whenParticipantShareMessageFileAndLocation_thenAllVisibleAndCallContinues(com.wire.android.tests.core.criticalFlows.GroupCallChat)
02-26 13:57:51.689 13074 13087 D UiDevice: Executing shell command: pm clear com.wire.internal
02-26 13:57:51.757 13074 13087 D UiDevice: Executing shell command: settings put secure show_ime_with_hard_keyboard 0
02-26 13:57:51.781 13074 13087 D UiDevice: Executing shell command: settings put global window_animation_scale 0
02-26 13:57:51.807 13074 13087 D UiDevice: Executing shell command: settings put global transition_animation_scale 0
02-26 13:57:51.831 13074 13087 D UiDevice: Executing shell command: settings put global animator_duration_scale .5
02-26 13:57:51.858 13074 13087 D UiDevice: Pressing home button.
02-26 13:57:52.901 13074 13087 W InteractionController: Timed out waiting 1000ms for command and events.
02-26 13:57:52.911 13074 13087 D UiDevice: Waiting 20000ms for SearchCondition[hasObject=BySelector [PKG='\Qcom.google.android.apps.nexuslauncher\E']].
02-26 13:57:52.912 13074 13087 D UiDevice: Searching for node with selector: BySelector [PKG='\Qcom.google.android.apps.nexuslauncher\E'].
02-26 13:57:53.183 13074 13087 D UiDevice: Searching for node with selector: BySelector [PKG='\Qcom.google.android.apps.nexuslauncher\E'].
02-26 13:57:53.324 13074 13087 D UiDevice: Searching for node with selector: BySelector [PKG='\Qcom.google.android.apps.nexuslauncher\E'].
02-26 13:57:53.471 13074 13087 D UiDevice: Searching for node with selector: BySelector [PKG='\Qcom.google.android.apps.nexuslauncher\E'].
02-26 13:57:53.625 13074 13087 D UiDevice: Searching for node with selector: BySelector [PKG='\Qcom.google.android.apps.nexuslauncher\E'].
02-26 13:57:53.774 13074 13087 D UiDevice: Searching for node with selector: BySelector [PKG='\Qcom.google.android.apps.nexuslauncher\E'].
02-26 13:57:53.926 13074 13087 D UiDevice: Searching for node with selector: BySelector [PKG='\Qcom.google.android.apps.nexuslauncher\E'].
02-26 13:57:54.080 13074 13087 D UiDevice: Searching for node with selector: BySelector [PKG='\Qcom.google.android.apps.nexuslauncher\E'].
02-26 13:57:54.230 13074 13087 D UiDevice: Searching for node with selector: BySelector [PKG='\Qcom.google.android.apps.nexuslauncher\E'].
02-26 13:57:54.384 13074 13087 D UiDevice: Searching for node with selector: BySelector [PKG='\Qcom.google.android.apps.nexuslauncher\E'].
02-26 13:57:54.492 13074 13079 I .testsCore.tes: Background concurrent copying GC freed 16MB AllocSpace bytes, 103(4604KB) LOS objects, 75% free, 8021KB/31MB, paused 150us,35us total 107.559ms
02-26 13:57:54.527 13074 13087 D UiDevice: Searching for node with selector: BySelector [PKG='\Qcom.google.android.apps.nexuslauncher\E'].
02-26 13:57:54.665 13074 13087 D UiDevice: Searching for node with selector: BySelector [PKG='\Qcom.google.android.apps.nexuslauncher\E'].
02-26 13:57:54.810 13074 13087 D UiDevice: Searching for node with selector: BySelector [PKG='\Qcom.google.android.apps.nexuslauncher\E'].
02-26 13:57:54.949 13074 13087 D UiDevice: Searching for node with selector: BySelector [PKG='\Qcom.google.android.apps.nexuslauncher\E'].
02-26 13:57:55.263 13074 13087 D UiDevice: Searching for node with selector: BySelector [PKG='\Qcom.google.android.apps.nexuslauncher\E'].
02-26 13:57:55.413 13074 13087 D UiDevice: Searching for node with selector: BySelector [PKG='\Qcom.google.android.apps.nexuslauncher\E'].
02-26 13:57:55.571 13074 13087 D UiDevice: Searching for node with selector: BySelector [PKG='\Qcom.google.android.apps.nexuslauncher\E'].
02-26 13:57:55.721 13074 13087 D UiDevice: Searching for node with selector: BySelector [PKG='\Qcom.google.android.apps.nexuslauncher\E'].
02-26 13:57:55.870 13074 13087 D UiDevice: Searching for node with selector: BySelector [PKG='\Qcom.google.android.apps.nexuslauncher\E'].
02-26 13:57:55.998 13074 13087 D UiDevice: Searching for node with selector: BySelector [PKG='\Qcom.google.android.apps.nexuslauncher\E'].
02-26 13:57:56.151 13074 13087 D UiDevice: Searching for node with selector: BySelector [PKG='\Qcom.google.android.apps.nexuslauncher\E'].
02-26 13:57:56.303 13074 13087 D UiDevice: Searching for node with selector: BySelector [PKG='\Qcom.google.android.apps.nexuslauncher\E'].
02-26 13:57:56.455 13074 13087 D UiDevice: Searching for node with selector: BySelector [PKG='\Qcom.google.android.apps.nexuslauncher\E'].
02-26 13:57:56.610 13074 13087 D UiDevice: Searching for node with selector: BySelector [PKG='\Qcom.google.android.apps.nexuslauncher\E'].
02-26 13:57:56.758 13074 13087 D UiDevice: Searching for node with selector: BySelector [PKG='\Qcom.google.android.apps.nexuslauncher\E'].
02-26 13:57:56.905 13074 13087 D UiDevice: Searching for node with selector: BySelector [PKG='\Qcom.google.android.apps.nexuslauncher\E'].
02-26 13:57:57.057 13074 13087 D UiDevice: Searching for node with selector: BySelector [PKG='\Qcom.google.android.apps.nexuslauncher\E'].
02-26 13:57:57.377 13074 13087 D UiDevice: Searching for node with selector: BySelector [PKG='\Qcom.google.android.apps.nexuslauncher\E'].
02-26 13:57:57.524 13074 13087 D UiDevice: Searching for node with selector: BySelector [PKG='\Qcom.google.android.apps.nexuslauncher\E'].
02-26 13:57:57.671 13074 13087 D UiDevice: Searching for node with selector: BySelector [PKG='\Qcom.google.android.apps.nexuslauncher\E'].
02-26 13:57:57.823 13074 13087 D UiDevice: Searching for node with selector: BySelector [PKG='\Qcom.google.android.apps.nexuslauncher\E'].
02-26 13:57:57.971 13074 13087 D UiDevice: Searching for node with selector: BySelector [PKG='\Qcom.google.android.apps.nexuslauncher\E'].
02-26 13:57:58.121 13074 13087 D UiDevice: Searching for node with selector: BySelector [PKG='\Qcom.google.android.apps.nexuslauncher\E'].
02-26 13:57:58.266 13074 13087 D UiDevice: Searching for node with selector: BySelector [PKG='\Qcom.google.android.apps.nexuslauncher\E'].
02-26 13:57:58.418 13074 13087 D UiDevice: Searching for node with selector: BySelector [PKG='\Qcom.google.android.apps.nexuslauncher\E'].
02-26 13:57:58.567 13074 13087 D UiDevice: Searching for node with selector: BySelector [PKG='\Qcom.google.android.apps.nexuslauncher\E'].
02-26 13:57:58.720 13074 13087 D UiDevice: Searching for node with selector: BySelector [PKG='\Qcom.google.android.apps.nexuslauncher\E'].
02-26 13:57:58.865 13074 13087 D UiDevice: Searching for node with selector: BySelector [PKG='\Qcom.google.android.apps.nexuslauncher\E'].
02-26 13:57:59.004 13074 13087 D UiDevice: Searching for node with selector: BySelector [PKG='\Qcom.google.android.apps.nexuslauncher\E'].
02-26 13:57:59.154 13074 13087 D UiDevice: Searching for node with selector: BySelector [PKG='\Qcom.google.android.apps.nexuslauncher\E'].
02-26 13:57:59.489 13074 13087 D UiDevice: Searching for node with selector: BySelector [PKG='\Qcom.google.android.apps.nexuslauncher\E'].
02-26 13:57:59.639 13074 13087 D UiDevice: Searching for node with selector: BySelector [PKG='\Qcom.google.android.apps.nexuslauncher\E'].
02-26 13:57:59.787 13074 13087 D UiDevice: Searching for node with selector: BySelector [PKG='\Qcom.google.android.apps.nexuslauncher\E'].
02-26 13:57:59.941 13074 13087 D UiDevice: Searching for node with selector: BySelector [PKG='\Qcom.google.android.apps.nexuslauncher\E'].
02-26 13:58:00.084 13074 13087 D UiDevice: Searching for node with selector: BySelector [PKG='\Qcom.google.android.apps.nexuslauncher\E'].
02-26 13:58:00.234 13074 13087 D UiDevice: Searching for node with selector: BySelector [PKG='\Qcom.google.android.apps.nexuslauncher\E'].
02-26 13:58:00.385 13074 13087 D UiDevice: Searching for node with selector: BySelector [PKG='\Qcom.google.android.apps.nexuslauncher\E'].
02-26 13:58:00.525 13074 13087 D UiDevice: Searching for node with selector: BySelector [PKG='\Qcom.google.android.apps.nexuslauncher\E'].
02-26 13:58:00.675 13074 13087 D UiDevice: Searching for node with selector: BySelector [PKG='\Qcom.google.android.apps.nexuslauncher\E'].
02-26 13:58:00.826 13074 13087 D UiDevice: Searching for node with selector: BySelector [PKG='\Qcom.google.android.apps.nexuslauncher\E'].
02-26 13:58:00.977 13074 13087 D UiDevice: Searching for node with selector: BySelector [PKG='\Qcom.google.android.apps.nexuslauncher\E'].
02-26 13:58:01.125 13074 13087 D UiDevice: Searching for node with selector: BySelector [PKG='\Qcom.google.android.apps.nexuslauncher\E'].
02-26 13:58:01.276 13074 13087 D UiDevice: Searching for node with selector: BySelector [PKG='\Qcom.google.android.apps.nexuslauncher\E'].
02-26 13:58:01.575 13074 13087 D UiDevice: Searching for node with selector: BySelector [PKG='\Qcom.google.android.apps.nexuslauncher\E'].
02-26 13:58:01.732 13074 13087 D UiDevice: Searching for node with selector: BySelector [PKG='\Qcom.google.android.apps.nexuslauncher\E'].
02-26 13:58:01.884 13074 13087 D UiDevice: Searching for node with selector: BySelector [PKG='\Qcom.google.android.apps.nexuslauncher\E'].
02-26 13:58:02.032 13074 13087 D UiDevice: Searching for node with selector: BySelector [PKG='\Qcom.google.android.apps.nexuslauncher\E'].
02-26 13:58:02.184 13074 13087 D UiDevice: Searching for node with selector: BySelector [PKG='\Qcom.google.android.apps.nexuslauncher\E'].
02-26 13:58:02.311 13074 13087 D UiDevice: Searching for node with selector: BySelector [PKG='\Qcom.google.android.apps.nexuslauncher\E'].
02-26 13:58:02.461 13074 13087 D UiDevice: Searching for node with selector: BySelector [PKG='\Qcom.google.android.apps.nexuslauncher\E'].
02-26 13:58:02.609 13074 13087 D UiDevice: Searching for node with selector: BySelector [PKG='\Qcom.google.android.apps.nexuslauncher\E'].
02-26 13:58:02.758 13074 13087 D UiDevice: Searching for node with selector: BySelector [PKG='\Qcom.google.android.apps.nexuslauncher\E'].
02-26 13:58:02.910 13074 13087 D UiDevice: Searching for node with selector: BySelector [PKG='\Qcom.google.android.apps.nexuslauncher\E'].
02-26 13:58:03.063 13074 13087 D UiDevice: Searching for node with selector: BySelector [PKG='\Qcom.google.android.apps.nexuslauncher\E'].
02-26 13:58:03.207 13074 13087 D UiDevice: Searching for node with selector: BySelector [PKG='\Qcom.google.android.apps.nexuslauncher\E'].
02-26 13:58:03.364 13074 13087 D UiDevice: Searching for node with selector: BySelector [PKG='\Qcom.google.android.apps.nexuslauncher\E'].
02-26 13:58:03.710 13074 13087 D UiDevice: Searching for node with selector: BySelector [PKG='\Qcom.google.android.apps.nexuslauncher\E'].
02-26 13:58:03.861 13074 13087 D UiDevice: Searching for node with selector: BySelector [PKG='\Qcom.google.android.apps.nexuslauncher\E'].
02-26 13:58:04.010 13074 13087 D UiDevice: Searching for node with selector: BySelector [PKG='\Qcom.google.android.apps.nexuslauncher\E'].
02-26 13:58:04.161 13074 13087 D UiDevice: Searching for node with selector: BySelector [PKG='\Qcom.google.android.apps.nexuslauncher\E'].
02-26 13:58:04.308 13074 13087 D UiDevice: Searching for node with selector: BySelector [PKG='\Qcom.google.android.apps.nexuslauncher\E'].
02-26 13:58:04.460 13074 13087 D UiDevice: Searching for node with selector: BySelector [PKG='\Qcom.google.android.apps.nexuslauncher\E'].
02-26 13:58:04.607 13074 13087 D UiDevice: Searching for node with selector: BySelector [PKG='\Qcom.google.android.apps.nexuslauncher\E'].
02-26 13:58:04.758 13074 13087 D UiDevice: Searching for node with selector: BySelector [PKG='\Qcom.google.android.apps.nexuslauncher\E'].
02-26 13:58:04.908 13074 13087 D UiDevice: Searching for node with selector: BySelector [PKG='\Qcom.google.android.apps.nexuslauncher\E'].
02-26 13:58:05.059 13074 13087 D UiDevice: Searching for node with selector: BySelector [PKG='\Qcom.google.android.apps.nexuslauncher\E'].
02-26 13:58:05.203 13074 13087 D UiDevice: Searching for node with selector: BySelector [PKG='\Qcom.google.android.apps.nexuslauncher\E'].
02-26 13:58:05.355 13074 13087 D UiDevice: Searching for node with selector: BySelector [PKG='\Qcom.google.android.apps.nexuslauncher\E'].
02-26 13:58:05.506 13074 13087 D UiDevice: Searching for node with selector: BySelector [PKG='\Qcom.google.android.apps.nexuslauncher\E'].
02-26 13:58:05.854 13074 13087 D UiDevice: Searching for node with selector: BySelector [PKG='\Qcom.google.android.apps.nexuslauncher\E'].
02-26 13:58:06.007 13074 13087 D UiDevice: Searching for node with selector: BySelector [PKG='\Qcom.google.android.apps.nexuslauncher\E'].
02-26 13:58:06.155 13074 13087 D UiDevice: Searching for node with selector: BySelector [PKG='\Qcom.google.android.apps.nexuslauncher\E'].
02-26 13:58:06.308 13074 13087 D UiDevice: Searching for node with selector: BySelector [PKG='\Qcom.google.android.apps.nexuslauncher\E'].
02-26 13:58:06.460 13074 13087 D UiDevice: Searching for node with selector: BySelector [PKG='\Qcom.google.android.apps.nexuslauncher\E'].
02-26 13:58:06.608 13074 13087 D UiDevice: Searching for node with selector: BySelector [PKG='\Qcom.google.android.apps.nexuslauncher\E'].
02-26 13:58:06.762 13074 13087 D UiDevice: Searching for node with selector: BySelector [PKG='\Qcom.google.android.apps.nexuslauncher\E'].
02-26 13:58:06.905 13074 13087 D UiDevice: Searching for node with selector: BySelector [PKG='\Qcom.google.android.apps.nexuslauncher\E'].
02-26 13:58:07.048 13074 13087 D UiDevice: Searching for node with selector: BySelector [PKG='\Qcom.google.android.apps.nexuslauncher\E'].
02-26 13:58:07.202 13074 13087 D UiDevice: Searching for node with selector: BySelector [PKG='\Qcom.google.android.apps.nexuslauncher\E'].
02-26 13:58:07.346 13074 13087 D UiDevice: Searching for node with selector: BySelector [PKG='\Qcom.google.android.apps.nexuslauncher\E'].
02-26 13:58:07.497 13074 13087 D UiDevice: Searching for node with selector: BySelector [PKG='\Qcom.google.android.apps.nexuslauncher\E'].
02-26 13:58:07.647 13074 13087 D UiDevice: Searching for node with selector: BySelector [PKG='\Qcom.google.android.apps.nexuslauncher\E'].
02-26 13:58:07.950 13074 13087 D UiDevice: Searching for node with selector: BySelector [PKG='\Qcom.google.android.apps.nexuslauncher\E'].
02-26 13:58:08.097 13074 13087 D UiDevice: Searching for node with selector: BySelector [PKG='\Qcom.google.android.apps.nexuslauncher\E'].
02-26 13:58:08.246 13074 13087 D UiDevice: Searching for node with selector: BySelector [PKG='\Qcom.google.android.apps.nexuslauncher\E'].
02-26 13:58:08.398 13074 13087 D UiDevice: Searching for node with selector: BySelector [PKG='\Qcom.google.android.apps.nexuslauncher\E'].
02-26 13:58:08.549 13074 13087 D UiDevice: Searching for node with selector: BySelector [PKG='\Qcom.google.android.apps.nexuslauncher\E'].
02-26 13:58:08.702 13074 13087 D UiDevice: Searching for node with selector: BySelector [PKG='\Qcom.google.android.apps.nexuslauncher\E'].
02-26 13:58:08.854 13074 13087 D UiDevice: Searching for node with selector: BySelector [PKG='\Qcom.google.android.apps.nexuslauncher\E'].
02-26 13:58:09.004 13074 13087 D UiDevice: Searching for node with selector: BySelector [PKG='\Qcom.google.android.apps.nexuslauncher\E'].
02-26 13:58:09.156 13074 13087 D UiDevice: Searching for node with selector: BySelector [PKG='\Qcom.google.android.apps.nexuslauncher\E'].
02-26 13:58:09.309 13074 13087 D UiDevice: Searching for node with selector: BySelector [PKG='\Qcom.google.android.apps.nexuslauncher\E'].
02-26 13:58:09.464 13074 13087 D UiDevice: Searching for node with selector: BySelector [PKG='\Qcom.google.android.apps.nexuslauncher\E'].
02-26 13:58:09.614 13074 13087 D UiDevice: Searching for node with selector: BySelector [PKG='\Qcom.google.android.apps.nexuslauncher\E'].
02-26 13:58:09.768 13074 13087 D UiDevice: Searching for node with selector: BySelector [PKG='\Qcom.google.android.apps.nexuslauncher\E'].
02-26 13:58:10.092 13074 13087 D UiDevice: Searching for node with selector: BySelector [PKG='\Qcom.google.android.apps.nexuslauncher\E'].
02-26 13:58:10.246 13074 13087 D UiDevice: Searching for node with selector: BySelector [PKG='\Qcom.google.android.apps.nexuslauncher\E'].
02-26 13:58:10.400 13074 13087 D UiDevice: Searching for node with selector: BySelector [PKG='\Qcom.google.android.apps.nexuslauncher\E'].
02-26 13:58:10.550 13074 13087 D UiDevice: Searching for node with selector: BySelector [PKG='\Qcom.google.android.apps.nexuslauncher\E'].
02-26 13:58:10.698 13074 13087 D UiDevice: Searching for node with selector: BySelector [PKG='\Qcom.google.android.apps.nexuslauncher\E'].
02-26 13:58:10.831 13074 13087 D UiDevice: Searching for node with selector: BySelector [PKG='\Qcom.google.android.apps.nexuslauncher\E'].
02-26 13:58:10.984 13074 13087 D UiDevice: Searching for node with selector: BySelector [PKG='\Qcom.google.android.apps.nexuslauncher\E'].
02-26 13:58:11.136 13074 13087 D UiDevice: Searching for node with selector: BySelector [PKG='\Qcom.google.android.apps.nexuslauncher\E'].
02-26 13:58:11.285 13074 13087 D UiDevice: Searching for node with selector: BySelector [PKG='\Qcom.google.android.apps.nexuslauncher\E'].
02-26 13:58:11.436 13074 13087 D UiDevice: Searching for node with selector: BySelector [PKG='\Qcom.google.android.apps.nexuslauncher\E'].
02-26 13:58:11.586 13074 13087 D UiDevice: Searching for node with selector: BySelector [PKG='\Qcom.google.android.apps.nexuslauncher\E'].
02-26 13:58:11.733 13074 13087 D UiDevice: Searching for node with selector: BySelector [PKG='\Qcom.google.android.apps.nexuslauncher\E'].
02-26 13:58:11.886 13074 13087 D UiDevice: Searching for node with selector: BySelector [PKG='\Qcom.google.android.apps.nexuslauncher\E'].
02-26 13:58:12.198 13074 13087 D UiDevice: Searching for node with selector: BySelector [PKG='\Qcom.google.android.apps.nexuslauncher\E'].
02-26 13:58:12.325 13074 13087 D UiDevice: Searching for node with selector: BySelector [PKG='\Qcom.google.android.apps.nexuslauncher\E'].
02-26 13:58:12.461 13074 13087 D UiDevice: Searching for node with selector: BySelector [PKG='\Qcom.google.android.apps.nexuslauncher\E'].
02-26 13:58:12.591 13074 13087 D UiDevice: Searching for node with selector: BySelector [PKG='\Qcom.google.android.apps.nexuslauncher\E'].
02-26 13:58:12.737 13074 13087 D UiDevice: Searching for node with selector: BySelector [PKG='\Qcom.google.android.apps.nexuslauncher\E'].
02-26 13:58:12.885 13074 13087 D UiDevice: Searching for node with selector: BySelector [PKG='\Qcom.google.android.apps.nexuslauncher\E'].
02-26 13:58:12.956 13074 13087 D UiDevice: Waiting 20000ms for SearchCondition[hasObject=BySelector [PKG='\Qcom.wire.internal\E']].
02-26 13:58:12.957 13074 13087 D UiDevice: Searching for node with selector: BySelector [PKG='\Qcom.wire.internal\E'].
02-26 13:58:13.076 13074 13087 D UiDevice: Searching for node with selector: BySelector [PKG='\Qcom.wire.internal\E'].
02-26 13:58:13.200 13074 13087 D UiDevice: Searching for node with selector: BySelector [PKG='\Qcom.wire.internal\E'].
02-26 13:58:13.322 13074 13087 D UiDevice: Searching for node with selector: BySelector [PKG='\Qcom.wire.internal\E'].
02-26 13:58:13.448 13074 13087 D UiDevice: Searching for node with selector: BySelector [PKG='\Qcom.wire.internal\E'].
02-26 13:58:13.590 13074 13087 D UiDevice: Searching for node with selector: BySelector [PKG='\Qcom.wire.internal\E'].
02-26 13:58:13.734 13074 13087 D UiDevice: Searching for node with selector: BySelector [PKG='\Qcom.wire.internal\E'].
02-26 13:58:13.878 13074 13087 D UiDevice: Searching for node with selector: BySelector [PKG='\Qcom.wire.internal\E'].
02-26 13:58:14.011 13074 13087 D UiDevice: Searching for node with selector: BySelector [PKG='\Qcom.wire.internal\E'].
02-26 13:58:14.231 13074 13087 D UiDevice: Searching for node with selector: BySelector [PKG='\Qcom.wire.internal\E'].
02-26 13:58:14.358 13074 13087 D UiDevice: Searching for node with selector: BySelector [PKG='\Qcom.wire.internal\E'].
02-26 13:58:14.484 13074 13087 D UiDevice: Searching for node with selector: BySelector [PKG='\Qcom.wire.internal\E'].
02-26 13:58:14.611 13074 13087 D UiDevice: Searching for node with selector: BySelector [PKG='\Qcom.wire.internal\E'].
02-26 13:58:14.738 13074 13087 D UiDevice: Searching for node with selector: BySelector [PKG='\Qcom.wire.internal\E'].
02-26 13:58:14.863 13074 13087 D UiDevice: Searching for node with selector: BySelector [PKG='\Qcom.wire.internal\E'].
02-26 13:58:14.990 13074 13087 D UiDevice: Searching for node with selector: BySelector [PKG='\Qcom.wire.internal\E'].
02-26 13:58:15.112 13074 13087 D UiDevice: Searching for node with selector: BySelector [PKG='\Qcom.wire.internal\E'].
02-26 13:58:15.232 13074 13087 D UiDevice: Searching for node with selector: BySelector [PKG='\Qcom.wire.internal\E'].
02-26 13:58:15.351 13074 13087 D UiDevice: Searching for node with selector: BySelector [PKG='\Qcom.wire.internal\E'].
02-26 13:58:15.472 13074 13087 D UiDevice: Searching for node with selector: BySelector [PKG='\Qcom.wire.internal\E'].
02-26 13:58:15.594 13074 13087 D UiDevice: Searching for node with selector: BySelector [PKG='\Qcom.wire.internal\E'].
02-26 13:58:15.714 13074 13087 D UiDevice: Searching for node with selector: BySelector [PKG='\Qcom.wire.internal\E'].
02-26 13:58:15.831 13074 13087 D UiDevice: Searching for node with selector: BySelector [PKG='\Qcom.wire.internal\E'].
02-26 13:58:15.960 13074 13087 D UiDevice: Searching for node with selector: BySelector [PKG='\Qcom.wire.internal\E'].
02-26 13:58:16.090 13074 13087 D UiDevice: Searching for node with selector: BySelector [PKG='\Qcom.wire.internal\E'].
02-26 13:58:16.327 13074 13087 D UiDevice: Searching for node with selector: BySelector [PKG='\Qcom.wire.internal\E'].
02-26 13:58:16.475 13074 13087 D UiDevice: Searching for node with selector: BySelector [PKG='\Qcom.wire.internal\E'].
02-26 13:58:16.628 13074 13087 D UiDevice: Searching for node with selector: BySelector [PKG='\Qcom.wire.internal\E'].
02-26 13:58:16.781 13074 13087 D UiDevice: Searching for node with selector: BySelector [PKG='\Qcom.wire.internal\E'].
02-26 13:58:16.931 13074 13087 D UiDevice: Searching for node with selector: BySelector [PKG='\Qcom.wire.internal\E'].
02-26 13:58:17.076 13074 13087 D UiDevice: Searching for node with selector: BySelector [PKG='\Qcom.wire.internal\E'].
02-26 13:58:17.222 13074 13087 D UiDevice: Searching for node with selector: BySelector [PKG='\Qcom.wire.internal\E'].
02-26 13:58:17.356 13074 13087 D UiDevice: Searching for node with selector: BySelector [PKG='\Qcom.wire.internal\E'].
02-26 13:58:17.504 13074 13087 D UiDevice: Searching for node with selector: BySelector [PKG='\Qcom.wire.internal\E'].
02-26 13:58:17.654 13074 13087 D UiDevice: Searching for node with selector: BySelector [PKG='\Qcom.wire.internal\E'].
02-26 13:58:17.808 13074 13087 D UiDevice: Searching for node with selector: BySelector [PKG='\Qcom.wire.internal\E'].
02-26 13:58:17.964 13074 13087 D UiDevice: Searching for node with selector: BySelector [PKG='\Qcom.wire.internal\E'].
02-26 13:58:18.109 13074 13087 D UiDevice: Searching for node with selector: BySelector [PKG='\Qcom.wire.internal\E'].
02-26 13:58:18.332 13074 13087 D UiDevice: Searching for node with selector: BySelector [PKG='\Qcom.wire.internal\E'].
02-26 13:58:18.480 13074 13087 D UiDevice: Searching for node with selector: BySelector [PKG='\Qcom.wire.internal\E'].
02-26 13:58:18.627 13074 13087 D UiDevice: Searching for node with selector: BySelector [PKG='\Qcom.wire.internal\E'].
02-26 13:58:18.774 13074 13087 D UiDevice: Searching for node with selector: BySelector [PKG='\Qcom.wire.internal\E'].
02-26 13:58:18.928 13074 13087 D UiDevice: Searching for node with selector: BySelector [PKG='\Qcom.wire.internal\E'].
02-26 13:58:19.078 13074 13087 D UiDevice: Searching for node with selector: BySelector [PKG='\Qcom.wire.internal\E'].
02-26 13:58:19.221 13074 13087 D UiDevice: Searching for node with selector: BySelector [PKG='\Qcom.wire.internal\E'].
02-26 13:58:19.371 13074 13087 D UiDevice: Searching for node with selector: BySelector [PKG='\Qcom.wire.internal\E'].
02-26 13:58:19.525 13074 13087 D UiDevice: Searching for node with selector: BySelector [PKG='\Qcom.wire.internal\E'].
02-26 13:58:19.674 13074 13087 D UiDevice: Searching for node with selector: BySelector [PKG='\Qcom.wire.internal\E'].
02-26 13:58:19.831 13074 13087 D UiDevice: Searching for node with selector: BySelector [PKG='\Qcom.wire.internal\E'].
02-26 13:58:19.983 13074 13087 D UiDevice: Searching for node with selector: BySelector [PKG='\Qcom.wire.internal\E'].
02-26 13:58:20.129 13074 13087 D UiDevice: Searching for node with selector: BySelector [PKG='\Qcom.wire.internal\E'].
02-26 13:58:20.436 13074 13087 D UiDevice: Searching for node with selector: BySelector [PKG='\Qcom.wire.internal\E'].
02-26 13:58:20.585 13074 13087 D UiDevice: Searching for node with selector: BySelector [PKG='\Qcom.wire.internal\E'].
02-26 13:58:20.742 13074 13087 D UiDevice: Searching for node with selector: BySelector [PKG='\Qcom.wire.internal\E'].
02-26 13:58:20.887 13074 13087 D UiDevice: Searching for node with selector: BySelector [PKG='\Qcom.wire.internal\E'].
02-26 13:58:21.042 13074 13087 D UiDevice: Searching for node with selector: BySelector [PKG='\Qcom.wire.internal\E'].
02-26 13:58:21.185 13074 13087 D UiDevice: Searching for node with selector: BySelector [PKG='\Qcom.wire.internal\E'].
02-26 13:58:21.314 13074 13087 D UiDevice: Searching for node with selector: BySelector [PKG='\Qcom.wire.internal\E'].
02-26 13:58:21.468 13074 13087 D UiDevice: Searching for node with selector: BySelector [PKG='\Qcom.wire.internal\E'].
02-26 13:58:21.623 13074 13087 D UiDevice: Searching for node with selector: BySelector [PKG='\Qcom.wire.internal\E'].
02-26 13:58:21.769 13074 13087 D UiDevice: Searching for node with selector: BySelector [PKG='\Qcom.wire.internal\E'].
02-26 13:58:21.920 13074 13087 D UiDevice: Searching for node with selector: BySelector [PKG='\Qcom.wire.internal\E'].
02-26 13:58:22.066 13074 13087 D UiDevice: Searching for node with selector: BySelector [PKG='\Qcom.wire.internal\E'].
02-26 13:58:22.212 13074 13087 D UiDevice: Searching for node with selector: BySelector [PKG='\Qcom.wire.internal\E'].
02-26 13:58:22.536 13074 13087 D UiDevice: Searching for node with selector: BySelector [PKG='\Qcom.wire.internal\E'].
02-26 13:58:22.689 13074 13087 D UiDevice: Searching for node with selector: BySelector [PKG='\Qcom.wire.internal\E'].
02-26 13:58:22.843 13074 13087 D UiDevice: Searching for node with selector: BySelector [PKG='\Qcom.wire.internal\E'].
02-26 13:58:22.990 13074 13087 D UiDevice: Searching for node with selector: BySelector [PKG='\Qcom.wire.internal\E'].
02-26 13:58:23.141 13074 13087 D UiDevice: Searching for node with selector: BySelector [PKG='\Qcom.wire.internal\E'].
02-26 13:58:23.291 13074 13087 D UiDevice: Searching for node with selector: BySelector [PKG='\Qcom.wire.internal\E'].
02-26 13:58:23.441 13074 13087 D UiDevice: Searching for node with selector: BySelector [PKG='\Qcom.wire.internal\E'].
02-26 13:58:23.591 13074 13087 D UiDevice: Searching for node with selector: BySelector [PKG='\Qcom.wire.internal\E'].
02-26 13:58:23.740 13074 13087 D UiDevice: Searching for node with selector: BySelector [PKG='\Qcom.wire.internal\E'].
02-26 13:58:23.883 13074 13087 D UiDevice: Searching for node with selector: BySelector [PKG='\Qcom.wire.internal\E'].
02-26 13:58:24.005 13074 13087 D UiDevice: Searching for node with selector: BySelector [PKG='\Qcom.wire.internal\E'].
02-26 13:58:24.136 13074 13087 D UiDevice: Searching for node with selector: BySelector [PKG='\Qcom.wire.internal\E'].
02-26 13:58:24.288 13074 13087 D UiDevice: Searching for node with selector: BySelector [PKG='\Qcom.wire.internal\E'].
02-26 13:58:24.598 13074 13087 D UiDevice: Searching for node with selector: BySelector [PKG='\Qcom.wire.internal\E'].
02-26 13:58:24.749 13074 13087 D UiDevice: Searching for node with selector: BySelector [PKG='\Qcom.wire.internal\E'].
02-26 13:58:24.900 13074 13087 D UiDevice: Searching for node with selector: BySelector [PKG='\Qcom.wire.internal\E'].
02-26 13:58:25.046 13074 13087 D UiDevice: Searching for node with selector: BySelector [PKG='\Qcom.wire.internal\E'].
02-26 13:58:25.196 13074 13087 D UiDevice: Searching for node with selector: BySelector [PKG='\Qcom.wire.internal\E'].
02-26 13:58:25.343 13074 13087 D UiDevice: Searching for node with selector: BySelector [PKG='\Qcom.wire.internal\E'].
02-26 13:58:25.488 13074 13087 D UiDevice: Searching for node with selector: BySelector [PKG='\Qcom.wire.internal\E'].
02-26 13:58:25.638 13074 13087 D UiDevice: Searching for node with selector: BySelector [PKG='\Qcom.wire.internal\E'].
02-26 13:58:25.790 13074 13087 D UiDevice: Searching for node with selector: BySelector [PKG='\Qcom.wire.internal\E'].
02-26 13:58:25.945 13074 13087 D UiDevice: Searching for node with selector: BySelector [PKG='\Qcom.wire.internal\E'].
02-26 13:58:26.094 13074 13087 D UiDevice: Searching for node with selector: BySelector [PKG='\Qcom.wire.internal\E'].
02-26 13:58:26.240 13074 13087 D UiDevice: Searching for node with selector: BySelector [PKG='\Qcom.wire.internal\E'].
02-26 13:58:26.390 13074 13087 D UiDevice: Searching for node with selector: BySelector [PKG='\Qcom.wire.internal\E'].
02-26 13:58:26.743 13074 13087 D UiDevice: Searching for node with selector: BySelector [PKG='\Qcom.wire.internal\E'].
02-26 13:58:26.891 13074 13087 D UiDevice: Searching for node with selector: BySelector [PKG='\Qcom.wire.internal\E'].
02-26 13:58:27.043 13074 13087 D UiDevice: Searching for node with selector: BySelector [PKG='\Qcom.wire.internal\E'].
02-26 13:58:27.188 13074 13087 D UiDevice: Searching for node with selector: BySelector [PKG='\Qcom.wire.internal\E'].
02-26 13:58:27.342 13074 13087 D UiDevice: Searching for node with selector: BySelector [PKG='\Qcom.wire.internal\E'].
02-26 13:58:27.493 13074 13087 D UiDevice: Searching for node with selector: BySelector [PKG='\Qcom.wire.internal\E'].
02-26 13:58:27.645 13074 13087 D UiDevice: Searching for node with selector: BySelector [PKG='\Qcom.wire.internal\E'].
02-26 13:58:27.798 13074 13087 D UiDevice: Searching for node with selector: BySelector [PKG='\Qcom.wire.internal\E'].
02-26 13:58:27.950 13074 13087 D UiDevice: Searching for node with selector: BySelector [PKG='\Qcom.wire.internal\E'].
02-26 13:58:28.101 13074 13087 D UiDevice: Searching for node with selector: BySelector [PKG='\Qcom.wire.internal\E'].
02-26 13:58:28.245 13074 13087 D UiDevice: Searching for node with selector: BySelector [PKG='\Qcom.wire.internal\E'].
02-26 13:58:28.398 13074 13087 D UiDevice: Searching for node with selector: BySelector [PKG='\Qcom.wire.internal\E'].
02-26 13:58:28.714 13074 13087 D UiDevice: Searching for node with selector: BySelector [PKG='\Qcom.wire.internal\E'].
02-26 13:58:28.870 13074 13087 D UiDevice: Searching for node with selector: BySelector [PKG='\Qcom.wire.internal\E'].
02-26 13:58:29.018 13074 13087 D UiDevice: Searching for node with selector: BySelector [PKG='\Qcom.wire.internal\E'].
02-26 13:58:29.161 13074 13087 D UiDevice: Searching for node with selector: BySelector [PKG='\Qcom.wire.internal\E'].
02-26 13:58:29.306 13074 13087 D UiDevice: Searching for node with selector: BySelector [PKG='\Qcom.wire.internal\E'].
02-26 13:58:29.460 13074 13087 D UiDevice: Searching for node with selector: BySelector [PKG='\Qcom.wire.internal\E'].
02-26 13:58:29.610 13074 13087 D UiDevice: Searching for node with selector: BySelector [PKG='\Qcom.wire.internal\E'].
02-26 13:58:29.764 13074 13087 D UiDevice: Searching for node with selector: BySelector [PKG='\Qcom.wire.internal\E'].
02-26 13:58:29.914 13074 13087 D UiDevice: Searching for node with selector: BySelector [PKG='\Qcom.wire.internal\E'].
02-26 13:58:30.068 13074 13087 D UiDevice: Searching for node with selector: BySelector [PKG='\Qcom.wire.internal\E'].
02-26 13:58:30.225 13074 13087 D UiDevice: Searching for node with selector: BySelector [PKG='\Qcom.wire.internal\E'].
02-26 13:58:30.372 13074 13087 D UiDevice: Searching for node with selector: BySelector [PKG='\Qcom.wire.internal\E'].
02-26 13:58:30.520 13074 13087 D UiDevice: Searching for node with selector: BySelector [PKG='\Qcom.wire.internal\E'].
02-26 13:58:30.854 13074 13087 D UiDevice: Searching for node with selector: BySelector [PKG='\Qcom.wire.internal\E'].
02-26 13:58:31.009 13074 13087 D UiDevice: Searching for node with selector: BySelector [PKG='\Qcom.wire.internal\E'].
02-26 13:58:31.163 13074 13087 D UiDevice: Searching for node with selector: BySelector [PKG='\Qcom.wire.internal\E'].
02-26 13:58:31.315 13074 13087 D UiDevice: Searching for node with selector: BySelector [PKG='\Qcom.wire.internal\E'].
02-26 13:58:31.468 13074 13087 D UiDevice: Searching for node with selector: BySelector [PKG='\Qcom.wire.internal\E'].
02-26 13:58:31.623 13074 13087 D UiDevice: Searching for node with selector: BySelector [PKG='\Qcom.wire.internal\E'].
02-26 13:58:31.775 13074 13087 D UiDevice: Searching for node with selector: BySelector [PKG='\Qcom.wire.internal\E'].
02-26 13:58:31.926 13074 13087 D UiDevice: Searching for node with selector: BySelector [PKG='\Qcom.wire.internal\E'].
02-26 13:58:32.077 13074 13087 D UiDevice: Searching for node with selector: BySelector [PKG='\Qcom.wire.internal\E'].
02-26 13:58:32.223 13074 13087 D UiDevice: Searching for node with selector: BySelector [PKG='\Qcom.wire.internal\E'].
02-26 13:58:32.358 13074 13087 D UiDevice: Searching for node with selector: BySelector [PKG='\Qcom.wire.internal\E'].
02-26 13:58:32.509 13074 13087 D UiDevice: Searching for node with selector: BySelector [PKG='\Qcom.wire.internal\E'].
02-26 13:58:32.661 13074 13087 D UiDevice: Searching for node with selector: BySelector [PKG='\Qcom.wire.internal\E'].
02-26 13:58:32.999 13074 13087 D UiDevice: Searching for node with selector: BySelector [PKG='\Qcom.wire.internal\E'].
02-26 13:58:33.043 13074 13087 I System.out: Could not access BuildConfig field 'BACKENDCONNECTION_STAGING_SOCKSPROXY': No field BACKENDCONNECTION_STAGING_SOCKSPROXY in class Lcom/wire/android/testSupport/BuildConfig; (declaration of 'com.wire.android.testSupport.BuildConfig' appears in /data/app/~~pr__tBM1DKt9aGiOARVYUA==/com.wire.android.tests.testsCore.test-PrE-wVcEtHU06-oSGyIJaw==/base.apk!classes2.dex)
02-26 13:58:33.045 13074 13087 I System.out: Could not access BuildConfig field 'BACKENDCONNECTION_STAGING_SOCKSPROXY': No field BACKENDCONNECTION_STAGING_SOCKSPROXY in class Lcom/wire/android/testSupport/BuildConfig; (declaration of 'com.wire.android.testSupport.BuildConfig' appears in /data/app/~~pr__tBM1DKt9aGiOARVYUA==/com.wire.android.tests.testsCore.test-PrE-wVcEtHU06-oSGyIJaw==/base.apk!classes2.dex)
02-26 13:58:33.046 13074 13087 I System.out: Could not access BuildConfig field 'BACKENDCONNECTION_STAGING_SOCKSPROXY': No field BACKENDCONNECTION_STAGING_SOCKSPROXY in class Lcom/wire/android/testSupport/BuildConfig; (declaration of 'com.wire.android.testSupport.BuildConfig' appears in /data/app/~~pr__tBM1DKt9aGiOARVYUA==/com.wire.android.tests.testsCore.test-PrE-wVcEtHU06-oSGyIJaw==/base.apk!classes2.dex)
02-26 13:58:33.218 13074 13087 W UiAutomation: UiAutomation.grantRuntimePermission() is more robust and should be used instead of 'pm grant'
02-26 13:58:33.224 13074 13087 W UiAutomation: UiAutomation.grantRuntimePermission() is more robust and should be used instead of 'pm grant'
02-26 13:58:33.236 13074 13087 I ClientUserManager: 13:58:33 INFO [666] (ClientUse) Cannot find user by: user1Name 
02-26 13:58:33.237 13074 13087 I Hello   : 13:58:33 INFO [666] (ClientUse) Hello, my name is Florance Schmidt and my email is schmidtpspzfayucr@wire.engineering and password is $9B#Wooa and emailPassword is eO6#f@fHw(Wdinnnnn 
02-26 13:58:35.595 13074 13087 I ClientUserManager: 13:58:35 INFO [666] (ClientUse) Cannot find user by: user1Name 
02-26 13:58:35.646 13074 13087 I ClientUserManager: 13:58:35 INFO [666] (ClientUse) Cannot find user by: user2Name 
02-26 13:58:35.649 13074 13087 I ClientUserManager: 13:58:35 INFO [666] (ClientUse) Cannot find user by: user3Name 
02-26 13:58:37.554 13074 13087 I ClientUserManager: 13:58:37 INFO [666] (ClientUse) Cannot find user by: user1Name 
02-26 13:58:37.561 13074 13087 I ClientUserManager: 13:58:37 INFO [666] (ClientUse) Cannot find user by: user2Name 
02-26 13:58:37.568 13074 13087 I ClientUserManager: 13:58:37 INFO [666] (ClientUse) Cannot find user by: user3Name 
02-26 13:58:37.570 13074 13087 I System.out: Could not access BuildConfig field 'BACKENDCONNECTION_STAGING_SOCKSPROXY': No field BACKENDCONNECTION_STAGING_SOCKSPROXY in class Lcom/wire/android/testSupport/BuildConfig; (declaration of 'com.wire.android.testSupport.BuildConfig' appears in /data/app/~~pr__tBM1DKt9aGiOARVYUA==/com.wire.android.tests.testsCore.test-PrE-wVcEtHU06-oSGyIJaw==/base.apk!classes2.dex)
02-26 13:58:37.742 13074 13087 I ClientUserManager: 13:58:37 INFO [666] (ClientUse) Cannot find user by: user3Name 
02-26 13:58:37.743 13074 13087 I System.out: Could not access BuildConfig field 'BACKENDCONNECTION_STAGING_SOCKSPROXY': No field BACKENDCONNECTION_STAGING_SOCKSPROXY in class Lcom/wire/android/testSupport/BuildConfig; (declaration of 'com.wire.android.testSupport.BuildConfig' appears in /data/app/~~pr__tBM1DKt9aGiOARVYUA==/com.wire.android.tests.testsCore.test-PrE-wVcEtHU06-oSGyIJaw==/base.apk!classes2.dex)
02-26 13:58:37.746 13074 13087 I ClientUserManager: 13:58:37 INFO [666] (ClientUse) Cannot find user by: user3Name 
02-26 13:58:37.800 13074 13087 I ClientUserManager: 13:58:37 INFO [666] (ClientUse) Cannot find user by: user3Name 
02-26 13:58:37.803 13074 13087 I System.out: Could not access BuildConfig field 'BACKENDCONNECTION_STAGING_SOCKSPROXY': No field BACKENDCONNECTION_STAGING_SOCKSPROXY in class Lcom/wire/android/testSupport/BuildConfig; (declaration of 'com.wire.android.testSupport.BuildConfig' appears in /data/app/~~pr__tBM1DKt9aGiOARVYUA==/com.wire.android.tests.testsCore.test-PrE-wVcEtHU06-oSGyIJaw==/base.apk!classes2.dex)
02-26 13:58:37.804 13074 13087 I TestService: 13:58:37 INFO [666] (TestServi) GET: http://192.168.2.18:8080/api/v1/ 
02-26 13:58:37.820 13074 13087 I TestService: 13:58:37 INFO [666] (TestServi) PUT: http://192.168.2.18:8080/api/v1/instance 
02-26 13:58:37.821 13074 13087 I TestService: 13:58:37 INFO [666] (TestServi)  >>> Request: {"email":"schulistoldgpllvnz@wire.engineering","password":"$$Rq!9ce","deviceName":"Device1","name":"TestService","customBackend":{"name":"STAGING","rest":"https:\/\/staging-nginz-https.zinfra.io\/","ws":"wss:\/\/staging-nginz-ssl.zinfra.io"},"federationDomain":"staging.zinfra.io","developmentApiEnabled":true} 
02-26 13:58:47.503 13074 13087 I TestService: 13:58:47 INFO [666] (TestServi)  >>> Response (200): {"backend":"staging","clientId":"b650fc05447cd37c","instanceId":"4f50b39d-9c03-4ce9-8829-413952fd3783","name":"TestService","startupTime":7516,"startTime":1772110724603} 
02-26 13:58:47.509 13074 13087 I ClientUserManager: 13:58:47 INFO [666] (ClientUse) Cannot find user by: user1Name 
02-26 13:58:47.510 13074 13087 I System.out: Could not access BuildConfig field 'BACKENDCONNECTION_STAGING_SOCKSPROXY': No field BACKENDCONNECTION_STAGING_SOCKSPROXY in class Lcom/wire/android/testSupport/BuildConfig; (declaration of 'com.wire.android.testSupport.BuildConfig' appears in /data/app/~~pr__tBM1DKt9aGiOARVYUA==/com.wire.android.tests.testsCore.test-PrE-wVcEtHU06-oSGyIJaw==/base.apk!classes2.dex)
02-26 13:58:47.665 13074 13087 I UiAutomatorPinger: 13:58:47 INFO [666] (UiAutomat) Starting UIAutomator pinger every 30 seconds 
02-26 13:58:47.685 13074 13489 I UiAutomatorPinger: 13:58:47 INFO [675] (UiAutomat) Pinging device (waking up screen) 
02-26 13:58:47.692 13074 13491 D CallingManager: Creating instance for user3Name
02-26 13:58:47.692 13074 13490 D CallingManager: Creating instance for user2Name
02-26 13:58:47.693 13074 13489 D UiDevice: Turning on screen.
02-26 13:58:47.698 13074 13490 I ClientUserManager: 13:58:47 INFO [676] (ClientUse) Cannot find user by: user2Name 
02-26 13:58:47.698 13074 13491 I ClientUserManager: 13:58:47 INFO [677] (ClientUse) Cannot find user by: user3Name 
02-26 13:58:47.700 13074 13491 I System.out: Could not access BuildConfig field 'BACKENDCONNECTION_STAGING_SOCKSPROXY': No field BACKENDCONNECTION_STAGING_SOCKSPROXY in class Lcom/wire/android/testSupport/BuildConfig; (declaration of 'com.wire.android.testSupport.BuildConfig' appears in /data/app/~~pr__tBM1DKt9aGiOARVYUA==/com.wire.android.tests.testsCore.test-PrE-wVcEtHU06-oSGyIJaw==/base.apk!classes2.dex)
02-26 13:58:47.700 13074 13490 I System.out: Could not access BuildConfig field 'BACKENDCONNECTION_STAGING_SOCKSPROXY': No field BACKENDCONNECTION_STAGING_SOCKSPROXY in class Lcom/wire/android/testSupport/BuildConfig; (declaration of 'com.wire.android.testSupport.BuildConfig' appears in /data/app/~~pr__tBM1DKt9aGiOARVYUA==/com.wire.android.tests.testsCore.test-PrE-wVcEtHU06-oSGyIJaw==/base.apk!classes2.dex)
02-26 13:58:47.744 13074 13491 I System.out: Could not access BuildConfig field 'BACKENDCONNECTION_STAGING_SOCKSPROXY': No field BACKENDCONNECTION_STAGING_SOCKSPROXY in class Lcom/wire/android/testSupport/BuildConfig; (declaration of 'com.wire.android.testSupport.BuildConfig' appears in /data/app/~~pr__tBM1DKt9aGiOARVYUA==/com.wire.android.tests.testsCore.test-PrE-wVcEtHU06-oSGyIJaw==/base.apk!classes2.dex)
02-26 13:58:47.744 13074 13490 I System.out: Could not access BuildConfig field 'BACKENDCONNECTION_STAGING_SOCKSPROXY': No field BACKENDCONNECTION_STAGING_SOCKSPROXY in class Lcom/wire/android/testSupport/BuildConfig; (declaration of 'com.wire.android.testSupport.BuildConfig' appears in /data/app/~~pr__tBM1DKt9aGiOARVYUA==/com.wire.android.tests.testsCore.test-PrE-wVcEtHU06-oSGyIJaw==/base.apk!classes2.dex)
02-26 13:58:48.506 13074 13489 I UiAutomatorPinger: 13:58:48 INFO [675] (UiAutomat) Device screen awakened 
02-26 13:58:59.854 13074 13490 D CallingManager: Started instance a9efe7e3-b2f2-486d-9299-04509fa9a6ad for user Sina Toy
02-26 13:59:01.679 13074 13491 D CallingManager: Started instance e8187dbd-cd4e-489a-8091-be33ac33b597 for user Santo Schulist
02-26 13:59:01.684 13074 13087 I UiAutomatorPinger: 13:59:01 INFO [666] (UiAutomat) Stopping UIAutomator pinger 
02-26 13:59:01.693 13074 13087 I System.out: Could not access BuildConfig field 'BACKENDCONNECTION_STAGING_SOCKSPROXY': No field BACKENDCONNECTION_STAGING_SOCKSPROXY in class Lcom/wire/android/testSupport/BuildConfig; (declaration of 'com.wire.android.testSupport.BuildConfig' appears in /data/app/~~pr__tBM1DKt9aGiOARVYUA==/com.wire.android.tests.testsCore.test-PrE-wVcEtHU06-oSGyIJaw==/base.apk!classes2.dex)
02-26 13:59:01.696 13074 13087 D UiDevice: Waiting 10000ms for SearchCondition[hasObject=BySelector [TEXT='\QEnter your email to start!\E']].
