--------- beginning of main
02-15 16:45:06.543 28737 28750 E TestRunner: failed: givenUserInAnotherTeam_whenFileIsSent_thenRecipientCanReceivePlayAndDownloadIt(com.wire.android.tests.core.criticalFlows.FileSharingBetweenTeams)
02-15 16:45:06.544 28737 28750 E TestRunner: ----- begin exception -----
02-15 16:45:06.544 28737 28750 E TestRunner: java.lang.AssertionError: Element not found with selector: text='Enter your email to start!'
02-15 16:45:06.544 28737 28750 E TestRunner: 	at uiautomatorutils.UiWaitUtils.waitElement(UiWaitUtils.kt:94)
02-15 16:45:06.544 28737 28750 E TestRunner: 	at uiautomatorutils.UiWaitUtils.waitElement$default(UiWaitUtils.kt:84)
02-15 16:45:06.544 28737 28750 E TestRunner: 	at com.wire.android.tests.core.pages.RegistrationPage.assertEmailWelcomePage(RegistrationPage.kt:66)
02-15 16:45:06.544 28737 28750 E TestRunner: 	at com.wire.android.tests.core.criticalFlows.FileSharingBetweenTeams.givenUserInAnotherTeam_whenFileIsSent_thenRecipientCanReceivePlayAndDownloadIt$lambda$7(FileSharingBetweenTeams.kt:127)
02-15 16:45:06.544 28737 28750 E TestRunner: 	at com.wire.android.tests.core.criticalFlows.FileSharingBetweenTeams.$r8$lambda$wBwXBq4ElaSAC8GukrexFtaXqkM(Unknown Source:0)
02-15 16:45:06.544 28737 28750 E TestRunner: 	at com.wire.android.tests.core.criticalFlows.FileSharingBetweenTeams$$ExternalSyntheticLambda2.invoke(D8$$SyntheticClass:0)
02-15 16:45:06.544 28737 28750 E TestRunner: 	at com.wire.android.tests.core.BaseUiTest.step$lambda$1(BaseUiTest.kt:54)
02-15 16:45:06.544 28737 28750 E TestRunner: 	at com.wire.android.tests.core.BaseUiTest.$r8$lambda$CSKDAIjp6271vtVFMpsHBDVw5qY(Unknown Source:0)
02-15 16:45:06.544 28737 28750 E TestRunner: 	at com.wire.android.tests.core.BaseUiTest$$ExternalSyntheticLambda1.invoke(D8$$SyntheticClass:0)
02-15 16:45:06.544 28737 28750 E TestRunner: 	at io.qameta.allure.kotlin.Allure.step(Allure.kt:60)
02-15 16:45:06.544 28737 28750 E TestRunner: 	at com.wire.android.tests.core.BaseUiTest.step(BaseUiTest.kt:54)
02-15 16:45:06.544 28737 28750 E TestRunner: 	at com.wire.android.tests.core.criticalFlows.FileSharingBetweenTeams.givenUserInAnotherTeam_whenFileIsSent_thenRecipientCanReceivePlayAndDownloadIt(FileSharingBetweenTeams.kt:125)
02-15 16:45:06.544 28737 28750 E TestRunner: 	at java.lang.reflect.Method.invoke(Native Method)
02-15 16:45:06.544 28737 28750 E TestRunner: 	at org.junit.runners.model.FrameworkMethod$1.runReflectiveCall(FrameworkMethod.java:59)
02-15 16:45:06.544 28737 28750 E TestRunner: 	at org.junit.internal.runners.model.ReflectiveCallable.run(ReflectiveCallable.java:12)
02-15 16:45:06.544 28737 28750 E TestRunner: 	at org.junit.runners.model.FrameworkMethod.invokeExplosively(FrameworkMethod.java:56)
02-15 16:45:06.544 28737 28750 E TestRunner: 	at org.junit.internal.runners.statements.InvokeMethod.evaluate(InvokeMethod.java:17)
02-15 16:45:06.544 28737 28750 E TestRunner: 	at androidx.test.internal.runner.junit4.statement.RunBefores.evaluate(RunBefores.java:80)
02-15 16:45:06.544 28737 28750 E TestRunner: 	at androidx.test.internal.runner.junit4.statement.RunAfters.evaluate(RunAfters.java:61)
02-15 16:45:06.544 28737 28750 E TestRunner: 	at com.wire.android.tests.support.suite.AllureFailureScreenshotRule$apply$1.evaluate(AllureFailureScreenshotRule.kt:44)
02-15 16:45:06.544 28737 28750 E TestRunner: 	at com.wire.android.tests.support.suite.AllureLabelsRule$apply$1.evaluate(AllureLabelsRule.kt:70)
02-15 16:45:06.544 28737 28750 E TestRunner: 	at org.junit.rules.TestWatcher$1.evaluate(TestWatcher.java:61)
02-15 16:45:06.544 28737 28750 E TestRunner: 	at com.wire.android.tests.support.suite.AllureLogcatRule$apply$1.evaluate(AllureLogcatRule.kt:41)
02-15 16:45:06.544 28737 28750 E TestRunner: 	at org.junit.runners.ParentRunner$3.evaluate(ParentRunner.java:306)
02-15 16:45:06.544 28737 28750 E TestRunner: 	at org.junit.runners.BlockJUnit4ClassRunner$1.evaluate(BlockJUnit4ClassRunner.java:100)
02-15 16:45:06.544 28737 28750 E TestRunner: 	at org.junit.runners.ParentRunner.runLeaf(ParentRunner.java:366)
02-15 16:45:06.544 28737 28750 E TestRunner: 	at org.junit.runners.BlockJUnit4ClassRunner.runChild(BlockJUnit4ClassRunner.java:103)
02-15 16:45:06.544 28737 28750 E TestRunner: 	at org.junit.runners.BlockJUnit4ClassRunner.runChild(BlockJUnit4ClassRunner.java:63)
02-15 16:45:06.544 28737 28750 E TestRunner: 	at org.junit.runners.ParentRunner$4.run(ParentRunner.java:331)
02-15 16:45:06.544 28737 28750 E TestRunner: 	at org.junit.runners.ParentRunner$1.schedule(ParentRunner.java:79)
02-15 16:45:06.544 28737 28750 E TestRunner: 	at org.junit.runners.ParentRunner.runChildren(ParentRunner.java:329)
02-15 16:45:06.544 28737 28750 E TestRunner: 	at org.junit.runners.ParentRunner.access$100(ParentRunner.java:66)
02-15 16:45:06.544 28737 28750 E TestRunner: 	at org.junit.runners.ParentRunner$2.evaluate(ParentRunner.java:293)
02-15 16:45:06.544 28737 28750 E TestRunner: 	at org.junit.runners.ParentRunner$3.evaluate(ParentRunner.java:306)
02-15 16:45:06.544 28737 28750 E TestRunner: 	at org.junit.runners.ParentRunner.run(ParentRunner.java:413)
02-15 16:45:06.544 28737 28750 E TestRunner: 	at androidx.test.ext.junit.runners.AndroidJUnit4.run(AndroidJUnit4.java:162)
02-15 16:45:06.544 28737 28750 E TestRunner: 	at org.junit.runners.Suite.runChild(Suite.java:128)
02-15 16:45:06.544 28737 28750 E TestRunner: 	at org.junit.runners.Suite.runChild(Suite.java:27)
02-15 16:45:06.544 28737 28750 E TestRunner: 	at org.junit.runners.ParentRunner$4.run(ParentRunner.java:331)
02-15 16:45:06.544 28737 28750 E TestRunner: 	at org.junit.runners.ParentRunner$1.schedule(ParentRunner.java:79)
02-15 16:45:06.544 28737 28750 E TestRunner: 	at org.junit.runners.ParentRunner.runChildren(ParentRunner.java:329)
02-15 16:45:06.544 28737 28750 E TestRunner: 	at org.junit.runners.ParentRunner.access$100(ParentRunner.java:66)
02-15 16:45:06.544 28737 28750 E TestRunner: 	at org.junit.runners.ParentRunner$2.evaluate(ParentRunner.java:293)
02-15 16:45:06.544 28737 28750 E TestRunner: 	at org.junit.runners.ParentRunner$3.evaluate(ParentRunner.java:306)
02-15 16:45:06.544 28737 28750 E TestRunner: 	at org.junit.runners.ParentRunner.run(ParentRunner.java:413)
02-15 16:45:06.544 28737 28750 E TestRunner: 	at org.junit.runner.JUnitCore.run(JUnitCore.java:137)
02-15 16:45:06.544 28737 28750 E TestRunner: 	at org.junit.runner.JUnitCore.run(JUnitCore.java:115)
02-15 16:45:06.544 28737 28750 E TestRunner: 	at androidx.test.internal.runner.TestExecutor.execute(TestExecutor.java:68)
02-15 16:45:06.544 28737 28750 E TestRunner: 	at androidx.test.internal.runner.TestExecutor.execute(TestExecutor.java:59)
02-15 16:45:06.544 28737 28750 E TestRunner: 	at androidx.test.runner.AndroidJUnitRunner.onStart(AndroidJUnitRunner.java:467)
02-15 16:45:06.544 28737 28750 E TestRunner: 	at com.wire.android.tests.support.suite.TaggedTestRunner.onStart(TaggedTestRunner.kt:51)
02-15 16:45:06.544 28737 28750 E TestRunner: 	at android.app.Instrumentation$InstrumentationThread.run(Instrumentation.java:2278)
02-15 16:45:06.544 28737 28750 E TestRunner: ----- end exception -----
02-15 16:45:06.550 28737 28750 I TestRunner: finished: givenUserInAnotherTeam_whenFileIsSent_thenRecipientCanReceivePlayAndDownloadIt(com.wire.android.tests.core.criticalFlows.FileSharingBetweenTeams)
02-15 16:45:06.602 28737 28750 I TestRunner: started: givenIStartGroupCall_whenParticipantShareMessageFileAndLocation_thenAllVisibleAndCallContinues(com.wire.android.tests.core.criticalFlows.GroupCallChat)
02-15 16:45:06.631 28737 28750 D UiDevice: Executing shell command: pm clear com.wire.internal
02-15 16:45:06.719 28737 28750 D UiDevice: Executing shell command: settings put secure show_ime_with_hard_keyboard 0
02-15 16:45:06.753 28737 28750 D UiDevice: Executing shell command: settings put global window_animation_scale 0
02-15 16:45:06.780 28737 28750 D UiDevice: Executing shell command: settings put global transition_animation_scale 0
02-15 16:45:06.808 28737 28750 D UiDevice: Executing shell command: settings put global animator_duration_scale .5
02-15 16:45:06.831 28737 28750 D UiDevice: Pressing home button.
02-15 16:45:07.864 28737 28750 W InteractionController: Timed out waiting 1000ms for command and events.
02-15 16:45:07.874 28737 28750 D UiDevice: Waiting 20000ms for SearchCondition[hasObject=BySelector [PKG='\Qcom.google.android.apps.nexuslauncher\E']].
02-15 16:45:07.874 28737 28750 D UiDevice: Searching for node with selector: BySelector [PKG='\Qcom.google.android.apps.nexuslauncher\E'].
02-15 16:45:08.225 28737 28750 D UiDevice: Searching for node with selector: BySelector [PKG='\Qcom.google.android.apps.nexuslauncher\E'].
02-15 16:45:08.378 28737 28750 D UiDevice: Searching for node with selector: BySelector [PKG='\Qcom.google.android.apps.nexuslauncher\E'].
02-15 16:45:08.534 28737 28750 D UiDevice: Searching for node with selector: BySelector [PKG='\Qcom.google.android.apps.nexuslauncher\E'].
02-15 16:45:08.687 28737 28750 D UiDevice: Searching for node with selector: BySelector [PKG='\Qcom.google.android.apps.nexuslauncher\E'].
02-15 16:45:08.841 28737 28750 D UiDevice: Searching for node with selector: BySelector [PKG='\Qcom.google.android.apps.nexuslauncher\E'].
02-15 16:45:08.994 28737 28750 D UiDevice: Searching for node with selector: BySelector [PKG='\Qcom.google.android.apps.nexuslauncher\E'].
02-15 16:45:09.144 28737 28750 D UiDevice: Searching for node with selector: BySelector [PKG='\Qcom.google.android.apps.nexuslauncher\E'].
02-15 16:45:09.295 28737 28750 D UiDevice: Searching for node with selector: BySelector [PKG='\Qcom.google.android.apps.nexuslauncher\E'].
02-15 16:45:09.448 28737 28750 D UiDevice: Searching for node with selector: BySelector [PKG='\Qcom.google.android.apps.nexuslauncher\E'].
02-15 16:45:09.602 28737 28750 D UiDevice: Searching for node with selector: BySelector [PKG='\Qcom.google.android.apps.nexuslauncher\E'].
02-15 16:45:09.755 28737 28750 D UiDevice: Searching for node with selector: BySelector [PKG='\Qcom.google.android.apps.nexuslauncher\E'].
02-15 16:45:09.901 28737 28750 D UiDevice: Searching for node with selector: BySelector [PKG='\Qcom.google.android.apps.nexuslauncher\E'].
02-15 16:45:10.255 28737 28750 D UiDevice: Searching for node with selector: BySelector [PKG='\Qcom.google.android.apps.nexuslauncher\E'].
02-15 16:45:10.408 28737 28750 D UiDevice: Searching for node with selector: BySelector [PKG='\Qcom.google.android.apps.nexuslauncher\E'].
02-15 16:45:10.565 28737 28750 D UiDevice: Searching for node with selector: BySelector [PKG='\Qcom.google.android.apps.nexuslauncher\E'].
02-15 16:45:10.715 28737 28750 D UiDevice: Searching for node with selector: BySelector [PKG='\Qcom.google.android.apps.nexuslauncher\E'].
02-15 16:45:10.871 28737 28750 D UiDevice: Searching for node with selector: BySelector [PKG='\Qcom.google.android.apps.nexuslauncher\E'].
02-15 16:45:11.021 28737 28750 D UiDevice: Searching for node with selector: BySelector [PKG='\Qcom.google.android.apps.nexuslauncher\E'].
02-15 16:45:11.173 28737 28750 D UiDevice: Searching for node with selector: BySelector [PKG='\Qcom.google.android.apps.nexuslauncher\E'].
02-15 16:45:11.323 28737 28750 D UiDevice: Searching for node with selector: BySelector [PKG='\Qcom.google.android.apps.nexuslauncher\E'].
02-15 16:45:11.478 28737 28750 D UiDevice: Searching for node with selector: BySelector [PKG='\Qcom.google.android.apps.nexuslauncher\E'].
02-15 16:45:11.628 28737 28750 D UiDevice: Searching for node with selector: BySelector [PKG='\Qcom.google.android.apps.nexuslauncher\E'].
02-15 16:45:11.785 28737 28750 D UiDevice: Searching for node with selector: BySelector [PKG='\Qcom.google.android.apps.nexuslauncher\E'].
02-15 16:45:11.941 28737 28750 D UiDevice: Searching for node with selector: BySelector [PKG='\Qcom.google.android.apps.nexuslauncher\E'].
02-15 16:45:12.313 28737 28750 D UiDevice: Searching for node with selector: BySelector [PKG='\Qcom.google.android.apps.nexuslauncher\E'].
02-15 16:45:12.465 28737 28750 D UiDevice: Searching for node with selector: BySelector [PKG='\Qcom.google.android.apps.nexuslauncher\E'].
02-15 16:45:12.624 28737 28750 D UiDevice: Searching for node with selector: BySelector [PKG='\Qcom.google.android.apps.nexuslauncher\E'].
02-15 16:45:12.778 28737 28750 D UiDevice: Searching for node with selector: BySelector [PKG='\Qcom.google.android.apps.nexuslauncher\E'].
02-15 16:45:12.929 28737 28750 D UiDevice: Searching for node with selector: BySelector [PKG='\Qcom.google.android.apps.nexuslauncher\E'].
02-15 16:45:13.078 28737 28750 D UiDevice: Searching for node with selector: BySelector [PKG='\Qcom.google.android.apps.nexuslauncher\E'].
02-15 16:45:13.227 28737 28750 D UiDevice: Searching for node with selector: BySelector [PKG='\Qcom.google.android.apps.nexuslauncher\E'].
02-15 16:45:13.384 28737 28750 D UiDevice: Searching for node with selector: BySelector [PKG='\Qcom.google.android.apps.nexuslauncher\E'].
02-15 16:45:13.539 28737 28750 D UiDevice: Searching for node with selector: BySelector [PKG='\Qcom.google.android.apps.nexuslauncher\E'].
02-15 16:45:13.692 28737 28750 D UiDevice: Searching for node with selector: BySelector [PKG='\Qcom.google.android.apps.nexuslauncher\E'].
02-15 16:45:13.841 28737 28750 D UiDevice: Searching for node with selector: BySelector [PKG='\Qcom.google.android.apps.nexuslauncher\E'].
02-15 16:45:13.983 28737 28750 D UiDevice: Searching for node with selector: BySelector [PKG='\Qcom.google.android.apps.nexuslauncher\E'].
02-15 16:45:14.355 28737 28750 D UiDevice: Searching for node with selector: BySelector [PKG='\Qcom.google.android.apps.nexuslauncher\E'].
02-15 16:45:14.506 28737 28750 D UiDevice: Searching for node with selector: BySelector [PKG='\Qcom.google.android.apps.nexuslauncher\E'].
02-15 16:45:14.658 28737 28750 D UiDevice: Searching for node with selector: BySelector [PKG='\Qcom.google.android.apps.nexuslauncher\E'].
02-15 16:45:14.807 28737 28750 D UiDevice: Searching for node with selector: BySelector [PKG='\Qcom.google.android.apps.nexuslauncher\E'].
02-15 16:45:14.965 28737 28750 D UiDevice: Searching for node with selector: BySelector [PKG='\Qcom.google.android.apps.nexuslauncher\E'].
02-15 16:45:15.115 28737 28750 D UiDevice: Searching for node with selector: BySelector [PKG='\Qcom.google.android.apps.nexuslauncher\E'].
02-15 16:45:15.267 28737 28750 D UiDevice: Searching for node with selector: BySelector [PKG='\Qcom.google.android.apps.nexuslauncher\E'].
02-15 16:45:15.423 28737 28750 D UiDevice: Searching for node with selector: BySelector [PKG='\Qcom.google.android.apps.nexuslauncher\E'].
02-15 16:45:15.576 28737 28750 D UiDevice: Searching for node with selector: BySelector [PKG='\Qcom.google.android.apps.nexuslauncher\E'].
02-15 16:45:15.731 28737 28750 D UiDevice: Searching for node with selector: BySelector [PKG='\Qcom.google.android.apps.nexuslauncher\E'].
02-15 16:45:15.887 28737 28750 D UiDevice: Searching for node with selector: BySelector [PKG='\Qcom.google.android.apps.nexuslauncher\E'].
02-15 16:45:16.043 28737 28750 D UiDevice: Searching for node with selector: BySelector [PKG='\Qcom.google.android.apps.nexuslauncher\E'].
02-15 16:45:16.330 28737 28750 D UiDevice: Searching for node with selector: BySelector [PKG='\Qcom.google.android.apps.nexuslauncher\E'].
02-15 16:45:16.479 28737 28750 D UiDevice: Searching for node with selector: BySelector [PKG='\Qcom.google.android.apps.nexuslauncher\E'].
02-15 16:45:16.631 28737 28750 D UiDevice: Searching for node with selector: BySelector [PKG='\Qcom.google.android.apps.nexuslauncher\E'].
02-15 16:45:16.780 28737 28750 D UiDevice: Searching for node with selector: BySelector [PKG='\Qcom.google.android.apps.nexuslauncher\E'].
02-15 16:45:16.797 28737 28742 I .testsCore.tes: Background concurrent copying GC freed 20MB AllocSpace bytes, 20(940KB) LOS objects, 75% free, 7784KB/31MB, paused 74us,39us total 121.174ms
02-15 16:45:16.924 28737 28750 D UiDevice: Searching for node with selector: BySelector [PKG='\Qcom.google.android.apps.nexuslauncher\E'].
02-15 16:45:17.075 28737 28750 D UiDevice: Searching for node with selector: BySelector [PKG='\Qcom.google.android.apps.nexuslauncher\E'].
02-15 16:45:17.227 28737 28750 D UiDevice: Searching for node with selector: BySelector [PKG='\Qcom.google.android.apps.nexuslauncher\E'].
02-15 16:45:17.382 28737 28750 D UiDevice: Searching for node with selector: BySelector [PKG='\Qcom.google.android.apps.nexuslauncher\E'].
02-15 16:45:17.538 28737 28750 D UiDevice: Searching for node with selector: BySelector [PKG='\Qcom.google.android.apps.nexuslauncher\E'].
02-15 16:45:17.694 28737 28750 D UiDevice: Searching for node with selector: BySelector [PKG='\Qcom.google.android.apps.nexuslauncher\E'].
02-15 16:45:17.848 28737 28750 D UiDevice: Searching for node with selector: BySelector [PKG='\Qcom.google.android.apps.nexuslauncher\E'].
02-15 16:45:18.002 28737 28750 D UiDevice: Searching for node with selector: BySelector [PKG='\Qcom.google.android.apps.nexuslauncher\E'].
02-15 16:45:18.154 28737 28750 D UiDevice: Searching for node with selector: BySelector [PKG='\Qcom.google.android.apps.nexuslauncher\E'].
02-15 16:45:18.517 28737 28750 D UiDevice: Searching for node with selector: BySelector [PKG='\Qcom.google.android.apps.nexuslauncher\E'].
02-15 16:45:18.670 28737 28750 D UiDevice: Searching for node with selector: BySelector [PKG='\Qcom.google.android.apps.nexuslauncher\E'].
02-15 16:45:18.821 28737 28750 D UiDevice: Searching for node with selector: BySelector [PKG='\Qcom.google.android.apps.nexuslauncher\E'].
02-15 16:45:18.978 28737 28750 D UiDevice: Searching for node with selector: BySelector [PKG='\Qcom.google.android.apps.nexuslauncher\E'].
02-15 16:45:19.131 28737 28750 D UiDevice: Searching for node with selector: BySelector [PKG='\Qcom.google.android.apps.nexuslauncher\E'].
02-15 16:45:19.285 28737 28750 D UiDevice: Searching for node with selector: BySelector [PKG='\Qcom.google.android.apps.nexuslauncher\E'].
02-15 16:45:19.443 28737 28750 D UiDevice: Searching for node with selector: BySelector [PKG='\Qcom.google.android.apps.nexuslauncher\E'].
02-15 16:45:19.595 28737 28750 D UiDevice: Searching for node with selector: BySelector [PKG='\Qcom.google.android.apps.nexuslauncher\E'].
02-15 16:45:19.748 28737 28750 D UiDevice: Searching for node with selector: BySelector [PKG='\Qcom.google.android.apps.nexuslauncher\E'].
02-15 16:45:19.901 28737 28750 D UiDevice: Searching for node with selector: BySelector [PKG='\Qcom.google.android.apps.nexuslauncher\E'].
02-15 16:45:20.059 28737 28750 D UiDevice: Searching for node with selector: BySelector [PKG='\Qcom.google.android.apps.nexuslauncher\E'].
02-15 16:45:20.211 28737 28750 D UiDevice: Searching for node with selector: BySelector [PKG='\Qcom.google.android.apps.nexuslauncher\E'].
02-15 16:45:20.566 28737 28750 D UiDevice: Searching for node with selector: BySelector [PKG='\Qcom.google.android.apps.nexuslauncher\E'].
02-15 16:45:20.720 28737 28750 D UiDevice: Searching for node with selector: BySelector [PKG='\Qcom.google.android.apps.nexuslauncher\E'].
02-15 16:45:20.876 28737 28750 D UiDevice: Searching for node with selector: BySelector [PKG='\Qcom.google.android.apps.nexuslauncher\E'].
02-15 16:45:21.028 28737 28750 D UiDevice: Searching for node with selector: BySelector [PKG='\Qcom.google.android.apps.nexuslauncher\E'].
02-15 16:45:21.177 28737 28750 D UiDevice: Searching for node with selector: BySelector [PKG='\Qcom.google.android.apps.nexuslauncher\E'].
02-15 16:45:21.330 28737 28750 D UiDevice: Searching for node with selector: BySelector [PKG='\Qcom.google.android.apps.nexuslauncher\E'].
02-15 16:45:21.479 28737 28750 D UiDevice: Searching for node with selector: BySelector [PKG='\Qcom.google.android.apps.nexuslauncher\E'].
02-15 16:45:21.629 28737 28750 D UiDevice: Searching for node with selector: BySelector [PKG='\Qcom.google.android.apps.nexuslauncher\E'].
02-15 16:45:21.785 28737 28750 D UiDevice: Searching for node with selector: BySelector [PKG='\Qcom.google.android.apps.nexuslauncher\E'].
02-15 16:45:21.938 28737 28750 D UiDevice: Searching for node with selector: BySelector [PKG='\Qcom.google.android.apps.nexuslauncher\E'].
02-15 16:45:22.087 28737 28750 D UiDevice: Searching for node with selector: BySelector [PKG='\Qcom.google.android.apps.nexuslauncher\E'].
02-15 16:45:22.242 28737 28750 D UiDevice: Searching for node with selector: BySelector [PKG='\Qcom.google.android.apps.nexuslauncher\E'].
02-15 16:45:22.613 28737 28750 D UiDevice: Searching for node with selector: BySelector [PKG='\Qcom.google.android.apps.nexuslauncher\E'].
02-15 16:45:22.768 28737 28750 D UiDevice: Searching for node with selector: BySelector [PKG='\Qcom.google.android.apps.nexuslauncher\E'].
02-15 16:45:22.924 28737 28750 D UiDevice: Searching for node with selector: BySelector [PKG='\Qcom.google.android.apps.nexuslauncher\E'].
02-15 16:45:23.078 28737 28750 D UiDevice: Searching for node with selector: BySelector [PKG='\Qcom.google.android.apps.nexuslauncher\E'].
02-15 16:45:23.237 28737 28750 D UiDevice: Searching for node with selector: BySelector [PKG='\Qcom.google.android.apps.nexuslauncher\E'].
02-15 16:45:23.389 28737 28750 D UiDevice: Searching for node with selector: BySelector [PKG='\Qcom.google.android.apps.nexuslauncher\E'].
02-15 16:45:23.544 28737 28750 D UiDevice: Searching for node with selector: BySelector [PKG='\Qcom.google.android.apps.nexuslauncher\E'].
02-15 16:45:23.698 28737 28750 D UiDevice: Searching for node with selector: BySelector [PKG='\Qcom.google.android.apps.nexuslauncher\E'].
02-15 16:45:23.852 28737 28750 D UiDevice: Searching for node with selector: BySelector [PKG='\Qcom.google.android.apps.nexuslauncher\E'].
02-15 16:45:24.006 28737 28750 D UiDevice: Searching for node with selector: BySelector [PKG='\Qcom.google.android.apps.nexuslauncher\E'].
02-15 16:45:24.160 28737 28750 D UiDevice: Searching for node with selector: BySelector [PKG='\Qcom.google.android.apps.nexuslauncher\E'].
02-15 16:45:24.315 28737 28750 D UiDevice: Searching for node with selector: BySelector [PKG='\Qcom.google.android.apps.nexuslauncher\E'].
02-15 16:45:24.664 28737 28750 D UiDevice: Searching for node with selector: BySelector [PKG='\Qcom.google.android.apps.nexuslauncher\E'].
02-15 16:45:24.820 28737 28750 D UiDevice: Searching for node with selector: BySelector [PKG='\Qcom.google.android.apps.nexuslauncher\E'].
02-15 16:45:24.979 28737 28750 D UiDevice: Searching for node with selector: BySelector [PKG='\Qcom.google.android.apps.nexuslauncher\E'].
02-15 16:45:25.133 28737 28750 D UiDevice: Searching for node with selector: BySelector [PKG='\Qcom.google.android.apps.nexuslauncher\E'].
02-15 16:45:25.287 28737 28750 D UiDevice: Searching for node with selector: BySelector [PKG='\Qcom.google.android.apps.nexuslauncher\E'].
02-15 16:45:25.444 28737 28750 D UiDevice: Searching for node with selector: BySelector [PKG='\Qcom.google.android.apps.nexuslauncher\E'].
02-15 16:45:25.600 28737 28750 D UiDevice: Searching for node with selector: BySelector [PKG='\Qcom.google.android.apps.nexuslauncher\E'].
02-15 16:45:25.759 28737 28750 D UiDevice: Searching for node with selector: BySelector [PKG='\Qcom.google.android.apps.nexuslauncher\E'].
02-15 16:45:25.914 28737 28750 D UiDevice: Searching for node with selector: BySelector [PKG='\Qcom.google.android.apps.nexuslauncher\E'].
02-15 16:45:26.063 28737 28750 D UiDevice: Searching for node with selector: BySelector [PKG='\Qcom.google.android.apps.nexuslauncher\E'].
02-15 16:45:26.219 28737 28750 D UiDevice: Searching for node with selector: BySelector [PKG='\Qcom.google.android.apps.nexuslauncher\E'].
02-15 16:45:26.372 28737 28750 D UiDevice: Searching for node with selector: BySelector [PKG='\Qcom.google.android.apps.nexuslauncher\E'].
02-15 16:45:26.684 28737 28750 D UiDevice: Searching for node with selector: BySelector [PKG='\Qcom.google.android.apps.nexuslauncher\E'].
02-15 16:45:26.839 28737 28750 D UiDevice: Searching for node with selector: BySelector [PKG='\Qcom.google.android.apps.nexuslauncher\E'].
02-15 16:45:26.994 28737 28750 D UiDevice: Searching for node with selector: BySelector [PKG='\Qcom.google.android.apps.nexuslauncher\E'].
02-15 16:45:27.145 28737 28750 D UiDevice: Searching for node with selector: BySelector [PKG='\Qcom.google.android.apps.nexuslauncher\E'].
02-15 16:45:27.292 28737 28750 D UiDevice: Searching for node with selector: BySelector [PKG='\Qcom.google.android.apps.nexuslauncher\E'].
02-15 16:45:27.441 28737 28750 D UiDevice: Searching for node with selector: BySelector [PKG='\Qcom.google.android.apps.nexuslauncher\E'].
02-15 16:45:27.598 28737 28750 D UiDevice: Searching for node with selector: BySelector [PKG='\Qcom.google.android.apps.nexuslauncher\E'].
02-15 16:45:27.755 28737 28750 D UiDevice: Searching for node with selector: BySelector [PKG='\Qcom.google.android.apps.nexuslauncher\E'].
02-15 16:45:27.903 28737 28750 D UiDevice: Searching for node with selector: BySelector [PKG='\Qcom.google.android.apps.nexuslauncher\E'].
02-15 16:45:27.973 28737 28750 D UiDevice: Waiting 20000ms for SearchCondition[hasObject=BySelector [PKG='\Qcom.wire.internal\E']].
02-15 16:45:27.973 28737 28750 D UiDevice: Searching for node with selector: BySelector [PKG='\Qcom.wire.internal\E'].
02-15 16:45:28.096 28737 28750 D UiDevice: Searching for node with selector: BySelector [PKG='\Qcom.wire.internal\E'].
02-15 16:45:28.222 28737 28750 D UiDevice: Searching for node with selector: BySelector [PKG='\Qcom.wire.internal\E'].
02-15 16:45:28.347 28737 28750 D UiDevice: Searching for node with selector: BySelector [PKG='\Qcom.wire.internal\E'].
02-15 16:45:28.473 28737 28750 D UiDevice: Searching for node with selector: BySelector [PKG='\Qcom.wire.internal\E'].
02-15 16:45:28.733 28737 28750 D UiDevice: Searching for node with selector: BySelector [PKG='\Qcom.wire.internal\E'].
02-15 16:45:28.876 28737 28750 D UiDevice: Searching for node with selector: BySelector [PKG='\Qcom.wire.internal\E'].
02-15 16:45:29.016 28737 28750 D UiDevice: Searching for node with selector: BySelector [PKG='\Qcom.wire.internal\E'].
02-15 16:45:29.145 28737 28750 D UiDevice: Searching for node with selector: BySelector [PKG='\Qcom.wire.internal\E'].
02-15 16:45:29.275 28737 28750 D UiDevice: Searching for node with selector: BySelector [PKG='\Qcom.wire.internal\E'].
02-15 16:45:29.405 28737 28750 D UiDevice: Searching for node with selector: BySelector [PKG='\Qcom.wire.internal\E'].
02-15 16:45:29.533 28737 28750 D UiDevice: Searching for node with selector: BySelector [PKG='\Qcom.wire.internal\E'].
02-15 16:45:29.660 28737 28750 D UiDevice: Searching for node with selector: BySelector [PKG='\Qcom.wire.internal\E'].
02-15 16:45:29.787 28737 28750 D UiDevice: Searching for node with selector: BySelector [PKG='\Qcom.wire.internal\E'].
02-15 16:45:29.915 28737 28750 D UiDevice: Searching for node with selector: BySelector [PKG='\Qcom.wire.internal\E'].
02-15 16:45:30.043 28737 28750 D UiDevice: Searching for node with selector: BySelector [PKG='\Qcom.wire.internal\E'].
02-15 16:45:30.165 28737 28750 D UiDevice: Searching for node with selector: BySelector [PKG='\Qcom.wire.internal\E'].
02-15 16:45:30.288 28737 28750 D UiDevice: Searching for node with selector: BySelector [PKG='\Qcom.wire.internal\E'].
02-15 16:45:30.412 28737 28750 D UiDevice: Searching for node with selector: BySelector [PKG='\Qcom.wire.internal\E'].
02-15 16:45:30.534 28737 28750 D UiDevice: Searching for node with selector: BySelector [PKG='\Qcom.wire.internal\E'].
02-15 16:45:30.779 28737 28750 D UiDevice: Searching for node with selector: BySelector [PKG='\Qcom.wire.internal\E'].
02-15 16:45:30.903 28737 28750 D UiDevice: Searching for node with selector: BySelector [PKG='\Qcom.wire.internal\E'].
02-15 16:45:31.026 28737 28750 D UiDevice: Searching for node with selector: BySelector [PKG='\Qcom.wire.internal\E'].
02-15 16:45:31.152 28737 28750 D UiDevice: Searching for node with selector: BySelector [PKG='\Qcom.wire.internal\E'].
02-15 16:45:31.279 28737 28750 D UiDevice: Searching for node with selector: BySelector [PKG='\Qcom.wire.internal\E'].
02-15 16:45:31.407 28737 28750 D UiDevice: Searching for node with selector: BySelector [PKG='\Qcom.wire.internal\E'].
02-15 16:45:31.536 28737 28750 D UiDevice: Searching for node with selector: BySelector [PKG='\Qcom.wire.internal\E'].
02-15 16:45:31.663 28737 28750 D UiDevice: Searching for node with selector: BySelector [PKG='\Qcom.wire.internal\E'].
02-15 16:45:31.790 28737 28750 D UiDevice: Searching for node with selector: BySelector [PKG='\Qcom.wire.internal\E'].
02-15 16:45:31.920 28737 28750 D UiDevice: Searching for node with selector: BySelector [PKG='\Qcom.wire.internal\E'].
02-15 16:45:32.050 28737 28750 D UiDevice: Searching for node with selector: BySelector [PKG='\Qcom.wire.internal\E'].
02-15 16:45:32.179 28737 28750 D UiDevice: Searching for node with selector: BySelector [PKG='\Qcom.wire.internal\E'].
02-15 16:45:32.308 28737 28750 D UiDevice: Searching for node with selector: BySelector [PKG='\Qcom.wire.internal\E'].
02-15 16:45:32.439 28737 28750 D UiDevice: Searching for node with selector: BySelector [PKG='\Qcom.wire.internal\E'].
02-15 16:45:32.568 28737 28750 D UiDevice: Searching for node with selector: BySelector [PKG='\Qcom.wire.internal\E'].
02-15 16:45:32.812 28737 28750 D UiDevice: Searching for node with selector: BySelector [PKG='\Qcom.wire.internal\E'].
02-15 16:45:32.941 28737 28750 D UiDevice: Searching for node with selector: BySelector [PKG='\Qcom.wire.internal\E'].
02-15 16:45:33.070 28737 28750 D UiDevice: Searching for node with selector: BySelector [PKG='\Qcom.wire.internal\E'].
02-15 16:45:33.194 28737 28750 D UiDevice: Searching for node with selector: BySelector [PKG='\Qcom.wire.internal\E'].
02-15 16:45:33.319 28737 28750 D UiDevice: Searching for node with selector: BySelector [PKG='\Qcom.wire.internal\E'].
02-15 16:45:33.448 28737 28750 D UiDevice: Searching for node with selector: BySelector [PKG='\Qcom.wire.internal\E'].
02-15 16:45:33.576 28737 28750 D UiDevice: Searching for node with selector: BySelector [PKG='\Qcom.wire.internal\E'].
02-15 16:45:33.705 28737 28750 D UiDevice: Searching for node with selector: BySelector [PKG='\Qcom.wire.internal\E'].
02-15 16:45:33.832 28737 28750 D UiDevice: Searching for node with selector: BySelector [PKG='\Qcom.wire.internal\E'].
02-15 16:45:33.958 28737 28750 D UiDevice: Searching for node with selector: BySelector [PKG='\Qcom.wire.internal\E'].
02-15 16:45:34.087 28737 28750 D UiDevice: Searching for node with selector: BySelector [PKG='\Qcom.wire.internal\E'].
02-15 16:45:34.216 28737 28750 D UiDevice: Searching for node with selector: BySelector [PKG='\Qcom.wire.internal\E'].
02-15 16:45:34.344 28737 28750 D UiDevice: Searching for node with selector: BySelector [PKG='\Qcom.wire.internal\E'].
02-15 16:45:34.471 28737 28750 D UiDevice: Searching for node with selector: BySelector [PKG='\Qcom.wire.internal\E'].
02-15 16:45:34.600 28737 28750 D UiDevice: Searching for node with selector: BySelector [PKG='\Qcom.wire.internal\E'].
02-15 16:45:34.893 28737 28750 D UiDevice: Searching for node with selector: BySelector [PKG='\Qcom.wire.internal\E'].
02-15 16:45:35.046 28737 28750 D UiDevice: Searching for node with selector: BySelector [PKG='\Qcom.wire.internal\E'].
02-15 16:45:35.205 28737 28750 D UiDevice: Searching for node with selector: BySelector [PKG='\Qcom.wire.internal\E'].
02-15 16:45:35.362 28737 28750 D UiDevice: Searching for node with selector: BySelector [PKG='\Qcom.wire.internal\E'].
02-15 16:45:35.514 28737 28750 D UiDevice: Searching for node with selector: BySelector [PKG='\Qcom.wire.internal\E'].
02-15 16:45:35.668 28737 28750 D UiDevice: Searching for node with selector: BySelector [PKG='\Qcom.wire.internal\E'].
02-15 16:45:35.824 28737 28750 D UiDevice: Searching for node with selector: BySelector [PKG='\Qcom.wire.internal\E'].
02-15 16:45:35.980 28737 28750 D UiDevice: Searching for node with selector: BySelector [PKG='\Qcom.wire.internal\E'].
02-15 16:45:36.139 28737 28750 D UiDevice: Searching for node with selector: BySelector [PKG='\Qcom.wire.internal\E'].
02-15 16:45:36.286 28737 28750 D UiDevice: Searching for node with selector: BySelector [PKG='\Qcom.wire.internal\E'].
02-15 16:45:36.426 28737 28750 D UiDevice: Searching for node with selector: BySelector [PKG='\Qcom.wire.internal\E'].
02-15 16:45:36.581 28737 28750 D UiDevice: Searching for node with selector: BySelector [PKG='\Qcom.wire.internal\E'].
02-15 16:45:36.740 28737 28750 D UiDevice: Searching for node with selector: BySelector [PKG='\Qcom.wire.internal\E'].
02-15 16:45:37.105 28737 28750 D UiDevice: Searching for node with selector: BySelector [PKG='\Qcom.wire.internal\E'].
02-15 16:45:37.258 28737 28750 D UiDevice: Searching for node with selector: BySelector [PKG='\Qcom.wire.internal\E'].
02-15 16:45:37.414 28737 28750 D UiDevice: Searching for node with selector: BySelector [PKG='\Qcom.wire.internal\E'].
02-15 16:45:37.563 28737 28750 D UiDevice: Searching for node with selector: BySelector [PKG='\Qcom.wire.internal\E'].
02-15 16:45:37.720 28737 28750 D UiDevice: Searching for node with selector: BySelector [PKG='\Qcom.wire.internal\E'].
02-15 16:45:37.876 28737 28750 D UiDevice: Searching for node with selector: BySelector [PKG='\Qcom.wire.internal\E'].
02-15 16:45:38.027 28737 28750 D UiDevice: Searching for node with selector: BySelector [PKG='\Qcom.wire.internal\E'].
02-15 16:45:38.176 28737 28750 D UiDevice: Searching for node with selector: BySelector [PKG='\Qcom.wire.internal\E'].
02-15 16:45:38.332 28737 28750 D UiDevice: Searching for node with selector: BySelector [PKG='\Qcom.wire.internal\E'].
02-15 16:45:38.485 28737 28750 D UiDevice: Searching for node with selector: BySelector [PKG='\Qcom.wire.internal\E'].
02-15 16:45:38.642 28737 28750 D UiDevice: Searching for node with selector: BySelector [PKG='\Qcom.wire.internal\E'].
02-15 16:45:38.796 28737 28750 D UiDevice: Searching for node with selector: BySelector [PKG='\Qcom.wire.internal\E'].
02-15 16:45:39.161 28737 28750 D UiDevice: Searching for node with selector: BySelector [PKG='\Qcom.wire.internal\E'].
02-15 16:45:39.319 28737 28750 D UiDevice: Searching for node with selector: BySelector [PKG='\Qcom.wire.internal\E'].
02-15 16:45:39.470 28737 28750 D UiDevice: Searching for node with selector: BySelector [PKG='\Qcom.wire.internal\E'].
02-15 16:45:39.621 28737 28750 D UiDevice: Searching for node with selector: BySelector [PKG='\Qcom.wire.internal\E'].
02-15 16:45:39.779 28737 28750 D UiDevice: Searching for node with selector: BySelector [PKG='\Qcom.wire.internal\E'].
02-15 16:45:39.936 28737 28750 D UiDevice: Searching for node with selector: BySelector [PKG='\Qcom.wire.internal\E'].
02-15 16:45:40.081 28737 28750 D UiDevice: Searching for node with selector: BySelector [PKG='\Qcom.wire.internal\E'].
02-15 16:45:40.218 28737 28750 D UiDevice: Searching for node with selector: BySelector [PKG='\Qcom.wire.internal\E'].
02-15 16:45:40.342 28737 28750 D UiDevice: Searching for node with selector: BySelector [PKG='\Qcom.wire.internal\E'].
02-15 16:45:40.479 28737 28750 D UiDevice: Searching for node with selector: BySelector [PKG='\Qcom.wire.internal\E'].
02-15 16:45:40.637 28737 28750 D UiDevice: Searching for node with selector: BySelector [PKG='\Qcom.wire.internal\E'].
02-15 16:45:40.794 28737 28750 D UiDevice: Searching for node with selector: BySelector [PKG='\Qcom.wire.internal\E'].
02-15 16:45:40.941 28737 28750 D UiDevice: Searching for node with selector: BySelector [PKG='\Qcom.wire.internal\E'].
02-15 16:45:41.222 28737 28750 D UiDevice: Searching for node with selector: BySelector [PKG='\Qcom.wire.internal\E'].
02-15 16:45:41.372 28737 28750 D UiDevice: Searching for node with selector: BySelector [PKG='\Qcom.wire.internal\E'].
02-15 16:45:41.523 28737 28750 D UiDevice: Searching for node with selector: BySelector [PKG='\Qcom.wire.internal\E'].
02-15 16:45:41.674 28737 28750 D UiDevice: Searching for node with selector: BySelector [PKG='\Qcom.wire.internal\E'].
02-15 16:45:41.826 28737 28750 D UiDevice: Searching for node with selector: BySelector [PKG='\Qcom.wire.internal\E'].
02-15 16:45:41.981 28737 28750 D UiDevice: Searching for node with selector: BySelector [PKG='\Qcom.wire.internal\E'].
02-15 16:45:42.131 28737 28750 D UiDevice: Searching for node with selector: BySelector [PKG='\Qcom.wire.internal\E'].
02-15 16:45:42.285 28737 28750 D UiDevice: Searching for node with selector: BySelector [PKG='\Qcom.wire.internal\E'].
02-15 16:45:42.443 28737 28750 D UiDevice: Searching for node with selector: BySelector [PKG='\Qcom.wire.internal\E'].
02-15 16:45:42.600 28737 28750 D UiDevice: Searching for node with selector: BySelector [PKG='\Qcom.wire.internal\E'].
02-15 16:45:42.758 28737 28750 D UiDevice: Searching for node with selector: BySelector [PKG='\Qcom.wire.internal\E'].
02-15 16:45:42.913 28737 28750 D UiDevice: Searching for node with selector: BySelector [PKG='\Qcom.wire.internal\E'].
02-15 16:45:43.061 28737 28750 D UiDevice: Searching for node with selector: BySelector [PKG='\Qcom.wire.internal\E'].
02-15 16:45:43.489 28737 28750 D UiDevice: Searching for node with selector: BySelector [PKG='\Qcom.wire.internal\E'].
02-15 16:45:43.867 28737 28750 D UiDevice: Searching for node with selector: BySelector [PKG='\Qcom.wire.internal\E'].
02-15 16:45:44.023 28737 28750 D UiDevice: Searching for node with selector: BySelector [PKG='\Qcom.wire.internal\E'].
02-15 16:45:44.180 28737 28750 D UiDevice: Searching for node with selector: BySelector [PKG='\Qcom.wire.internal\E'].
02-15 16:45:44.327 28737 28750 D UiDevice: Searching for node with selector: BySelector [PKG='\Qcom.wire.internal\E'].
02-15 16:45:44.481 28737 28750 D UiDevice: Searching for node with selector: BySelector [PKG='\Qcom.wire.internal\E'].
02-15 16:45:44.635 28737 28750 D UiDevice: Searching for node with selector: BySelector [PKG='\Qcom.wire.internal\E'].
02-15 16:45:44.788 28737 28750 D UiDevice: Searching for node with selector: BySelector [PKG='\Qcom.wire.internal\E'].
02-15 16:45:44.938 28737 28750 D UiDevice: Searching for node with selector: BySelector [PKG='\Qcom.wire.internal\E'].
02-15 16:45:45.090 28737 28750 D UiDevice: Searching for node with selector: BySelector [PKG='\Qcom.wire.internal\E'].
02-15 16:45:45.441 28737 28750 D UiDevice: Searching for node with selector: BySelector [PKG='\Qcom.wire.internal\E'].
02-15 16:45:45.595 28737 28750 D UiDevice: Searching for node with selector: BySelector [PKG='\Qcom.wire.internal\E'].
02-15 16:45:45.743 28737 28750 D UiDevice: Searching for node with selector: BySelector [PKG='\Qcom.wire.internal\E'].
02-15 16:45:45.897 28737 28750 D UiDevice: Searching for node with selector: BySelector [PKG='\Qcom.wire.internal\E'].
02-15 16:45:46.047 28737 28750 D UiDevice: Searching for node with selector: BySelector [PKG='\Qcom.wire.internal\E'].
02-15 16:45:46.200 28737 28750 D UiDevice: Searching for node with selector: BySelector [PKG='\Qcom.wire.internal\E'].
02-15 16:45:46.353 28737 28750 D UiDevice: Searching for node with selector: BySelector [PKG='\Qcom.wire.internal\E'].
02-15 16:45:46.507 28737 28750 D UiDevice: Searching for node with selector: BySelector [PKG='\Qcom.wire.internal\E'].
02-15 16:45:46.660 28737 28750 D UiDevice: Searching for node with selector: BySelector [PKG='\Qcom.wire.internal\E'].
02-15 16:45:46.818 28737 28750 D UiDevice: Searching for node with selector: BySelector [PKG='\Qcom.wire.internal\E'].
02-15 16:45:46.968 28737 28750 D UiDevice: Searching for node with selector: BySelector [PKG='\Qcom.wire.internal\E'].
02-15 16:45:47.105 28737 28750 D UiDevice: Searching for node with selector: BySelector [PKG='\Qcom.wire.internal\E'].
02-15 16:45:47.428 28737 28750 D UiDevice: Searching for node with selector: BySelector [PKG='\Qcom.wire.internal\E'].
02-15 16:45:47.585 28737 28750 D UiDevice: Searching for node with selector: BySelector [PKG='\Qcom.wire.internal\E'].
02-15 16:45:47.742 28737 28750 D UiDevice: Searching for node with selector: BySelector [PKG='\Qcom.wire.internal\E'].
02-15 16:45:47.894 28737 28750 D UiDevice: Searching for node with selector: BySelector [PKG='\Qcom.wire.internal\E'].
02-15 16:45:48.047 28737 28750 D UiDevice: Searching for node with selector: BySelector [PKG='\Qcom.wire.internal\E'].
02-15 16:45:48.098 28737 28750 I System.out: Could not access BuildConfig field 'BACKENDCONNECTION_STAGING_SOCKSPROXY': No field BACKENDCONNECTION_STAGING_SOCKSPROXY in class Lcom/wire/android/testSupport/BuildConfig; (declaration of 'com.wire.android.testSupport.BuildConfig' appears in /data/app/~~A-drwyeY-2aJMSCgfqG25Q==/com.wire.android.tests.testsCore.test-KjZaJL40_tmqe_4PxbinzA==/base.apk!classes2.dex)
02-15 16:45:48.100 28737 28750 I System.out: Could not access BuildConfig field 'BACKENDCONNECTION_STAGING_SOCKSPROXY': No field BACKENDCONNECTION_STAGING_SOCKSPROXY in class Lcom/wire/android/testSupport/BuildConfig; (declaration of 'com.wire.android.testSupport.BuildConfig' appears in /data/app/~~A-drwyeY-2aJMSCgfqG25Q==/com.wire.android.tests.testsCore.test-KjZaJL40_tmqe_4PxbinzA==/base.apk!classes2.dex)
02-15 16:45:48.102 28737 28750 I System.out: Could not access BuildConfig field 'BACKENDCONNECTION_STAGING_SOCKSPROXY': No field BACKENDCONNECTION_STAGING_SOCKSPROXY in class Lcom/wire/android/testSupport/BuildConfig; (declaration of 'com.wire.android.testSupport.BuildConfig' appears in /data/app/~~A-drwyeY-2aJMSCgfqG25Q==/com.wire.android.tests.testsCore.test-KjZaJL40_tmqe_4PxbinzA==/base.apk!classes2.dex)
02-15 16:45:48.270 28737 28750 W UiAutomation: UiAutomation.grantRuntimePermission() is more robust and should be used instead of 'pm grant'
02-15 16:45:48.276 28737 28750 W UiAutomation: UiAutomation.grantRuntimePermission() is more robust and should be used instead of 'pm grant'
02-15 16:45:48.289 28737 28750 I ClientUserManager: 16:45:48 INFO [281] (ClientUse) Cannot find user by: user1Name 
02-15 16:45:48.290 28737 28750 I Hello   : 16:45:48 INFO [281] (ClientUse) Hello, my name is Alonso Ritchie and my email is ritchiezrptmhrhda@wire.engineering and password is #d7UjY3u and emailPassword is Zg[T3u:])C75innnnn 
02-15 16:45:50.399 28737 28750 I ClientUserManager: 16:45:50 INFO [281] (ClientUse) Cannot find user by: user1Name 
02-15 16:45:50.452 28737 28750 I ClientUserManager: 16:45:50 INFO [281] (ClientUse) Cannot find user by: user2Name 
02-15 16:45:50.455 28737 28750 I ClientUserManager: 16:45:50 INFO [281] (ClientUse) Cannot find user by: user3Name 
02-15 16:45:52.456 28737 28750 I ClientUserManager: 16:45:52 INFO [281] (ClientUse) Cannot find user by: user1Name 
02-15 16:45:52.460 28737 28750 I ClientUserManager: 16:45:52 INFO [281] (ClientUse) Cannot find user by: user2Name 
02-15 16:45:52.463 28737 28750 I ClientUserManager: 16:45:52 INFO [281] (ClientUse) Cannot find user by: user3Name 
02-15 16:45:52.464 28737 28750 I System.out: Could not access BuildConfig field 'BACKENDCONNECTION_STAGING_SOCKSPROXY': No field BACKENDCONNECTION_STAGING_SOCKSPROXY in class Lcom/wire/android/testSupport/BuildConfig; (declaration of 'com.wire.android.testSupport.BuildConfig' appears in /data/app/~~A-drwyeY-2aJMSCgfqG25Q==/com.wire.android.tests.testsCore.test-KjZaJL40_tmqe_4PxbinzA==/base.apk!classes2.dex)
02-15 16:45:52.637 28737 28750 I ClientUserManager: 16:45:52 INFO [281] (ClientUse) Cannot find user by: user3Name 
02-15 16:45:52.639 28737 28750 I System.out: Could not access BuildConfig field 'BACKENDCONNECTION_STAGING_SOCKSPROXY': No field BACKENDCONNECTION_STAGING_SOCKSPROXY in class Lcom/wire/android/testSupport/BuildConfig; (declaration of 'com.wire.android.testSupport.BuildConfig' appears in /data/app/~~A-drwyeY-2aJMSCgfqG25Q==/com.wire.android.tests.testsCore.test-KjZaJL40_tmqe_4PxbinzA==/base.apk!classes2.dex)
02-15 16:45:52.642 28737 28750 I ClientUserManager: 16:45:52 INFO [281] (ClientUse) Cannot find user by: user3Name 
02-15 16:45:52.701 28737 28750 I ClientUserManager: 16:45:52 INFO [281] (ClientUse) Cannot find user by: user3Name 
02-15 16:45:52.703 28737 28750 I System.out: Could not access BuildConfig field 'BACKENDCONNECTION_STAGING_SOCKSPROXY': No field BACKENDCONNECTION_STAGING_SOCKSPROXY in class Lcom/wire/android/testSupport/BuildConfig; (declaration of 'com.wire.android.testSupport.BuildConfig' appears in /data/app/~~A-drwyeY-2aJMSCgfqG25Q==/com.wire.android.tests.testsCore.test-KjZaJL40_tmqe_4PxbinzA==/base.apk!classes2.dex)
02-15 16:45:52.705 28737 28750 I TestService: 16:45:52 INFO [281] (TestServi) GET: http://192.168.2.18:8080/api/v1/ 
02-15 16:45:52.723 28737 28750 I TestService: 16:45:52 INFO [281] (TestServi) PUT: http://192.168.2.18:8080/api/v1/instance 
02-15 16:45:52.724 28737 28750 I TestService: 16:45:52 INFO [281] (TestServi)  >>> Request: {"email":"gorczanyiglxthnjyv@wire.engineering","password":"G$E#9amx","deviceName":"Device1","name":"TestService","customBackend":{"name":"STAGING","rest":"https:\/\/staging-nginz-https.zinfra.io\/","ws":"wss:\/\/staging-nginz-ssl.zinfra.io"},"federationDomain":"staging.zinfra.io","developmentApiEnabled":true} 
02-15 16:46:02.194 28737 28750 I TestService: 16:46:02 INFO [281] (TestServi)  >>> Response (200): {"backend":"staging","clientId":"cd3854b985d52940","instanceId":"645f51a8-49ed-4df0-ad4f-14e364981389","name":"TestService","startupTime":7579,"startTime":1771170360025} 
02-15 16:46:02.200 28737 28750 I ClientUserManager: 16:46:02 INFO [281] (ClientUse) Cannot find user by: user1Name 
02-15 16:46:02.201 28737 28750 I System.out: Could not access BuildConfig field 'BACKENDCONNECTION_STAGING_SOCKSPROXY': No field BACKENDCONNECTION_STAGING_SOCKSPROXY in class Lcom/wire/android/testSupport/BuildConfig; (declaration of 'com.wire.android.testSupport.BuildConfig' appears in /data/app/~~A-drwyeY-2aJMSCgfqG25Q==/com.wire.android.tests.testsCore.test-KjZaJL40_tmqe_4PxbinzA==/base.apk!classes2.dex)
02-15 16:46:02.395 28737 28750 I UiAutomatorPinger: 16:46:02 INFO [281] (UiAutomat) Starting UIAutomator pinger every 30 seconds 
02-15 16:46:02.408 28737 29123 I UiAutomatorPinger: 16:46:02 INFO [290] (UiAutomat) Pinging device (waking up screen) 
02-15 16:46:02.416 28737 29123 D UiDevice: Turning on screen.
02-15 16:46:02.417 28737 29126 D CallingManager: Creating instance for user3Name
02-15 16:46:02.417 28737 29124 D CallingManager: Creating instance for user2Name
02-15 16:46:02.421 28737 29126 I ClientUserManager: 16:46:02 INFO [293] (ClientUse) Cannot find user by: user3Name 
02-15 16:46:02.422 28737 29124 I ClientUserManager: 16:46:02 INFO [291] (ClientUse) Cannot find user by: user2Name 
02-15 16:46:02.423 28737 29126 I System.out: Could not access BuildConfig field 'BACKENDCONNECTION_STAGING_SOCKSPROXY': No field BACKENDCONNECTION_STAGING_SOCKSPROXY in class Lcom/wire/android/testSupport/BuildConfig; (declaration of 'com.wire.android.testSupport.BuildConfig' appears in /data/app/~~A-drwyeY-2aJMSCgfqG25Q==/com.wire.android.tests.testsCore.test-KjZaJL40_tmqe_4PxbinzA==/base.apk!classes2.dex)
02-15 16:46:02.423 28737 29124 I System.out: Could not access BuildConfig field 'BACKENDCONNECTION_STAGING_SOCKSPROXY': No field BACKENDCONNECTION_STAGING_SOCKSPROXY in class Lcom/wire/android/testSupport/BuildConfig; (declaration of 'com.wire.android.testSupport.BuildConfig' appears in /data/app/~~A-drwyeY-2aJMSCgfqG25Q==/com.wire.android.tests.testsCore.test-KjZaJL40_tmqe_4PxbinzA==/base.apk!classes2.dex)
02-15 16:46:02.470 28737 29126 I System.out: Could not access BuildConfig field 'BACKENDCONNECTION_STAGING_SOCKSPROXY': No field BACKENDCONNECTION_STAGING_SOCKSPROXY in class Lcom/wire/android/testSupport/BuildConfig; (declaration of 'com.wire.android.testSupport.BuildConfig' appears in /data/app/~~A-drwyeY-2aJMSCgfqG25Q==/com.wire.android.tests.testsCore.test-KjZaJL40_tmqe_4PxbinzA==/base.apk!classes2.dex)
02-15 16:46:02.499 28737 29124 I System.out: Could not access BuildConfig field 'BACKENDCONNECTION_STAGING_SOCKSPROXY': No field BACKENDCONNECTION_STAGING_SOCKSPROXY in class Lcom/wire/android/testSupport/BuildConfig; (declaration of 'com.wire.android.testSupport.BuildConfig' appears in /data/app/~~A-drwyeY-2aJMSCgfqG25Q==/com.wire.android.tests.testsCore.test-KjZaJL40_tmqe_4PxbinzA==/base.apk!classes2.dex)
02-15 16:46:03.156 28737 29123 I UiAutomatorPinger: 16:46:03 INFO [290] (UiAutomat) Device screen awakened 
02-15 16:46:16.633 28737 29124 D CallingManager: Started instance 13ae1d60-2d68-4674-8795-ee4e07cf85dc for user Rufus Runolfsson
02-15 16:46:16.648 28737 29126 D CallingManager: Started instance 946ce634-f55f-42ee-a032-6d074855bf10 for user Cedrick Gorczany
02-15 16:46:16.652 28737 28750 I UiAutomatorPinger: 16:46:16 INFO [281] (UiAutomat) Stopping UIAutomator pinger 
02-15 16:46:16.664 28737 28750 I System.out: Could not access BuildConfig field 'BACKENDCONNECTION_STAGING_SOCKSPROXY': No field BACKENDCONNECTION_STAGING_SOCKSPROXY in class Lcom/wire/android/testSupport/BuildConfig; (declaration of 'com.wire.android.testSupport.BuildConfig' appears in /data/app/~~A-drwyeY-2aJMSCgfqG25Q==/com.wire.android.tests.testsCore.test-KjZaJL40_tmqe_4PxbinzA==/base.apk!classes2.dex)
02-15 16:46:16.668 28737 28750 D UiDevice: Waiting 10000ms for SearchCondition[hasObject=BySelector [TEXT='\QEnter your email to start!\E']].
02-15 16:46:16.668 28737 28750 D UiDevice: Searching for node with selector: BySelector [TEXT='\QEnter your email to start!\E'].
02-15 16:46:17.288 28737 28750 W QueryController: Could not detect idle state.
02-15 16:46:17.289 28737 28750 D UiDevice: Retrieving node with selector: BySelector [TEXT='\QEnter your email to start!\E'].
