--------- beginning of main
02-18 18:51:29.121  8232  8245 E TestRunner: failed: givenUserInAnotherTeam_whenFileIsSent_thenRecipientCanReceivePlayAndDownloadIt(com.wire.android.tests.core.criticalFlows.FileSharingBetweenTeams)
02-18 18:51:29.122  8232  8245 E TestRunner: ----- begin exception -----
02-18 18:51:29.122  8232  8245 E TestRunner: java.lang.AssertionError: Element not found with selector: text='Enter your email to start!'
02-18 18:51:29.122  8232  8245 E TestRunner: 	at uiautomatorutils.UiWaitUtils.waitElement(UiWaitUtils.kt:94)
02-18 18:51:29.122  8232  8245 E TestRunner: 	at uiautomatorutils.UiWaitUtils.waitElement$default(UiWaitUtils.kt:85)
02-18 18:51:29.122  8232  8245 E TestRunner: 	at com.wire.android.tests.core.pages.RegistrationPage.assertEmailWelcomePage(RegistrationPage.kt:66)
02-18 18:51:29.122  8232  8245 E TestRunner: 	at com.wire.android.tests.core.criticalFlows.FileSharingBetweenTeams.givenUserInAnotherTeam_whenFileIsSent_thenRecipientCanReceivePlayAndDownloadIt$lambda$1(FileSharingBetweenTeams.kt:127)
02-18 18:51:29.122  8232  8245 E TestRunner: 	at com.wire.android.tests.core.criticalFlows.FileSharingBetweenTeams$$ExternalSyntheticLambda2.invoke(D8$$SyntheticClass:0)
02-18 18:51:29.122  8232  8245 E TestRunner: 	at com.wire.android.tests.core.BaseUiTest.step$lambda$0(BaseUiTest.kt:54)
02-18 18:51:29.122  8232  8245 E TestRunner: 	at com.wire.android.tests.core.BaseUiTest$$ExternalSyntheticLambda1.invoke(D8$$SyntheticClass:0)
02-18 18:51:29.122  8232  8245 E TestRunner: 	at io.qameta.allure.kotlin.Allure.step(Allure.kt:60)
02-18 18:51:29.122  8232  8245 E TestRunner: 	at com.wire.android.tests.core.BaseUiTest.step(BaseUiTest.kt:54)
02-18 18:51:29.122  8232  8245 E TestRunner: 	at com.wire.android.tests.core.criticalFlows.FileSharingBetweenTeams.givenUserInAnotherTeam_whenFileIsSent_thenRecipientCanReceivePlayAndDownloadIt(FileSharingBetweenTeams.kt:125)
02-18 18:51:29.122  8232  8245 E TestRunner: 	at java.lang.reflect.Method.invoke(Native Method)
02-18 18:51:29.122  8232  8245 E TestRunner: 	at org.junit.runners.model.FrameworkMethod$1.runReflectiveCall(FrameworkMethod.java:59)
02-18 18:51:29.122  8232  8245 E TestRunner: 	at org.junit.internal.runners.model.ReflectiveCallable.run(ReflectiveCallable.java:12)
02-18 18:51:29.122  8232  8245 E TestRunner: 	at org.junit.runners.model.FrameworkMethod.invokeExplosively(FrameworkMethod.java:56)
02-18 18:51:29.122  8232  8245 E TestRunner: 	at org.junit.internal.runners.statements.InvokeMethod.evaluate(InvokeMethod.java:17)
02-18 18:51:29.122  8232  8245 E TestRunner: 	at androidx.test.internal.runner.junit4.statement.RunBefores.evaluate(RunBefores.java:80)
02-18 18:51:29.122  8232  8245 E TestRunner: 	at androidx.test.internal.runner.junit4.statement.RunAfters.evaluate(RunAfters.java:61)
02-18 18:51:29.122  8232  8245 E TestRunner: 	at com.wire.android.tests.support.suite.AllureFailureScreenshotRule$apply$1.evaluate(AllureFailureScreenshotRule.kt:44)
02-18 18:51:29.122  8232  8245 E TestRunner: 	at com.wire.android.tests.support.suite.AllureLabelsRule$apply$1.evaluate(AllureLabelsRule.kt:70)
02-18 18:51:29.122  8232  8245 E TestRunner: 	at org.junit.rules.TestWatcher$1.evaluate(TestWatcher.java:61)
02-18 18:51:29.122  8232  8245 E TestRunner: 	at com.wire.android.tests.support.suite.AllureLogcatRule$apply$1.evaluate(AllureLogcatRule.kt:41)
02-18 18:51:29.122  8232  8245 E TestRunner: 	at org.junit.runners.ParentRunner$3.evaluate(ParentRunner.java:306)
02-18 18:51:29.122  8232  8245 E TestRunner: 	at org.junit.runners.BlockJUnit4ClassRunner$1.evaluate(BlockJUnit4ClassRunner.java:100)
02-18 18:51:29.122  8232  8245 E TestRunner: 	at org.junit.runners.ParentRunner.runLeaf(ParentRunner.java:366)
02-18 18:51:29.122  8232  8245 E TestRunner: 	at org.junit.runners.BlockJUnit4ClassRunner.runChild(BlockJUnit4ClassRunner.java:103)
02-18 18:51:29.122  8232  8245 E TestRunner: 	at org.junit.runners.BlockJUnit4ClassRunner.runChild(BlockJUnit4ClassRunner.java:63)
02-18 18:51:29.122  8232  8245 E TestRunner: 	at org.junit.runners.ParentRunner$4.run(ParentRunner.java:331)
02-18 18:51:29.122  8232  8245 E TestRunner: 	at org.junit.runners.ParentRunner$1.schedule(ParentRunner.java:79)
02-18 18:51:29.122  8232  8245 E TestRunner: 	at org.junit.runners.ParentRunner.runChildren(ParentRunner.java:329)
02-18 18:51:29.122  8232  8245 E TestRunner: 	at org.junit.runners.ParentRunner.access$100(ParentRunner.java:66)
02-18 18:51:29.122  8232  8245 E TestRunner: 	at org.junit.runners.ParentRunner$2.evaluate(ParentRunner.java:293)
02-18 18:51:29.122  8232  8245 E TestRunner: 	at org.junit.runners.ParentRunner$3.evaluate(ParentRunner.java:306)
02-18 18:51:29.122  8232  8245 E TestRunner: 	at org.junit.runners.ParentRunner.run(ParentRunner.java:413)
02-18 18:51:29.122  8232  8245 E TestRunner: 	at androidx.test.ext.junit.runners.AndroidJUnit4.run(AndroidJUnit4.java:162)
02-18 18:51:29.122  8232  8245 E TestRunner: 	at org.junit.runners.Suite.runChild(Suite.java:128)
02-18 18:51:29.122  8232  8245 E TestRunner: 	at org.junit.runners.Suite.runChild(Suite.java:27)
02-18 18:51:29.122  8232  8245 E TestRunner: 	at org.junit.runners.ParentRunner$4.run(ParentRunner.java:331)
02-18 18:51:29.122  8232  8245 E TestRunner: 	at org.junit.runners.ParentRunner$1.schedule(ParentRunner.java:79)
02-18 18:51:29.122  8232  8245 E TestRunner: 	at org.junit.runners.ParentRunner.runChildren(ParentRunner.java:329)
02-18 18:51:29.122  8232  8245 E TestRunner: 	at org.junit.runners.ParentRunner.access$100(ParentRunner.java:66)
02-18 18:51:29.122  8232  8245 E TestRunner: 	at org.junit.runners.ParentRunner$2.evaluate(ParentRunner.java:293)
02-18 18:51:29.122  8232  8245 E TestRunner: 	at org.junit.runners.ParentRunner$3.evaluate(ParentRunner.java:306)
02-18 18:51:29.122  8232  8245 E TestRunner: 	at org.junit.runners.ParentRunner.run(ParentRunner.java:413)
02-18 18:51:29.122  8232  8245 E TestRunner: 	at org.junit.runner.JUnitCore.run(JUnitCore.java:137)
02-18 18:51:29.122  8232  8245 E TestRunner: 	at org.junit.runner.JUnitCore.run(JUnitCore.java:115)
02-18 18:51:29.122  8232  8245 E TestRunner: 	at androidx.test.internal.runner.TestExecutor.execute(TestExecutor.java:68)
02-18 18:51:29.122  8232  8245 E TestRunner: 	at androidx.test.internal.runner.TestExecutor.execute(TestExecutor.java:59)
02-18 18:51:29.122  8232  8245 E TestRunner: 	at androidx.test.runner.AndroidJUnitRunner.onStart(AndroidJUnitRunner.java:467)
02-18 18:51:29.122  8232  8245 E TestRunner: 	at com.wire.android.tests.support.suite.TaggedTestRunner.onStart(TaggedTestRunner.kt:51)
02-18 18:51:29.122  8232  8245 E TestRunner: 	at android.app.Instrumentation$InstrumentationThread.run(Instrumentation.java:2278)
02-18 18:51:29.122  8232  8245 E TestRunner: ----- end exception -----
02-18 18:51:29.127  8232  8245 I TestRunner: finished: givenUserInAnotherTeam_whenFileIsSent_thenRecipientCanReceivePlayAndDownloadIt(com.wire.android.tests.core.criticalFlows.FileSharingBetweenTeams)
02-18 18:51:29.184  8232  8245 I TestRunner: started: givenIStartGroupCall_whenParticipantShareMessageFileAndLocation_thenAllVisibleAndCallContinues(com.wire.android.tests.core.criticalFlows.GroupCallChat)
02-18 18:51:29.201  8232  8245 D UiDevice: Executing shell command: pm clear com.wire.internal
02-18 18:51:29.293  8232  8245 D UiDevice: Executing shell command: settings put secure show_ime_with_hard_keyboard 0
02-18 18:51:29.324  8232  8245 D UiDevice: Executing shell command: settings put global window_animation_scale 0
02-18 18:51:29.351  8232  8245 D UiDevice: Executing shell command: settings put global transition_animation_scale 0
02-18 18:51:29.377  8232  8245 D UiDevice: Executing shell command: settings put global animator_duration_scale .5
02-18 18:51:29.404  8232  8245 D UiDevice: Pressing home button.
02-18 18:51:30.435  8232  8245 W InteractionController: Timed out waiting 1000ms for command and events.
02-18 18:51:30.444  8232  8245 D UiDevice: Waiting 20000ms for SearchCondition[hasObject=BySelector [PKG='\Qcom.google.android.apps.nexuslauncher\E']].
02-18 18:51:30.445  8232  8245 D UiDevice: Searching for node with selector: BySelector [PKG='\Qcom.google.android.apps.nexuslauncher\E'].
02-18 18:51:30.782  8232  8245 D UiDevice: Searching for node with selector: BySelector [PKG='\Qcom.google.android.apps.nexuslauncher\E'].
02-18 18:51:30.936  8232  8245 D UiDevice: Searching for node with selector: BySelector [PKG='\Qcom.google.android.apps.nexuslauncher\E'].
02-18 18:51:31.085  8232  8245 D UiDevice: Searching for node with selector: BySelector [PKG='\Qcom.google.android.apps.nexuslauncher\E'].
02-18 18:51:31.242  8232  8245 D UiDevice: Searching for node with selector: BySelector [PKG='\Qcom.google.android.apps.nexuslauncher\E'].
02-18 18:51:31.397  8232  8245 D UiDevice: Searching for node with selector: BySelector [PKG='\Qcom.google.android.apps.nexuslauncher\E'].
02-18 18:51:31.549  8232  8245 D UiDevice: Searching for node with selector: BySelector [PKG='\Qcom.google.android.apps.nexuslauncher\E'].
02-18 18:51:31.696  8232  8245 D UiDevice: Searching for node with selector: BySelector [PKG='\Qcom.google.android.apps.nexuslauncher\E'].
02-18 18:51:31.850  8232  8245 D UiDevice: Searching for node with selector: BySelector [PKG='\Qcom.google.android.apps.nexuslauncher\E'].
02-18 18:51:31.997  8232  8245 D UiDevice: Searching for node with selector: BySelector [PKG='\Qcom.google.android.apps.nexuslauncher\E'].
02-18 18:51:32.149  8232  8245 D UiDevice: Searching for node with selector: BySelector [PKG='\Qcom.google.android.apps.nexuslauncher\E'].
02-18 18:51:32.295  8232  8245 D UiDevice: Searching for node with selector: BySelector [PKG='\Qcom.google.android.apps.nexuslauncher\E'].
02-18 18:51:32.444  8232  8245 D UiDevice: Searching for node with selector: BySelector [PKG='\Qcom.google.android.apps.nexuslauncher\E'].
02-18 18:51:32.593  8232  8245 D UiDevice: Searching for node with selector: BySelector [PKG='\Qcom.google.android.apps.nexuslauncher\E'].
02-18 18:51:32.926  8232  8245 D UiDevice: Searching for node with selector: BySelector [PKG='\Qcom.google.android.apps.nexuslauncher\E'].
02-18 18:51:33.078  8232  8245 D UiDevice: Searching for node with selector: BySelector [PKG='\Qcom.google.android.apps.nexuslauncher\E'].
02-18 18:51:33.224  8232  8245 D UiDevice: Searching for node with selector: BySelector [PKG='\Qcom.google.android.apps.nexuslauncher\E'].
02-18 18:51:33.373  8232  8245 D UiDevice: Searching for node with selector: BySelector [PKG='\Qcom.google.android.apps.nexuslauncher\E'].
02-18 18:51:33.525  8232  8245 D UiDevice: Searching for node with selector: BySelector [PKG='\Qcom.google.android.apps.nexuslauncher\E'].
02-18 18:51:33.672  8232  8245 D UiDevice: Searching for node with selector: BySelector [PKG='\Qcom.google.android.apps.nexuslauncher\E'].
02-18 18:51:33.821  8232  8245 D UiDevice: Searching for node with selector: BySelector [PKG='\Qcom.google.android.apps.nexuslauncher\E'].
02-18 18:51:33.971  8232  8245 D UiDevice: Searching for node with selector: BySelector [PKG='\Qcom.google.android.apps.nexuslauncher\E'].
02-18 18:51:34.123  8232  8245 D UiDevice: Searching for node with selector: BySelector [PKG='\Qcom.google.android.apps.nexuslauncher\E'].
02-18 18:51:34.271  8232  8245 D UiDevice: Searching for node with selector: BySelector [PKG='\Qcom.google.android.apps.nexuslauncher\E'].
02-18 18:51:34.425  8232  8245 D UiDevice: Searching for node with selector: BySelector [PKG='\Qcom.google.android.apps.nexuslauncher\E'].
02-18 18:51:34.574  8232  8245 D UiDevice: Searching for node with selector: BySelector [PKG='\Qcom.google.android.apps.nexuslauncher\E'].
02-18 18:51:34.730  8232  8245 D UiDevice: Searching for node with selector: BySelector [PKG='\Qcom.google.android.apps.nexuslauncher\E'].
02-18 18:51:35.003  8232  8237 I .testsCore.tes: Background concurrent copying GC freed 18MB AllocSpace bytes, 76(3372KB) LOS objects, 75% free, 8035KB/31MB, paused 1.106ms,34us total 145.915ms
02-18 18:51:35.047  8232  8245 D UiDevice: Searching for node with selector: BySelector [PKG='\Qcom.google.android.apps.nexuslauncher\E'].
02-18 18:51:35.194  8232  8245 D UiDevice: Searching for node with selector: BySelector [PKG='\Qcom.google.android.apps.nexuslauncher\E'].
02-18 18:51:35.343  8232  8245 D UiDevice: Searching for node with selector: BySelector [PKG='\Qcom.google.android.apps.nexuslauncher\E'].
02-18 18:51:35.490  8232  8245 D UiDevice: Searching for node with selector: BySelector [PKG='\Qcom.google.android.apps.nexuslauncher\E'].
02-18 18:51:35.631  8232  8245 D UiDevice: Searching for node with selector: BySelector [PKG='\Qcom.google.android.apps.nexuslauncher\E'].
02-18 18:51:35.785  8232  8245 D UiDevice: Searching for node with selector: BySelector [PKG='\Qcom.google.android.apps.nexuslauncher\E'].
02-18 18:51:35.931  8232  8245 D UiDevice: Searching for node with selector: BySelector [PKG='\Qcom.google.android.apps.nexuslauncher\E'].
02-18 18:51:36.084  8232  8245 D UiDevice: Searching for node with selector: BySelector [PKG='\Qcom.google.android.apps.nexuslauncher\E'].
02-18 18:51:36.235  8232  8245 D UiDevice: Searching for node with selector: BySelector [PKG='\Qcom.google.android.apps.nexuslauncher\E'].
02-18 18:51:36.383  8232  8245 D UiDevice: Searching for node with selector: BySelector [PKG='\Qcom.google.android.apps.nexuslauncher\E'].
02-18 18:51:36.530  8232  8245 D UiDevice: Searching for node with selector: BySelector [PKG='\Qcom.google.android.apps.nexuslauncher\E'].
02-18 18:51:36.683  8232  8245 D UiDevice: Searching for node with selector: BySelector [PKG='\Qcom.google.android.apps.nexuslauncher\E'].
02-18 18:51:36.836  8232  8245 D UiDevice: Searching for node with selector: BySelector [PKG='\Qcom.google.android.apps.nexuslauncher\E'].
02-18 18:51:37.153  8232  8245 D UiDevice: Searching for node with selector: BySelector [PKG='\Qcom.google.android.apps.nexuslauncher\E'].
02-18 18:51:37.308  8232  8245 D UiDevice: Searching for node with selector: BySelector [PKG='\Qcom.google.android.apps.nexuslauncher\E'].
02-18 18:51:37.451  8232  8245 D UiDevice: Searching for node with selector: BySelector [PKG='\Qcom.google.android.apps.nexuslauncher\E'].
02-18 18:51:37.591  8232  8245 D UiDevice: Searching for node with selector: BySelector [PKG='\Qcom.google.android.apps.nexuslauncher\E'].
02-18 18:51:37.743  8232  8245 D UiDevice: Searching for node with selector: BySelector [PKG='\Qcom.google.android.apps.nexuslauncher\E'].
02-18 18:51:37.895  8232  8245 D UiDevice: Searching for node with selector: BySelector [PKG='\Qcom.google.android.apps.nexuslauncher\E'].
02-18 18:51:38.042  8232  8245 D UiDevice: Searching for node with selector: BySelector [PKG='\Qcom.google.android.apps.nexuslauncher\E'].
02-18 18:51:38.192  8232  8245 D UiDevice: Searching for node with selector: BySelector [PKG='\Qcom.google.android.apps.nexuslauncher\E'].
02-18 18:51:38.344  8232  8245 D UiDevice: Searching for node with selector: BySelector [PKG='\Qcom.google.android.apps.nexuslauncher\E'].
02-18 18:51:38.495  8232  8245 D UiDevice: Searching for node with selector: BySelector [PKG='\Qcom.google.android.apps.nexuslauncher\E'].
02-18 18:51:38.652  8232  8245 D UiDevice: Searching for node with selector: BySelector [PKG='\Qcom.google.android.apps.nexuslauncher\E'].
02-18 18:51:38.794  8232  8245 D UiDevice: Searching for node with selector: BySelector [PKG='\Qcom.google.android.apps.nexuslauncher\E'].
02-18 18:51:38.945  8232  8245 D UiDevice: Searching for node with selector: BySelector [PKG='\Qcom.google.android.apps.nexuslauncher\E'].
02-18 18:51:39.264  8232  8245 D UiDevice: Searching for node with selector: BySelector [PKG='\Qcom.google.android.apps.nexuslauncher\E'].
02-18 18:51:39.410  8232  8245 D UiDevice: Searching for node with selector: BySelector [PKG='\Qcom.google.android.apps.nexuslauncher\E'].
02-18 18:51:39.561  8232  8245 D UiDevice: Searching for node with selector: BySelector [PKG='\Qcom.google.android.apps.nexuslauncher\E'].
02-18 18:51:39.716  8232  8245 D UiDevice: Searching for node with selector: BySelector [PKG='\Qcom.google.android.apps.nexuslauncher\E'].
02-18 18:51:39.865  8232  8245 D UiDevice: Searching for node with selector: BySelector [PKG='\Qcom.google.android.apps.nexuslauncher\E'].
02-18 18:51:40.008  8232  8245 D UiDevice: Searching for node with selector: BySelector [PKG='\Qcom.google.android.apps.nexuslauncher\E'].
02-18 18:51:40.158  8232  8245 D UiDevice: Searching for node with selector: BySelector [PKG='\Qcom.google.android.apps.nexuslauncher\E'].
02-18 18:51:40.310  8232  8245 D UiDevice: Searching for node with selector: BySelector [PKG='\Qcom.google.android.apps.nexuslauncher\E'].
02-18 18:51:40.462  8232  8245 D UiDevice: Searching for node with selector: BySelector [PKG='\Qcom.google.android.apps.nexuslauncher\E'].
02-18 18:51:40.619  8232  8245 D UiDevice: Searching for node with selector: BySelector [PKG='\Qcom.google.android.apps.nexuslauncher\E'].
02-18 18:51:40.776  8232  8245 D UiDevice: Searching for node with selector: BySelector [PKG='\Qcom.google.android.apps.nexuslauncher\E'].
02-18 18:51:40.932  8232  8245 D UiDevice: Searching for node with selector: BySelector [PKG='\Qcom.google.android.apps.nexuslauncher\E'].
02-18 18:51:41.084  8232  8245 D UiDevice: Searching for node with selector: BySelector [PKG='\Qcom.google.android.apps.nexuslauncher\E'].
02-18 18:51:41.395  8232  8245 D UiDevice: Searching for node with selector: BySelector [PKG='\Qcom.google.android.apps.nexuslauncher\E'].
02-18 18:51:41.550  8232  8245 D UiDevice: Searching for node with selector: BySelector [PKG='\Qcom.google.android.apps.nexuslauncher\E'].
02-18 18:51:41.698  8232  8245 D UiDevice: Searching for node with selector: BySelector [PKG='\Qcom.google.android.apps.nexuslauncher\E'].
02-18 18:51:41.850  8232  8245 D UiDevice: Searching for node with selector: BySelector [PKG='\Qcom.google.android.apps.nexuslauncher\E'].
02-18 18:51:41.997  8232  8245 D UiDevice: Searching for node with selector: BySelector [PKG='\Qcom.google.android.apps.nexuslauncher\E'].
02-18 18:51:42.149  8232  8245 D UiDevice: Searching for node with selector: BySelector [PKG='\Qcom.google.android.apps.nexuslauncher\E'].
02-18 18:51:42.302  8232  8245 D UiDevice: Searching for node with selector: BySelector [PKG='\Qcom.google.android.apps.nexuslauncher\E'].
02-18 18:51:42.452  8232  8245 D UiDevice: Searching for node with selector: BySelector [PKG='\Qcom.google.android.apps.nexuslauncher\E'].
02-18 18:51:42.603  8232  8245 D UiDevice: Searching for node with selector: BySelector [PKG='\Qcom.google.android.apps.nexuslauncher\E'].
02-18 18:51:42.753  8232  8245 D UiDevice: Searching for node with selector: BySelector [PKG='\Qcom.google.android.apps.nexuslauncher\E'].
02-18 18:51:42.909  8232  8245 D UiDevice: Searching for node with selector: BySelector [PKG='\Qcom.google.android.apps.nexuslauncher\E'].
02-18 18:51:43.061  8232  8245 D UiDevice: Searching for node with selector: BySelector [PKG='\Qcom.google.android.apps.nexuslauncher\E'].
02-18 18:51:43.232  8232  8245 D UiDevice: Searching for node with selector: BySelector [PKG='\Qcom.google.android.apps.nexuslauncher\E'].
02-18 18:51:44.077  8232  8245 D UiDevice: Searching for node with selector: BySelector [PKG='\Qcom.google.android.apps.nexuslauncher\E'].
02-18 18:51:44.226  8232  8245 D UiDevice: Searching for node with selector: BySelector [PKG='\Qcom.google.android.apps.nexuslauncher\E'].
02-18 18:51:44.372  8232  8245 D UiDevice: Searching for node with selector: BySelector [PKG='\Qcom.google.android.apps.nexuslauncher\E'].
02-18 18:51:44.515  8232  8245 D UiDevice: Searching for node with selector: BySelector [PKG='\Qcom.google.android.apps.nexuslauncher\E'].
02-18 18:51:44.668  8232  8245 D UiDevice: Searching for node with selector: BySelector [PKG='\Qcom.google.android.apps.nexuslauncher\E'].
02-18 18:51:44.818  8232  8245 D UiDevice: Searching for node with selector: BySelector [PKG='\Qcom.google.android.apps.nexuslauncher\E'].
02-18 18:51:44.976  8232  8245 D UiDevice: Searching for node with selector: BySelector [PKG='\Qcom.google.android.apps.nexuslauncher\E'].
02-18 18:51:45.137  8232  8245 D UiDevice: Searching for node with selector: BySelector [PKG='\Qcom.google.android.apps.nexuslauncher\E'].
02-18 18:51:45.291  8232  8245 D UiDevice: Searching for node with selector: BySelector [PKG='\Qcom.google.android.apps.nexuslauncher\E'].
02-18 18:51:45.661  8232  8245 D UiDevice: Searching for node with selector: BySelector [PKG='\Qcom.google.android.apps.nexuslauncher\E'].
02-18 18:51:45.807  8232  8245 D UiDevice: Searching for node with selector: BySelector [PKG='\Qcom.google.android.apps.nexuslauncher\E'].
02-18 18:51:45.956  8232  8245 D UiDevice: Searching for node with selector: BySelector [PKG='\Qcom.google.android.apps.nexuslauncher\E'].
02-18 18:51:46.109  8232  8245 D UiDevice: Searching for node with selector: BySelector [PKG='\Qcom.google.android.apps.nexuslauncher\E'].
02-18 18:51:46.261  8232  8245 D UiDevice: Searching for node with selector: BySelector [PKG='\Qcom.google.android.apps.nexuslauncher\E'].
02-18 18:51:46.415  8232  8245 D UiDevice: Searching for node with selector: BySelector [PKG='\Qcom.google.android.apps.nexuslauncher\E'].
02-18 18:51:46.572  8232  8245 D UiDevice: Searching for node with selector: BySelector [PKG='\Qcom.google.android.apps.nexuslauncher\E'].
02-18 18:51:46.724  8232  8245 D UiDevice: Searching for node with selector: BySelector [PKG='\Qcom.google.android.apps.nexuslauncher\E'].
02-18 18:51:46.877  8232  8245 D UiDevice: Searching for node with selector: BySelector [PKG='\Qcom.google.android.apps.nexuslauncher\E'].
02-18 18:51:47.026  8232  8245 D UiDevice: Searching for node with selector: BySelector [PKG='\Qcom.google.android.apps.nexuslauncher\E'].
02-18 18:51:47.176  8232  8245 D UiDevice: Searching for node with selector: BySelector [PKG='\Qcom.google.android.apps.nexuslauncher\E'].
02-18 18:51:47.329  8232  8245 D UiDevice: Searching for node with selector: BySelector [PKG='\Qcom.google.android.apps.nexuslauncher\E'].
02-18 18:51:47.657  8232  8245 D UiDevice: Searching for node with selector: BySelector [PKG='\Qcom.google.android.apps.nexuslauncher\E'].
02-18 18:51:47.805  8232  8245 D UiDevice: Searching for node with selector: BySelector [PKG='\Qcom.google.android.apps.nexuslauncher\E'].
02-18 18:51:47.953  8232  8245 D UiDevice: Searching for node with selector: BySelector [PKG='\Qcom.google.android.apps.nexuslauncher\E'].
02-18 18:51:48.110  8232  8245 D UiDevice: Searching for node with selector: BySelector [PKG='\Qcom.google.android.apps.nexuslauncher\E'].
02-18 18:51:48.257  8232  8245 D UiDevice: Searching for node with selector: BySelector [PKG='\Qcom.google.android.apps.nexuslauncher\E'].
02-18 18:51:48.413  8232  8245 D UiDevice: Searching for node with selector: BySelector [PKG='\Qcom.google.android.apps.nexuslauncher\E'].
02-18 18:51:48.565  8232  8245 D UiDevice: Searching for node with selector: BySelector [PKG='\Qcom.google.android.apps.nexuslauncher\E'].
02-18 18:51:48.717  8232  8245 D UiDevice: Searching for node with selector: BySelector [PKG='\Qcom.google.android.apps.nexuslauncher\E'].
02-18 18:51:48.865  8232  8245 D UiDevice: Searching for node with selector: BySelector [PKG='\Qcom.google.android.apps.nexuslauncher\E'].
02-18 18:51:49.011  8232  8245 D UiDevice: Searching for node with selector: BySelector [PKG='\Qcom.google.android.apps.nexuslauncher\E'].
02-18 18:51:49.160  8232  8245 D UiDevice: Searching for node with selector: BySelector [PKG='\Qcom.google.android.apps.nexuslauncher\E'].
02-18 18:51:49.317  8232  8245 D UiDevice: Searching for node with selector: BySelector [PKG='\Qcom.google.android.apps.nexuslauncher\E'].
02-18 18:51:49.468  8232  8245 D UiDevice: Searching for node with selector: BySelector [PKG='\Qcom.google.android.apps.nexuslauncher\E'].
02-18 18:51:49.793  8232  8245 D UiDevice: Searching for node with selector: BySelector [PKG='\Qcom.google.android.apps.nexuslauncher\E'].
02-18 18:51:49.944  8232  8245 D UiDevice: Searching for node with selector: BySelector [PKG='\Qcom.google.android.apps.nexuslauncher\E'].
02-18 18:51:50.097  8232  8245 D UiDevice: Searching for node with selector: BySelector [PKG='\Qcom.google.android.apps.nexuslauncher\E'].
02-18 18:51:50.248  8232  8245 D UiDevice: Searching for node with selector: BySelector [PKG='\Qcom.google.android.apps.nexuslauncher\E'].
02-18 18:51:50.392  8232  8245 D UiDevice: Searching for node with selector: BySelector [PKG='\Qcom.google.android.apps.nexuslauncher\E'].
02-18 18:51:50.535  8232  8245 D UiDevice: Searching for node with selector: BySelector [PKG='\Qcom.google.android.apps.nexuslauncher\E'].
02-18 18:51:50.609  8232  8245 D UiDevice: Waiting 20000ms for SearchCondition[hasObject=BySelector [PKG='\Qcom.wire.internal\E']].
02-18 18:51:50.610  8232  8245 D UiDevice: Searching for node with selector: BySelector [PKG='\Qcom.wire.internal\E'].
02-18 18:51:50.730  8232  8245 D UiDevice: Searching for node with selector: BySelector [PKG='\Qcom.wire.internal\E'].
02-18 18:51:50.855  8232  8245 D UiDevice: Searching for node with selector: BySelector [PKG='\Qcom.wire.internal\E'].
02-18 18:51:50.982  8232  8245 D UiDevice: Searching for node with selector: BySelector [PKG='\Qcom.wire.internal\E'].
02-18 18:51:51.107  8232  8245 D UiDevice: Searching for node with selector: BySelector [PKG='\Qcom.wire.internal\E'].
02-18 18:51:51.244  8232  8245 D UiDevice: Searching for node with selector: BySelector [PKG='\Qcom.wire.internal\E'].
02-18 18:51:51.384  8232  8245 D UiDevice: Searching for node with selector: BySelector [PKG='\Qcom.wire.internal\E'].
02-18 18:51:51.524  8232  8245 D UiDevice: Searching for node with selector: BySelector [PKG='\Qcom.wire.internal\E'].
02-18 18:51:51.766  8232  8245 D UiDevice: Searching for node with selector: BySelector [PKG='\Qcom.wire.internal\E'].
02-18 18:51:51.893  8232  8245 D UiDevice: Searching for node with selector: BySelector [PKG='\Qcom.wire.internal\E'].
02-18 18:51:52.019  8232  8245 D UiDevice: Searching for node with selector: BySelector [PKG='\Qcom.wire.internal\E'].
02-18 18:51:52.144  8232  8245 D UiDevice: Searching for node with selector: BySelector [PKG='\Qcom.wire.internal\E'].
02-18 18:51:52.270  8232  8245 D UiDevice: Searching for node with selector: BySelector [PKG='\Qcom.wire.internal\E'].
02-18 18:51:52.398  8232  8245 D UiDevice: Searching for node with selector: BySelector [PKG='\Qcom.wire.internal\E'].
02-18 18:51:52.523  8232  8245 D UiDevice: Searching for node with selector: BySelector [PKG='\Qcom.wire.internal\E'].
02-18 18:51:52.650  8232  8245 D UiDevice: Searching for node with selector: BySelector [PKG='\Qcom.wire.internal\E'].
02-18 18:51:52.773  8232  8245 D UiDevice: Searching for node with selector: BySelector [PKG='\Qcom.wire.internal\E'].
02-18 18:51:52.892  8232  8245 D UiDevice: Searching for node with selector: BySelector [PKG='\Qcom.wire.internal\E'].
02-18 18:51:53.011  8232  8245 D UiDevice: Searching for node with selector: BySelector [PKG='\Qcom.wire.internal\E'].
02-18 18:51:53.131  8232  8245 D UiDevice: Searching for node with selector: BySelector [PKG='\Qcom.wire.internal\E'].
02-18 18:51:53.253  8232  8245 D UiDevice: Searching for node with selector: BySelector [PKG='\Qcom.wire.internal\E'].
02-18 18:51:53.376  8232  8245 D UiDevice: Searching for node with selector: BySelector [PKG='\Qcom.wire.internal\E'].
02-18 18:51:53.496  8232  8245 D UiDevice: Searching for node with selector: BySelector [PKG='\Qcom.wire.internal\E'].
02-18 18:51:53.618  8232  8245 D UiDevice: Searching for node with selector: BySelector [PKG='\Qcom.wire.internal\E'].
02-18 18:51:53.905  8232  8245 D UiDevice: Searching for node with selector: BySelector [PKG='\Qcom.wire.internal\E'].
02-18 18:51:54.051  8232  8245 D UiDevice: Searching for node with selector: BySelector [PKG='\Qcom.wire.internal\E'].
02-18 18:51:54.196  8232  8245 D UiDevice: Searching for node with selector: BySelector [PKG='\Qcom.wire.internal\E'].
02-18 18:51:54.327  8232  8245 D UiDevice: Searching for node with selector: BySelector [PKG='\Qcom.wire.internal\E'].
02-18 18:51:54.471  8232  8245 D UiDevice: Searching for node with selector: BySelector [PKG='\Qcom.wire.internal\E'].
02-18 18:51:54.616  8232  8245 D UiDevice: Searching for node with selector: BySelector [PKG='\Qcom.wire.internal\E'].
02-18 18:51:54.765  8232  8245 D UiDevice: Searching for node with selector: BySelector [PKG='\Qcom.wire.internal\E'].
02-18 18:51:54.911  8232  8245 D UiDevice: Searching for node with selector: BySelector [PKG='\Qcom.wire.internal\E'].
02-18 18:51:55.057  8232  8245 D UiDevice: Searching for node with selector: BySelector [PKG='\Qcom.wire.internal\E'].
02-18 18:51:55.210  8232  8245 D UiDevice: Searching for node with selector: BySelector [PKG='\Qcom.wire.internal\E'].
02-18 18:51:55.361  8232  8245 D UiDevice: Searching for node with selector: BySelector [PKG='\Qcom.wire.internal\E'].
02-18 18:51:55.513  8232  8245 D UiDevice: Searching for node with selector: BySelector [PKG='\Qcom.wire.internal\E'].
02-18 18:51:55.669  8232  8245 D UiDevice: Searching for node with selector: BySelector [PKG='\Qcom.wire.internal\E'].
02-18 18:51:55.926  8232  8245 D UiDevice: Searching for node with selector: BySelector [PKG='\Qcom.wire.internal\E'].
02-18 18:51:56.063  8232  8245 D UiDevice: Searching for node with selector: BySelector [PKG='\Qcom.wire.internal\E'].
02-18 18:51:56.216  8232  8245 D UiDevice: Searching for node with selector: BySelector [PKG='\Qcom.wire.internal\E'].
02-18 18:51:56.365  8232  8245 D UiDevice: Searching for node with selector: BySelector [PKG='\Qcom.wire.internal\E'].
02-18 18:51:56.514  8232  8245 D UiDevice: Searching for node with selector: BySelector [PKG='\Qcom.wire.internal\E'].
02-18 18:51:56.671  8232  8245 D UiDevice: Searching for node with selector: BySelector [PKG='\Qcom.wire.internal\E'].
02-18 18:51:56.815  8232  8245 D UiDevice: Searching for node with selector: BySelector [PKG='\Qcom.wire.internal\E'].
02-18 18:51:56.969  8232  8245 D UiDevice: Searching for node with selector: BySelector [PKG='\Qcom.wire.internal\E'].
02-18 18:51:57.115  8232  8245 D UiDevice: Searching for node with selector: BySelector [PKG='\Qcom.wire.internal\E'].
02-18 18:51:57.261  8232  8245 D UiDevice: Searching for node with selector: BySelector [PKG='\Qcom.wire.internal\E'].
02-18 18:51:57.408  8232  8245 D UiDevice: Searching for node with selector: BySelector [PKG='\Qcom.wire.internal\E'].
02-18 18:51:57.547  8232  8245 D UiDevice: Searching for node with selector: BySelector [PKG='\Qcom.wire.internal\E'].
02-18 18:51:57.695  8232  8245 D UiDevice: Searching for node with selector: BySelector [PKG='\Qcom.wire.internal\E'].
02-18 18:51:58.039  8232  8245 D UiDevice: Searching for node with selector: BySelector [PKG='\Qcom.wire.internal\E'].
02-18 18:51:58.185  8232  8245 D UiDevice: Searching for node with selector: BySelector [PKG='\Qcom.wire.internal\E'].
02-18 18:51:58.332  8232  8245 D UiDevice: Searching for node with selector: BySelector [PKG='\Qcom.wire.internal\E'].
02-18 18:51:58.464  8232  8245 D UiDevice: Searching for node with selector: BySelector [PKG='\Qcom.wire.internal\E'].
02-18 18:51:58.613  8232  8245 D UiDevice: Searching for node with selector: BySelector [PKG='\Qcom.wire.internal\E'].
02-18 18:51:58.765  8232  8245 D UiDevice: Searching for node with selector: BySelector [PKG='\Qcom.wire.internal\E'].
02-18 18:51:58.920  8232  8245 D UiDevice: Searching for node with selector: BySelector [PKG='\Qcom.wire.internal\E'].
02-18 18:51:59.065  8232  8245 D UiDevice: Searching for node with selector: BySelector [PKG='\Qcom.wire.internal\E'].
02-18 18:51:59.216  8232  8245 D UiDevice: Searching for node with selector: BySelector [PKG='\Qcom.wire.internal\E'].
02-18 18:51:59.368  8232  8245 D UiDevice: Searching for node with selector: BySelector [PKG='\Qcom.wire.internal\E'].
02-18 18:51:59.517  8232  8245 D UiDevice: Searching for node with selector: BySelector [PKG='\Qcom.wire.internal\E'].
02-18 18:51:59.672  8232  8245 D UiDevice: Searching for node with selector: BySelector [PKG='\Qcom.wire.internal\E'].
02-18 18:51:59.823  8232  8245 D UiDevice: Searching for node with selector: BySelector [PKG='\Qcom.wire.internal\E'].
02-18 18:52:00.134  8232  8245 D UiDevice: Searching for node with selector: BySelector [PKG='\Qcom.wire.internal\E'].
02-18 18:52:00.290  8232  8245 D UiDevice: Searching for node with selector: BySelector [PKG='\Qcom.wire.internal\E'].
02-18 18:52:00.436  8232  8245 D UiDevice: Searching for node with selector: BySelector [PKG='\Qcom.wire.internal\E'].
02-18 18:52:00.576  8232  8245 D UiDevice: Searching for node with selector: BySelector [PKG='\Qcom.wire.internal\E'].
02-18 18:52:00.726  8232  8245 D UiDevice: Searching for node with selector: BySelector [PKG='\Qcom.wire.internal\E'].
02-18 18:52:00.866  8232  8245 D UiDevice: Searching for node with selector: BySelector [PKG='\Qcom.wire.internal\E'].
02-18 18:52:01.016  8232  8245 D UiDevice: Searching for node with selector: BySelector [PKG='\Qcom.wire.internal\E'].
02-18 18:52:01.171  8232  8245 D UiDevice: Searching for node with selector: BySelector [PKG='\Qcom.wire.internal\E'].
02-18 18:52:01.321  8232  8245 D UiDevice: Searching for node with selector: BySelector [PKG='\Qcom.wire.internal\E'].
02-18 18:52:01.476  8232  8245 D UiDevice: Searching for node with selector: BySelector [PKG='\Qcom.wire.internal\E'].
02-18 18:52:01.628  8232  8245 D UiDevice: Searching for node with selector: BySelector [PKG='\Qcom.wire.internal\E'].
02-18 18:52:01.780  8232  8245 D UiDevice: Searching for node with selector: BySelector [PKG='\Qcom.wire.internal\E'].
02-18 18:52:01.933  8232  8245 D UiDevice: Searching for node with selector: BySelector [PKG='\Qcom.wire.internal\E'].
02-18 18:52:02.403  8232  8245 D UiDevice: Searching for node with selector: BySelector [PKG='\Qcom.wire.internal\E'].
02-18 18:52:02.814  8232  8245 D UiDevice: Searching for node with selector: BySelector [PKG='\Qcom.wire.internal\E'].
02-18 18:52:02.956  8232  8245 D UiDevice: Searching for node with selector: BySelector [PKG='\Qcom.wire.internal\E'].
02-18 18:52:03.091  8232  8245 D UiDevice: Searching for node with selector: BySelector [PKG='\Qcom.wire.internal\E'].
02-18 18:52:03.233  8232  8245 D UiDevice: Searching for node with selector: BySelector [PKG='\Qcom.wire.internal\E'].
02-18 18:52:03.358  8232  8245 D UiDevice: Searching for node with selector: BySelector [PKG='\Qcom.wire.internal\E'].
02-18 18:52:03.492  8232  8245 D UiDevice: Searching for node with selector: BySelector [PKG='\Qcom.wire.internal\E'].
02-18 18:52:03.643  8232  8245 D UiDevice: Searching for node with selector: BySelector [PKG='\Qcom.wire.internal\E'].
02-18 18:52:03.797  8232  8245 D UiDevice: Searching for node with selector: BySelector [PKG='\Qcom.wire.internal\E'].
02-18 18:52:03.950  8232  8245 D UiDevice: Searching for node with selector: BySelector [PKG='\Qcom.wire.internal\E'].
02-18 18:52:04.275  8232  8245 D UiDevice: Searching for node with selector: BySelector [PKG='\Qcom.wire.internal\E'].
02-18 18:52:04.427  8232  8245 D UiDevice: Searching for node with selector: BySelector [PKG='\Qcom.wire.internal\E'].
02-18 18:52:04.576  8232  8245 D UiDevice: Searching for node with selector: BySelector [PKG='\Qcom.wire.internal\E'].
02-18 18:52:04.727  8232  8245 D UiDevice: Searching for node with selector: BySelector [PKG='\Qcom.wire.internal\E'].
02-18 18:52:04.874  8232  8245 D UiDevice: Searching for node with selector: BySelector [PKG='\Qcom.wire.internal\E'].
02-18 18:52:05.028  8232  8245 D UiDevice: Searching for node with selector: BySelector [PKG='\Qcom.wire.internal\E'].
02-18 18:52:05.177  8232  8245 D UiDevice: Searching for node with selector: BySelector [PKG='\Qcom.wire.internal\E'].
02-18 18:52:05.327  8232  8245 D UiDevice: Searching for node with selector: BySelector [PKG='\Qcom.wire.internal\E'].
02-18 18:52:05.472  8232  8245 D UiDevice: Searching for node with selector: BySelector [PKG='\Qcom.wire.internal\E'].
02-18 18:52:05.620  8232  8245 D UiDevice: Searching for node with selector: BySelector [PKG='\Qcom.wire.internal\E'].
02-18 18:52:05.774  8232  8245 D UiDevice: Searching for node with selector: BySelector [PKG='\Qcom.wire.internal\E'].
02-18 18:52:05.928  8232  8245 D UiDevice: Searching for node with selector: BySelector [PKG='\Qcom.wire.internal\E'].
02-18 18:52:06.075  8232  8245 D UiDevice: Searching for node with selector: BySelector [PKG='\Qcom.wire.internal\E'].
02-18 18:52:06.426  8232  8245 D UiDevice: Searching for node with selector: BySelector [PKG='\Qcom.wire.internal\E'].
02-18 18:52:06.578  8232  8245 D UiDevice: Searching for node with selector: BySelector [PKG='\Qcom.wire.internal\E'].
02-18 18:52:06.735  8232  8245 D UiDevice: Searching for node with selector: BySelector [PKG='\Qcom.wire.internal\E'].
02-18 18:52:06.891  8232  8245 D UiDevice: Searching for node with selector: BySelector [PKG='\Qcom.wire.internal\E'].
02-18 18:52:07.041  8232  8245 D UiDevice: Searching for node with selector: BySelector [PKG='\Qcom.wire.internal\E'].
02-18 18:52:07.198  8232  8245 D UiDevice: Searching for node with selector: BySelector [PKG='\Qcom.wire.internal\E'].
02-18 18:52:07.348  8232  8245 D UiDevice: Searching for node with selector: BySelector [PKG='\Qcom.wire.internal\E'].
02-18 18:52:07.496  8232  8245 D UiDevice: Searching for node with selector: BySelector [PKG='\Qcom.wire.internal\E'].
02-18 18:52:07.652  8232  8245 D UiDevice: Searching for node with selector: BySelector [PKG='\Qcom.wire.internal\E'].
02-18 18:52:07.800  8232  8245 D UiDevice: Searching for node with selector: BySelector [PKG='\Qcom.wire.internal\E'].
02-18 18:52:07.958  8232  8245 D UiDevice: Searching for node with selector: BySelector [PKG='\Qcom.wire.internal\E'].
02-18 18:52:08.105  8232  8245 D UiDevice: Searching for node with selector: BySelector [PKG='\Qcom.wire.internal\E'].
02-18 18:52:08.434  8232  8245 D UiDevice: Searching for node with selector: BySelector [PKG='\Qcom.wire.internal\E'].
02-18 18:52:08.587  8232  8245 D UiDevice: Searching for node with selector: BySelector [PKG='\Qcom.wire.internal\E'].
02-18 18:52:08.733  8232  8245 D UiDevice: Searching for node with selector: BySelector [PKG='\Qcom.wire.internal\E'].
02-18 18:52:08.884  8232  8245 D UiDevice: Searching for node with selector: BySelector [PKG='\Qcom.wire.internal\E'].
02-18 18:52:09.034  8232  8245 D UiDevice: Searching for node with selector: BySelector [PKG='\Qcom.wire.internal\E'].
02-18 18:52:09.184  8232  8245 D UiDevice: Searching for node with selector: BySelector [PKG='\Qcom.wire.internal\E'].
02-18 18:52:09.337  8232  8245 D UiDevice: Searching for node with selector: BySelector [PKG='\Qcom.wire.internal\E'].
02-18 18:52:09.490  8232  8245 D UiDevice: Searching for node with selector: BySelector [PKG='\Qcom.wire.internal\E'].
02-18 18:52:09.641  8232  8245 D UiDevice: Searching for node with selector: BySelector [PKG='\Qcom.wire.internal\E'].
02-18 18:52:09.793  8232  8245 D UiDevice: Searching for node with selector: BySelector [PKG='\Qcom.wire.internal\E'].
02-18 18:52:09.946  8232  8245 D UiDevice: Searching for node with selector: BySelector [PKG='\Qcom.wire.internal\E'].
02-18 18:52:10.092  8232  8245 D UiDevice: Searching for node with selector: BySelector [PKG='\Qcom.wire.internal\E'].
02-18 18:52:10.241  8232  8245 D UiDevice: Searching for node with selector: BySelector [PKG='\Qcom.wire.internal\E'].
02-18 18:52:10.577  8232  8245 D UiDevice: Searching for node with selector: BySelector [PKG='\Qcom.wire.internal\E'].
02-18 18:52:10.627  8232  8245 I System.out: Could not access BuildConfig field 'BACKENDCONNECTION_STAGING_SOCKSPROXY': No field BACKENDCONNECTION_STAGING_SOCKSPROXY in class Lcom/wire/android/testSupport/BuildConfig; (declaration of 'com.wire.android.testSupport.BuildConfig' appears in /data/app/~~RbuDCPn4UnsRgIb7PCAhfQ==/com.wire.android.tests.testsCore.test-IoIqIokbhjmKktoilDnKrA==/base.apk!classes2.dex)
02-18 18:52:10.629  8232  8245 I System.out: Could not access BuildConfig field 'BACKENDCONNECTION_STAGING_SOCKSPROXY': No field BACKENDCONNECTION_STAGING_SOCKSPROXY in class Lcom/wire/android/testSupport/BuildConfig; (declaration of 'com.wire.android.testSupport.BuildConfig' appears in /data/app/~~RbuDCPn4UnsRgIb7PCAhfQ==/com.wire.android.tests.testsCore.test-IoIqIokbhjmKktoilDnKrA==/base.apk!classes2.dex)
02-18 18:52:10.631  8232  8245 I System.out: Could not access BuildConfig field 'BACKENDCONNECTION_STAGING_SOCKSPROXY': No field BACKENDCONNECTION_STAGING_SOCKSPROXY in class Lcom/wire/android/testSupport/BuildConfig; (declaration of 'com.wire.android.testSupport.BuildConfig' appears in /data/app/~~RbuDCPn4UnsRgIb7PCAhfQ==/com.wire.android.tests.testsCore.test-IoIqIokbhjmKktoilDnKrA==/base.apk!classes2.dex)
02-18 18:52:10.801  8232  8245 W UiAutomation: UiAutomation.grantRuntimePermission() is more robust and should be used instead of 'pm grant'
02-18 18:52:10.808  8232  8245 W UiAutomation: UiAutomation.grantRuntimePermission() is more robust and should be used instead of 'pm grant'
02-18 18:52:10.820  8232  8245 I ClientUserManager: 18:52:10 INFO [491] (ClientUse) Cannot find user by: user1Name 
02-18 18:52:10.821  8232  8245 I Hello   : 18:52:10 INFO [491] (ClientUse) Hello, my name is Whitley Carroll and my email is carrolljanxsuaavh@wire.engineering and password is 9!$7Fcwn and emailPassword is ROOs::|h%S?&innnnn 
02-18 18:52:12.682  8232  8245 I ClientUserManager: 18:52:12 INFO [491] (ClientUse) Cannot find user by: user1Name 
02-18 18:52:12.740  8232  8245 I ClientUserManager: 18:52:12 INFO [491] (ClientUse) Cannot find user by: user2Name 
02-18 18:52:12.743  8232  8245 I ClientUserManager: 18:52:12 INFO [491] (ClientUse) Cannot find user by: user3Name 
02-18 18:52:14.643  8232  8245 I ClientUserManager: 18:52:14 INFO [491] (ClientUse) Cannot find user by: user1Name 
02-18 18:52:14.653  8232  8245 I ClientUserManager: 18:52:14 INFO [491] (ClientUse) Cannot find user by: user2Name 
02-18 18:52:14.659  8232  8245 I ClientUserManager: 18:52:14 INFO [491] (ClientUse) Cannot find user by: user3Name 
02-18 18:52:14.662  8232  8245 I System.out: Could not access BuildConfig field 'BACKENDCONNECTION_STAGING_SOCKSPROXY': No field BACKENDCONNECTION_STAGING_SOCKSPROXY in class Lcom/wire/android/testSupport/BuildConfig; (declaration of 'com.wire.android.testSupport.BuildConfig' appears in /data/app/~~RbuDCPn4UnsRgIb7PCAhfQ==/com.wire.android.tests.testsCore.test-IoIqIokbhjmKktoilDnKrA==/base.apk!classes2.dex)
02-18 18:52:14.834  8232  8245 I ClientUserManager: 18:52:14 INFO [491] (ClientUse) Cannot find user by: user3Name 
02-18 18:52:14.835  8232  8245 I System.out: Could not access BuildConfig field 'BACKENDCONNECTION_STAGING_SOCKSPROXY': No field BACKENDCONNECTION_STAGING_SOCKSPROXY in class Lcom/wire/android/testSupport/BuildConfig; (declaration of 'com.wire.android.testSupport.BuildConfig' appears in /data/app/~~RbuDCPn4UnsRgIb7PCAhfQ==/com.wire.android.tests.testsCore.test-IoIqIokbhjmKktoilDnKrA==/base.apk!classes2.dex)
02-18 18:52:14.838  8232  8245 I ClientUserManager: 18:52:14 INFO [491] (ClientUse) Cannot find user by: user3Name 
02-18 18:52:14.893  8232  8245 I ClientUserManager: 18:52:14 INFO [491] (ClientUse) Cannot find user by: user3Name 
02-18 18:52:14.895  8232  8245 I System.out: Could not access BuildConfig field 'BACKENDCONNECTION_STAGING_SOCKSPROXY': No field BACKENDCONNECTION_STAGING_SOCKSPROXY in class Lcom/wire/android/testSupport/BuildConfig; (declaration of 'com.wire.android.testSupport.BuildConfig' appears in /data/app/~~RbuDCPn4UnsRgIb7PCAhfQ==/com.wire.android.tests.testsCore.test-IoIqIokbhjmKktoilDnKrA==/base.apk!classes2.dex)
02-18 18:52:14.897  8232  8245 I TestService: 18:52:14 INFO [491] (TestServi) GET: http://192.168.2.18:8080/api/v1/ 
02-18 18:52:14.914  8232  8245 I TestService: 18:52:14 INFO [491] (TestServi) PUT: http://192.168.2.18:8080/api/v1/instance 
02-18 18:52:14.915  8232  8245 I TestService: 18:52:14 INFO [491] (TestServi)  >>> Request: {"email":"mantedobsjhuumc@wire.engineering","password":"F!@l!9is","deviceName":"Device1","name":"TestService","customBackend":{"name":"STAGING","rest":"https:\/\/staging-nginz-https.zinfra.io\/","ws":"wss:\/\/staging-nginz-ssl.zinfra.io"},"federationDomain":"staging.zinfra.io","developmentApiEnabled":true} 
02-18 18:52:24.284  8232  8245 I TestService: 18:52:24 INFO [491] (TestServi)  >>> Response (200): {"backend":"staging","clientId":"982a46ee8399e3d0","instanceId":"623949b0-d5c3-4fe8-bfcf-b3bd9d4e9d92","name":"TestService","startupTime":7514,"startTime":1771437141403} 
02-18 18:52:24.290  8232  8245 I ClientUserManager: 18:52:24 INFO [491] (ClientUse) Cannot find user by: user1Name 
02-18 18:52:24.291  8232  8245 I System.out: Could not access BuildConfig field 'BACKENDCONNECTION_STAGING_SOCKSPROXY': No field BACKENDCONNECTION_STAGING_SOCKSPROXY in class Lcom/wire/android/testSupport/BuildConfig; (declaration of 'com.wire.android.testSupport.BuildConfig' appears in /data/app/~~RbuDCPn4UnsRgIb7PCAhfQ==/com.wire.android.tests.testsCore.test-IoIqIokbhjmKktoilDnKrA==/base.apk!classes2.dex)
02-18 18:52:24.443  8232  8245 I UiAutomatorPinger: 18:52:24 INFO [491] (UiAutomat) Starting UIAutomator pinger every 30 seconds 
02-18 18:52:24.461  8232  8637 I UiAutomatorPinger: 18:52:24 INFO [500] (UiAutomat) Pinging device (waking up screen) 
02-18 18:52:24.465  8232  8641 D CallingManager: Creating instance for user3Name
02-18 18:52:24.465  8232  8638 D CallingManager: Creating instance for user2Name
02-18 18:52:24.467  8232  8637 D UiDevice: Turning on screen.
02-18 18:52:24.472  8232  8641 I ClientUserManager: 18:52:24 INFO [504] (ClientUse) Cannot find user by: user3Name 
02-18 18:52:24.472  8232  8638 I ClientUserManager: 18:52:24 INFO [501] (ClientUse) Cannot find user by: user2Name 
02-18 18:52:24.474  8232  8638 I System.out: Could not access BuildConfig field 'BACKENDCONNECTION_STAGING_SOCKSPROXY': No field BACKENDCONNECTION_STAGING_SOCKSPROXY in class Lcom/wire/android/testSupport/BuildConfig; (declaration of 'com.wire.android.testSupport.BuildConfig' appears in /data/app/~~RbuDCPn4UnsRgIb7PCAhfQ==/com.wire.android.tests.testsCore.test-IoIqIokbhjmKktoilDnKrA==/base.apk!classes2.dex)
02-18 18:52:24.475  8232  8641 I System.out: Could not access BuildConfig field 'BACKENDCONNECTION_STAGING_SOCKSPROXY': No field BACKENDCONNECTION_STAGING_SOCKSPROXY in class Lcom/wire/android/testSupport/BuildConfig; (declaration of 'com.wire.android.testSupport.BuildConfig' appears in /data/app/~~RbuDCPn4UnsRgIb7PCAhfQ==/com.wire.android.tests.testsCore.test-IoIqIokbhjmKktoilDnKrA==/base.apk!classes2.dex)
02-18 18:52:24.521  8232  8641 I System.out: Could not access BuildConfig field 'BACKENDCONNECTION_STAGING_SOCKSPROXY': No field BACKENDCONNECTION_STAGING_SOCKSPROXY in class Lcom/wire/android/testSupport/BuildConfig; (declaration of 'com.wire.android.testSupport.BuildConfig' appears in /data/app/~~RbuDCPn4UnsRgIb7PCAhfQ==/com.wire.android.tests.testsCore.test-IoIqIokbhjmKktoilDnKrA==/base.apk!classes2.dex)
02-18 18:52:24.522  8232  8638 I System.out: Could not access BuildConfig field 'BACKENDCONNECTION_STAGING_SOCKSPROXY': No field BACKENDCONNECTION_STAGING_SOCKSPROXY in class Lcom/wire/android/testSupport/BuildConfig; (declaration of 'com.wire.android.testSupport.BuildConfig' appears in /data/app/~~RbuDCPn4UnsRgIb7PCAhfQ==/com.wire.android.tests.testsCore.test-IoIqIokbhjmKktoilDnKrA==/base.apk!classes2.dex)
02-18 18:52:25.256  8232  8637 I UiAutomatorPinger: 18:52:25 INFO [500] (UiAutomat) Device screen awakened 
02-18 18:52:34.711  8232  8641 D CallingManager: Started instance b190a122-3c50-4edd-8597-0ec17200bdde for user Clarence Mante
02-18 18:52:34.882  8232  8638 D CallingManager: Started instance 11ddbbef-c4ad-4015-886f-7a645e224bd3 for user Bernardine Greenholt
02-18 18:52:34.887  8232  8245 I UiAutomatorPinger: 18:52:34 INFO [491] (UiAutomat) Stopping UIAutomator pinger 
02-18 18:52:34.898  8232  8245 I System.out: Could not access BuildConfig field 'BACKENDCONNECTION_STAGING_SOCKSPROXY': No field BACKENDCONNECTION_STAGING_SOCKSPROXY in class Lcom/wire/android/testSupport/BuildConfig; (declaration of 'com.wire.android.testSupport.BuildConfig' appears in /data/app/~~RbuDCPn4UnsRgIb7PCAhfQ==/com.wire.android.tests.testsCore.test-IoIqIokbhjmKktoilDnKrA==/base.apk!classes2.dex)
02-18 18:52:34.902  8232  8245 D UiDevice: Waiting 10000ms for SearchCondition[hasObject=BySelector [TEXT='\QEnter your email to start!\E']].
02-18 18:52:34.902  8232  8245 D UiDevice: Searching for node with selector: BySelector [TEXT='\QEnter your email to start!\E'].
02-18 18:52:35.525  8232  8245 W QueryController: Could not detect idle state.
02-18 18:52:35.526  8232  8245 D UiDevice: Retrieving node with selector: BySelector [TEXT='\QEnter your email to start!\E'].
02-18 18:52:35.571  8232  8245 I .testsCore.tes: hiddenapi: Accessing hidden method Landroid/view/MotionEvent;->setDisplayId(I)V (runtime_flags=0, domain=platform, api=blocked,test-api) from Landroidx/test/uiautomator/GestureController; (domain=app, TargetSdkVersion=36) using reflection: allowed
02-18 18:52:35.706  8232  8245 D UiDevice: Retrieving node with selector: BySelector [TEXT='\QEnter your email to start!\E'].
02-18 18:52:35.782  8232  8245 D UiDevice: Waiting 10000ms for SearchCondition[hasObject=BySelector [TEXT='\QProceed\E']].
02-18 18:52:35.782  8232  8245 D UiDevice: Searching for node with selector: BySelector [TEXT='\QProceed\E'].
02-18 18:52:35.936  8232  8245 D UiDevice: Searching for node with selector: BySelector [TEXT='\QProceed\E'].
02-18 18:52:36.072  8232  8245 D UiDevice: Searching for node with selector: BySelector [TEXT='\QProceed\E'].
