--------- beginning of main
02-17 09:21:56.777 10895 10908 E TestRunner: failed: givenUserInAnotherTeam_whenFileIsSent_thenRecipientCanReceivePlayAndDownloadIt(com.wire.android.tests.core.criticalFlows.FileSharingBetweenTeams)
02-17 09:21:56.778 10895 10908 E TestRunner: ----- begin exception -----
02-17 09:21:56.778 10895 10908 E TestRunner: java.lang.AssertionError: Element not found with selector: text='Enter your email to start!'
02-17 09:21:56.778 10895 10908 E TestRunner: 	at uiautomatorutils.UiWaitUtils.waitElement(UiWaitUtils.kt:94)
02-17 09:21:56.778 10895 10908 E TestRunner: 	at uiautomatorutils.UiWaitUtils.waitElement$default(UiWaitUtils.kt:84)
02-17 09:21:56.778 10895 10908 E TestRunner: 	at com.wire.android.tests.core.pages.RegistrationPage.assertEmailWelcomePage(RegistrationPage.kt:66)
02-17 09:21:56.778 10895 10908 E TestRunner: 	at com.wire.android.tests.core.criticalFlows.FileSharingBetweenTeams.givenUserInAnotherTeam_whenFileIsSent_thenRecipientCanReceivePlayAndDownloadIt$lambda$7(FileSharingBetweenTeams.kt:127)
02-17 09:21:56.778 10895 10908 E TestRunner: 	at com.wire.android.tests.core.criticalFlows.FileSharingBetweenTeams.$r8$lambda$wBwXBq4ElaSAC8GukrexFtaXqkM(Unknown Source:0)
02-17 09:21:56.778 10895 10908 E TestRunner: 	at com.wire.android.tests.core.criticalFlows.FileSharingBetweenTeams$$ExternalSyntheticLambda2.invoke(D8$$SyntheticClass:0)
02-17 09:21:56.778 10895 10908 E TestRunner: 	at com.wire.android.tests.core.BaseUiTest.step$lambda$1(BaseUiTest.kt:54)
02-17 09:21:56.778 10895 10908 E TestRunner: 	at com.wire.android.tests.core.BaseUiTest.$r8$lambda$CSKDAIjp6271vtVFMpsHBDVw5qY(Unknown Source:0)
02-17 09:21:56.778 10895 10908 E TestRunner: 	at com.wire.android.tests.core.BaseUiTest$$ExternalSyntheticLambda1.invoke(D8$$SyntheticClass:0)
02-17 09:21:56.778 10895 10908 E TestRunner: 	at io.qameta.allure.kotlin.Allure.step(Allure.kt:60)
02-17 09:21:56.778 10895 10908 E TestRunner: 	at com.wire.android.tests.core.BaseUiTest.step(BaseUiTest.kt:54)
02-17 09:21:56.778 10895 10908 E TestRunner: 	at com.wire.android.tests.core.criticalFlows.FileSharingBetweenTeams.givenUserInAnotherTeam_whenFileIsSent_thenRecipientCanReceivePlayAndDownloadIt(FileSharingBetweenTeams.kt:125)
02-17 09:21:56.778 10895 10908 E TestRunner: 	at java.lang.reflect.Method.invoke(Native Method)
02-17 09:21:56.778 10895 10908 E TestRunner: 	at org.junit.runners.model.FrameworkMethod$1.runReflectiveCall(FrameworkMethod.java:59)
02-17 09:21:56.778 10895 10908 E TestRunner: 	at org.junit.internal.runners.model.ReflectiveCallable.run(ReflectiveCallable.java:12)
02-17 09:21:56.778 10895 10908 E TestRunner: 	at org.junit.runners.model.FrameworkMethod.invokeExplosively(FrameworkMethod.java:56)
02-17 09:21:56.778 10895 10908 E TestRunner: 	at org.junit.internal.runners.statements.InvokeMethod.evaluate(InvokeMethod.java:17)
02-17 09:21:56.778 10895 10908 E TestRunner: 	at androidx.test.internal.runner.junit4.statement.RunBefores.evaluate(RunBefores.java:80)
02-17 09:21:56.778 10895 10908 E TestRunner: 	at androidx.test.internal.runner.junit4.statement.RunAfters.evaluate(RunAfters.java:61)
02-17 09:21:56.778 10895 10908 E TestRunner: 	at com.wire.android.tests.support.suite.AllureFailureScreenshotRule$apply$1.evaluate(AllureFailureScreenshotRule.kt:44)
02-17 09:21:56.778 10895 10908 E TestRunner: 	at com.wire.android.tests.support.suite.AllureLabelsRule$apply$1.evaluate(AllureLabelsRule.kt:70)
02-17 09:21:56.778 10895 10908 E TestRunner: 	at org.junit.rules.TestWatcher$1.evaluate(TestWatcher.java:61)
02-17 09:21:56.778 10895 10908 E TestRunner: 	at com.wire.android.tests.support.suite.AllureLogcatRule$apply$1.evaluate(AllureLogcatRule.kt:41)
02-17 09:21:56.778 10895 10908 E TestRunner: 	at org.junit.runners.ParentRunner$3.evaluate(ParentRunner.java:306)
02-17 09:21:56.778 10895 10908 E TestRunner: 	at org.junit.runners.BlockJUnit4ClassRunner$1.evaluate(BlockJUnit4ClassRunner.java:100)
02-17 09:21:56.778 10895 10908 E TestRunner: 	at org.junit.runners.ParentRunner.runLeaf(ParentRunner.java:366)
02-17 09:21:56.778 10895 10908 E TestRunner: 	at org.junit.runners.BlockJUnit4ClassRunner.runChild(BlockJUnit4ClassRunner.java:103)
02-17 09:21:56.778 10895 10908 E TestRunner: 	at org.junit.runners.BlockJUnit4ClassRunner.runChild(BlockJUnit4ClassRunner.java:63)
02-17 09:21:56.778 10895 10908 E TestRunner: 	at org.junit.runners.ParentRunner$4.run(ParentRunner.java:331)
02-17 09:21:56.778 10895 10908 E TestRunner: 	at org.junit.runners.ParentRunner$1.schedule(ParentRunner.java:79)
02-17 09:21:56.778 10895 10908 E TestRunner: 	at org.junit.runners.ParentRunner.runChildren(ParentRunner.java:329)
02-17 09:21:56.778 10895 10908 E TestRunner: 	at org.junit.runners.ParentRunner.access$100(ParentRunner.java:66)
02-17 09:21:56.778 10895 10908 E TestRunner: 	at org.junit.runners.ParentRunner$2.evaluate(ParentRunner.java:293)
02-17 09:21:56.778 10895 10908 E TestRunner: 	at org.junit.runners.ParentRunner$3.evaluate(ParentRunner.java:306)
02-17 09:21:56.778 10895 10908 E TestRunner: 	at org.junit.runners.ParentRunner.run(ParentRunner.java:413)
02-17 09:21:56.778 10895 10908 E TestRunner: 	at androidx.test.ext.junit.runners.AndroidJUnit4.run(AndroidJUnit4.java:162)
02-17 09:21:56.778 10895 10908 E TestRunner: 	at org.junit.runners.Suite.runChild(Suite.java:128)
02-17 09:21:56.778 10895 10908 E TestRunner: 	at org.junit.runners.Suite.runChild(Suite.java:27)
02-17 09:21:56.778 10895 10908 E TestRunner: 	at org.junit.runners.ParentRunner$4.run(ParentRunner.java:331)
02-17 09:21:56.778 10895 10908 E TestRunner: 	at org.junit.runners.ParentRunner$1.schedule(ParentRunner.java:79)
02-17 09:21:56.778 10895 10908 E TestRunner: 	at org.junit.runners.ParentRunner.runChildren(ParentRunner.java:329)
02-17 09:21:56.778 10895 10908 E TestRunner: 	at org.junit.runners.ParentRunner.access$100(ParentRunner.java:66)
02-17 09:21:56.778 10895 10908 E TestRunner: 	at org.junit.runners.ParentRunner$2.evaluate(ParentRunner.java:293)
02-17 09:21:56.778 10895 10908 E TestRunner: 	at org.junit.runners.ParentRunner$3.evaluate(ParentRunner.java:306)
02-17 09:21:56.778 10895 10908 E TestRunner: 	at org.junit.runners.ParentRunner.run(ParentRunner.java:413)
02-17 09:21:56.778 10895 10908 E TestRunner: 	at org.junit.runner.JUnitCore.run(JUnitCore.java:137)
02-17 09:21:56.778 10895 10908 E TestRunner: 	at org.junit.runner.JUnitCore.run(JUnitCore.java:115)
02-17 09:21:56.778 10895 10908 E TestRunner: 	at androidx.test.internal.runner.TestExecutor.execute(TestExecutor.java:68)
02-17 09:21:56.778 10895 10908 E TestRunner: 	at androidx.test.internal.runner.TestExecutor.execute(TestExecutor.java:59)
02-17 09:21:56.778 10895 10908 E TestRunner: 	at androidx.test.runner.AndroidJUnitRunner.onStart(AndroidJUnitRunner.java:467)
02-17 09:21:56.778 10895 10908 E TestRunner: 	at com.wire.android.tests.support.suite.TaggedTestRunner.onStart(TaggedTestRunner.kt:51)
02-17 09:21:56.778 10895 10908 E TestRunner: 	at android.app.Instrumentation$InstrumentationThread.run(Instrumentation.java:2278)
02-17 09:21:56.778 10895 10908 E TestRunner: ----- end exception -----
02-17 09:21:56.784 10895 10908 I TestRunner: finished: givenUserInAnotherTeam_whenFileIsSent_thenRecipientCanReceivePlayAndDownloadIt(com.wire.android.tests.core.criticalFlows.FileSharingBetweenTeams)
02-17 09:21:56.847 10895 10908 I TestRunner: started: givenIStartGroupCall_whenParticipantShareMessageFileAndLocation_thenAllVisibleAndCallContinues(com.wire.android.tests.core.criticalFlows.GroupCallChat)
02-17 09:21:56.875 10895 10908 D UiDevice: Executing shell command: pm clear com.wire.internal
02-17 09:21:56.953 10895 10908 D UiDevice: Executing shell command: settings put secure show_ime_with_hard_keyboard 0
02-17 09:21:56.983 10895 10908 D UiDevice: Executing shell command: settings put global window_animation_scale 0
02-17 09:21:57.012 10895 10908 D UiDevice: Executing shell command: settings put global transition_animation_scale 0
02-17 09:21:57.049 10895 10908 D UiDevice: Executing shell command: settings put global animator_duration_scale .5
02-17 09:21:57.071 10895 10908 D UiDevice: Pressing home button.
02-17 09:21:58.104 10895 10908 W InteractionController: Timed out waiting 1000ms for command and events.
02-17 09:21:58.116 10895 10908 D UiDevice: Waiting 20000ms for SearchCondition[hasObject=BySelector [PKG='\Qcom.google.android.apps.nexuslauncher\E']].
02-17 09:21:58.117 10895 10908 D UiDevice: Searching for node with selector: BySelector [PKG='\Qcom.google.android.apps.nexuslauncher\E'].
02-17 09:21:58.431 10895 10908 D UiDevice: Searching for node with selector: BySelector [PKG='\Qcom.google.android.apps.nexuslauncher\E'].
02-17 09:21:58.585 10895 10908 D UiDevice: Searching for node with selector: BySelector [PKG='\Qcom.google.android.apps.nexuslauncher\E'].
02-17 09:21:58.738 10895 10908 D UiDevice: Searching for node with selector: BySelector [PKG='\Qcom.google.android.apps.nexuslauncher\E'].
02-17 09:21:58.890 10895 10908 D UiDevice: Searching for node with selector: BySelector [PKG='\Qcom.google.android.apps.nexuslauncher\E'].
02-17 09:21:59.041 10895 10908 D UiDevice: Searching for node with selector: BySelector [PKG='\Qcom.google.android.apps.nexuslauncher\E'].
02-17 09:21:59.186 10895 10908 D UiDevice: Searching for node with selector: BySelector [PKG='\Qcom.google.android.apps.nexuslauncher\E'].
02-17 09:21:59.342 10895 10908 D UiDevice: Searching for node with selector: BySelector [PKG='\Qcom.google.android.apps.nexuslauncher\E'].
02-17 09:21:59.493 10895 10908 D UiDevice: Searching for node with selector: BySelector [PKG='\Qcom.google.android.apps.nexuslauncher\E'].
02-17 09:21:59.646 10895 10908 D UiDevice: Searching for node with selector: BySelector [PKG='\Qcom.google.android.apps.nexuslauncher\E'].
02-17 09:21:59.795 10895 10908 D UiDevice: Searching for node with selector: BySelector [PKG='\Qcom.google.android.apps.nexuslauncher\E'].
02-17 09:21:59.945 10895 10908 D UiDevice: Searching for node with selector: BySelector [PKG='\Qcom.google.android.apps.nexuslauncher\E'].
02-17 09:22:00.089 10895 10908 D UiDevice: Searching for node with selector: BySelector [PKG='\Qcom.google.android.apps.nexuslauncher\E'].
02-17 09:22:00.240 10895 10908 D UiDevice: Searching for node with selector: BySelector [PKG='\Qcom.google.android.apps.nexuslauncher\E'].
02-17 09:22:00.583 10895 10908 D UiDevice: Searching for node with selector: BySelector [PKG='\Qcom.google.android.apps.nexuslauncher\E'].
02-17 09:22:00.737 10895 10908 D UiDevice: Searching for node with selector: BySelector [PKG='\Qcom.google.android.apps.nexuslauncher\E'].
02-17 09:22:00.889 10895 10908 D UiDevice: Searching for node with selector: BySelector [PKG='\Qcom.google.android.apps.nexuslauncher\E'].
02-17 09:22:01.041 10895 10908 D UiDevice: Searching for node with selector: BySelector [PKG='\Qcom.google.android.apps.nexuslauncher\E'].
02-17 09:22:01.192 10895 10908 D UiDevice: Searching for node with selector: BySelector [PKG='\Qcom.google.android.apps.nexuslauncher\E'].
02-17 09:22:01.349 10895 10908 D UiDevice: Searching for node with selector: BySelector [PKG='\Qcom.google.android.apps.nexuslauncher\E'].
02-17 09:22:01.501 10895 10908 D UiDevice: Searching for node with selector: BySelector [PKG='\Qcom.google.android.apps.nexuslauncher\E'].
02-17 09:22:01.652 10895 10908 D UiDevice: Searching for node with selector: BySelector [PKG='\Qcom.google.android.apps.nexuslauncher\E'].
02-17 09:22:01.813 10895 10908 D UiDevice: Searching for node with selector: BySelector [PKG='\Qcom.google.android.apps.nexuslauncher\E'].
02-17 09:22:01.968 10895 10908 D UiDevice: Searching for node with selector: BySelector [PKG='\Qcom.google.android.apps.nexuslauncher\E'].
02-17 09:22:02.125 10895 10908 D UiDevice: Searching for node with selector: BySelector [PKG='\Qcom.google.android.apps.nexuslauncher\E'].
02-17 09:22:02.283 10895 10908 D UiDevice: Searching for node with selector: BySelector [PKG='\Qcom.google.android.apps.nexuslauncher\E'].
02-17 09:22:02.615 10895 10908 D UiDevice: Searching for node with selector: BySelector [PKG='\Qcom.google.android.apps.nexuslauncher\E'].
02-17 09:22:02.767 10895 10908 D UiDevice: Searching for node with selector: BySelector [PKG='\Qcom.google.android.apps.nexuslauncher\E'].
02-17 09:22:02.920 10895 10908 D UiDevice: Searching for node with selector: BySelector [PKG='\Qcom.google.android.apps.nexuslauncher\E'].
02-17 09:22:03.070 10895 10908 D UiDevice: Searching for node with selector: BySelector [PKG='\Qcom.google.android.apps.nexuslauncher\E'].
02-17 09:22:03.223 10895 10908 D UiDevice: Searching for node with selector: BySelector [PKG='\Qcom.google.android.apps.nexuslauncher\E'].
02-17 09:22:03.243 10895 10900 I .testsCore.tes: Background concurrent copying GC freed 18MB AllocSpace bytes, 83(3612KB) LOS objects, 76% free, 7717KB/31MB, paused 84us,31us total 125.589ms
02-17 09:22:03.365 10895 10908 D UiDevice: Searching for node with selector: BySelector [PKG='\Qcom.google.android.apps.nexuslauncher\E'].
02-17 09:22:03.510 10895 10908 D UiDevice: Searching for node with selector: BySelector [PKG='\Qcom.google.android.apps.nexuslauncher\E'].
02-17 09:22:03.663 10895 10908 D UiDevice: Searching for node with selector: BySelector [PKG='\Qcom.google.android.apps.nexuslauncher\E'].
02-17 09:22:03.811 10895 10908 D UiDevice: Searching for node with selector: BySelector [PKG='\Qcom.google.android.apps.nexuslauncher\E'].
02-17 09:22:03.951 10895 10908 D UiDevice: Searching for node with selector: BySelector [PKG='\Qcom.google.android.apps.nexuslauncher\E'].
02-17 09:22:04.099 10895 10908 D UiDevice: Searching for node with selector: BySelector [PKG='\Qcom.google.android.apps.nexuslauncher\E'].
02-17 09:22:04.247 10895 10908 D UiDevice: Searching for node with selector: BySelector [PKG='\Qcom.google.android.apps.nexuslauncher\E'].
02-17 09:22:04.404 10895 10908 D UiDevice: Searching for node with selector: BySelector [PKG='\Qcom.google.android.apps.nexuslauncher\E'].
02-17 09:22:04.731 10895 10908 D UiDevice: Searching for node with selector: BySelector [PKG='\Qcom.google.android.apps.nexuslauncher\E'].
02-17 09:22:04.886 10895 10908 D UiDevice: Searching for node with selector: BySelector [PKG='\Qcom.google.android.apps.nexuslauncher\E'].
02-17 09:22:05.040 10895 10908 D UiDevice: Searching for node with selector: BySelector [PKG='\Qcom.google.android.apps.nexuslauncher\E'].
02-17 09:22:05.185 10895 10908 D UiDevice: Searching for node with selector: BySelector [PKG='\Qcom.google.android.apps.nexuslauncher\E'].
02-17 09:22:05.333 10895 10908 D UiDevice: Searching for node with selector: BySelector [PKG='\Qcom.google.android.apps.nexuslauncher\E'].
02-17 09:22:05.491 10895 10908 D UiDevice: Searching for node with selector: BySelector [PKG='\Qcom.google.android.apps.nexuslauncher\E'].
02-17 09:22:05.651 10895 10908 D UiDevice: Searching for node with selector: BySelector [PKG='\Qcom.google.android.apps.nexuslauncher\E'].
02-17 09:22:05.807 10895 10908 D UiDevice: Searching for node with selector: BySelector [PKG='\Qcom.google.android.apps.nexuslauncher\E'].
02-17 09:22:05.962 10895 10908 D UiDevice: Searching for node with selector: BySelector [PKG='\Qcom.google.android.apps.nexuslauncher\E'].
02-17 09:22:06.114 10895 10908 D UiDevice: Searching for node with selector: BySelector [PKG='\Qcom.google.android.apps.nexuslauncher\E'].
02-17 09:22:06.265 10895 10908 D UiDevice: Searching for node with selector: BySelector [PKG='\Qcom.google.android.apps.nexuslauncher\E'].
02-17 09:22:06.415 10895 10908 D UiDevice: Searching for node with selector: BySelector [PKG='\Qcom.google.android.apps.nexuslauncher\E'].
02-17 09:22:06.710 10895 10908 D UiDevice: Searching for node with selector: BySelector [PKG='\Qcom.google.android.apps.nexuslauncher\E'].
02-17 09:22:06.865 10895 10908 D UiDevice: Searching for node with selector: BySelector [PKG='\Qcom.google.android.apps.nexuslauncher\E'].
02-17 09:22:07.016 10895 10908 D UiDevice: Searching for node with selector: BySelector [PKG='\Qcom.google.android.apps.nexuslauncher\E'].
02-17 09:22:07.163 10895 10908 D UiDevice: Searching for node with selector: BySelector [PKG='\Qcom.google.android.apps.nexuslauncher\E'].
02-17 09:22:07.305 10895 10908 D UiDevice: Searching for node with selector: BySelector [PKG='\Qcom.google.android.apps.nexuslauncher\E'].
02-17 09:22:07.459 10895 10908 D UiDevice: Searching for node with selector: BySelector [PKG='\Qcom.google.android.apps.nexuslauncher\E'].
02-17 09:22:07.605 10895 10908 D UiDevice: Searching for node with selector: BySelector [PKG='\Qcom.google.android.apps.nexuslauncher\E'].
02-17 09:22:07.759 10895 10908 D UiDevice: Searching for node with selector: BySelector [PKG='\Qcom.google.android.apps.nexuslauncher\E'].
02-17 09:22:07.906 10895 10908 D UiDevice: Searching for node with selector: BySelector [PKG='\Qcom.google.android.apps.nexuslauncher\E'].
02-17 09:22:08.056 10895 10908 D UiDevice: Searching for node with selector: BySelector [PKG='\Qcom.google.android.apps.nexuslauncher\E'].
02-17 09:22:08.208 10895 10908 D UiDevice: Searching for node with selector: BySelector [PKG='\Qcom.google.android.apps.nexuslauncher\E'].
02-17 09:22:08.360 10895 10908 D UiDevice: Searching for node with selector: BySelector [PKG='\Qcom.google.android.apps.nexuslauncher\E'].
02-17 09:22:08.508 10895 10908 D UiDevice: Searching for node with selector: BySelector [PKG='\Qcom.google.android.apps.nexuslauncher\E'].
02-17 09:22:08.845 10895 10908 D UiDevice: Searching for node with selector: BySelector [PKG='\Qcom.google.android.apps.nexuslauncher\E'].
02-17 09:22:08.998 10895 10908 D UiDevice: Searching for node with selector: BySelector [PKG='\Qcom.google.android.apps.nexuslauncher\E'].
02-17 09:22:09.148 10895 10908 D UiDevice: Searching for node with selector: BySelector [PKG='\Qcom.google.android.apps.nexuslauncher\E'].
02-17 09:22:09.299 10895 10908 D UiDevice: Searching for node with selector: BySelector [PKG='\Qcom.google.android.apps.nexuslauncher\E'].
02-17 09:22:09.445 10895 10908 D UiDevice: Searching for node with selector: BySelector [PKG='\Qcom.google.android.apps.nexuslauncher\E'].
02-17 09:22:09.598 10895 10908 D UiDevice: Searching for node with selector: BySelector [PKG='\Qcom.google.android.apps.nexuslauncher\E'].
02-17 09:22:09.742 10895 10908 D UiDevice: Searching for node with selector: BySelector [PKG='\Qcom.google.android.apps.nexuslauncher\E'].
02-17 09:22:09.887 10895 10908 D UiDevice: Searching for node with selector: BySelector [PKG='\Qcom.google.android.apps.nexuslauncher\E'].
02-17 09:22:10.044 10895 10908 D UiDevice: Searching for node with selector: BySelector [PKG='\Qcom.google.android.apps.nexuslauncher\E'].
02-17 09:22:10.192 10895 10908 D UiDevice: Searching for node with selector: BySelector [PKG='\Qcom.google.android.apps.nexuslauncher\E'].
02-17 09:22:10.347 10895 10908 D UiDevice: Searching for node with selector: BySelector [PKG='\Qcom.google.android.apps.nexuslauncher\E'].
02-17 09:22:10.502 10895 10908 D UiDevice: Searching for node with selector: BySelector [PKG='\Qcom.google.android.apps.nexuslauncher\E'].
02-17 09:22:10.653 10895 10908 D UiDevice: Searching for node with selector: BySelector [PKG='\Qcom.google.android.apps.nexuslauncher\E'].
02-17 09:22:10.965 10895 10908 D UiDevice: Searching for node with selector: BySelector [PKG='\Qcom.google.android.apps.nexuslauncher\E'].
02-17 09:22:11.115 10895 10908 D UiDevice: Searching for node with selector: BySelector [PKG='\Qcom.google.android.apps.nexuslauncher\E'].
02-17 09:22:11.269 10895 10908 D UiDevice: Searching for node with selector: BySelector [PKG='\Qcom.google.android.apps.nexuslauncher\E'].
02-17 09:22:11.418 10895 10908 D UiDevice: Searching for node with selector: BySelector [PKG='\Qcom.google.android.apps.nexuslauncher\E'].
02-17 09:22:11.570 10895 10908 D UiDevice: Searching for node with selector: BySelector [PKG='\Qcom.google.android.apps.nexuslauncher\E'].
02-17 09:22:11.722 10895 10908 D UiDevice: Searching for node with selector: BySelector [PKG='\Qcom.google.android.apps.nexuslauncher\E'].
02-17 09:22:11.869 10895 10908 D UiDevice: Searching for node with selector: BySelector [PKG='\Qcom.google.android.apps.nexuslauncher\E'].
02-17 09:22:12.025 10895 10908 D UiDevice: Searching for node with selector: BySelector [PKG='\Qcom.google.android.apps.nexuslauncher\E'].
02-17 09:22:12.177 10895 10908 D UiDevice: Searching for node with selector: BySelector [PKG='\Qcom.google.android.apps.nexuslauncher\E'].
02-17 09:22:12.328 10895 10908 D UiDevice: Searching for node with selector: BySelector [PKG='\Qcom.google.android.apps.nexuslauncher\E'].
02-17 09:22:12.480 10895 10908 D UiDevice: Searching for node with selector: BySelector [PKG='\Qcom.google.android.apps.nexuslauncher\E'].
02-17 09:22:12.628 10895 10908 D UiDevice: Searching for node with selector: BySelector [PKG='\Qcom.google.android.apps.nexuslauncher\E'].
02-17 09:22:12.782 10895 10908 D UiDevice: Searching for node with selector: BySelector [PKG='\Qcom.google.android.apps.nexuslauncher\E'].
02-17 09:22:13.092 10895 10908 D UiDevice: Searching for node with selector: BySelector [PKG='\Qcom.google.android.apps.nexuslauncher\E'].
02-17 09:22:13.245 10895 10908 D UiDevice: Searching for node with selector: BySelector [PKG='\Qcom.google.android.apps.nexuslauncher\E'].
02-17 09:22:13.396 10895 10908 D UiDevice: Searching for node with selector: BySelector [PKG='\Qcom.google.android.apps.nexuslauncher\E'].
02-17 09:22:13.548 10895 10908 D UiDevice: Searching for node with selector: BySelector [PKG='\Qcom.google.android.apps.nexuslauncher\E'].
02-17 09:22:13.702 10895 10908 D UiDevice: Searching for node with selector: BySelector [PKG='\Qcom.google.android.apps.nexuslauncher\E'].
02-17 09:22:13.854 10895 10908 D UiDevice: Searching for node with selector: BySelector [PKG='\Qcom.google.android.apps.nexuslauncher\E'].
02-17 09:22:14.010 10895 10908 D UiDevice: Searching for node with selector: BySelector [PKG='\Qcom.google.android.apps.nexuslauncher\E'].
02-17 09:22:14.164 10895 10908 D UiDevice: Searching for node with selector: BySelector [PKG='\Qcom.google.android.apps.nexuslauncher\E'].
02-17 09:22:14.317 10895 10908 D UiDevice: Searching for node with selector: BySelector [PKG='\Qcom.google.android.apps.nexuslauncher\E'].
02-17 09:22:14.464 10895 10908 D UiDevice: Searching for node with selector: BySelector [PKG='\Qcom.google.android.apps.nexuslauncher\E'].
02-17 09:22:14.614 10895 10908 D UiDevice: Searching for node with selector: BySelector [PKG='\Qcom.google.android.apps.nexuslauncher\E'].
02-17 09:22:14.771 10895 10908 D UiDevice: Searching for node with selector: BySelector [PKG='\Qcom.google.android.apps.nexuslauncher\E'].
02-17 09:22:14.931 10895 10908 D UiDevice: Searching for node with selector: BySelector [PKG='\Qcom.google.android.apps.nexuslauncher\E'].
02-17 09:22:15.253 10895 10908 D UiDevice: Searching for node with selector: BySelector [PKG='\Qcom.google.android.apps.nexuslauncher\E'].
02-17 09:22:15.400 10895 10908 D UiDevice: Searching for node with selector: BySelector [PKG='\Qcom.google.android.apps.nexuslauncher\E'].
02-17 09:22:15.545 10895 10908 D UiDevice: Searching for node with selector: BySelector [PKG='\Qcom.google.android.apps.nexuslauncher\E'].
02-17 09:22:15.690 10895 10908 D UiDevice: Searching for node with selector: BySelector [PKG='\Qcom.google.android.apps.nexuslauncher\E'].
02-17 09:22:15.839 10895 10908 D UiDevice: Searching for node with selector: BySelector [PKG='\Qcom.google.android.apps.nexuslauncher\E'].
02-17 09:22:15.983 10895 10908 D UiDevice: Searching for node with selector: BySelector [PKG='\Qcom.google.android.apps.nexuslauncher\E'].
02-17 09:22:16.111 10895 10908 D UiDevice: Searching for node with selector: BySelector [PKG='\Qcom.google.android.apps.nexuslauncher\E'].
02-17 09:22:16.267 10895 10908 D UiDevice: Searching for node with selector: BySelector [PKG='\Qcom.google.android.apps.nexuslauncher\E'].
02-17 09:22:16.426 10895 10908 D UiDevice: Searching for node with selector: BySelector [PKG='\Qcom.google.android.apps.nexuslauncher\E'].
02-17 09:22:16.584 10895 10908 D UiDevice: Searching for node with selector: BySelector [PKG='\Qcom.google.android.apps.nexuslauncher\E'].
02-17 09:22:16.731 10895 10908 D UiDevice: Searching for node with selector: BySelector [PKG='\Qcom.google.android.apps.nexuslauncher\E'].
02-17 09:22:16.887 10895 10908 D UiDevice: Searching for node with selector: BySelector [PKG='\Qcom.google.android.apps.nexuslauncher\E'].
02-17 09:22:17.043 10895 10908 D UiDevice: Searching for node with selector: BySelector [PKG='\Qcom.google.android.apps.nexuslauncher\E'].
02-17 09:22:17.394 10895 10908 D UiDevice: Searching for node with selector: BySelector [PKG='\Qcom.google.android.apps.nexuslauncher\E'].
02-17 09:22:17.547 10895 10908 D UiDevice: Searching for node with selector: BySelector [PKG='\Qcom.google.android.apps.nexuslauncher\E'].
02-17 09:22:17.706 10895 10908 D UiDevice: Searching for node with selector: BySelector [PKG='\Qcom.google.android.apps.nexuslauncher\E'].
02-17 09:22:17.863 10895 10908 D UiDevice: Searching for node with selector: BySelector [PKG='\Qcom.google.android.apps.nexuslauncher\E'].
02-17 09:22:18.015 10895 10908 D UiDevice: Searching for node with selector: BySelector [PKG='\Qcom.google.android.apps.nexuslauncher\E'].
02-17 09:22:18.165 10895 10908 D UiDevice: Searching for node with selector: BySelector [PKG='\Qcom.google.android.apps.nexuslauncher\E'].
02-17 09:22:18.241 10895 10908 D UiDevice: Waiting 20000ms for SearchCondition[hasObject=BySelector [PKG='\Qcom.wire.internal\E']].
02-17 09:22:18.241 10895 10908 D UiDevice: Searching for node with selector: BySelector [PKG='\Qcom.wire.internal\E'].
02-17 09:22:18.362 10895 10908 D UiDevice: Searching for node with selector: BySelector [PKG='\Qcom.wire.internal\E'].
02-17 09:22:18.488 10895 10908 D UiDevice: Searching for node with selector: BySelector [PKG='\Qcom.wire.internal\E'].
02-17 09:22:18.610 10895 10908 D UiDevice: Searching for node with selector: BySelector [PKG='\Qcom.wire.internal\E'].
02-17 09:22:18.736 10895 10908 D UiDevice: Searching for node with selector: BySelector [PKG='\Qcom.wire.internal\E'].
02-17 09:22:18.858 10895 10908 D UiDevice: Searching for node with selector: BySelector [PKG='\Qcom.wire.internal\E'].
02-17 09:22:18.995 10895 10908 D UiDevice: Searching for node with selector: BySelector [PKG='\Qcom.wire.internal\E'].
02-17 09:22:19.134 10895 10908 D UiDevice: Searching for node with selector: BySelector [PKG='\Qcom.wire.internal\E'].
02-17 09:22:19.362 10895 10908 D UiDevice: Searching for node with selector: BySelector [PKG='\Qcom.wire.internal\E'].
02-17 09:22:19.489 10895 10908 D UiDevice: Searching for node with selector: BySelector [PKG='\Qcom.wire.internal\E'].
02-17 09:22:19.618 10895 10908 D UiDevice: Searching for node with selector: BySelector [PKG='\Qcom.wire.internal\E'].
02-17 09:22:19.743 10895 10908 D UiDevice: Searching for node with selector: BySelector [PKG='\Qcom.wire.internal\E'].
02-17 09:22:19.869 10895 10908 D UiDevice: Searching for node with selector: BySelector [PKG='\Qcom.wire.internal\E'].
02-17 09:22:19.998 10895 10908 D UiDevice: Searching for node with selector: BySelector [PKG='\Qcom.wire.internal\E'].
02-17 09:22:20.123 10895 10908 D UiDevice: Searching for node with selector: BySelector [PKG='\Qcom.wire.internal\E'].
02-17 09:22:20.252 10895 10908 D UiDevice: Searching for node with selector: BySelector [PKG='\Qcom.wire.internal\E'].
02-17 09:22:20.374 10895 10908 D UiDevice: Searching for node with selector: BySelector [PKG='\Qcom.wire.internal\E'].
02-17 09:22:20.496 10895 10908 D UiDevice: Searching for node with selector: BySelector [PKG='\Qcom.wire.internal\E'].
02-17 09:22:20.618 10895 10908 D UiDevice: Searching for node with selector: BySelector [PKG='\Qcom.wire.internal\E'].
02-17 09:22:20.740 10895 10908 D UiDevice: Searching for node with selector: BySelector [PKG='\Qcom.wire.internal\E'].
02-17 09:22:20.858 10895 10908 D UiDevice: Searching for node with selector: BySelector [PKG='\Qcom.wire.internal\E'].
02-17 09:22:20.981 10895 10908 D UiDevice: Searching for node with selector: BySelector [PKG='\Qcom.wire.internal\E'].
02-17 09:22:21.101 10895 10908 D UiDevice: Searching for node with selector: BySelector [PKG='\Qcom.wire.internal\E'].
02-17 09:22:21.223 10895 10908 D UiDevice: Searching for node with selector: BySelector [PKG='\Qcom.wire.internal\E'].
02-17 09:22:21.458 10895 10908 D UiDevice: Searching for node with selector: BySelector [PKG='\Qcom.wire.internal\E'].
02-17 09:22:21.607 10895 10908 D UiDevice: Searching for node with selector: BySelector [PKG='\Qcom.wire.internal\E'].
02-17 09:22:21.751 10895 10908 D UiDevice: Searching for node with selector: BySelector [PKG='\Qcom.wire.internal\E'].
02-17 09:22:21.874 10895 10908 D UiDevice: Searching for node with selector: BySelector [PKG='\Qcom.wire.internal\E'].
02-17 09:22:21.999 10895 10908 D UiDevice: Searching for node with selector: BySelector [PKG='\Qcom.wire.internal\E'].
02-17 09:22:22.139 10895 10908 D UiDevice: Searching for node with selector: BySelector [PKG='\Qcom.wire.internal\E'].
02-17 09:22:22.283 10895 10908 D UiDevice: Searching for node with selector: BySelector [PKG='\Qcom.wire.internal\E'].
02-17 09:22:22.437 10895 10908 D UiDevice: Searching for node with selector: BySelector [PKG='\Qcom.wire.internal\E'].
02-17 09:22:22.588 10895 10908 D UiDevice: Searching for node with selector: BySelector [PKG='\Qcom.wire.internal\E'].
02-17 09:22:22.744 10895 10908 D UiDevice: Searching for node with selector: BySelector [PKG='\Qcom.wire.internal\E'].
02-17 09:22:22.895 10895 10908 D UiDevice: Searching for node with selector: BySelector [PKG='\Qcom.wire.internal\E'].
02-17 09:22:23.046 10895 10908 D UiDevice: Searching for node with selector: BySelector [PKG='\Qcom.wire.internal\E'].
02-17 09:22:23.201 10895 10908 D UiDevice: Searching for node with selector: BySelector [PKG='\Qcom.wire.internal\E'].
02-17 09:22:23.349 10895 10908 D UiDevice: Searching for node with selector: BySelector [PKG='\Qcom.wire.internal\E'].
02-17 09:22:23.600 10895 10908 D UiDevice: Searching for node with selector: BySelector [PKG='\Qcom.wire.internal\E'].
02-17 09:22:23.744 10895 10908 D UiDevice: Searching for node with selector: BySelector [PKG='\Qcom.wire.internal\E'].
02-17 09:22:23.890 10895 10908 D UiDevice: Searching for node with selector: BySelector [PKG='\Qcom.wire.internal\E'].
02-17 09:22:24.039 10895 10908 D UiDevice: Searching for node with selector: BySelector [PKG='\Qcom.wire.internal\E'].
02-17 09:22:24.181 10895 10908 D UiDevice: Searching for node with selector: BySelector [PKG='\Qcom.wire.internal\E'].
02-17 09:22:24.330 10895 10908 D UiDevice: Searching for node with selector: BySelector [PKG='\Qcom.wire.internal\E'].
02-17 09:22:24.482 10895 10908 D UiDevice: Searching for node with selector: BySelector [PKG='\Qcom.wire.internal\E'].
02-17 09:22:24.630 10895 10908 D UiDevice: Searching for node with selector: BySelector [PKG='\Qcom.wire.internal\E'].
02-17 09:22:24.781 10895 10908 D UiDevice: Searching for node with selector: BySelector [PKG='\Qcom.wire.internal\E'].
02-17 09:22:24.929 10895 10908 D UiDevice: Searching for node with selector: BySelector [PKG='\Qcom.wire.internal\E'].
02-17 09:22:25.076 10895 10908 D UiDevice: Searching for node with selector: BySelector [PKG='\Qcom.wire.internal\E'].
02-17 09:22:25.227 10895 10908 D UiDevice: Searching for node with selector: BySelector [PKG='\Qcom.wire.internal\E'].
02-17 09:22:25.377 10895 10908 D UiDevice: Searching for node with selector: BySelector [PKG='\Qcom.wire.internal\E'].
02-17 09:22:25.708 10895 10908 D UiDevice: Searching for node with selector: BySelector [PKG='\Qcom.wire.internal\E'].
02-17 09:22:25.864 10895 10908 D UiDevice: Searching for node with selector: BySelector [PKG='\Qcom.wire.internal\E'].
02-17 09:22:26.014 10895 10908 D UiDevice: Searching for node with selector: BySelector [PKG='\Qcom.wire.internal\E'].
02-17 09:22:26.171 10895 10908 D UiDevice: Searching for node with selector: BySelector [PKG='\Qcom.wire.internal\E'].
02-17 09:22:26.323 10895 10908 D UiDevice: Searching for node with selector: BySelector [PKG='\Qcom.wire.internal\E'].
02-17 09:22:26.475 10895 10908 D UiDevice: Searching for node with selector: BySelector [PKG='\Qcom.wire.internal\E'].
02-17 09:22:26.631 10895 10908 D UiDevice: Searching for node with selector: BySelector [PKG='\Qcom.wire.internal\E'].
02-17 09:22:26.777 10895 10908 D UiDevice: Searching for node with selector: BySelector [PKG='\Qcom.wire.internal\E'].
02-17 09:22:26.903 10895 10908 D UiDevice: Searching for node with selector: BySelector [PKG='\Qcom.wire.internal\E'].
02-17 09:22:27.051 10895 10908 D UiDevice: Searching for node with selector: BySelector [PKG='\Qcom.wire.internal\E'].
02-17 09:22:27.202 10895 10908 D UiDevice: Searching for node with selector: BySelector [PKG='\Qcom.wire.internal\E'].
02-17 09:22:27.348 10895 10908 D UiDevice: Searching for node with selector: BySelector [PKG='\Qcom.wire.internal\E'].
02-17 09:22:27.503 10895 10908 D UiDevice: Searching for node with selector: BySelector [PKG='\Qcom.wire.internal\E'].
02-17 09:22:27.835 10895 10908 D UiDevice: Searching for node with selector: BySelector [PKG='\Qcom.wire.internal\E'].
02-17 09:22:27.987 10895 10908 D UiDevice: Searching for node with selector: BySelector [PKG='\Qcom.wire.internal\E'].
02-17 09:22:28.139 10895 10908 D UiDevice: Searching for node with selector: BySelector [PKG='\Qcom.wire.internal\E'].
02-17 09:22:28.290 10895 10908 D UiDevice: Searching for node with selector: BySelector [PKG='\Qcom.wire.internal\E'].
02-17 09:22:28.442 10895 10908 D UiDevice: Searching for node with selector: BySelector [PKG='\Qcom.wire.internal\E'].
02-17 09:22:28.594 10895 10908 D UiDevice: Searching for node with selector: BySelector [PKG='\Qcom.wire.internal\E'].
02-17 09:22:28.748 10895 10908 D UiDevice: Searching for node with selector: BySelector [PKG='\Qcom.wire.internal\E'].
02-17 09:22:28.898 10895 10908 D UiDevice: Searching for node with selector: BySelector [PKG='\Qcom.wire.internal\E'].
02-17 09:22:29.049 10895 10908 D UiDevice: Searching for node with selector: BySelector [PKG='\Qcom.wire.internal\E'].
02-17 09:22:29.202 10895 10908 D UiDevice: Searching for node with selector: BySelector [PKG='\Qcom.wire.internal\E'].
02-17 09:22:29.354 10895 10908 D UiDevice: Searching for node with selector: BySelector [PKG='\Qcom.wire.internal\E'].
02-17 09:22:29.506 10895 10908 D UiDevice: Searching for node with selector: BySelector [PKG='\Qcom.wire.internal\E'].
02-17 09:22:29.657 10895 10908 D UiDevice: Searching for node with selector: BySelector [PKG='\Qcom.wire.internal\E'].
02-17 09:22:29.981 10895 10908 D UiDevice: Searching for node with selector: BySelector [PKG='\Qcom.wire.internal\E'].
02-17 09:22:30.129 10895 10908 D UiDevice: Searching for node with selector: BySelector [PKG='\Qcom.wire.internal\E'].
02-17 09:22:30.279 10895 10908 D UiDevice: Searching for node with selector: BySelector [PKG='\Qcom.wire.internal\E'].
02-17 09:22:30.429 10895 10908 D UiDevice: Searching for node with selector: BySelector [PKG='\Qcom.wire.internal\E'].
02-17 09:22:30.578 10895 10908 D UiDevice: Searching for node with selector: BySelector [PKG='\Qcom.wire.internal\E'].
02-17 09:22:30.726 10895 10908 D UiDevice: Searching for node with selector: BySelector [PKG='\Qcom.wire.internal\E'].
02-17 09:22:30.880 10895 10908 D UiDevice: Searching for node with selector: BySelector [PKG='\Qcom.wire.internal\E'].
02-17 09:22:31.030 10895 10908 D UiDevice: Searching for node with selector: BySelector [PKG='\Qcom.wire.internal\E'].
02-17 09:22:31.179 10895 10908 D UiDevice: Searching for node with selector: BySelector [PKG='\Qcom.wire.internal\E'].
02-17 09:22:31.330 10895 10908 D UiDevice: Searching for node with selector: BySelector [PKG='\Qcom.wire.internal\E'].
02-17 09:22:31.485 10895 10908 D UiDevice: Searching for node with selector: BySelector [PKG='\Qcom.wire.internal\E'].
02-17 09:22:31.637 10895 10908 D UiDevice: Searching for node with selector: BySelector [PKG='\Qcom.wire.internal\E'].
02-17 09:22:31.784 10895 10908 D UiDevice: Searching for node with selector: BySelector [PKG='\Qcom.wire.internal\E'].
02-17 09:22:32.010 10895 10908 D UiDevice: Searching for node with selector: BySelector [PKG='\Qcom.wire.internal\E'].
02-17 09:22:32.140 10895 10908 D UiDevice: Searching for node with selector: BySelector [PKG='\Qcom.wire.internal\E'].
02-17 09:22:32.286 10895 10908 D UiDevice: Searching for node with selector: BySelector [PKG='\Qcom.wire.internal\E'].
02-17 09:22:32.441 10895 10908 D UiDevice: Searching for node with selector: BySelector [PKG='\Qcom.wire.internal\E'].
02-17 09:22:32.589 10895 10908 D UiDevice: Searching for node with selector: BySelector [PKG='\Qcom.wire.internal\E'].
02-17 09:22:32.743 10895 10908 D UiDevice: Searching for node with selector: BySelector [PKG='\Qcom.wire.internal\E'].
02-17 09:22:32.891 10895 10908 D UiDevice: Searching for node with selector: BySelector [PKG='\Qcom.wire.internal\E'].
02-17 09:22:33.048 10895 10908 D UiDevice: Searching for node with selector: BySelector [PKG='\Qcom.wire.internal\E'].
02-17 09:22:33.205 10895 10908 D UiDevice: Searching for node with selector: BySelector [PKG='\Qcom.wire.internal\E'].
02-17 09:22:33.356 10895 10908 D UiDevice: Searching for node with selector: BySelector [PKG='\Qcom.wire.internal\E'].
02-17 09:22:33.510 10895 10908 D UiDevice: Searching for node with selector: BySelector [PKG='\Qcom.wire.internal\E'].
02-17 09:22:33.660 10895 10908 D UiDevice: Searching for node with selector: BySelector [PKG='\Qcom.wire.internal\E'].
02-17 09:22:33.807 10895 10908 D UiDevice: Searching for node with selector: BySelector [PKG='\Qcom.wire.internal\E'].
02-17 09:22:34.152 10895 10908 D UiDevice: Searching for node with selector: BySelector [PKG='\Qcom.wire.internal\E'].
02-17 09:22:34.308 10895 10908 D UiDevice: Searching for node with selector: BySelector [PKG='\Qcom.wire.internal\E'].
02-17 09:22:34.462 10895 10908 D UiDevice: Searching for node with selector: BySelector [PKG='\Qcom.wire.internal\E'].
02-17 09:22:34.614 10895 10908 D UiDevice: Searching for node with selector: BySelector [PKG='\Qcom.wire.internal\E'].
02-17 09:22:34.765 10895 10908 D UiDevice: Searching for node with selector: BySelector [PKG='\Qcom.wire.internal\E'].
02-17 09:22:34.921 10895 10908 D UiDevice: Searching for node with selector: BySelector [PKG='\Qcom.wire.internal\E'].
02-17 09:22:35.072 10895 10908 D UiDevice: Searching for node with selector: BySelector [PKG='\Qcom.wire.internal\E'].
02-17 09:22:35.227 10895 10908 D UiDevice: Searching for node with selector: BySelector [PKG='\Qcom.wire.internal\E'].
02-17 09:22:35.379 10895 10908 D UiDevice: Searching for node with selector: BySelector [PKG='\Qcom.wire.internal\E'].
02-17 09:22:35.519 10895 10908 D UiDevice: Searching for node with selector: BySelector [PKG='\Qcom.wire.internal\E'].
02-17 09:22:35.668 10895 10908 D UiDevice: Searching for node with selector: BySelector [PKG='\Qcom.wire.internal\E'].
02-17 09:22:35.820 10895 10908 D UiDevice: Searching for node with selector: BySelector [PKG='\Qcom.wire.internal\E'].
02-17 09:22:36.163 10895 10908 D UiDevice: Searching for node with selector: BySelector [PKG='\Qcom.wire.internal\E'].
02-17 09:22:36.311 10895 10908 D UiDevice: Searching for node with selector: BySelector [PKG='\Qcom.wire.internal\E'].
02-17 09:22:36.460 10895 10908 D UiDevice: Searching for node with selector: BySelector [PKG='\Qcom.wire.internal\E'].
02-17 09:22:36.604 10895 10908 D UiDevice: Searching for node with selector: BySelector [PKG='\Qcom.wire.internal\E'].
02-17 09:22:36.755 10895 10908 D UiDevice: Searching for node with selector: BySelector [PKG='\Qcom.wire.internal\E'].
02-17 09:22:36.903 10895 10908 D UiDevice: Searching for node with selector: BySelector [PKG='\Qcom.wire.internal\E'].
02-17 09:22:37.056 10895 10908 D UiDevice: Searching for node with selector: BySelector [PKG='\Qcom.wire.internal\E'].
02-17 09:22:37.208 10895 10908 D UiDevice: Searching for node with selector: BySelector [PKG='\Qcom.wire.internal\E'].
02-17 09:22:37.361 10895 10908 D UiDevice: Searching for node with selector: BySelector [PKG='\Qcom.wire.internal\E'].
02-17 09:22:37.515 10895 10908 D UiDevice: Searching for node with selector: BySelector [PKG='\Qcom.wire.internal\E'].
02-17 09:22:37.668 10895 10908 D UiDevice: Searching for node with selector: BySelector [PKG='\Qcom.wire.internal\E'].
02-17 09:22:37.818 10895 10908 D UiDevice: Searching for node with selector: BySelector [PKG='\Qcom.wire.internal\E'].
02-17 09:22:37.964 10895 10908 D UiDevice: Searching for node with selector: BySelector [PKG='\Qcom.wire.internal\E'].
02-17 09:22:38.311 10895 10908 D UiDevice: Searching for node with selector: BySelector [PKG='\Qcom.wire.internal\E'].
02-17 09:22:38.366 10895 10908 I System.out: Could not access BuildConfig field 'BACKENDCONNECTION_STAGING_SOCKSPROXY': No field BACKENDCONNECTION_STAGING_SOCKSPROXY in class Lcom/wire/android/testSupport/BuildConfig; (declaration of 'com.wire.android.testSupport.BuildConfig' appears in /data/app/~~WJwhOsv2TGZGjUiLjofvjQ==/com.wire.android.tests.testsCore.test-r_hzGMoM8NJnDOQgd1ydiw==/base.apk!classes2.dex)
02-17 09:22:38.367 10895 10908 I System.out: Could not access BuildConfig field 'BACKENDCONNECTION_STAGING_SOCKSPROXY': No field BACKENDCONNECTION_STAGING_SOCKSPROXY in class Lcom/wire/android/testSupport/BuildConfig; (declaration of 'com.wire.android.testSupport.BuildConfig' appears in /data/app/~~WJwhOsv2TGZGjUiLjofvjQ==/com.wire.android.tests.testsCore.test-r_hzGMoM8NJnDOQgd1ydiw==/base.apk!classes2.dex)
02-17 09:22:38.369 10895 10908 I System.out: Could not access BuildConfig field 'BACKENDCONNECTION_STAGING_SOCKSPROXY': No field BACKENDCONNECTION_STAGING_SOCKSPROXY in class Lcom/wire/android/testSupport/BuildConfig; (declaration of 'com.wire.android.testSupport.BuildConfig' appears in /data/app/~~WJwhOsv2TGZGjUiLjofvjQ==/com.wire.android.tests.testsCore.test-r_hzGMoM8NJnDOQgd1ydiw==/base.apk!classes2.dex)
02-17 09:22:38.541 10895 10908 W UiAutomation: UiAutomation.grantRuntimePermission() is more robust and should be used instead of 'pm grant'
02-17 09:22:38.548 10895 10908 W UiAutomation: UiAutomation.grantRuntimePermission() is more robust and should be used instead of 'pm grant'
02-17 09:22:38.559 10895 10908 I ClientUserManager: 09:22:38 INFO [441] (ClientUse) Cannot find user by: user1Name 
02-17 09:22:38.560 10895 10908 I Hello   : 09:22:38 INFO [441] (ClientUse) Hello, my name is Lester Purdy and my email is purdyldrxcqliqh@wire.engineering and password is U067duj# and emailPassword is 2A:9dt`FNyv}innnnn 
02-17 09:22:40.552 10895 10908 I ClientUserManager: 09:22:40 INFO [441] (ClientUse) Cannot find user by: user1Name 
02-17 09:22:40.615 10895 10908 I ClientUserManager: 09:22:40 INFO [441] (ClientUse) Cannot find user by: user2Name 
02-17 09:22:40.618 10895 10908 I ClientUserManager: 09:22:40 INFO [441] (ClientUse) Cannot find user by: user3Name 
02-17 09:22:42.630 10895 10908 I ClientUserManager: 09:22:42 INFO [441] (ClientUse) Cannot find user by: user1Name 
02-17 09:22:42.637 10895 10908 I ClientUserManager: 09:22:42 INFO [441] (ClientUse) Cannot find user by: user2Name 
02-17 09:22:42.645 10895 10908 I ClientUserManager: 09:22:42 INFO [441] (ClientUse) Cannot find user by: user3Name 
02-17 09:22:42.647 10895 10908 I System.out: Could not access BuildConfig field 'BACKENDCONNECTION_STAGING_SOCKSPROXY': No field BACKENDCONNECTION_STAGING_SOCKSPROXY in class Lcom/wire/android/testSupport/BuildConfig; (declaration of 'com.wire.android.testSupport.BuildConfig' appears in /data/app/~~WJwhOsv2TGZGjUiLjofvjQ==/com.wire.android.tests.testsCore.test-r_hzGMoM8NJnDOQgd1ydiw==/base.apk!classes2.dex)
02-17 09:22:42.830 10895 10908 I ClientUserManager: 09:22:42 INFO [441] (ClientUse) Cannot find user by: user3Name 
02-17 09:22:42.831 10895 10908 I System.out: Could not access BuildConfig field 'BACKENDCONNECTION_STAGING_SOCKSPROXY': No field BACKENDCONNECTION_STAGING_SOCKSPROXY in class Lcom/wire/android/testSupport/BuildConfig; (declaration of 'com.wire.android.testSupport.BuildConfig' appears in /data/app/~~WJwhOsv2TGZGjUiLjofvjQ==/com.wire.android.tests.testsCore.test-r_hzGMoM8NJnDOQgd1ydiw==/base.apk!classes2.dex)
02-17 09:22:42.834 10895 10908 I ClientUserManager: 09:22:42 INFO [441] (ClientUse) Cannot find user by: user3Name 
02-17 09:22:42.893 10895 10908 I ClientUserManager: 09:22:42 INFO [441] (ClientUse) Cannot find user by: user3Name 
02-17 09:22:42.896 10895 10908 I System.out: Could not access BuildConfig field 'BACKENDCONNECTION_STAGING_SOCKSPROXY': No field BACKENDCONNECTION_STAGING_SOCKSPROXY in class Lcom/wire/android/testSupport/BuildConfig; (declaration of 'com.wire.android.testSupport.BuildConfig' appears in /data/app/~~WJwhOsv2TGZGjUiLjofvjQ==/com.wire.android.tests.testsCore.test-r_hzGMoM8NJnDOQgd1ydiw==/base.apk!classes2.dex)
02-17 09:22:42.897 10895 10908 I TestService: 09:22:42 INFO [441] (TestServi) GET: http://192.168.2.18:8080/api/v1/ 
02-17 09:22:42.918 10895 10908 I TestService: 09:22:42 INFO [441] (TestServi) PUT: http://192.168.2.18:8080/api/v1/instance 
02-17 09:22:42.919 10895 10908 I TestService: 09:22:42 INFO [441] (TestServi)  >>> Request: {"email":"wuckerthcvxzrkmuw@wire.engineering","password":"2R#mw33f","deviceName":"Device1","name":"TestService","customBackend":{"name":"STAGING","rest":"https:\/\/staging-nginz-https.zinfra.io\/","ws":"wss:\/\/staging-nginz-ssl.zinfra.io"},"federationDomain":"staging.zinfra.io","developmentApiEnabled":true} 
02-17 09:22:52.142 10895 10908 I TestService: 09:22:52 INFO [441] (TestServi)  >>> Response (200): {"backend":"staging","clientId":"c86e4a4292a6b5c3","instanceId":"63052c8f-57b8-4db9-9200-b23f571f5803","name":"TestService","startupTime":7669,"startTime":1771316569904} 
02-17 09:22:52.147 10895 10908 I ClientUserManager: 09:22:52 INFO [441] (ClientUse) Cannot find user by: user1Name 
02-17 09:22:52.149 10895 10908 I System.out: Could not access BuildConfig field 'BACKENDCONNECTION_STAGING_SOCKSPROXY': No field BACKENDCONNECTION_STAGING_SOCKSPROXY in class Lcom/wire/android/testSupport/BuildConfig; (declaration of 'com.wire.android.testSupport.BuildConfig' appears in /data/app/~~WJwhOsv2TGZGjUiLjofvjQ==/com.wire.android.tests.testsCore.test-r_hzGMoM8NJnDOQgd1ydiw==/base.apk!classes2.dex)
02-17 09:22:52.344 10895 10908 I UiAutomatorPinger: 09:22:52 INFO [441] (UiAutomat) Starting UIAutomator pinger every 30 seconds 
02-17 09:22:52.365 10895 11296 I UiAutomatorPinger: 09:22:52 INFO [451] (UiAutomat) Pinging device (waking up screen) 
02-17 09:22:52.370 10895 11296 D UiDevice: Turning on screen.
02-17 09:22:52.371 10895 11295 D CallingManager: Creating instance for user2Name
02-17 09:22:52.372 10895 11299 D CallingManager: Creating instance for user3Name
02-17 09:22:52.377 10895 11295 I ClientUserManager: 09:22:52 INFO [450] (ClientUse) Cannot find user by: user2Name 
02-17 09:22:52.378 10895 11299 I ClientUserManager: 09:22:52 INFO [454] (ClientUse) Cannot find user by: user3Name 
02-17 09:22:52.379 10895 11295 I System.out: Could not access BuildConfig field 'BACKENDCONNECTION_STAGING_SOCKSPROXY': No field BACKENDCONNECTION_STAGING_SOCKSPROXY in class Lcom/wire/android/testSupport/BuildConfig; (declaration of 'com.wire.android.testSupport.BuildConfig' appears in /data/app/~~WJwhOsv2TGZGjUiLjofvjQ==/com.wire.android.tests.testsCore.test-r_hzGMoM8NJnDOQgd1ydiw==/base.apk!classes2.dex)
02-17 09:22:52.379 10895 11299 I System.out: Could not access BuildConfig field 'BACKENDCONNECTION_STAGING_SOCKSPROXY': No field BACKENDCONNECTION_STAGING_SOCKSPROXY in class Lcom/wire/android/testSupport/BuildConfig; (declaration of 'com.wire.android.testSupport.BuildConfig' appears in /data/app/~~WJwhOsv2TGZGjUiLjofvjQ==/com.wire.android.tests.testsCore.test-r_hzGMoM8NJnDOQgd1ydiw==/base.apk!classes2.dex)
02-17 09:22:52.427 10895 11295 I System.out: Could not access BuildConfig field 'BACKENDCONNECTION_STAGING_SOCKSPROXY': No field BACKENDCONNECTION_STAGING_SOCKSPROXY in class Lcom/wire/android/testSupport/BuildConfig; (declaration of 'com.wire.android.testSupport.BuildConfig' appears in /data/app/~~WJwhOsv2TGZGjUiLjofvjQ==/com.wire.android.tests.testsCore.test-r_hzGMoM8NJnDOQgd1ydiw==/base.apk!classes2.dex)
02-17 09:22:52.427 10895 11299 I System.out: Could not access BuildConfig field 'BACKENDCONNECTION_STAGING_SOCKSPROXY': No field BACKENDCONNECTION_STAGING_SOCKSPROXY in class Lcom/wire/android/testSupport/BuildConfig; (declaration of 'com.wire.android.testSupport.BuildConfig' appears in /data/app/~~WJwhOsv2TGZGjUiLjofvjQ==/com.wire.android.tests.testsCore.test-r_hzGMoM8NJnDOQgd1ydiw==/base.apk!classes2.dex)
02-17 09:22:52.918 10895 11296 I UiAutomatorPinger: 09:22:52 INFO [451] (UiAutomat) Device screen awakened 
02-17 09:23:04.702 10895 11299 D CallingManager: Started instance b8fc2063-f7d8-405a-9787-871a9a679e7f for user Rodney Wuckert
02-17 09:23:04.860 10895 11295 D CallingManager: Started instance e159ccf5-a13d-420c-80c4-0d81ffed2b35 for user Leland Abernathy
02-17 09:23:04.864 10895 10908 I UiAutomatorPinger: 09:23:04 INFO [441] (UiAutomat) Stopping UIAutomator pinger 
02-17 09:23:04.872 10895 10908 I System.out: Could not access BuildConfig field 'BACKENDCONNECTION_STAGING_SOCKSPROXY': No field BACKENDCONNECTION_STAGING_SOCKSPROXY in class Lcom/wire/android/testSupport/BuildConfig; (declaration of 'com.wire.android.testSupport.BuildConfig' appears in /data/app/~~WJwhOsv2TGZGjUiLjofvjQ==/com.wire.android.tests.testsCore.test-r_hzGMoM8NJnDOQgd1ydiw==/base.apk!classes2.dex)
02-17 09:23:04.874 10895 10908 D UiDevice: Waiting 10000ms for SearchCondition[hasObject=BySelector [TEXT='\QEnter your email to start!\E']].
