--------- beginning of main
02-16 10:34:27.700 27615 27628 E TestRunner: failed: givenUserInAnotherTeam_whenFileIsSent_thenRecipientCanReceivePlayAndDownloadIt(com.wire.android.tests.core.criticalFlows.FileSharingBetweenTeams)
02-16 10:34:27.701 27615 27628 E TestRunner: ----- begin exception -----
02-16 10:34:27.701 27615 27628 E TestRunner: java.lang.AssertionError: Element not found with selector: text='Enter your email to start!'
02-16 10:34:27.701 27615 27628 E TestRunner: 	at uiautomatorutils.UiWaitUtils.waitElement(UiWaitUtils.kt:94)
02-16 10:34:27.701 27615 27628 E TestRunner: 	at uiautomatorutils.UiWaitUtils.waitElement$default(UiWaitUtils.kt:84)
02-16 10:34:27.701 27615 27628 E TestRunner: 	at com.wire.android.tests.core.pages.RegistrationPage.assertEmailWelcomePage(RegistrationPage.kt:66)
02-16 10:34:27.701 27615 27628 E TestRunner: 	at com.wire.android.tests.core.criticalFlows.FileSharingBetweenTeams.givenUserInAnotherTeam_whenFileIsSent_thenRecipientCanReceivePlayAndDownloadIt$lambda$7(FileSharingBetweenTeams.kt:127)
02-16 10:34:27.701 27615 27628 E TestRunner: 	at com.wire.android.tests.core.criticalFlows.FileSharingBetweenTeams.$r8$lambda$wBwXBq4ElaSAC8GukrexFtaXqkM(Unknown Source:0)
02-16 10:34:27.701 27615 27628 E TestRunner: 	at com.wire.android.tests.core.criticalFlows.FileSharingBetweenTeams$$ExternalSyntheticLambda2.invoke(D8$$SyntheticClass:0)
02-16 10:34:27.701 27615 27628 E TestRunner: 	at com.wire.android.tests.core.BaseUiTest.step$lambda$1(BaseUiTest.kt:54)
02-16 10:34:27.701 27615 27628 E TestRunner: 	at com.wire.android.tests.core.BaseUiTest.$r8$lambda$CSKDAIjp6271vtVFMpsHBDVw5qY(Unknown Source:0)
02-16 10:34:27.701 27615 27628 E TestRunner: 	at com.wire.android.tests.core.BaseUiTest$$ExternalSyntheticLambda1.invoke(D8$$SyntheticClass:0)
02-16 10:34:27.701 27615 27628 E TestRunner: 	at io.qameta.allure.kotlin.Allure.step(Allure.kt:60)
02-16 10:34:27.701 27615 27628 E TestRunner: 	at com.wire.android.tests.core.BaseUiTest.step(BaseUiTest.kt:54)
02-16 10:34:27.701 27615 27628 E TestRunner: 	at com.wire.android.tests.core.criticalFlows.FileSharingBetweenTeams.givenUserInAnotherTeam_whenFileIsSent_thenRecipientCanReceivePlayAndDownloadIt(FileSharingBetweenTeams.kt:125)
02-16 10:34:27.701 27615 27628 E TestRunner: 	at java.lang.reflect.Method.invoke(Native Method)
02-16 10:34:27.701 27615 27628 E TestRunner: 	at org.junit.runners.model.FrameworkMethod$1.runReflectiveCall(FrameworkMethod.java:59)
02-16 10:34:27.701 27615 27628 E TestRunner: 	at org.junit.internal.runners.model.ReflectiveCallable.run(ReflectiveCallable.java:12)
02-16 10:34:27.701 27615 27628 E TestRunner: 	at org.junit.runners.model.FrameworkMethod.invokeExplosively(FrameworkMethod.java:56)
02-16 10:34:27.701 27615 27628 E TestRunner: 	at org.junit.internal.runners.statements.InvokeMethod.evaluate(InvokeMethod.java:17)
02-16 10:34:27.701 27615 27628 E TestRunner: 	at androidx.test.internal.runner.junit4.statement.RunBefores.evaluate(RunBefores.java:80)
02-16 10:34:27.701 27615 27628 E TestRunner: 	at androidx.test.internal.runner.junit4.statement.RunAfters.evaluate(RunAfters.java:61)
02-16 10:34:27.701 27615 27628 E TestRunner: 	at com.wire.android.tests.support.suite.AllureFailureScreenshotRule$apply$1.evaluate(AllureFailureScreenshotRule.kt:44)
02-16 10:34:27.701 27615 27628 E TestRunner: 	at com.wire.android.tests.support.suite.AllureLabelsRule$apply$1.evaluate(AllureLabelsRule.kt:70)
02-16 10:34:27.701 27615 27628 E TestRunner: 	at org.junit.rules.TestWatcher$1.evaluate(TestWatcher.java:61)
02-16 10:34:27.701 27615 27628 E TestRunner: 	at com.wire.android.tests.support.suite.AllureLogcatRule$apply$1.evaluate(AllureLogcatRule.kt:41)
02-16 10:34:27.701 27615 27628 E TestRunner: 	at org.junit.runners.ParentRunner$3.evaluate(ParentRunner.java:306)
02-16 10:34:27.701 27615 27628 E TestRunner: 	at org.junit.runners.BlockJUnit4ClassRunner$1.evaluate(BlockJUnit4ClassRunner.java:100)
02-16 10:34:27.701 27615 27628 E TestRunner: 	at org.junit.runners.ParentRunner.runLeaf(ParentRunner.java:366)
02-16 10:34:27.701 27615 27628 E TestRunner: 	at org.junit.runners.BlockJUnit4ClassRunner.runChild(BlockJUnit4ClassRunner.java:103)
02-16 10:34:27.701 27615 27628 E TestRunner: 	at org.junit.runners.BlockJUnit4ClassRunner.runChild(BlockJUnit4ClassRunner.java:63)
02-16 10:34:27.701 27615 27628 E TestRunner: 	at org.junit.runners.ParentRunner$4.run(ParentRunner.java:331)
02-16 10:34:27.701 27615 27628 E TestRunner: 	at org.junit.runners.ParentRunner$1.schedule(ParentRunner.java:79)
02-16 10:34:27.701 27615 27628 E TestRunner: 	at org.junit.runners.ParentRunner.runChildren(ParentRunner.java:329)
02-16 10:34:27.701 27615 27628 E TestRunner: 	at org.junit.runners.ParentRunner.access$100(ParentRunner.java:66)
02-16 10:34:27.701 27615 27628 E TestRunner: 	at org.junit.runners.ParentRunner$2.evaluate(ParentRunner.java:293)
02-16 10:34:27.701 27615 27628 E TestRunner: 	at org.junit.runners.ParentRunner$3.evaluate(ParentRunner.java:306)
02-16 10:34:27.701 27615 27628 E TestRunner: 	at org.junit.runners.ParentRunner.run(ParentRunner.java:413)
02-16 10:34:27.701 27615 27628 E TestRunner: 	at androidx.test.ext.junit.runners.AndroidJUnit4.run(AndroidJUnit4.java:162)
02-16 10:34:27.701 27615 27628 E TestRunner: 	at org.junit.runners.Suite.runChild(Suite.java:128)
02-16 10:34:27.701 27615 27628 E TestRunner: 	at org.junit.runners.Suite.runChild(Suite.java:27)
02-16 10:34:27.701 27615 27628 E TestRunner: 	at org.junit.runners.ParentRunner$4.run(ParentRunner.java:331)
02-16 10:34:27.701 27615 27628 E TestRunner: 	at org.junit.runners.ParentRunner$1.schedule(ParentRunner.java:79)
02-16 10:34:27.701 27615 27628 E TestRunner: 	at org.junit.runners.ParentRunner.runChildren(ParentRunner.java:329)
02-16 10:34:27.701 27615 27628 E TestRunner: 	at org.junit.runners.ParentRunner.access$100(ParentRunner.java:66)
02-16 10:34:27.701 27615 27628 E TestRunner: 	at org.junit.runners.ParentRunner$2.evaluate(ParentRunner.java:293)
02-16 10:34:27.701 27615 27628 E TestRunner: 	at org.junit.runners.ParentRunner$3.evaluate(ParentRunner.java:306)
02-16 10:34:27.701 27615 27628 E TestRunner: 	at org.junit.runners.ParentRunner.run(ParentRunner.java:413)
02-16 10:34:27.701 27615 27628 E TestRunner: 	at org.junit.runner.JUnitCore.run(JUnitCore.java:137)
02-16 10:34:27.701 27615 27628 E TestRunner: 	at org.junit.runner.JUnitCore.run(JUnitCore.java:115)
02-16 10:34:27.701 27615 27628 E TestRunner: 	at androidx.test.internal.runner.TestExecutor.execute(TestExecutor.java:68)
02-16 10:34:27.701 27615 27628 E TestRunner: 	at androidx.test.internal.runner.TestExecutor.execute(TestExecutor.java:59)
02-16 10:34:27.701 27615 27628 E TestRunner: 	at androidx.test.runner.AndroidJUnitRunner.onStart(AndroidJUnitRunner.java:467)
02-16 10:34:27.701 27615 27628 E TestRunner: 	at com.wire.android.tests.support.suite.TaggedTestRunner.onStart(TaggedTestRunner.kt:51)
02-16 10:34:27.701 27615 27628 E TestRunner: 	at android.app.Instrumentation$InstrumentationThread.run(Instrumentation.java:2278)
02-16 10:34:27.701 27615 27628 E TestRunner: ----- end exception -----
02-16 10:34:27.705 27615 27628 I TestRunner: finished: givenUserInAnotherTeam_whenFileIsSent_thenRecipientCanReceivePlayAndDownloadIt(com.wire.android.tests.core.criticalFlows.FileSharingBetweenTeams)
02-16 10:34:27.760 27615 27628 I TestRunner: started: givenIStartGroupCall_whenParticipantShareMessageFileAndLocation_thenAllVisibleAndCallContinues(com.wire.android.tests.core.criticalFlows.GroupCallChat)
02-16 10:34:27.793 27615 27628 D UiDevice: Executing shell command: pm clear com.wire.internal
02-16 10:34:27.880 27615 27628 D UiDevice: Executing shell command: settings put secure show_ime_with_hard_keyboard 0
02-16 10:34:27.906 27615 27628 D UiDevice: Executing shell command: settings put global window_animation_scale 0
02-16 10:34:27.948 27615 27628 D UiDevice: Executing shell command: settings put global transition_animation_scale 0
02-16 10:34:27.973 27615 27628 D UiDevice: Executing shell command: settings put global animator_duration_scale .5
02-16 10:34:27.998 27615 27628 D UiDevice: Pressing home button.
02-16 10:34:29.035 27615 27628 W InteractionController: Timed out waiting 1000ms for command and events.
02-16 10:34:29.044 27615 27628 D UiDevice: Waiting 20000ms for SearchCondition[hasObject=BySelector [PKG='\Qcom.google.android.apps.nexuslauncher\E']].
02-16 10:34:29.044 27615 27628 D UiDevice: Searching for node with selector: BySelector [PKG='\Qcom.google.android.apps.nexuslauncher\E'].
02-16 10:34:29.363 27615 27628 D UiDevice: Searching for node with selector: BySelector [PKG='\Qcom.google.android.apps.nexuslauncher\E'].
02-16 10:34:29.511 27615 27628 D UiDevice: Searching for node with selector: BySelector [PKG='\Qcom.google.android.apps.nexuslauncher\E'].
02-16 10:34:29.663 27615 27628 D UiDevice: Searching for node with selector: BySelector [PKG='\Qcom.google.android.apps.nexuslauncher\E'].
02-16 10:34:29.818 27615 27628 D UiDevice: Searching for node with selector: BySelector [PKG='\Qcom.google.android.apps.nexuslauncher\E'].
02-16 10:34:29.968 27615 27628 D UiDevice: Searching for node with selector: BySelector [PKG='\Qcom.google.android.apps.nexuslauncher\E'].
02-16 10:34:30.120 27615 27628 D UiDevice: Searching for node with selector: BySelector [PKG='\Qcom.google.android.apps.nexuslauncher\E'].
02-16 10:34:30.275 27615 27628 D UiDevice: Searching for node with selector: BySelector [PKG='\Qcom.google.android.apps.nexuslauncher\E'].
02-16 10:34:30.428 27615 27628 D UiDevice: Searching for node with selector: BySelector [PKG='\Qcom.google.android.apps.nexuslauncher\E'].
02-16 10:34:30.576 27615 27628 D UiDevice: Searching for node with selector: BySelector [PKG='\Qcom.google.android.apps.nexuslauncher\E'].
02-16 10:34:30.731 27615 27628 D UiDevice: Searching for node with selector: BySelector [PKG='\Qcom.google.android.apps.nexuslauncher\E'].
02-16 10:34:30.891 27615 27628 D UiDevice: Searching for node with selector: BySelector [PKG='\Qcom.google.android.apps.nexuslauncher\E'].
02-16 10:34:31.042 27615 27628 D UiDevice: Searching for node with selector: BySelector [PKG='\Qcom.google.android.apps.nexuslauncher\E'].
02-16 10:34:31.191 27615 27628 D UiDevice: Searching for node with selector: BySelector [PKG='\Qcom.google.android.apps.nexuslauncher\E'].
02-16 10:34:31.548 27615 27628 D UiDevice: Searching for node with selector: BySelector [PKG='\Qcom.google.android.apps.nexuslauncher\E'].
02-16 10:34:31.700 27615 27628 D UiDevice: Searching for node with selector: BySelector [PKG='\Qcom.google.android.apps.nexuslauncher\E'].
02-16 10:34:31.856 27615 27628 D UiDevice: Searching for node with selector: BySelector [PKG='\Qcom.google.android.apps.nexuslauncher\E'].
02-16 10:34:32.010 27615 27628 D UiDevice: Searching for node with selector: BySelector [PKG='\Qcom.google.android.apps.nexuslauncher\E'].
02-16 10:34:32.158 27615 27628 D UiDevice: Searching for node with selector: BySelector [PKG='\Qcom.google.android.apps.nexuslauncher\E'].
02-16 10:34:32.310 27615 27628 D UiDevice: Searching for node with selector: BySelector [PKG='\Qcom.google.android.apps.nexuslauncher\E'].
02-16 10:34:32.464 27615 27628 D UiDevice: Searching for node with selector: BySelector [PKG='\Qcom.google.android.apps.nexuslauncher\E'].
02-16 10:34:32.618 27615 27628 D UiDevice: Searching for node with selector: BySelector [PKG='\Qcom.google.android.apps.nexuslauncher\E'].
02-16 10:34:32.768 27615 27628 D UiDevice: Searching for node with selector: BySelector [PKG='\Qcom.google.android.apps.nexuslauncher\E'].
02-16 10:34:32.920 27615 27628 D UiDevice: Searching for node with selector: BySelector [PKG='\Qcom.google.android.apps.nexuslauncher\E'].
02-16 10:34:33.076 27615 27628 D UiDevice: Searching for node with selector: BySelector [PKG='\Qcom.google.android.apps.nexuslauncher\E'].
02-16 10:34:33.230 27615 27628 D UiDevice: Searching for node with selector: BySelector [PKG='\Qcom.google.android.apps.nexuslauncher\E'].
02-16 10:34:33.573 27615 27628 D UiDevice: Searching for node with selector: BySelector [PKG='\Qcom.google.android.apps.nexuslauncher\E'].
02-16 10:34:33.731 27615 27628 D UiDevice: Searching for node with selector: BySelector [PKG='\Qcom.google.android.apps.nexuslauncher\E'].
02-16 10:34:33.885 27615 27628 D UiDevice: Searching for node with selector: BySelector [PKG='\Qcom.google.android.apps.nexuslauncher\E'].
02-16 10:34:34.033 27615 27628 D UiDevice: Searching for node with selector: BySelector [PKG='\Qcom.google.android.apps.nexuslauncher\E'].
02-16 10:34:34.189 27615 27628 D UiDevice: Searching for node with selector: BySelector [PKG='\Qcom.google.android.apps.nexuslauncher\E'].
02-16 10:34:34.339 27615 27628 D UiDevice: Searching for node with selector: BySelector [PKG='\Qcom.google.android.apps.nexuslauncher\E'].
02-16 10:34:34.494 27615 27628 D UiDevice: Searching for node with selector: BySelector [PKG='\Qcom.google.android.apps.nexuslauncher\E'].
02-16 10:34:34.650 27615 27628 D UiDevice: Searching for node with selector: BySelector [PKG='\Qcom.google.android.apps.nexuslauncher\E'].
02-16 10:34:34.800 27615 27628 D UiDevice: Searching for node with selector: BySelector [PKG='\Qcom.google.android.apps.nexuslauncher\E'].
02-16 10:34:34.957 27615 27628 D UiDevice: Searching for node with selector: BySelector [PKG='\Qcom.google.android.apps.nexuslauncher\E'].
02-16 10:34:35.106 27615 27628 D UiDevice: Searching for node with selector: BySelector [PKG='\Qcom.google.android.apps.nexuslauncher\E'].
02-16 10:34:35.261 27615 27628 D UiDevice: Searching for node with selector: BySelector [PKG='\Qcom.google.android.apps.nexuslauncher\E'].
02-16 10:34:35.526 27615 27620 I .testsCore.tes: Background concurrent copying GC freed 19MB AllocSpace bytes, 64(2616KB) LOS objects, 76% free, 7743KB/31MB, paused 102us,35us total 130.741ms
02-16 10:34:35.580 27615 27628 D UiDevice: Searching for node with selector: BySelector [PKG='\Qcom.google.android.apps.nexuslauncher\E'].
02-16 10:34:35.712 27615 27628 D UiDevice: Searching for node with selector: BySelector [PKG='\Qcom.google.android.apps.nexuslauncher\E'].
02-16 10:34:35.866 27615 27628 D UiDevice: Searching for node with selector: BySelector [PKG='\Qcom.google.android.apps.nexuslauncher\E'].
02-16 10:34:36.019 27615 27628 D UiDevice: Searching for node with selector: BySelector [PKG='\Qcom.google.android.apps.nexuslauncher\E'].
02-16 10:34:36.172 27615 27628 D UiDevice: Searching for node with selector: BySelector [PKG='\Qcom.google.android.apps.nexuslauncher\E'].
02-16 10:34:36.328 27615 27628 D UiDevice: Searching for node with selector: BySelector [PKG='\Qcom.google.android.apps.nexuslauncher\E'].
02-16 10:34:36.479 27615 27628 D UiDevice: Searching for node with selector: BySelector [PKG='\Qcom.google.android.apps.nexuslauncher\E'].
02-16 10:34:36.631 27615 27628 D UiDevice: Searching for node with selector: BySelector [PKG='\Qcom.google.android.apps.nexuslauncher\E'].
02-16 10:34:36.782 27615 27628 D UiDevice: Searching for node with selector: BySelector [PKG='\Qcom.google.android.apps.nexuslauncher\E'].
02-16 10:34:36.937 27615 27628 D UiDevice: Searching for node with selector: BySelector [PKG='\Qcom.google.android.apps.nexuslauncher\E'].
02-16 10:34:37.090 27615 27628 D UiDevice: Searching for node with selector: BySelector [PKG='\Qcom.google.android.apps.nexuslauncher\E'].
02-16 10:34:37.239 27615 27628 D UiDevice: Searching for node with selector: BySelector [PKG='\Qcom.google.android.apps.nexuslauncher\E'].
02-16 10:34:37.388 27615 27628 D UiDevice: Searching for node with selector: BySelector [PKG='\Qcom.google.android.apps.nexuslauncher\E'].
02-16 10:34:37.712 27615 27628 D UiDevice: Searching for node with selector: BySelector [PKG='\Qcom.google.android.apps.nexuslauncher\E'].
02-16 10:34:37.866 27615 27628 D UiDevice: Searching for node with selector: BySelector [PKG='\Qcom.google.android.apps.nexuslauncher\E'].
02-16 10:34:38.016 27615 27628 D UiDevice: Searching for node with selector: BySelector [PKG='\Qcom.google.android.apps.nexuslauncher\E'].
02-16 10:34:38.173 27615 27628 D UiDevice: Searching for node with selector: BySelector [PKG='\Qcom.google.android.apps.nexuslauncher\E'].
02-16 10:34:38.330 27615 27628 D UiDevice: Searching for node with selector: BySelector [PKG='\Qcom.google.android.apps.nexuslauncher\E'].
02-16 10:34:38.486 27615 27628 D UiDevice: Searching for node with selector: BySelector [PKG='\Qcom.google.android.apps.nexuslauncher\E'].
02-16 10:34:38.638 27615 27628 D UiDevice: Searching for node with selector: BySelector [PKG='\Qcom.google.android.apps.nexuslauncher\E'].
02-16 10:34:38.789 27615 27628 D UiDevice: Searching for node with selector: BySelector [PKG='\Qcom.google.android.apps.nexuslauncher\E'].
02-16 10:34:38.941 27615 27628 D UiDevice: Searching for node with selector: BySelector [PKG='\Qcom.google.android.apps.nexuslauncher\E'].
02-16 10:34:39.097 27615 27628 D UiDevice: Searching for node with selector: BySelector [PKG='\Qcom.google.android.apps.nexuslauncher\E'].
02-16 10:34:39.251 27615 27628 D UiDevice: Searching for node with selector: BySelector [PKG='\Qcom.google.android.apps.nexuslauncher\E'].
02-16 10:34:39.405 27615 27628 D UiDevice: Searching for node with selector: BySelector [PKG='\Qcom.google.android.apps.nexuslauncher\E'].
02-16 10:34:39.764 27615 27628 D UiDevice: Searching for node with selector: BySelector [PKG='\Qcom.google.android.apps.nexuslauncher\E'].
02-16 10:34:39.918 27615 27628 D UiDevice: Searching for node with selector: BySelector [PKG='\Qcom.google.android.apps.nexuslauncher\E'].
02-16 10:34:40.077 27615 27628 D UiDevice: Searching for node with selector: BySelector [PKG='\Qcom.google.android.apps.nexuslauncher\E'].
02-16 10:34:40.229 27615 27628 D UiDevice: Searching for node with selector: BySelector [PKG='\Qcom.google.android.apps.nexuslauncher\E'].
02-16 10:34:40.375 27615 27628 D UiDevice: Searching for node with selector: BySelector [PKG='\Qcom.google.android.apps.nexuslauncher\E'].
02-16 10:34:40.532 27615 27628 D UiDevice: Searching for node with selector: BySelector [PKG='\Qcom.google.android.apps.nexuslauncher\E'].
02-16 10:34:40.686 27615 27628 D UiDevice: Searching for node with selector: BySelector [PKG='\Qcom.google.android.apps.nexuslauncher\E'].
02-16 10:34:40.834 27615 27628 D UiDevice: Searching for node with selector: BySelector [PKG='\Qcom.google.android.apps.nexuslauncher\E'].
02-16 10:34:40.986 27615 27628 D UiDevice: Searching for node with selector: BySelector [PKG='\Qcom.google.android.apps.nexuslauncher\E'].
02-16 10:34:41.135 27615 27628 D UiDevice: Searching for node with selector: BySelector [PKG='\Qcom.google.android.apps.nexuslauncher\E'].
02-16 10:34:41.290 27615 27628 D UiDevice: Searching for node with selector: BySelector [PKG='\Qcom.google.android.apps.nexuslauncher\E'].
02-16 10:34:41.443 27615 27628 D UiDevice: Searching for node with selector: BySelector [PKG='\Qcom.google.android.apps.nexuslauncher\E'].
02-16 10:34:41.717 27615 27628 D UiDevice: Searching for node with selector: BySelector [PKG='\Qcom.google.android.apps.nexuslauncher\E'].
02-16 10:34:41.871 27615 27628 D UiDevice: Searching for node with selector: BySelector [PKG='\Qcom.google.android.apps.nexuslauncher\E'].
02-16 10:34:42.027 27615 27628 D UiDevice: Searching for node with selector: BySelector [PKG='\Qcom.google.android.apps.nexuslauncher\E'].
02-16 10:34:42.177 27615 27628 D UiDevice: Searching for node with selector: BySelector [PKG='\Qcom.google.android.apps.nexuslauncher\E'].
02-16 10:34:42.331 27615 27628 D UiDevice: Searching for node with selector: BySelector [PKG='\Qcom.google.android.apps.nexuslauncher\E'].
02-16 10:34:42.487 27615 27628 D UiDevice: Searching for node with selector: BySelector [PKG='\Qcom.google.android.apps.nexuslauncher\E'].
02-16 10:34:42.639 27615 27628 D UiDevice: Searching for node with selector: BySelector [PKG='\Qcom.google.android.apps.nexuslauncher\E'].
02-16 10:34:42.792 27615 27628 D UiDevice: Searching for node with selector: BySelector [PKG='\Qcom.google.android.apps.nexuslauncher\E'].
02-16 10:34:42.947 27615 27628 D UiDevice: Searching for node with selector: BySelector [PKG='\Qcom.google.android.apps.nexuslauncher\E'].
02-16 10:34:43.093 27615 27628 D UiDevice: Searching for node with selector: BySelector [PKG='\Qcom.google.android.apps.nexuslauncher\E'].
02-16 10:34:43.278 27615 27628 D UiDevice: Searching for node with selector: BySelector [PKG='\Qcom.google.android.apps.nexuslauncher\E'].
02-16 10:34:44.069 27615 27628 D UiDevice: Searching for node with selector: BySelector [PKG='\Qcom.google.android.apps.nexuslauncher\E'].
02-16 10:34:44.217 27615 27628 D UiDevice: Searching for node with selector: BySelector [PKG='\Qcom.google.android.apps.nexuslauncher\E'].
02-16 10:34:44.366 27615 27628 D UiDevice: Searching for node with selector: BySelector [PKG='\Qcom.google.android.apps.nexuslauncher\E'].
02-16 10:34:44.518 27615 27628 D UiDevice: Searching for node with selector: BySelector [PKG='\Qcom.google.android.apps.nexuslauncher\E'].
02-16 10:34:44.673 27615 27628 D UiDevice: Searching for node with selector: BySelector [PKG='\Qcom.google.android.apps.nexuslauncher\E'].
02-16 10:34:44.820 27615 27628 D UiDevice: Searching for node with selector: BySelector [PKG='\Qcom.google.android.apps.nexuslauncher\E'].
02-16 10:34:44.972 27615 27628 D UiDevice: Searching for node with selector: BySelector [PKG='\Qcom.google.android.apps.nexuslauncher\E'].
02-16 10:34:45.125 27615 27628 D UiDevice: Searching for node with selector: BySelector [PKG='\Qcom.google.android.apps.nexuslauncher\E'].
02-16 10:34:45.272 27615 27628 D UiDevice: Searching for node with selector: BySelector [PKG='\Qcom.google.android.apps.nexuslauncher\E'].
02-16 10:34:45.421 27615 27628 D UiDevice: Searching for node with selector: BySelector [PKG='\Qcom.google.android.apps.nexuslauncher\E'].
02-16 10:34:45.576 27615 27628 D UiDevice: Searching for node with selector: BySelector [PKG='\Qcom.google.android.apps.nexuslauncher\E'].
02-16 10:34:45.727 27615 27628 D UiDevice: Searching for node with selector: BySelector [PKG='\Qcom.google.android.apps.nexuslauncher\E'].
02-16 10:34:45.878 27615 27628 D UiDevice: Searching for node with selector: BySelector [PKG='\Qcom.google.android.apps.nexuslauncher\E'].
02-16 10:34:46.193 27615 27628 D UiDevice: Searching for node with selector: BySelector [PKG='\Qcom.google.android.apps.nexuslauncher\E'].
02-16 10:34:46.345 27615 27628 D UiDevice: Searching for node with selector: BySelector [PKG='\Qcom.google.android.apps.nexuslauncher\E'].
02-16 10:34:46.500 27615 27628 D UiDevice: Searching for node with selector: BySelector [PKG='\Qcom.google.android.apps.nexuslauncher\E'].
02-16 10:34:46.655 27615 27628 D UiDevice: Searching for node with selector: BySelector [PKG='\Qcom.google.android.apps.nexuslauncher\E'].
02-16 10:34:46.808 27615 27628 D UiDevice: Searching for node with selector: BySelector [PKG='\Qcom.google.android.apps.nexuslauncher\E'].
02-16 10:34:46.954 27615 27628 D UiDevice: Searching for node with selector: BySelector [PKG='\Qcom.google.android.apps.nexuslauncher\E'].
02-16 10:34:47.103 27615 27628 D UiDevice: Searching for node with selector: BySelector [PKG='\Qcom.google.android.apps.nexuslauncher\E'].
02-16 10:34:47.258 27615 27628 D UiDevice: Searching for node with selector: BySelector [PKG='\Qcom.google.android.apps.nexuslauncher\E'].
02-16 10:34:47.413 27615 27628 D UiDevice: Searching for node with selector: BySelector [PKG='\Qcom.google.android.apps.nexuslauncher\E'].
02-16 10:34:47.571 27615 27628 D UiDevice: Searching for node with selector: BySelector [PKG='\Qcom.google.android.apps.nexuslauncher\E'].
02-16 10:34:47.718 27615 27628 D UiDevice: Searching for node with selector: BySelector [PKG='\Qcom.google.android.apps.nexuslauncher\E'].
02-16 10:34:47.865 27615 27628 D UiDevice: Searching for node with selector: BySelector [PKG='\Qcom.google.android.apps.nexuslauncher\E'].
02-16 10:34:48.019 27615 27628 D UiDevice: Searching for node with selector: BySelector [PKG='\Qcom.google.android.apps.nexuslauncher\E'].
02-16 10:34:48.382 27615 27628 D UiDevice: Searching for node with selector: BySelector [PKG='\Qcom.google.android.apps.nexuslauncher\E'].
02-16 10:34:48.536 27615 27628 D UiDevice: Searching for node with selector: BySelector [PKG='\Qcom.google.android.apps.nexuslauncher\E'].
02-16 10:34:48.692 27615 27628 D UiDevice: Searching for node with selector: BySelector [PKG='\Qcom.google.android.apps.nexuslauncher\E'].
02-16 10:34:48.842 27615 27628 D UiDevice: Searching for node with selector: BySelector [PKG='\Qcom.google.android.apps.nexuslauncher\E'].
02-16 10:34:48.994 27615 27628 D UiDevice: Searching for node with selector: BySelector [PKG='\Qcom.google.android.apps.nexuslauncher\E'].
02-16 10:34:49.069 27615 27628 D UiDevice: Waiting 20000ms for SearchCondition[hasObject=BySelector [PKG='\Qcom.wire.internal\E']].
02-16 10:34:49.069 27615 27628 D UiDevice: Searching for node with selector: BySelector [PKG='\Qcom.wire.internal\E'].
02-16 10:34:49.190 27615 27628 D UiDevice: Searching for node with selector: BySelector [PKG='\Qcom.wire.internal\E'].
02-16 10:34:49.313 27615 27628 D UiDevice: Searching for node with selector: BySelector [PKG='\Qcom.wire.internal\E'].
02-16 10:34:49.438 27615 27628 D UiDevice: Searching for node with selector: BySelector [PKG='\Qcom.wire.internal\E'].
02-16 10:34:49.560 27615 27628 D UiDevice: Searching for node with selector: BySelector [PKG='\Qcom.wire.internal\E'].
02-16 10:34:49.693 27615 27628 D UiDevice: Searching for node with selector: BySelector [PKG='\Qcom.wire.internal\E'].
02-16 10:34:49.836 27615 27628 D UiDevice: Searching for node with selector: BySelector [PKG='\Qcom.wire.internal\E'].
02-16 10:34:49.986 27615 27628 D UiDevice: Searching for node with selector: BySelector [PKG='\Qcom.wire.internal\E'].
02-16 10:34:50.131 27615 27628 D UiDevice: Searching for node with selector: BySelector [PKG='\Qcom.wire.internal\E'].
02-16 10:34:50.356 27615 27628 D UiDevice: Searching for node with selector: BySelector [PKG='\Qcom.wire.internal\E'].
02-16 10:34:50.482 27615 27628 D UiDevice: Searching for node with selector: BySelector [PKG='\Qcom.wire.internal\E'].
02-16 10:34:50.610 27615 27628 D UiDevice: Searching for node with selector: BySelector [PKG='\Qcom.wire.internal\E'].
02-16 10:34:50.736 27615 27628 D UiDevice: Searching for node with selector: BySelector [PKG='\Qcom.wire.internal\E'].
02-16 10:34:50.864 27615 27628 D UiDevice: Searching for node with selector: BySelector [PKG='\Qcom.wire.internal\E'].
02-16 10:34:50.991 27615 27628 D UiDevice: Searching for node with selector: BySelector [PKG='\Qcom.wire.internal\E'].
02-16 10:34:51.117 27615 27628 D UiDevice: Searching for node with selector: BySelector [PKG='\Qcom.wire.internal\E'].
02-16 10:34:51.240 27615 27628 D UiDevice: Searching for node with selector: BySelector [PKG='\Qcom.wire.internal\E'].
02-16 10:34:51.363 27615 27628 D UiDevice: Searching for node with selector: BySelector [PKG='\Qcom.wire.internal\E'].
02-16 10:34:51.486 27615 27628 D UiDevice: Searching for node with selector: BySelector [PKG='\Qcom.wire.internal\E'].
02-16 10:34:51.606 27615 27628 D UiDevice: Searching for node with selector: BySelector [PKG='\Qcom.wire.internal\E'].
02-16 10:34:51.726 27615 27628 D UiDevice: Searching for node with selector: BySelector [PKG='\Qcom.wire.internal\E'].
02-16 10:34:51.847 27615 27628 D UiDevice: Searching for node with selector: BySelector [PKG='\Qcom.wire.internal\E'].
02-16 10:34:51.971 27615 27628 D UiDevice: Searching for node with selector: BySelector [PKG='\Qcom.wire.internal\E'].
02-16 10:34:52.097 27615 27628 D UiDevice: Searching for node with selector: BySelector [PKG='\Qcom.wire.internal\E'].
02-16 10:34:52.244 27615 27628 D UiDevice: Searching for node with selector: BySelector [PKG='\Qcom.wire.internal\E'].
02-16 10:34:52.512 27615 27628 D UiDevice: Searching for node with selector: BySelector [PKG='\Qcom.wire.internal\E'].
02-16 10:34:52.660 27615 27628 D UiDevice: Searching for node with selector: BySelector [PKG='\Qcom.wire.internal\E'].
02-16 10:34:52.812 27615 27628 D UiDevice: Searching for node with selector: BySelector [PKG='\Qcom.wire.internal\E'].
02-16 10:34:52.967 27615 27628 D UiDevice: Searching for node with selector: BySelector [PKG='\Qcom.wire.internal\E'].
02-16 10:34:53.114 27615 27628 D UiDevice: Searching for node with selector: BySelector [PKG='\Qcom.wire.internal\E'].
02-16 10:34:53.264 27615 27628 D UiDevice: Searching for node with selector: BySelector [PKG='\Qcom.wire.internal\E'].
02-16 10:34:53.413 27615 27628 D UiDevice: Searching for node with selector: BySelector [PKG='\Qcom.wire.internal\E'].
02-16 10:34:53.559 27615 27628 D UiDevice: Searching for node with selector: BySelector [PKG='\Qcom.wire.internal\E'].
02-16 10:34:53.706 27615 27628 D UiDevice: Searching for node with selector: BySelector [PKG='\Qcom.wire.internal\E'].
02-16 10:34:53.858 27615 27628 D UiDevice: Searching for node with selector: BySelector [PKG='\Qcom.wire.internal\E'].
02-16 10:34:54.006 27615 27628 D UiDevice: Searching for node with selector: BySelector [PKG='\Qcom.wire.internal\E'].
02-16 10:34:54.154 27615 27628 D UiDevice: Searching for node with selector: BySelector [PKG='\Qcom.wire.internal\E'].
02-16 10:34:54.279 27615 27628 D UiDevice: Searching for node with selector: BySelector [PKG='\Qcom.wire.internal\E'].
02-16 10:34:54.487 27615 27628 D UiDevice: Searching for node with selector: BySelector [PKG='\Qcom.wire.internal\E'].
02-16 10:34:54.634 27615 27628 D UiDevice: Searching for node with selector: BySelector [PKG='\Qcom.wire.internal\E'].
02-16 10:34:54.787 27615 27628 D UiDevice: Searching for node with selector: BySelector [PKG='\Qcom.wire.internal\E'].
02-16 10:34:54.941 27615 27628 D UiDevice: Searching for node with selector: BySelector [PKG='\Qcom.wire.internal\E'].
02-16 10:34:55.097 27615 27628 D UiDevice: Searching for node with selector: BySelector [PKG='\Qcom.wire.internal\E'].
02-16 10:34:55.250 27615 27628 D UiDevice: Searching for node with selector: BySelector [PKG='\Qcom.wire.internal\E'].
02-16 10:34:55.406 27615 27628 D UiDevice: Searching for node with selector: BySelector [PKG='\Qcom.wire.internal\E'].
02-16 10:34:55.552 27615 27628 D UiDevice: Searching for node with selector: BySelector [PKG='\Qcom.wire.internal\E'].
02-16 10:34:55.698 27615 27628 D UiDevice: Searching for node with selector: BySelector [PKG='\Qcom.wire.internal\E'].
02-16 10:34:55.853 27615 27628 D UiDevice: Searching for node with selector: BySelector [PKG='\Qcom.wire.internal\E'].
02-16 10:34:56.010 27615 27628 D UiDevice: Searching for node with selector: BySelector [PKG='\Qcom.wire.internal\E'].
02-16 10:34:56.162 27615 27628 D UiDevice: Searching for node with selector: BySelector [PKG='\Qcom.wire.internal\E'].
02-16 10:34:56.314 27615 27628 D UiDevice: Searching for node with selector: BySelector [PKG='\Qcom.wire.internal\E'].
02-16 10:34:56.655 27615 27628 D UiDevice: Searching for node with selector: BySelector [PKG='\Qcom.wire.internal\E'].
02-16 10:34:56.808 27615 27628 D UiDevice: Searching for node with selector: BySelector [PKG='\Qcom.wire.internal\E'].
02-16 10:34:56.961 27615 27628 D UiDevice: Searching for node with selector: BySelector [PKG='\Qcom.wire.internal\E'].
02-16 10:34:57.111 27615 27628 D UiDevice: Searching for node with selector: BySelector [PKG='\Qcom.wire.internal\E'].
02-16 10:34:57.240 27615 27628 D UiDevice: Searching for node with selector: BySelector [PKG='\Qcom.wire.internal\E'].
02-16 10:34:57.375 27615 27628 D UiDevice: Searching for node with selector: BySelector [PKG='\Qcom.wire.internal\E'].
02-16 10:34:57.531 27615 27628 D UiDevice: Searching for node with selector: BySelector [PKG='\Qcom.wire.internal\E'].
02-16 10:34:57.687 27615 27628 D UiDevice: Searching for node with selector: BySelector [PKG='\Qcom.wire.internal\E'].
02-16 10:34:57.836 27615 27628 D UiDevice: Searching for node with selector: BySelector [PKG='\Qcom.wire.internal\E'].
02-16 10:34:57.987 27615 27628 D UiDevice: Searching for node with selector: BySelector [PKG='\Qcom.wire.internal\E'].
02-16 10:34:58.133 27615 27628 D UiDevice: Searching for node with selector: BySelector [PKG='\Qcom.wire.internal\E'].
02-16 10:34:58.289 27615 27628 D UiDevice: Searching for node with selector: BySelector [PKG='\Qcom.wire.internal\E'].
02-16 10:34:58.441 27615 27628 D UiDevice: Searching for node with selector: BySelector [PKG='\Qcom.wire.internal\E'].
02-16 10:34:58.785 27615 27628 D UiDevice: Searching for node with selector: BySelector [PKG='\Qcom.wire.internal\E'].
02-16 10:34:58.941 27615 27628 D UiDevice: Searching for node with selector: BySelector [PKG='\Qcom.wire.internal\E'].
02-16 10:34:59.095 27615 27628 D UiDevice: Searching for node with selector: BySelector [PKG='\Qcom.wire.internal\E'].
02-16 10:34:59.246 27615 27628 D UiDevice: Searching for node with selector: BySelector [PKG='\Qcom.wire.internal\E'].
02-16 10:34:59.369 27615 27628 D UiDevice: Searching for node with selector: BySelector [PKG='\Qcom.wire.internal\E'].
02-16 10:34:59.501 27615 27628 D UiDevice: Searching for node with selector: BySelector [PKG='\Qcom.wire.internal\E'].
02-16 10:34:59.653 27615 27628 D UiDevice: Searching for node with selector: BySelector [PKG='\Qcom.wire.internal\E'].
02-16 10:34:59.806 27615 27628 D UiDevice: Searching for node with selector: BySelector [PKG='\Qcom.wire.internal\E'].
02-16 10:34:59.958 27615 27628 D UiDevice: Searching for node with selector: BySelector [PKG='\Qcom.wire.internal\E'].
02-16 10:35:00.114 27615 27628 D UiDevice: Searching for node with selector: BySelector [PKG='\Qcom.wire.internal\E'].
02-16 10:35:00.270 27615 27628 D UiDevice: Searching for node with selector: BySelector [PKG='\Qcom.wire.internal\E'].
02-16 10:35:00.420 27615 27628 D UiDevice: Searching for node with selector: BySelector [PKG='\Qcom.wire.internal\E'].
02-16 10:35:00.573 27615 27628 D UiDevice: Searching for node with selector: BySelector [PKG='\Qcom.wire.internal\E'].
02-16 10:35:00.904 27615 27628 D UiDevice: Searching for node with selector: BySelector [PKG='\Qcom.wire.internal\E'].
02-16 10:35:01.059 27615 27628 D UiDevice: Searching for node with selector: BySelector [PKG='\Qcom.wire.internal\E'].
02-16 10:35:01.213 27615 27628 D UiDevice: Searching for node with selector: BySelector [PKG='\Qcom.wire.internal\E'].
02-16 10:35:01.366 27615 27628 D UiDevice: Searching for node with selector: BySelector [PKG='\Qcom.wire.internal\E'].
02-16 10:35:01.520 27615 27628 D UiDevice: Searching for node with selector: BySelector [PKG='\Qcom.wire.internal\E'].
02-16 10:35:01.678 27615 27628 D UiDevice: Searching for node with selector: BySelector [PKG='\Qcom.wire.internal\E'].
02-16 10:35:01.832 27615 27628 D UiDevice: Searching for node with selector: BySelector [PKG='\Qcom.wire.internal\E'].
02-16 10:35:01.984 27615 27628 D UiDevice: Searching for node with selector: BySelector [PKG='\Qcom.wire.internal\E'].
02-16 10:35:02.134 27615 27628 D UiDevice: Searching for node with selector: BySelector [PKG='\Qcom.wire.internal\E'].
02-16 10:35:02.290 27615 27628 D UiDevice: Searching for node with selector: BySelector [PKG='\Qcom.wire.internal\E'].
02-16 10:35:02.445 27615 27628 D UiDevice: Searching for node with selector: BySelector [PKG='\Qcom.wire.internal\E'].
02-16 10:35:02.599 27615 27628 D UiDevice: Searching for node with selector: BySelector [PKG='\Qcom.wire.internal\E'].
02-16 10:35:02.967 27615 27628 D UiDevice: Searching for node with selector: BySelector [PKG='\Qcom.wire.internal\E'].
02-16 10:35:03.118 27615 27628 D UiDevice: Searching for node with selector: BySelector [PKG='\Qcom.wire.internal\E'].
02-16 10:35:03.268 27615 27628 D UiDevice: Searching for node with selector: BySelector [PKG='\Qcom.wire.internal\E'].
02-16 10:35:03.401 27615 27628 D UiDevice: Searching for node with selector: BySelector [PKG='\Qcom.wire.internal\E'].
02-16 10:35:03.551 27615 27628 D UiDevice: Searching for node with selector: BySelector [PKG='\Qcom.wire.internal\E'].
02-16 10:35:03.694 27615 27628 D UiDevice: Searching for node with selector: BySelector [PKG='\Qcom.wire.internal\E'].
02-16 10:35:03.846 27615 27628 D UiDevice: Searching for node with selector: BySelector [PKG='\Qcom.wire.internal\E'].
02-16 10:35:03.999 27615 27628 D UiDevice: Searching for node with selector: BySelector [PKG='\Qcom.wire.internal\E'].
02-16 10:35:04.157 27615 27628 D UiDevice: Searching for node with selector: BySelector [PKG='\Qcom.wire.internal\E'].
02-16 10:35:04.311 27615 27628 D UiDevice: Searching for node with selector: BySelector [PKG='\Qcom.wire.internal\E'].
02-16 10:35:04.467 27615 27628 D UiDevice: Searching for node with selector: BySelector [PKG='\Qcom.wire.internal\E'].
02-16 10:35:04.619 27615 27628 D UiDevice: Searching for node with selector: BySelector [PKG='\Qcom.wire.internal\E'].
02-16 10:35:04.977 27615 27628 D UiDevice: Searching for node with selector: BySelector [PKG='\Qcom.wire.internal\E'].
02-16 10:35:05.132 27615 27628 D UiDevice: Searching for node with selector: BySelector [PKG='\Qcom.wire.internal\E'].
02-16 10:35:05.284 27615 27628 D UiDevice: Searching for node with selector: BySelector [PKG='\Qcom.wire.internal\E'].
02-16 10:35:05.434 27615 27628 D UiDevice: Searching for node with selector: BySelector [PKG='\Qcom.wire.internal\E'].
02-16 10:35:05.591 27615 27628 D UiDevice: Searching for node with selector: BySelector [PKG='\Qcom.wire.internal\E'].
02-16 10:35:05.748 27615 27628 D UiDevice: Searching for node with selector: BySelector [PKG='\Qcom.wire.internal\E'].
02-16 10:35:05.900 27615 27628 D UiDevice: Searching for node with selector: BySelector [PKG='\Qcom.wire.internal\E'].
02-16 10:35:06.058 27615 27628 D UiDevice: Searching for node with selector: BySelector [PKG='\Qcom.wire.internal\E'].
02-16 10:35:06.211 27615 27628 D UiDevice: Searching for node with selector: BySelector [PKG='\Qcom.wire.internal\E'].
02-16 10:35:06.366 27615 27628 D UiDevice: Searching for node with selector: BySelector [PKG='\Qcom.wire.internal\E'].
02-16 10:35:06.515 27615 27628 D UiDevice: Searching for node with selector: BySelector [PKG='\Qcom.wire.internal\E'].
02-16 10:35:06.665 27615 27628 D UiDevice: Searching for node with selector: BySelector [PKG='\Qcom.wire.internal\E'].
02-16 10:35:07.008 27615 27628 D UiDevice: Searching for node with selector: BySelector [PKG='\Qcom.wire.internal\E'].
02-16 10:35:07.157 27615 27628 D UiDevice: Searching for node with selector: BySelector [PKG='\Qcom.wire.internal\E'].
02-16 10:35:07.312 27615 27628 D UiDevice: Searching for node with selector: BySelector [PKG='\Qcom.wire.internal\E'].
02-16 10:35:07.462 27615 27628 D UiDevice: Searching for node with selector: BySelector [PKG='\Qcom.wire.internal\E'].
02-16 10:35:07.614 27615 27628 D UiDevice: Searching for node with selector: BySelector [PKG='\Qcom.wire.internal\E'].
02-16 10:35:07.768 27615 27628 D UiDevice: Searching for node with selector: BySelector [PKG='\Qcom.wire.internal\E'].
02-16 10:35:07.918 27615 27628 D UiDevice: Searching for node with selector: BySelector [PKG='\Qcom.wire.internal\E'].
02-16 10:35:08.069 27615 27628 D UiDevice: Searching for node with selector: BySelector [PKG='\Qcom.wire.internal\E'].
02-16 10:35:08.220 27615 27628 D UiDevice: Searching for node with selector: BySelector [PKG='\Qcom.wire.internal\E'].
02-16 10:35:08.374 27615 27628 D UiDevice: Searching for node with selector: BySelector [PKG='\Qcom.wire.internal\E'].
02-16 10:35:08.533 27615 27628 D UiDevice: Searching for node with selector: BySelector [PKG='\Qcom.wire.internal\E'].
02-16 10:35:08.692 27615 27628 D UiDevice: Searching for node with selector: BySelector [PKG='\Qcom.wire.internal\E'].
02-16 10:35:09.042 27615 27628 D UiDevice: Searching for node with selector: BySelector [PKG='\Qcom.wire.internal\E'].
02-16 10:35:09.093 27615 27628 I System.out: Could not access BuildConfig field 'BACKENDCONNECTION_STAGING_SOCKSPROXY': No field BACKENDCONNECTION_STAGING_SOCKSPROXY in class Lcom/wire/android/testSupport/BuildConfig; (declaration of 'com.wire.android.testSupport.BuildConfig' appears in /data/app/~~oFxPv9nyZc-pUj8HD-5VWQ==/com.wire.android.tests.testsCore.test-RtmPJNPnLPjf58GXxENsqQ==/base.apk!classes2.dex)
02-16 10:35:09.095 27615 27628 I System.out: Could not access BuildConfig field 'BACKENDCONNECTION_STAGING_SOCKSPROXY': No field BACKENDCONNECTION_STAGING_SOCKSPROXY in class Lcom/wire/android/testSupport/BuildConfig; (declaration of 'com.wire.android.testSupport.BuildConfig' appears in /data/app/~~oFxPv9nyZc-pUj8HD-5VWQ==/com.wire.android.tests.testsCore.test-RtmPJNPnLPjf58GXxENsqQ==/base.apk!classes2.dex)
02-16 10:35:09.096 27615 27628 I System.out: Could not access BuildConfig field 'BACKENDCONNECTION_STAGING_SOCKSPROXY': No field BACKENDCONNECTION_STAGING_SOCKSPROXY in class Lcom/wire/android/testSupport/BuildConfig; (declaration of 'com.wire.android.testSupport.BuildConfig' appears in /data/app/~~oFxPv9nyZc-pUj8HD-5VWQ==/com.wire.android.tests.testsCore.test-RtmPJNPnLPjf58GXxENsqQ==/base.apk!classes2.dex)
02-16 10:35:09.271 27615 27628 W UiAutomation: UiAutomation.grantRuntimePermission() is more robust and should be used instead of 'pm grant'
02-16 10:35:09.277 27615 27628 W UiAutomation: UiAutomation.grantRuntimePermission() is more robust and should be used instead of 'pm grant'
02-16 10:35:09.286 27615 27628 I ClientUserManager: 10:35:09 INFO [331] (ClientUse) Cannot find user by: user1Name 
02-16 10:35:09.287 27615 27628 I Hello   : 10:35:09 INFO [331] (ClientUse) Hello, my name is Delmar Hill and my email is hillnmcgcnskfw@wire.engineering and password is o!#D$2qn and emailPassword is Ud3BpxxSzti>innnnn 
02-16 10:35:11.387 27615 27628 I ClientUserManager: 10:35:11 INFO [331] (ClientUse) Cannot find user by: user1Name 
02-16 10:35:11.441 27615 27628 I ClientUserManager: 10:35:11 INFO [331] (ClientUse) Cannot find user by: user2Name 
02-16 10:35:11.444 27615 27628 I ClientUserManager: 10:35:11 INFO [331] (ClientUse) Cannot find user by: user3Name 
02-16 10:35:13.458 27615 27628 I ClientUserManager: 10:35:13 INFO [331] (ClientUse) Cannot find user by: user1Name 
02-16 10:35:13.461 27615 27628 I ClientUserManager: 10:35:13 INFO [331] (ClientUse) Cannot find user by: user2Name 
02-16 10:35:13.464 27615 27628 I ClientUserManager: 10:35:13 INFO [331] (ClientUse) Cannot find user by: user3Name 
02-16 10:35:13.466 27615 27628 I System.out: Could not access BuildConfig field 'BACKENDCONNECTION_STAGING_SOCKSPROXY': No field BACKENDCONNECTION_STAGING_SOCKSPROXY in class Lcom/wire/android/testSupport/BuildConfig; (declaration of 'com.wire.android.testSupport.BuildConfig' appears in /data/app/~~oFxPv9nyZc-pUj8HD-5VWQ==/com.wire.android.tests.testsCore.test-RtmPJNPnLPjf58GXxENsqQ==/base.apk!classes2.dex)
02-16 10:35:13.633 27615 27628 I ClientUserManager: 10:35:13 INFO [331] (ClientUse) Cannot find user by: user3Name 
02-16 10:35:13.634 27615 27628 I System.out: Could not access BuildConfig field 'BACKENDCONNECTION_STAGING_SOCKSPROXY': No field BACKENDCONNECTION_STAGING_SOCKSPROXY in class Lcom/wire/android/testSupport/BuildConfig; (declaration of 'com.wire.android.testSupport.BuildConfig' appears in /data/app/~~oFxPv9nyZc-pUj8HD-5VWQ==/com.wire.android.tests.testsCore.test-RtmPJNPnLPjf58GXxENsqQ==/base.apk!classes2.dex)
02-16 10:35:13.637 27615 27628 I ClientUserManager: 10:35:13 INFO [331] (ClientUse) Cannot find user by: user3Name 
02-16 10:35:13.699 27615 27628 I ClientUserManager: 10:35:13 INFO [331] (ClientUse) Cannot find user by: user3Name 
02-16 10:35:13.701 27615 27628 I System.out: Could not access BuildConfig field 'BACKENDCONNECTION_STAGING_SOCKSPROXY': No field BACKENDCONNECTION_STAGING_SOCKSPROXY in class Lcom/wire/android/testSupport/BuildConfig; (declaration of 'com.wire.android.testSupport.BuildConfig' appears in /data/app/~~oFxPv9nyZc-pUj8HD-5VWQ==/com.wire.android.tests.testsCore.test-RtmPJNPnLPjf58GXxENsqQ==/base.apk!classes2.dex)
02-16 10:35:13.703 27615 27628 I TestService: 10:35:13 INFO [331] (TestServi) GET: http://192.168.2.18:8080/api/v1/ 
02-16 10:35:13.719 27615 27628 I TestService: 10:35:13 INFO [331] (TestServi) PUT: http://192.168.2.18:8080/api/v1/instance 
02-16 10:35:13.720 27615 27628 I TestService: 10:35:13 INFO [331] (TestServi)  >>> Request: {"email":"grimeskeizkdhkqt@wire.engineering","password":"Got$VP4o","deviceName":"Device1","name":"TestService","customBackend":{"name":"STAGING","rest":"https:\/\/staging-nginz-https.zinfra.io\/","ws":"wss:\/\/staging-nginz-ssl.zinfra.io"},"federationDomain":"staging.zinfra.io","developmentApiEnabled":true} 
02-16 10:35:22.157 27615 27628 I TestService: 10:35:22 INFO [331] (TestServi)  >>> Response (200): {"backend":"staging","clientId":"12ce411717310bfb","instanceId":"5bc8ce59-1922-4409-80c2-b104dac129c0","name":"TestService","startupTime":6929,"startTime":1771234520190} 
02-16 10:35:22.163 27615 27628 I ClientUserManager: 10:35:22 INFO [331] (ClientUse) Cannot find user by: user1Name 
02-16 10:35:22.164 27615 27628 I System.out: Could not access BuildConfig field 'BACKENDCONNECTION_STAGING_SOCKSPROXY': No field BACKENDCONNECTION_STAGING_SOCKSPROXY in class Lcom/wire/android/testSupport/BuildConfig; (declaration of 'com.wire.android.testSupport.BuildConfig' appears in /data/app/~~oFxPv9nyZc-pUj8HD-5VWQ==/com.wire.android.tests.testsCore.test-RtmPJNPnLPjf58GXxENsqQ==/base.apk!classes2.dex)
02-16 10:35:22.364 27615 27628 I UiAutomatorPinger: 10:35:22 INFO [331] (UiAutomat) Starting UIAutomator pinger every 30 seconds 
02-16 10:35:22.377 27615 28131 I UiAutomatorPinger: 10:35:22 INFO [342] (UiAutomat) Pinging device (waking up screen) 
02-16 10:35:22.381 27615 28130 D CallingManager: Creating instance for user2Name
02-16 10:35:22.381 27615 28135 D CallingManager: Creating instance for user3Name
02-16 10:35:22.383 27615 28131 D UiDevice: Turning on screen.
02-16 10:35:22.388 27615 28130 I ClientUserManager: 10:35:22 INFO [341] (ClientUse) Cannot find user by: user2Name 
02-16 10:35:22.388 27615 28135 I ClientUserManager: 10:35:22 INFO [346] (ClientUse) Cannot find user by: user3Name 
02-16 10:35:22.391 27615 28135 I System.out: Could not access BuildConfig field 'BACKENDCONNECTION_STAGING_SOCKSPROXY': No field BACKENDCONNECTION_STAGING_SOCKSPROXY in class Lcom/wire/android/testSupport/BuildConfig; (declaration of 'com.wire.android.testSupport.BuildConfig' appears in /data/app/~~oFxPv9nyZc-pUj8HD-5VWQ==/com.wire.android.tests.testsCore.test-RtmPJNPnLPjf58GXxENsqQ==/base.apk!classes2.dex)
02-16 10:35:22.391 27615 28130 I System.out: Could not access BuildConfig field 'BACKENDCONNECTION_STAGING_SOCKSPROXY': No field BACKENDCONNECTION_STAGING_SOCKSPROXY in class Lcom/wire/android/testSupport/BuildConfig; (declaration of 'com.wire.android.testSupport.BuildConfig' appears in /data/app/~~oFxPv9nyZc-pUj8HD-5VWQ==/com.wire.android.tests.testsCore.test-RtmPJNPnLPjf58GXxENsqQ==/base.apk!classes2.dex)
02-16 10:35:22.441 27615 28135 I System.out: Could not access BuildConfig field 'BACKENDCONNECTION_STAGING_SOCKSPROXY': No field BACKENDCONNECTION_STAGING_SOCKSPROXY in class Lcom/wire/android/testSupport/BuildConfig; (declaration of 'com.wire.android.testSupport.BuildConfig' appears in /data/app/~~oFxPv9nyZc-pUj8HD-5VWQ==/com.wire.android.tests.testsCore.test-RtmPJNPnLPjf58GXxENsqQ==/base.apk!classes2.dex)
02-16 10:35:22.441 27615 28130 I System.out: Could not access BuildConfig field 'BACKENDCONNECTION_STAGING_SOCKSPROXY': No field BACKENDCONNECTION_STAGING_SOCKSPROXY in class Lcom/wire/android/testSupport/BuildConfig; (declaration of 'com.wire.android.testSupport.BuildConfig' appears in /data/app/~~oFxPv9nyZc-pUj8HD-5VWQ==/com.wire.android.tests.testsCore.test-RtmPJNPnLPjf58GXxENsqQ==/base.apk!classes2.dex)
02-16 10:35:23.172 27615 28131 I UiAutomatorPinger: 10:35:23 INFO [342] (UiAutomat) Device screen awakened 
02-16 10:35:34.925 27615 28135 D CallingManager: Started instance 3a034994-8aff-44f2-b903-6bb50125a31d for user Jarvis Grimes
02-16 10:35:35.339 27615 28130 D CallingManager: Started instance f922d229-d0e7-455c-9555-d769c0ff8ee7 for user Jamar Leannon
02-16 10:35:35.343 27615 27628 I UiAutomatorPinger: 10:35:35 INFO [331] (UiAutomat) Stopping UIAutomator pinger 
02-16 10:35:35.353 27615 27628 I System.out: Could not access BuildConfig field 'BACKENDCONNECTION_STAGING_SOCKSPROXY': No field BACKENDCONNECTION_STAGING_SOCKSPROXY in class Lcom/wire/android/testSupport/BuildConfig; (declaration of 'com.wire.android.testSupport.BuildConfig' appears in /data/app/~~oFxPv9nyZc-pUj8HD-5VWQ==/com.wire.android.tests.testsCore.test-RtmPJNPnLPjf58GXxENsqQ==/base.apk!classes2.dex)
02-16 10:35:35.357 27615 27628 D UiDevice: Waiting 10000ms for SearchCondition[hasObject=BySelector [TEXT='\QEnter your email to start!\E']].
02-16 10:35:35.357 27615 27628 D UiDevice: Searching for node with selector: BySelector [TEXT='\QEnter your email to start!\E'].
02-16 10:35:35.984 27615 27628 W QueryController: Could not detect idle state.
02-16 10:35:35.985 27615 27628 D UiDevice: Retrieving node with selector: BySelector [TEXT='\QEnter your email to start!\E'].
02-16 10:35:36.024 27615 27628 I .testsCore.tes: hiddenapi: Accessing hidden method Landroid/view/MotionEvent;->setDisplayId(I)V (runtime_flags=0, domain=platform, api=blocked,test-api) from Landroidx/test/uiautomator/GestureController; (domain=app, TargetSdkVersion=35) using reflection: allowed
02-16 10:35:36.220 27615 27628 D UiDevice: Retrieving node with selector: BySelector [TEXT='\QEnter your email to start!\E'].
02-16 10:35:36.286 27615 27628 D UiDevice: Waiting 10000ms for SearchCondition[hasObject=BySelector [TEXT='\QProceed\E']].
02-16 10:35:36.286 27615 27628 D UiDevice: Searching for node with selector: BySelector [TEXT='\QProceed\E'].
