--------- beginning of main
02-15 15:58:33.063 25709 25721 E TestRunner: failed: givenUserInAnotherTeam_whenFileIsSent_thenRecipientCanReceivePlayAndDownloadIt(com.wire.android.tests.core.criticalFlows.FileSharingBetweenTeams)
02-15 15:58:33.064 25709 25721 E TestRunner: ----- begin exception -----
02-15 15:58:33.064 25709 25721 E TestRunner: java.lang.AssertionError: Element not found with selector: text='Enter your email to start!'
02-15 15:58:33.064 25709 25721 E TestRunner: 	at uiautomatorutils.UiWaitUtils.waitElement(UiWaitUtils.kt:94)
02-15 15:58:33.064 25709 25721 E TestRunner: 	at uiautomatorutils.UiWaitUtils.waitElement$default(UiWaitUtils.kt:84)
02-15 15:58:33.064 25709 25721 E TestRunner: 	at com.wire.android.tests.core.pages.RegistrationPage.assertEmailWelcomePage(RegistrationPage.kt:66)
02-15 15:58:33.064 25709 25721 E TestRunner: 	at com.wire.android.tests.core.criticalFlows.FileSharingBetweenTeams.givenUserInAnotherTeam_whenFileIsSent_thenRecipientCanReceivePlayAndDownloadIt$lambda$7(FileSharingBetweenTeams.kt:127)
02-15 15:58:33.064 25709 25721 E TestRunner: 	at com.wire.android.tests.core.criticalFlows.FileSharingBetweenTeams.$r8$lambda$wBwXBq4ElaSAC8GukrexFtaXqkM(Unknown Source:0)
02-15 15:58:33.064 25709 25721 E TestRunner: 	at com.wire.android.tests.core.criticalFlows.FileSharingBetweenTeams$$ExternalSyntheticLambda2.invoke(D8$$SyntheticClass:0)
02-15 15:58:33.064 25709 25721 E TestRunner: 	at com.wire.android.tests.core.BaseUiTest.step$lambda$1(BaseUiTest.kt:54)
02-15 15:58:33.064 25709 25721 E TestRunner: 	at com.wire.android.tests.core.BaseUiTest.$r8$lambda$CSKDAIjp6271vtVFMpsHBDVw5qY(Unknown Source:0)
02-15 15:58:33.064 25709 25721 E TestRunner: 	at com.wire.android.tests.core.BaseUiTest$$ExternalSyntheticLambda1.invoke(D8$$SyntheticClass:0)
02-15 15:58:33.064 25709 25721 E TestRunner: 	at io.qameta.allure.kotlin.Allure.step(Allure.kt:60)
02-15 15:58:33.064 25709 25721 E TestRunner: 	at com.wire.android.tests.core.BaseUiTest.step(BaseUiTest.kt:54)
02-15 15:58:33.064 25709 25721 E TestRunner: 	at com.wire.android.tests.core.criticalFlows.FileSharingBetweenTeams.givenUserInAnotherTeam_whenFileIsSent_thenRecipientCanReceivePlayAndDownloadIt(FileSharingBetweenTeams.kt:125)
02-15 15:58:33.064 25709 25721 E TestRunner: 	at java.lang.reflect.Method.invoke(Native Method)
02-15 15:58:33.064 25709 25721 E TestRunner: 	at org.junit.runners.model.FrameworkMethod$1.runReflectiveCall(FrameworkMethod.java:59)
02-15 15:58:33.064 25709 25721 E TestRunner: 	at org.junit.internal.runners.model.ReflectiveCallable.run(ReflectiveCallable.java:12)
02-15 15:58:33.064 25709 25721 E TestRunner: 	at org.junit.runners.model.FrameworkMethod.invokeExplosively(FrameworkMethod.java:56)
02-15 15:58:33.064 25709 25721 E TestRunner: 	at org.junit.internal.runners.statements.InvokeMethod.evaluate(InvokeMethod.java:17)
02-15 15:58:33.064 25709 25721 E TestRunner: 	at androidx.test.internal.runner.junit4.statement.RunBefores.evaluate(RunBefores.java:80)
02-15 15:58:33.064 25709 25721 E TestRunner: 	at androidx.test.internal.runner.junit4.statement.RunAfters.evaluate(RunAfters.java:61)
02-15 15:58:33.064 25709 25721 E TestRunner: 	at com.wire.android.tests.support.suite.AllureFailureScreenshotRule$apply$1.evaluate(AllureFailureScreenshotRule.kt:44)
02-15 15:58:33.064 25709 25721 E TestRunner: 	at com.wire.android.tests.support.suite.AllureLabelsRule$apply$1.evaluate(AllureLabelsRule.kt:70)
02-15 15:58:33.064 25709 25721 E TestRunner: 	at org.junit.rules.TestWatcher$1.evaluate(TestWatcher.java:61)
02-15 15:58:33.064 25709 25721 E TestRunner: 	at com.wire.android.tests.support.suite.AllureLogcatRule$apply$1.evaluate(AllureLogcatRule.kt:41)
02-15 15:58:33.064 25709 25721 E TestRunner: 	at org.junit.runners.ParentRunner$3.evaluate(ParentRunner.java:306)
02-15 15:58:33.064 25709 25721 E TestRunner: 	at org.junit.runners.BlockJUnit4ClassRunner$1.evaluate(BlockJUnit4ClassRunner.java:100)
02-15 15:58:33.064 25709 25721 E TestRunner: 	at org.junit.runners.ParentRunner.runLeaf(ParentRunner.java:366)
02-15 15:58:33.064 25709 25721 E TestRunner: 	at org.junit.runners.BlockJUnit4ClassRunner.runChild(BlockJUnit4ClassRunner.java:103)
02-15 15:58:33.064 25709 25721 E TestRunner: 	at org.junit.runners.BlockJUnit4ClassRunner.runChild(BlockJUnit4ClassRunner.java:63)
02-15 15:58:33.064 25709 25721 E TestRunner: 	at org.junit.runners.ParentRunner$4.run(ParentRunner.java:331)
02-15 15:58:33.064 25709 25721 E TestRunner: 	at org.junit.runners.ParentRunner$1.schedule(ParentRunner.java:79)
02-15 15:58:33.064 25709 25721 E TestRunner: 	at org.junit.runners.ParentRunner.runChildren(ParentRunner.java:329)
02-15 15:58:33.064 25709 25721 E TestRunner: 	at org.junit.runners.ParentRunner.access$100(ParentRunner.java:66)
02-15 15:58:33.064 25709 25721 E TestRunner: 	at org.junit.runners.ParentRunner$2.evaluate(ParentRunner.java:293)
02-15 15:58:33.064 25709 25721 E TestRunner: 	at org.junit.runners.ParentRunner$3.evaluate(ParentRunner.java:306)
02-15 15:58:33.064 25709 25721 E TestRunner: 	at org.junit.runners.ParentRunner.run(ParentRunner.java:413)
02-15 15:58:33.064 25709 25721 E TestRunner: 	at androidx.test.ext.junit.runners.AndroidJUnit4.run(AndroidJUnit4.java:162)
02-15 15:58:33.064 25709 25721 E TestRunner: 	at org.junit.runners.Suite.runChild(Suite.java:128)
02-15 15:58:33.064 25709 25721 E TestRunner: 	at org.junit.runners.Suite.runChild(Suite.java:27)
02-15 15:58:33.064 25709 25721 E TestRunner: 	at org.junit.runners.ParentRunner$4.run(ParentRunner.java:331)
02-15 15:58:33.064 25709 25721 E TestRunner: 	at org.junit.runners.ParentRunner$1.schedule(ParentRunner.java:79)
02-15 15:58:33.064 25709 25721 E TestRunner: 	at org.junit.runners.ParentRunner.runChildren(ParentRunner.java:329)
02-15 15:58:33.064 25709 25721 E TestRunner: 	at org.junit.runners.ParentRunner.access$100(ParentRunner.java:66)
02-15 15:58:33.064 25709 25721 E TestRunner: 	at org.junit.runners.ParentRunner$2.evaluate(ParentRunner.java:293)
02-15 15:58:33.064 25709 25721 E TestRunner: 	at org.junit.runners.ParentRunner$3.evaluate(ParentRunner.java:306)
02-15 15:58:33.064 25709 25721 E TestRunner: 	at org.junit.runners.ParentRunner.run(ParentRunner.java:413)
02-15 15:58:33.064 25709 25721 E TestRunner: 	at org.junit.runner.JUnitCore.run(JUnitCore.java:137)
02-15 15:58:33.064 25709 25721 E TestRunner: 	at org.junit.runner.JUnitCore.run(JUnitCore.java:115)
02-15 15:58:33.064 25709 25721 E TestRunner: 	at androidx.test.internal.runner.TestExecutor.execute(TestExecutor.java:68)
02-15 15:58:33.064 25709 25721 E TestRunner: 	at androidx.test.internal.runner.TestExecutor.execute(TestExecutor.java:59)
02-15 15:58:33.064 25709 25721 E TestRunner: 	at androidx.test.runner.AndroidJUnitRunner.onStart(AndroidJUnitRunner.java:467)
02-15 15:58:33.064 25709 25721 E TestRunner: 	at com.wire.android.tests.support.suite.TaggedTestRunner.onStart(TaggedTestRunner.kt:51)
02-15 15:58:33.064 25709 25721 E TestRunner: 	at android.app.Instrumentation$InstrumentationThread.run(Instrumentation.java:2278)
02-15 15:58:33.064 25709 25721 E TestRunner: ----- end exception -----
02-15 15:58:33.070 25709 25721 I TestRunner: finished: givenUserInAnotherTeam_whenFileIsSent_thenRecipientCanReceivePlayAndDownloadIt(com.wire.android.tests.core.criticalFlows.FileSharingBetweenTeams)
02-15 15:58:33.144 25709 25721 I TestRunner: started: givenIStartGroupCall_whenParticipantShareMessageFileAndLocation_thenAllVisibleAndCallContinues(com.wire.android.tests.core.criticalFlows.GroupCallChat)
02-15 15:58:33.162 25709 25721 D UiDevice: Executing shell command: pm clear com.wire.internal
02-15 15:58:33.236 25709 25721 D UiDevice: Executing shell command: settings put secure show_ime_with_hard_keyboard 0
02-15 15:58:33.264 25709 25721 D UiDevice: Executing shell command: settings put global window_animation_scale 0
02-15 15:58:33.297 25709 25721 D UiDevice: Executing shell command: settings put global transition_animation_scale 0
02-15 15:58:33.330 25709 25721 D UiDevice: Executing shell command: settings put global animator_duration_scale .5
02-15 15:58:33.354 25709 25721 D UiDevice: Pressing home button.
02-15 15:58:34.397 25709 25721 W InteractionController: Timed out waiting 1000ms for command and events.
02-15 15:58:34.406 25709 25721 D UiDevice: Waiting 20000ms for SearchCondition[hasObject=BySelector [PKG='\Qcom.google.android.apps.nexuslauncher\E']].
02-15 15:58:34.406 25709 25721 D UiDevice: Searching for node with selector: BySelector [PKG='\Qcom.google.android.apps.nexuslauncher\E'].
02-15 15:58:34.726 25709 25721 D UiDevice: Searching for node with selector: BySelector [PKG='\Qcom.google.android.apps.nexuslauncher\E'].
02-15 15:58:35.490 25709 25721 D UiDevice: Searching for node with selector: BySelector [PKG='\Qcom.google.android.apps.nexuslauncher\E'].
02-15 15:58:35.610 25709 25721 D UiDevice: Searching for node with selector: BySelector [PKG='\Qcom.google.android.apps.nexuslauncher\E'].
02-15 15:58:35.731 25709 25721 D UiDevice: Searching for node with selector: BySelector [PKG='\Qcom.google.android.apps.nexuslauncher\E'].
02-15 15:58:35.854 25709 25721 D UiDevice: Searching for node with selector: BySelector [PKG='\Qcom.google.android.apps.nexuslauncher\E'].
02-15 15:58:35.979 25709 25721 D UiDevice: Searching for node with selector: BySelector [PKG='\Qcom.google.android.apps.nexuslauncher\E'].
02-15 15:58:36.131 25709 25721 D UiDevice: Searching for node with selector: BySelector [PKG='\Qcom.google.android.apps.nexuslauncher\E'].
02-15 15:58:36.278 25709 25721 D UiDevice: Searching for node with selector: BySelector [PKG='\Qcom.google.android.apps.nexuslauncher\E'].
02-15 15:58:36.429 25709 25721 D UiDevice: Searching for node with selector: BySelector [PKG='\Qcom.google.android.apps.nexuslauncher\E'].
02-15 15:58:36.737 25709 25721 D UiDevice: Searching for node with selector: BySelector [PKG='\Qcom.google.android.apps.nexuslauncher\E'].
02-15 15:58:36.885 25709 25721 D UiDevice: Searching for node with selector: BySelector [PKG='\Qcom.google.android.apps.nexuslauncher\E'].
02-15 15:58:37.041 25709 25721 D UiDevice: Searching for node with selector: BySelector [PKG='\Qcom.google.android.apps.nexuslauncher\E'].
02-15 15:58:37.201 25709 25721 D UiDevice: Searching for node with selector: BySelector [PKG='\Qcom.google.android.apps.nexuslauncher\E'].
02-15 15:58:37.356 25709 25721 D UiDevice: Searching for node with selector: BySelector [PKG='\Qcom.google.android.apps.nexuslauncher\E'].
02-15 15:58:37.509 25709 25721 D UiDevice: Searching for node with selector: BySelector [PKG='\Qcom.google.android.apps.nexuslauncher\E'].
02-15 15:58:37.664 25709 25721 D UiDevice: Searching for node with selector: BySelector [PKG='\Qcom.google.android.apps.nexuslauncher\E'].
02-15 15:58:37.818 25709 25721 D UiDevice: Searching for node with selector: BySelector [PKG='\Qcom.google.android.apps.nexuslauncher\E'].
02-15 15:58:37.974 25709 25721 D UiDevice: Searching for node with selector: BySelector [PKG='\Qcom.google.android.apps.nexuslauncher\E'].
02-15 15:58:38.126 25709 25721 D UiDevice: Searching for node with selector: BySelector [PKG='\Qcom.google.android.apps.nexuslauncher\E'].
02-15 15:58:38.278 25709 25721 D UiDevice: Searching for node with selector: BySelector [PKG='\Qcom.google.android.apps.nexuslauncher\E'].
02-15 15:58:38.435 25709 25721 D UiDevice: Searching for node with selector: BySelector [PKG='\Qcom.google.android.apps.nexuslauncher\E'].
02-15 15:58:38.770 25709 25721 D UiDevice: Searching for node with selector: BySelector [PKG='\Qcom.google.android.apps.nexuslauncher\E'].
02-15 15:58:38.922 25709 25721 D UiDevice: Searching for node with selector: BySelector [PKG='\Qcom.google.android.apps.nexuslauncher\E'].
02-15 15:58:39.078 25709 25721 D UiDevice: Searching for node with selector: BySelector [PKG='\Qcom.google.android.apps.nexuslauncher\E'].
02-15 15:58:39.229 25709 25721 D UiDevice: Searching for node with selector: BySelector [PKG='\Qcom.google.android.apps.nexuslauncher\E'].
02-15 15:58:39.381 25709 25721 D UiDevice: Searching for node with selector: BySelector [PKG='\Qcom.google.android.apps.nexuslauncher\E'].
02-15 15:58:39.539 25709 25721 D UiDevice: Searching for node with selector: BySelector [PKG='\Qcom.google.android.apps.nexuslauncher\E'].
02-15 15:58:39.691 25709 25721 D UiDevice: Searching for node with selector: BySelector [PKG='\Qcom.google.android.apps.nexuslauncher\E'].
02-15 15:58:39.842 25709 25721 D UiDevice: Searching for node with selector: BySelector [PKG='\Qcom.google.android.apps.nexuslauncher\E'].
02-15 15:58:39.981 25709 25721 D UiDevice: Searching for node with selector: BySelector [PKG='\Qcom.google.android.apps.nexuslauncher\E'].
02-15 15:58:40.138 25709 25721 D UiDevice: Searching for node with selector: BySelector [PKG='\Qcom.google.android.apps.nexuslauncher\E'].
02-15 15:58:40.293 25709 25721 D UiDevice: Searching for node with selector: BySelector [PKG='\Qcom.google.android.apps.nexuslauncher\E'].
02-15 15:58:40.444 25709 25721 D UiDevice: Searching for node with selector: BySelector [PKG='\Qcom.google.android.apps.nexuslauncher\E'].
02-15 15:58:40.744 25709 25721 D UiDevice: Searching for node with selector: BySelector [PKG='\Qcom.google.android.apps.nexuslauncher\E'].
02-15 15:58:40.874 25709 25721 D UiDevice: Searching for node with selector: BySelector [PKG='\Qcom.google.android.apps.nexuslauncher\E'].
02-15 15:58:40.882 25709 25714 I .testsCore.tes: Background concurrent copying GC freed 18MB AllocSpace bytes, 49(2248KB) LOS objects, 76% free, 7690KB/31MB, paused 72us,36us total 110.777ms
02-15 15:58:41.004 25709 25721 D UiDevice: Searching for node with selector: BySelector [PKG='\Qcom.google.android.apps.nexuslauncher\E'].
02-15 15:58:41.157 25709 25721 D UiDevice: Searching for node with selector: BySelector [PKG='\Qcom.google.android.apps.nexuslauncher\E'].
02-15 15:58:41.309 25709 25721 D UiDevice: Searching for node with selector: BySelector [PKG='\Qcom.google.android.apps.nexuslauncher\E'].
02-15 15:58:41.454 25709 25721 D UiDevice: Searching for node with selector: BySelector [PKG='\Qcom.google.android.apps.nexuslauncher\E'].
02-15 15:58:41.602 25709 25721 D UiDevice: Searching for node with selector: BySelector [PKG='\Qcom.google.android.apps.nexuslauncher\E'].
02-15 15:58:41.751 25709 25721 D UiDevice: Searching for node with selector: BySelector [PKG='\Qcom.google.android.apps.nexuslauncher\E'].
02-15 15:58:41.907 25709 25721 D UiDevice: Searching for node with selector: BySelector [PKG='\Qcom.google.android.apps.nexuslauncher\E'].
02-15 15:58:42.062 25709 25721 D UiDevice: Searching for node with selector: BySelector [PKG='\Qcom.google.android.apps.nexuslauncher\E'].
02-15 15:58:42.220 25709 25721 D UiDevice: Searching for node with selector: BySelector [PKG='\Qcom.google.android.apps.nexuslauncher\E'].
02-15 15:58:42.372 25709 25721 D UiDevice: Searching for node with selector: BySelector [PKG='\Qcom.google.android.apps.nexuslauncher\E'].
02-15 15:58:42.503 25709 25721 D UiDevice: Searching for node with selector: BySelector [PKG='\Qcom.google.android.apps.nexuslauncher\E'].
02-15 15:58:42.792 25709 25721 D UiDevice: Searching for node with selector: BySelector [PKG='\Qcom.google.android.apps.nexuslauncher\E'].
02-15 15:58:42.943 25709 25721 D UiDevice: Searching for node with selector: BySelector [PKG='\Qcom.google.android.apps.nexuslauncher\E'].
02-15 15:58:43.095 25709 25721 D UiDevice: Searching for node with selector: BySelector [PKG='\Qcom.google.android.apps.nexuslauncher\E'].
02-15 15:58:43.264 25709 25721 D UiDevice: Searching for node with selector: BySelector [PKG='\Qcom.google.android.apps.nexuslauncher\E'].
02-15 15:58:44.084 25709 25721 D UiDevice: Searching for node with selector: BySelector [PKG='\Qcom.google.android.apps.nexuslauncher\E'].
02-15 15:58:44.240 25709 25721 D UiDevice: Searching for node with selector: BySelector [PKG='\Qcom.google.android.apps.nexuslauncher\E'].
02-15 15:58:44.397 25709 25721 D UiDevice: Searching for node with selector: BySelector [PKG='\Qcom.google.android.apps.nexuslauncher\E'].
02-15 15:58:44.550 25709 25721 D UiDevice: Searching for node with selector: BySelector [PKG='\Qcom.google.android.apps.nexuslauncher\E'].
02-15 15:58:44.899 25709 25721 D UiDevice: Searching for node with selector: BySelector [PKG='\Qcom.google.android.apps.nexuslauncher\E'].
02-15 15:58:45.053 25709 25721 D UiDevice: Searching for node with selector: BySelector [PKG='\Qcom.google.android.apps.nexuslauncher\E'].
02-15 15:58:45.207 25709 25721 D UiDevice: Searching for node with selector: BySelector [PKG='\Qcom.google.android.apps.nexuslauncher\E'].
02-15 15:58:45.359 25709 25721 D UiDevice: Searching for node with selector: BySelector [PKG='\Qcom.google.android.apps.nexuslauncher\E'].
02-15 15:58:45.508 25709 25721 D UiDevice: Searching for node with selector: BySelector [PKG='\Qcom.google.android.apps.nexuslauncher\E'].
02-15 15:58:45.659 25709 25721 D UiDevice: Searching for node with selector: BySelector [PKG='\Qcom.google.android.apps.nexuslauncher\E'].
02-15 15:58:45.814 25709 25721 D UiDevice: Searching for node with selector: BySelector [PKG='\Qcom.google.android.apps.nexuslauncher\E'].
02-15 15:58:45.965 25709 25721 D UiDevice: Searching for node with selector: BySelector [PKG='\Qcom.google.android.apps.nexuslauncher\E'].
02-15 15:58:46.117 25709 25721 D UiDevice: Searching for node with selector: BySelector [PKG='\Qcom.google.android.apps.nexuslauncher\E'].
02-15 15:58:46.272 25709 25721 D UiDevice: Searching for node with selector: BySelector [PKG='\Qcom.google.android.apps.nexuslauncher\E'].
02-15 15:58:46.422 25709 25721 D UiDevice: Searching for node with selector: BySelector [PKG='\Qcom.google.android.apps.nexuslauncher\E'].
02-15 15:58:46.577 25709 25721 D UiDevice: Searching for node with selector: BySelector [PKG='\Qcom.google.android.apps.nexuslauncher\E'].
02-15 15:58:46.871 25709 25721 D UiDevice: Searching for node with selector: BySelector [PKG='\Qcom.google.android.apps.nexuslauncher\E'].
02-15 15:58:47.008 25709 25721 D UiDevice: Searching for node with selector: BySelector [PKG='\Qcom.google.android.apps.nexuslauncher\E'].
02-15 15:58:47.160 25709 25721 D UiDevice: Searching for node with selector: BySelector [PKG='\Qcom.google.android.apps.nexuslauncher\E'].
02-15 15:58:47.313 25709 25721 D UiDevice: Searching for node with selector: BySelector [PKG='\Qcom.google.android.apps.nexuslauncher\E'].
02-15 15:58:47.462 25709 25721 D UiDevice: Searching for node with selector: BySelector [PKG='\Qcom.google.android.apps.nexuslauncher\E'].
02-15 15:58:47.619 25709 25721 D UiDevice: Searching for node with selector: BySelector [PKG='\Qcom.google.android.apps.nexuslauncher\E'].
02-15 15:58:47.774 25709 25721 D UiDevice: Searching for node with selector: BySelector [PKG='\Qcom.google.android.apps.nexuslauncher\E'].
02-15 15:58:47.928 25709 25721 D UiDevice: Searching for node with selector: BySelector [PKG='\Qcom.google.android.apps.nexuslauncher\E'].
02-15 15:58:48.084 25709 25721 D UiDevice: Searching for node with selector: BySelector [PKG='\Qcom.google.android.apps.nexuslauncher\E'].
02-15 15:58:48.235 25709 25721 D UiDevice: Searching for node with selector: BySelector [PKG='\Qcom.google.android.apps.nexuslauncher\E'].
02-15 15:58:48.389 25709 25721 D UiDevice: Searching for node with selector: BySelector [PKG='\Qcom.google.android.apps.nexuslauncher\E'].
02-15 15:58:48.541 25709 25721 D UiDevice: Searching for node with selector: BySelector [PKG='\Qcom.google.android.apps.nexuslauncher\E'].
02-15 15:58:48.700 25709 25721 D UiDevice: Searching for node with selector: BySelector [PKG='\Qcom.google.android.apps.nexuslauncher\E'].
02-15 15:58:48.999 25709 25721 D UiDevice: Searching for node with selector: BySelector [PKG='\Qcom.google.android.apps.nexuslauncher\E'].
02-15 15:58:49.151 25709 25721 D UiDevice: Searching for node with selector: BySelector [PKG='\Qcom.google.android.apps.nexuslauncher\E'].
02-15 15:58:49.302 25709 25721 D UiDevice: Searching for node with selector: BySelector [PKG='\Qcom.google.android.apps.nexuslauncher\E'].
02-15 15:58:49.455 25709 25721 D UiDevice: Searching for node with selector: BySelector [PKG='\Qcom.google.android.apps.nexuslauncher\E'].
02-15 15:58:49.604 25709 25721 D UiDevice: Searching for node with selector: BySelector [PKG='\Qcom.google.android.apps.nexuslauncher\E'].
02-15 15:58:49.758 25709 25721 D UiDevice: Searching for node with selector: BySelector [PKG='\Qcom.google.android.apps.nexuslauncher\E'].
02-15 15:58:49.915 25709 25721 D UiDevice: Searching for node with selector: BySelector [PKG='\Qcom.google.android.apps.nexuslauncher\E'].
02-15 15:58:50.066 25709 25721 D UiDevice: Searching for node with selector: BySelector [PKG='\Qcom.google.android.apps.nexuslauncher\E'].
02-15 15:58:50.221 25709 25721 D UiDevice: Searching for node with selector: BySelector [PKG='\Qcom.google.android.apps.nexuslauncher\E'].
02-15 15:58:50.375 25709 25721 D UiDevice: Searching for node with selector: BySelector [PKG='\Qcom.google.android.apps.nexuslauncher\E'].
02-15 15:58:50.521 25709 25721 D UiDevice: Searching for node with selector: BySelector [PKG='\Qcom.google.android.apps.nexuslauncher\E'].
02-15 15:58:50.642 25709 25721 D UiDevice: Searching for node with selector: BySelector [PKG='\Qcom.google.android.apps.nexuslauncher\E'].
02-15 15:58:50.761 25709 25721 D UiDevice: Searching for node with selector: BySelector [PKG='\Qcom.google.android.apps.nexuslauncher\E'].
02-15 15:58:50.986 25709 25721 D UiDevice: Searching for node with selector: BySelector [PKG='\Qcom.google.android.apps.nexuslauncher\E'].
02-15 15:58:51.112 25709 25721 D UiDevice: Searching for node with selector: BySelector [PKG='\Qcom.google.android.apps.nexuslauncher\E'].
02-15 15:58:51.259 25709 25721 D UiDevice: Searching for node with selector: BySelector [PKG='\Qcom.google.android.apps.nexuslauncher\E'].
02-15 15:58:51.415 25709 25721 D UiDevice: Searching for node with selector: BySelector [PKG='\Qcom.google.android.apps.nexuslauncher\E'].
02-15 15:58:51.564 25709 25721 D UiDevice: Searching for node with selector: BySelector [PKG='\Qcom.google.android.apps.nexuslauncher\E'].
02-15 15:58:51.718 25709 25721 D UiDevice: Searching for node with selector: BySelector [PKG='\Qcom.google.android.apps.nexuslauncher\E'].
02-15 15:58:51.875 25709 25721 D UiDevice: Searching for node with selector: BySelector [PKG='\Qcom.google.android.apps.nexuslauncher\E'].
02-15 15:58:52.033 25709 25721 D UiDevice: Searching for node with selector: BySelector [PKG='\Qcom.google.android.apps.nexuslauncher\E'].
02-15 15:58:52.184 25709 25721 D UiDevice: Searching for node with selector: BySelector [PKG='\Qcom.google.android.apps.nexuslauncher\E'].
02-15 15:58:52.337 25709 25721 D UiDevice: Searching for node with selector: BySelector [PKG='\Qcom.google.android.apps.nexuslauncher\E'].
02-15 15:58:52.489 25709 25721 D UiDevice: Searching for node with selector: BySelector [PKG='\Qcom.google.android.apps.nexuslauncher\E'].
02-15 15:58:52.636 25709 25721 D UiDevice: Searching for node with selector: BySelector [PKG='\Qcom.google.android.apps.nexuslauncher\E'].
02-15 15:58:52.785 25709 25721 D UiDevice: Searching for node with selector: BySelector [PKG='\Qcom.google.android.apps.nexuslauncher\E'].
02-15 15:58:53.108 25709 25721 D UiDevice: Searching for node with selector: BySelector [PKG='\Qcom.google.android.apps.nexuslauncher\E'].
02-15 15:58:53.260 25709 25721 D UiDevice: Searching for node with selector: BySelector [PKG='\Qcom.google.android.apps.nexuslauncher\E'].
02-15 15:58:53.408 25709 25721 D UiDevice: Searching for node with selector: BySelector [PKG='\Qcom.google.android.apps.nexuslauncher\E'].
02-15 15:58:53.558 25709 25721 D UiDevice: Searching for node with selector: BySelector [PKG='\Qcom.google.android.apps.nexuslauncher\E'].
02-15 15:58:53.712 25709 25721 D UiDevice: Searching for node with selector: BySelector [PKG='\Qcom.google.android.apps.nexuslauncher\E'].
02-15 15:58:53.864 25709 25721 D UiDevice: Searching for node with selector: BySelector [PKG='\Qcom.google.android.apps.nexuslauncher\E'].
02-15 15:58:54.021 25709 25721 D UiDevice: Searching for node with selector: BySelector [PKG='\Qcom.google.android.apps.nexuslauncher\E'].
02-15 15:58:54.177 25709 25721 D UiDevice: Searching for node with selector: BySelector [PKG='\Qcom.google.android.apps.nexuslauncher\E'].
02-15 15:58:54.331 25709 25721 D UiDevice: Searching for node with selector: BySelector [PKG='\Qcom.google.android.apps.nexuslauncher\E'].
02-15 15:58:54.480 25709 25721 D UiDevice: Searching for node with selector: BySelector [PKG='\Qcom.google.android.apps.nexuslauncher\E'].
02-15 15:58:54.557 25709 25721 D UiDevice: Waiting 20000ms for SearchCondition[hasObject=BySelector [PKG='\Qcom.wire.internal\E']].
02-15 15:58:54.557 25709 25721 D UiDevice: Searching for node with selector: BySelector [PKG='\Qcom.wire.internal\E'].
02-15 15:58:54.680 25709 25721 D UiDevice: Searching for node with selector: BySelector [PKG='\Qcom.wire.internal\E'].
02-15 15:58:54.804 25709 25721 D UiDevice: Searching for node with selector: BySelector [PKG='\Qcom.wire.internal\E'].
02-15 15:58:55.054 25709 25721 D UiDevice: Searching for node with selector: BySelector [PKG='\Qcom.wire.internal\E'].
02-15 15:58:55.193 25709 25721 D UiDevice: Searching for node with selector: BySelector [PKG='\Qcom.wire.internal\E'].
02-15 15:58:55.335 25709 25721 D UiDevice: Searching for node with selector: BySelector [PKG='\Qcom.wire.internal\E'].
02-15 15:58:55.480 25709 25721 D UiDevice: Searching for node with selector: BySelector [PKG='\Qcom.wire.internal\E'].
02-15 15:58:55.630 25709 25721 D UiDevice: Searching for node with selector: BySelector [PKG='\Qcom.wire.internal\E'].
02-15 15:58:55.761 25709 25721 D UiDevice: Searching for node with selector: BySelector [PKG='\Qcom.wire.internal\E'].
02-15 15:58:55.891 25709 25721 D UiDevice: Searching for node with selector: BySelector [PKG='\Qcom.wire.internal\E'].
02-15 15:58:56.021 25709 25721 D UiDevice: Searching for node with selector: BySelector [PKG='\Qcom.wire.internal\E'].
02-15 15:58:56.149 25709 25721 D UiDevice: Searching for node with selector: BySelector [PKG='\Qcom.wire.internal\E'].
02-15 15:58:56.279 25709 25721 D UiDevice: Searching for node with selector: BySelector [PKG='\Qcom.wire.internal\E'].
02-15 15:58:56.409 25709 25721 D UiDevice: Searching for node with selector: BySelector [PKG='\Qcom.wire.internal\E'].
02-15 15:58:56.537 25709 25721 D UiDevice: Searching for node with selector: BySelector [PKG='\Qcom.wire.internal\E'].
02-15 15:58:56.659 25709 25721 D UiDevice: Searching for node with selector: BySelector [PKG='\Qcom.wire.internal\E'].
02-15 15:58:56.782 25709 25721 D UiDevice: Searching for node with selector: BySelector [PKG='\Qcom.wire.internal\E'].
02-15 15:58:56.905 25709 25721 D UiDevice: Searching for node with selector: BySelector [PKG='\Qcom.wire.internal\E'].
02-15 15:58:57.138 25709 25721 D UiDevice: Searching for node with selector: BySelector [PKG='\Qcom.wire.internal\E'].
02-15 15:58:57.259 25709 25721 D UiDevice: Searching for node with selector: BySelector [PKG='\Qcom.wire.internal\E'].
02-15 15:58:57.383 25709 25721 D UiDevice: Searching for node with selector: BySelector [PKG='\Qcom.wire.internal\E'].
02-15 15:58:57.507 25709 25721 D UiDevice: Searching for node with selector: BySelector [PKG='\Qcom.wire.internal\E'].
02-15 15:58:57.630 25709 25721 D UiDevice: Searching for node with selector: BySelector [PKG='\Qcom.wire.internal\E'].
02-15 15:58:57.749 25709 25721 D UiDevice: Searching for node with selector: BySelector [PKG='\Qcom.wire.internal\E'].
02-15 15:58:57.877 25709 25721 D UiDevice: Searching for node with selector: BySelector [PKG='\Qcom.wire.internal\E'].
02-15 15:58:58.005 25709 25721 D UiDevice: Searching for node with selector: BySelector [PKG='\Qcom.wire.internal\E'].
02-15 15:58:58.134 25709 25721 D UiDevice: Searching for node with selector: BySelector [PKG='\Qcom.wire.internal\E'].
02-15 15:58:58.262 25709 25721 D UiDevice: Searching for node with selector: BySelector [PKG='\Qcom.wire.internal\E'].
02-15 15:58:58.390 25709 25721 D UiDevice: Searching for node with selector: BySelector [PKG='\Qcom.wire.internal\E'].
02-15 15:58:58.518 25709 25721 D UiDevice: Searching for node with selector: BySelector [PKG='\Qcom.wire.internal\E'].
02-15 15:58:58.645 25709 25721 D UiDevice: Searching for node with selector: BySelector [PKG='\Qcom.wire.internal\E'].
02-15 15:58:58.774 25709 25721 D UiDevice: Searching for node with selector: BySelector [PKG='\Qcom.wire.internal\E'].
02-15 15:58:58.901 25709 25721 D UiDevice: Searching for node with selector: BySelector [PKG='\Qcom.wire.internal\E'].
02-15 15:58:59.028 25709 25721 D UiDevice: Searching for node with selector: BySelector [PKG='\Qcom.wire.internal\E'].
02-15 15:58:59.301 25709 25721 D UiDevice: Searching for node with selector: BySelector [PKG='\Qcom.wire.internal\E'].
02-15 15:58:59.429 25709 25721 D UiDevice: Searching for node with selector: BySelector [PKG='\Qcom.wire.internal\E'].
02-15 15:58:59.561 25709 25721 D UiDevice: Searching for node with selector: BySelector [PKG='\Qcom.wire.internal\E'].
02-15 15:58:59.715 25709 25721 D UiDevice: Searching for node with selector: BySelector [PKG='\Qcom.wire.internal\E'].
02-15 15:58:59.839 25709 25721 D UiDevice: Searching for node with selector: BySelector [PKG='\Qcom.wire.internal\E'].
02-15 15:58:59.979 25709 25721 D UiDevice: Searching for node with selector: BySelector [PKG='\Qcom.wire.internal\E'].
02-15 15:59:00.132 25709 25721 D UiDevice: Searching for node with selector: BySelector [PKG='\Qcom.wire.internal\E'].
02-15 15:59:00.284 25709 25721 D UiDevice: Searching for node with selector: BySelector [PKG='\Qcom.wire.internal\E'].
02-15 15:59:00.440 25709 25721 D UiDevice: Searching for node with selector: BySelector [PKG='\Qcom.wire.internal\E'].
02-15 15:59:00.599 25709 25721 D UiDevice: Searching for node with selector: BySelector [PKG='\Qcom.wire.internal\E'].
02-15 15:59:00.750 25709 25721 D UiDevice: Searching for node with selector: BySelector [PKG='\Qcom.wire.internal\E'].
02-15 15:59:00.898 25709 25721 D UiDevice: Searching for node with selector: BySelector [PKG='\Qcom.wire.internal\E'].
02-15 15:59:01.052 25709 25721 D UiDevice: Searching for node with selector: BySelector [PKG='\Qcom.wire.internal\E'].
02-15 15:59:01.397 25709 25721 D UiDevice: Searching for node with selector: BySelector [PKG='\Qcom.wire.internal\E'].
02-15 15:59:01.556 25709 25721 D UiDevice: Searching for node with selector: BySelector [PKG='\Qcom.wire.internal\E'].
02-15 15:59:01.704 25709 25721 D UiDevice: Searching for node with selector: BySelector [PKG='\Qcom.wire.internal\E'].
02-15 15:59:01.859 25709 25721 D UiDevice: Searching for node with selector: BySelector [PKG='\Qcom.wire.internal\E'].
02-15 15:59:02.011 25709 25721 D UiDevice: Searching for node with selector: BySelector [PKG='\Qcom.wire.internal\E'].
02-15 15:59:02.159 25709 25721 D UiDevice: Searching for node with selector: BySelector [PKG='\Qcom.wire.internal\E'].
02-15 15:59:02.310 25709 25721 D UiDevice: Searching for node with selector: BySelector [PKG='\Qcom.wire.internal\E'].
02-15 15:59:02.461 25709 25721 D UiDevice: Searching for node with selector: BySelector [PKG='\Qcom.wire.internal\E'].
02-15 15:59:02.601 25709 25721 D UiDevice: Searching for node with selector: BySelector [PKG='\Qcom.wire.internal\E'].
02-15 15:59:02.734 25709 25721 D UiDevice: Searching for node with selector: BySelector [PKG='\Qcom.wire.internal\E'].
02-15 15:59:02.889 25709 25721 D UiDevice: Searching for node with selector: BySelector [PKG='\Qcom.wire.internal\E'].
02-15 15:59:03.044 25709 25721 D UiDevice: Searching for node with selector: BySelector [PKG='\Qcom.wire.internal\E'].
02-15 15:59:03.195 25709 25721 D UiDevice: Searching for node with selector: BySelector [PKG='\Qcom.wire.internal\E'].
02-15 15:59:03.511 25709 25721 D UiDevice: Searching for node with selector: BySelector [PKG='\Qcom.wire.internal\E'].
02-15 15:59:03.666 25709 25721 D UiDevice: Searching for node with selector: BySelector [PKG='\Qcom.wire.internal\E'].
02-15 15:59:03.822 25709 25721 D UiDevice: Searching for node with selector: BySelector [PKG='\Qcom.wire.internal\E'].
02-15 15:59:03.979 25709 25721 D UiDevice: Searching for node with selector: BySelector [PKG='\Qcom.wire.internal\E'].
02-15 15:59:04.128 25709 25721 D UiDevice: Searching for node with selector: BySelector [PKG='\Qcom.wire.internal\E'].
02-15 15:59:04.281 25709 25721 D UiDevice: Searching for node with selector: BySelector [PKG='\Qcom.wire.internal\E'].
02-15 15:59:04.440 25709 25721 D UiDevice: Searching for node with selector: BySelector [PKG='\Qcom.wire.internal\E'].
02-15 15:59:04.600 25709 25721 D UiDevice: Searching for node with selector: BySelector [PKG='\Qcom.wire.internal\E'].
02-15 15:59:04.760 25709 25721 D UiDevice: Searching for node with selector: BySelector [PKG='\Qcom.wire.internal\E'].
02-15 15:59:04.914 25709 25721 D UiDevice: Searching for node with selector: BySelector [PKG='\Qcom.wire.internal\E'].
02-15 15:59:05.064 25709 25721 D UiDevice: Searching for node with selector: BySelector [PKG='\Qcom.wire.internal\E'].
02-15 15:59:05.212 25709 25721 D UiDevice: Searching for node with selector: BySelector [PKG='\Qcom.wire.internal\E'].
02-15 15:59:05.481 25709 25721 D UiDevice: Searching for node with selector: BySelector [PKG='\Qcom.wire.internal\E'].
02-15 15:59:05.640 25709 25721 D UiDevice: Searching for node with selector: BySelector [PKG='\Qcom.wire.internal\E'].
02-15 15:59:05.799 25709 25721 D UiDevice: Searching for node with selector: BySelector [PKG='\Qcom.wire.internal\E'].
02-15 15:59:05.953 25709 25721 D UiDevice: Searching for node with selector: BySelector [PKG='\Qcom.wire.internal\E'].
02-15 15:59:06.103 25709 25721 D UiDevice: Searching for node with selector: BySelector [PKG='\Qcom.wire.internal\E'].
02-15 15:59:06.233 25709 25721 D UiDevice: Searching for node with selector: BySelector [PKG='\Qcom.wire.internal\E'].
02-15 15:59:06.386 25709 25721 D UiDevice: Searching for node with selector: BySelector [PKG='\Qcom.wire.internal\E'].
02-15 15:59:06.544 25709 25721 D UiDevice: Searching for node with selector: BySelector [PKG='\Qcom.wire.internal\E'].
02-15 15:59:06.699 25709 25721 D UiDevice: Searching for node with selector: BySelector [PKG='\Qcom.wire.internal\E'].
02-15 15:59:06.854 25709 25721 D UiDevice: Searching for node with selector: BySelector [PKG='\Qcom.wire.internal\E'].
02-15 15:59:07.003 25709 25721 D UiDevice: Searching for node with selector: BySelector [PKG='\Qcom.wire.internal\E'].
02-15 15:59:07.154 25709 25721 D UiDevice: Searching for node with selector: BySelector [PKG='\Qcom.wire.internal\E'].
02-15 15:59:07.306 25709 25721 D UiDevice: Searching for node with selector: BySelector [PKG='\Qcom.wire.internal\E'].
02-15 15:59:07.607 25709 25721 D UiDevice: Searching for node with selector: BySelector [PKG='\Qcom.wire.internal\E'].
02-15 15:59:07.760 25709 25721 D UiDevice: Searching for node with selector: BySelector [PKG='\Qcom.wire.internal\E'].
02-15 15:59:07.915 25709 25721 D UiDevice: Searching for node with selector: BySelector [PKG='\Qcom.wire.internal\E'].
02-15 15:59:08.067 25709 25721 D UiDevice: Searching for node with selector: BySelector [PKG='\Qcom.wire.internal\E'].
02-15 15:59:08.221 25709 25721 D UiDevice: Searching for node with selector: BySelector [PKG='\Qcom.wire.internal\E'].
02-15 15:59:08.377 25709 25721 D UiDevice: Searching for node with selector: BySelector [PKG='\Qcom.wire.internal\E'].
02-15 15:59:08.531 25709 25721 D UiDevice: Searching for node with selector: BySelector [PKG='\Qcom.wire.internal\E'].
02-15 15:59:08.685 25709 25721 D UiDevice: Searching for node with selector: BySelector [PKG='\Qcom.wire.internal\E'].
02-15 15:59:08.836 25709 25721 D UiDevice: Searching for node with selector: BySelector [PKG='\Qcom.wire.internal\E'].
02-15 15:59:08.988 25709 25721 D UiDevice: Searching for node with selector: BySelector [PKG='\Qcom.wire.internal\E'].
02-15 15:59:09.136 25709 25721 D UiDevice: Searching for node with selector: BySelector [PKG='\Qcom.wire.internal\E'].
02-15 15:59:09.289 25709 25721 D UiDevice: Searching for node with selector: BySelector [PKG='\Qcom.wire.internal\E'].
02-15 15:59:09.443 25709 25721 D UiDevice: Searching for node with selector: BySelector [PKG='\Qcom.wire.internal\E'].
02-15 15:59:09.806 25709 25721 D UiDevice: Searching for node with selector: BySelector [PKG='\Qcom.wire.internal\E'].
02-15 15:59:09.963 25709 25721 D UiDevice: Searching for node with selector: BySelector [PKG='\Qcom.wire.internal\E'].
02-15 15:59:10.121 25709 25721 D UiDevice: Searching for node with selector: BySelector [PKG='\Qcom.wire.internal\E'].
02-15 15:59:10.279 25709 25721 D UiDevice: Searching for node with selector: BySelector [PKG='\Qcom.wire.internal\E'].
02-15 15:59:10.435 25709 25721 D UiDevice: Searching for node with selector: BySelector [PKG='\Qcom.wire.internal\E'].
02-15 15:59:10.587 25709 25721 D UiDevice: Searching for node with selector: BySelector [PKG='\Qcom.wire.internal\E'].
02-15 15:59:10.737 25709 25721 D UiDevice: Searching for node with selector: BySelector [PKG='\Qcom.wire.internal\E'].
02-15 15:59:10.888 25709 25721 D UiDevice: Searching for node with selector: BySelector [PKG='\Qcom.wire.internal\E'].
02-15 15:59:11.036 25709 25721 D UiDevice: Searching for node with selector: BySelector [PKG='\Qcom.wire.internal\E'].
02-15 15:59:11.189 25709 25721 D UiDevice: Searching for node with selector: BySelector [PKG='\Qcom.wire.internal\E'].
02-15 15:59:11.329 25709 25721 D UiDevice: Searching for node with selector: BySelector [PKG='\Qcom.wire.internal\E'].
02-15 15:59:11.485 25709 25721 D UiDevice: Searching for node with selector: BySelector [PKG='\Qcom.wire.internal\E'].
02-15 15:59:11.849 25709 25721 D UiDevice: Searching for node with selector: BySelector [PKG='\Qcom.wire.internal\E'].
02-15 15:59:12.004 25709 25721 D UiDevice: Searching for node with selector: BySelector [PKG='\Qcom.wire.internal\E'].
02-15 15:59:12.157 25709 25721 D UiDevice: Searching for node with selector: BySelector [PKG='\Qcom.wire.internal\E'].
02-15 15:59:12.314 25709 25721 D UiDevice: Searching for node with selector: BySelector [PKG='\Qcom.wire.internal\E'].
02-15 15:59:12.469 25709 25721 D UiDevice: Searching for node with selector: BySelector [PKG='\Qcom.wire.internal\E'].
02-15 15:59:12.622 25709 25721 D UiDevice: Searching for node with selector: BySelector [PKG='\Qcom.wire.internal\E'].
02-15 15:59:12.774 25709 25721 D UiDevice: Searching for node with selector: BySelector [PKG='\Qcom.wire.internal\E'].
02-15 15:59:12.927 25709 25721 D UiDevice: Searching for node with selector: BySelector [PKG='\Qcom.wire.internal\E'].
02-15 15:59:13.084 25709 25721 D UiDevice: Searching for node with selector: BySelector [PKG='\Qcom.wire.internal\E'].
02-15 15:59:13.240 25709 25721 D UiDevice: Searching for node with selector: BySelector [PKG='\Qcom.wire.internal\E'].
02-15 15:59:13.398 25709 25721 D UiDevice: Searching for node with selector: BySelector [PKG='\Qcom.wire.internal\E'].
02-15 15:59:13.554 25709 25721 D UiDevice: Searching for node with selector: BySelector [PKG='\Qcom.wire.internal\E'].
02-15 15:59:13.862 25709 25721 D UiDevice: Searching for node with selector: BySelector [PKG='\Qcom.wire.internal\E'].
02-15 15:59:13.991 25709 25721 D UiDevice: Searching for node with selector: BySelector [PKG='\Qcom.wire.internal\E'].
02-15 15:59:14.140 25709 25721 D UiDevice: Searching for node with selector: BySelector [PKG='\Qcom.wire.internal\E'].
02-15 15:59:14.298 25709 25721 D UiDevice: Searching for node with selector: BySelector [PKG='\Qcom.wire.internal\E'].
02-15 15:59:14.456 25709 25721 D UiDevice: Searching for node with selector: BySelector [PKG='\Qcom.wire.internal\E'].
02-15 15:59:14.613 25709 25721 D UiDevice: Searching for node with selector: BySelector [PKG='\Qcom.wire.internal\E'].
02-15 15:59:14.663 25709 25721 I System.out: Could not access BuildConfig field 'BACKENDCONNECTION_STAGING_SOCKSPROXY': No field BACKENDCONNECTION_STAGING_SOCKSPROXY in class Lcom/wire/android/testSupport/BuildConfig; (declaration of 'com.wire.android.testSupport.BuildConfig' appears in /data/app/~~2Ouw6EeUhOFH_uIBzKfuQQ==/com.wire.android.tests.testsCore.test-NAlJrsf-GPzKseg05cYYDA==/base.apk!classes2.dex)
02-15 15:59:14.664 25709 25721 I System.out: Could not access BuildConfig field 'BACKENDCONNECTION_STAGING_SOCKSPROXY': No field BACKENDCONNECTION_STAGING_SOCKSPROXY in class Lcom/wire/android/testSupport/BuildConfig; (declaration of 'com.wire.android.testSupport.BuildConfig' appears in /data/app/~~2Ouw6EeUhOFH_uIBzKfuQQ==/com.wire.android.tests.testsCore.test-NAlJrsf-GPzKseg05cYYDA==/base.apk!classes2.dex)
02-15 15:59:14.666 25709 25721 I System.out: Could not access BuildConfig field 'BACKENDCONNECTION_STAGING_SOCKSPROXY': No field BACKENDCONNECTION_STAGING_SOCKSPROXY in class Lcom/wire/android/testSupport/BuildConfig; (declaration of 'com.wire.android.testSupport.BuildConfig' appears in /data/app/~~2Ouw6EeUhOFH_uIBzKfuQQ==/com.wire.android.tests.testsCore.test-NAlJrsf-GPzKseg05cYYDA==/base.apk!classes2.dex)
02-15 15:59:14.834 25709 25721 W UiAutomation: UiAutomation.grantRuntimePermission() is more robust and should be used instead of 'pm grant'
02-15 15:59:14.841 25709 25721 W UiAutomation: UiAutomation.grantRuntimePermission() is more robust and should be used instead of 'pm grant'
02-15 15:59:14.850 25709 25721 I ClientUserManager: 15:59:14 INFO [270] (ClientUse) Cannot find user by: user1Name 
02-15 15:59:14.851 25709 25721 I Hello   : 15:59:14 INFO [270] (ClientUse) Hello, my name is Zandra Conroy and my email is conroykdllvfhirb@wire.engineering and password is v7ir!8$O and emailPassword is 025nGY7Jh!c>innnnn 
02-15 15:59:16.688 25709 25721 I ClientUserManager: 15:59:16 INFO [270] (ClientUse) Cannot find user by: user1Name 
02-15 15:59:16.739 25709 25721 I ClientUserManager: 15:59:16 INFO [270] (ClientUse) Cannot find user by: user2Name 
02-15 15:59:16.742 25709 25721 I ClientUserManager: 15:59:16 INFO [270] (ClientUse) Cannot find user by: user3Name 
02-15 15:59:18.511 25709 25721 I ClientUserManager: 15:59:18 INFO [270] (ClientUse) Cannot find user by: user1Name 
02-15 15:59:18.520 25709 25721 I ClientUserManager: 15:59:18 INFO [270] (ClientUse) Cannot find user by: user2Name 
02-15 15:59:18.527 25709 25721 I ClientUserManager: 15:59:18 INFO [270] (ClientUse) Cannot find user by: user3Name 
02-15 15:59:18.529 25709 25721 I System.out: Could not access BuildConfig field 'BACKENDCONNECTION_STAGING_SOCKSPROXY': No field BACKENDCONNECTION_STAGING_SOCKSPROXY in class Lcom/wire/android/testSupport/BuildConfig; (declaration of 'com.wire.android.testSupport.BuildConfig' appears in /data/app/~~2Ouw6EeUhOFH_uIBzKfuQQ==/com.wire.android.tests.testsCore.test-NAlJrsf-GPzKseg05cYYDA==/base.apk!classes2.dex)
02-15 15:59:18.698 25709 25721 I ClientUserManager: 15:59:18 INFO [270] (ClientUse) Cannot find user by: user3Name 
02-15 15:59:18.699 25709 25721 I System.out: Could not access BuildConfig field 'BACKENDCONNECTION_STAGING_SOCKSPROXY': No field BACKENDCONNECTION_STAGING_SOCKSPROXY in class Lcom/wire/android/testSupport/BuildConfig; (declaration of 'com.wire.android.testSupport.BuildConfig' appears in /data/app/~~2Ouw6EeUhOFH_uIBzKfuQQ==/com.wire.android.tests.testsCore.test-NAlJrsf-GPzKseg05cYYDA==/base.apk!classes2.dex)
02-15 15:59:18.702 25709 25721 I ClientUserManager: 15:59:18 INFO [270] (ClientUse) Cannot find user by: user3Name 
02-15 15:59:18.757 25709 25721 I ClientUserManager: 15:59:18 INFO [270] (ClientUse) Cannot find user by: user3Name 
02-15 15:59:18.760 25709 25721 I System.out: Could not access BuildConfig field 'BACKENDCONNECTION_STAGING_SOCKSPROXY': No field BACKENDCONNECTION_STAGING_SOCKSPROXY in class Lcom/wire/android/testSupport/BuildConfig; (declaration of 'com.wire.android.testSupport.BuildConfig' appears in /data/app/~~2Ouw6EeUhOFH_uIBzKfuQQ==/com.wire.android.tests.testsCore.test-NAlJrsf-GPzKseg05cYYDA==/base.apk!classes2.dex)
02-15 15:59:18.761 25709 25721 I TestService: 15:59:18 INFO [270] (TestServi) GET: http://192.168.2.18:8080/api/v1/ 
02-15 15:59:18.777 25709 25721 I TestService: 15:59:18 INFO [270] (TestServi) PUT: http://192.168.2.18:8080/api/v1/instance 
02-15 15:59:18.778 25709 25721 I TestService: 15:59:18 INFO [270] (TestServi)  >>> Request: {"email":"kuhlmangcroiytgfx@wire.engineering","password":"i#0gw!B6","deviceName":"Device1","name":"TestService","customBackend":{"name":"STAGING","rest":"https:\/\/staging-nginz-https.zinfra.io\/","ws":"wss:\/\/staging-nginz-ssl.zinfra.io"},"federationDomain":"staging.zinfra.io","developmentApiEnabled":true} 
02-15 15:59:27.867 25709 25721 I TestService: 15:59:27 INFO [270] (TestServi)  >>> Response (200): {"backend":"staging","clientId":"e0c6b960674f1039","instanceId":"c5efdf18-a983-4047-8247-6ff097619d44","name":"TestService","startupTime":7288,"startTime":1771167565798} 
02-15 15:59:27.873 25709 25721 I ClientUserManager: 15:59:27 INFO [270] (ClientUse) Cannot find user by: user1Name 
02-15 15:59:27.874 25709 25721 I System.out: Could not access BuildConfig field 'BACKENDCONNECTION_STAGING_SOCKSPROXY': No field BACKENDCONNECTION_STAGING_SOCKSPROXY in class Lcom/wire/android/testSupport/BuildConfig; (declaration of 'com.wire.android.testSupport.BuildConfig' appears in /data/app/~~2Ouw6EeUhOFH_uIBzKfuQQ==/com.wire.android.tests.testsCore.test-NAlJrsf-GPzKseg05cYYDA==/base.apk!classes2.dex)
02-15 15:59:28.020 25709 25721 I UiAutomatorPinger: 15:59:28 INFO [270] (UiAutomat) Starting UIAutomator pinger every 30 seconds 
02-15 15:59:28.031 25709 26225 I UiAutomatorPinger: 15:59:28 INFO [281] (UiAutomat) Pinging device (waking up screen) 
02-15 15:59:28.038 25709 26225 D UiDevice: Turning on screen.
02-15 15:59:28.040 25709 26226 D CallingManager: Creating instance for user2Name
02-15 15:59:28.041 25709 26227 D CallingManager: Creating instance for user3Name
02-15 15:59:28.047 25709 26226 I ClientUserManager: 15:59:28 INFO [282] (ClientUse) Cannot find user by: user2Name 
02-15 15:59:28.048 25709 26227 I ClientUserManager: 15:59:28 INFO [283] (ClientUse) Cannot find user by: user3Name 
02-15 15:59:28.050 25709 26226 I System.out: Could not access BuildConfig field 'BACKENDCONNECTION_STAGING_SOCKSPROXY': No field BACKENDCONNECTION_STAGING_SOCKSPROXY in class Lcom/wire/android/testSupport/BuildConfig; (declaration of 'com.wire.android.testSupport.BuildConfig' appears in /data/app/~~2Ouw6EeUhOFH_uIBzKfuQQ==/com.wire.android.tests.testsCore.test-NAlJrsf-GPzKseg05cYYDA==/base.apk!classes2.dex)
02-15 15:59:28.050 25709 26227 I System.out: Could not access BuildConfig field 'BACKENDCONNECTION_STAGING_SOCKSPROXY': No field BACKENDCONNECTION_STAGING_SOCKSPROXY in class Lcom/wire/android/testSupport/BuildConfig; (declaration of 'com.wire.android.testSupport.BuildConfig' appears in /data/app/~~2Ouw6EeUhOFH_uIBzKfuQQ==/com.wire.android.tests.testsCore.test-NAlJrsf-GPzKseg05cYYDA==/base.apk!classes2.dex)
02-15 15:59:28.102 25709 26226 I System.out: Could not access BuildConfig field 'BACKENDCONNECTION_STAGING_SOCKSPROXY': No field BACKENDCONNECTION_STAGING_SOCKSPROXY in class Lcom/wire/android/testSupport/BuildConfig; (declaration of 'com.wire.android.testSupport.BuildConfig' appears in /data/app/~~2Ouw6EeUhOFH_uIBzKfuQQ==/com.wire.android.tests.testsCore.test-NAlJrsf-GPzKseg05cYYDA==/base.apk!classes2.dex)
02-15 15:59:28.107 25709 26227 I System.out: Could not access BuildConfig field 'BACKENDCONNECTION_STAGING_SOCKSPROXY': No field BACKENDCONNECTION_STAGING_SOCKSPROXY in class Lcom/wire/android/testSupport/BuildConfig; (declaration of 'com.wire.android.testSupport.BuildConfig' appears in /data/app/~~2Ouw6EeUhOFH_uIBzKfuQQ==/com.wire.android.tests.testsCore.test-NAlJrsf-GPzKseg05cYYDA==/base.apk!classes2.dex)
02-15 15:59:28.807 25709 26225 I UiAutomatorPinger: 15:59:28 INFO [281] (UiAutomat) Device screen awakened 
02-15 15:59:41.981 25709 26226 D CallingManager: Started instance 19ff9251-d9d9-4e84-afd6-bd33c403dea5 for user Buddy Bogan
02-15 15:59:42.023 25709 26227 D CallingManager: Started instance ae24d8c1-d568-42b1-861c-151dd14b6406 for user August Kuhlman
02-15 15:59:42.027 25709 25721 I UiAutomatorPinger: 15:59:42 INFO [270] (UiAutomat) Stopping UIAutomator pinger 
02-15 15:59:42.038 25709 25721 I System.out: Could not access BuildConfig field 'BACKENDCONNECTION_STAGING_SOCKSPROXY': No field BACKENDCONNECTION_STAGING_SOCKSPROXY in class Lcom/wire/android/testSupport/BuildConfig; (declaration of 'com.wire.android.testSupport.BuildConfig' appears in /data/app/~~2Ouw6EeUhOFH_uIBzKfuQQ==/com.wire.android.tests.testsCore.test-NAlJrsf-GPzKseg05cYYDA==/base.apk!classes2.dex)
02-15 15:59:42.042 25709 25721 D UiDevice: Waiting 10000ms for SearchCondition[hasObject=BySelector [TEXT='\QEnter your email to start!\E']].
02-15 15:59:42.042 25709 25721 D UiDevice: Searching for node with selector: BySelector [TEXT='\QEnter your email to start!\E'].
02-15 15:59:42.667 25709 25721 W QueryController: Could not detect idle state.
02-15 15:59:42.668 25709 25721 D UiDevice: Retrieving node with selector: BySelector [TEXT='\QEnter your email to start!\E'].
02-15 15:59:42.711 25709 25721 I .testsCore.tes: hiddenapi: Accessing hidden method Landroid/view/MotionEvent;->setDisplayId(I)V (runtime_flags=0, domain=platform, api=blocked,test-api) from Landroidx/test/uiautomator/GestureController; (domain=app, TargetSdkVersion=35) using reflection: allowed
02-15 15:59:42.909 25709 25721 D UiDevice: Retrieving node with selector: BySelector [TEXT='\QEnter your email to start!\E'].
02-15 15:59:42.982 25709 25721 D UiDevice: Waiting 10000ms for SearchCondition[hasObject=BySelector [TEXT='\QProceed\E']].
