--------- beginning of main
02-15 17:29:14.706 31309 31324 E TestRunner: failed: givenUserInAnotherTeam_whenFileIsSent_thenRecipientCanReceivePlayAndDownloadIt(com.wire.android.tests.core.criticalFlows.FileSharingBetweenTeams)
02-15 17:29:14.706 31309 31324 E TestRunner: ----- begin exception -----
02-15 17:29:14.706 31309 31324 E TestRunner: java.lang.AssertionError: Element not found with selector: text='Enter your email to start!'
02-15 17:29:14.706 31309 31324 E TestRunner: 	at uiautomatorutils.UiWaitUtils.waitElement(UiWaitUtils.kt:94)
02-15 17:29:14.706 31309 31324 E TestRunner: 	at uiautomatorutils.UiWaitUtils.waitElement$default(UiWaitUtils.kt:84)
02-15 17:29:14.706 31309 31324 E TestRunner: 	at com.wire.android.tests.core.pages.RegistrationPage.assertEmailWelcomePage(RegistrationPage.kt:66)
02-15 17:29:14.706 31309 31324 E TestRunner: 	at com.wire.android.tests.core.criticalFlows.FileSharingBetweenTeams.givenUserInAnotherTeam_whenFileIsSent_thenRecipientCanReceivePlayAndDownloadIt$lambda$7(FileSharingBetweenTeams.kt:127)
02-15 17:29:14.706 31309 31324 E TestRunner: 	at com.wire.android.tests.core.criticalFlows.FileSharingBetweenTeams.$r8$lambda$wBwXBq4ElaSAC8GukrexFtaXqkM(Unknown Source:0)
02-15 17:29:14.706 31309 31324 E TestRunner: 	at com.wire.android.tests.core.criticalFlows.FileSharingBetweenTeams$$ExternalSyntheticLambda2.invoke(D8$$SyntheticClass:0)
02-15 17:29:14.706 31309 31324 E TestRunner: 	at com.wire.android.tests.core.BaseUiTest.step$lambda$1(BaseUiTest.kt:54)
02-15 17:29:14.706 31309 31324 E TestRunner: 	at com.wire.android.tests.core.BaseUiTest.$r8$lambda$CSKDAIjp6271vtVFMpsHBDVw5qY(Unknown Source:0)
02-15 17:29:14.706 31309 31324 E TestRunner: 	at com.wire.android.tests.core.BaseUiTest$$ExternalSyntheticLambda1.invoke(D8$$SyntheticClass:0)
02-15 17:29:14.706 31309 31324 E TestRunner: 	at io.qameta.allure.kotlin.Allure.step(Allure.kt:60)
02-15 17:29:14.706 31309 31324 E TestRunner: 	at com.wire.android.tests.core.BaseUiTest.step(BaseUiTest.kt:54)
02-15 17:29:14.706 31309 31324 E TestRunner: 	at com.wire.android.tests.core.criticalFlows.FileSharingBetweenTeams.givenUserInAnotherTeam_whenFileIsSent_thenRecipientCanReceivePlayAndDownloadIt(FileSharingBetweenTeams.kt:125)
02-15 17:29:14.706 31309 31324 E TestRunner: 	at java.lang.reflect.Method.invoke(Native Method)
02-15 17:29:14.706 31309 31324 E TestRunner: 	at org.junit.runners.model.FrameworkMethod$1.runReflectiveCall(FrameworkMethod.java:59)
02-15 17:29:14.706 31309 31324 E TestRunner: 	at org.junit.internal.runners.model.ReflectiveCallable.run(ReflectiveCallable.java:12)
02-15 17:29:14.706 31309 31324 E TestRunner: 	at org.junit.runners.model.FrameworkMethod.invokeExplosively(FrameworkMethod.java:56)
02-15 17:29:14.706 31309 31324 E TestRunner: 	at org.junit.internal.runners.statements.InvokeMethod.evaluate(InvokeMethod.java:17)
02-15 17:29:14.706 31309 31324 E TestRunner: 	at androidx.test.internal.runner.junit4.statement.RunBefores.evaluate(RunBefores.java:80)
02-15 17:29:14.706 31309 31324 E TestRunner: 	at androidx.test.internal.runner.junit4.statement.RunAfters.evaluate(RunAfters.java:61)
02-15 17:29:14.706 31309 31324 E TestRunner: 	at com.wire.android.tests.support.suite.AllureFailureScreenshotRule$apply$1.evaluate(AllureFailureScreenshotRule.kt:44)
02-15 17:29:14.706 31309 31324 E TestRunner: 	at com.wire.android.tests.support.suite.AllureLabelsRule$apply$1.evaluate(AllureLabelsRule.kt:70)
02-15 17:29:14.706 31309 31324 E TestRunner: 	at org.junit.rules.TestWatcher$1.evaluate(TestWatcher.java:61)
02-15 17:29:14.706 31309 31324 E TestRunner: 	at com.wire.android.tests.support.suite.AllureLogcatRule$apply$1.evaluate(AllureLogcatRule.kt:41)
02-15 17:29:14.706 31309 31324 E TestRunner: 	at org.junit.runners.ParentRunner$3.evaluate(ParentRunner.java:306)
02-15 17:29:14.706 31309 31324 E TestRunner: 	at org.junit.runners.BlockJUnit4ClassRunner$1.evaluate(BlockJUnit4ClassRunner.java:100)
02-15 17:29:14.706 31309 31324 E TestRunner: 	at org.junit.runners.ParentRunner.runLeaf(ParentRunner.java:366)
02-15 17:29:14.706 31309 31324 E TestRunner: 	at org.junit.runners.BlockJUnit4ClassRunner.runChild(BlockJUnit4ClassRunner.java:103)
02-15 17:29:14.706 31309 31324 E TestRunner: 	at org.junit.runners.BlockJUnit4ClassRunner.runChild(BlockJUnit4ClassRunner.java:63)
02-15 17:29:14.706 31309 31324 E TestRunner: 	at org.junit.runners.ParentRunner$4.run(ParentRunner.java:331)
02-15 17:29:14.706 31309 31324 E TestRunner: 	at org.junit.runners.ParentRunner$1.schedule(ParentRunner.java:79)
02-15 17:29:14.706 31309 31324 E TestRunner: 	at org.junit.runners.ParentRunner.runChildren(ParentRunner.java:329)
02-15 17:29:14.706 31309 31324 E TestRunner: 	at org.junit.runners.ParentRunner.access$100(ParentRunner.java:66)
02-15 17:29:14.706 31309 31324 E TestRunner: 	at org.junit.runners.ParentRunner$2.evaluate(ParentRunner.java:293)
02-15 17:29:14.706 31309 31324 E TestRunner: 	at org.junit.runners.ParentRunner$3.evaluate(ParentRunner.java:306)
02-15 17:29:14.706 31309 31324 E TestRunner: 	at org.junit.runners.ParentRunner.run(ParentRunner.java:413)
02-15 17:29:14.706 31309 31324 E TestRunner: 	at androidx.test.ext.junit.runners.AndroidJUnit4.run(AndroidJUnit4.java:162)
02-15 17:29:14.706 31309 31324 E TestRunner: 	at org.junit.runners.Suite.runChild(Suite.java:128)
02-15 17:29:14.706 31309 31324 E TestRunner: 	at org.junit.runners.Suite.runChild(Suite.java:27)
02-15 17:29:14.706 31309 31324 E TestRunner: 	at org.junit.runners.ParentRunner$4.run(ParentRunner.java:331)
02-15 17:29:14.706 31309 31324 E TestRunner: 	at org.junit.runners.ParentRunner$1.schedule(ParentRunner.java:79)
02-15 17:29:14.706 31309 31324 E TestRunner: 	at org.junit.runners.ParentRunner.runChildren(ParentRunner.java:329)
02-15 17:29:14.706 31309 31324 E TestRunner: 	at org.junit.runners.ParentRunner.access$100(ParentRunner.java:66)
02-15 17:29:14.706 31309 31324 E TestRunner: 	at org.junit.runners.ParentRunner$2.evaluate(ParentRunner.java:293)
02-15 17:29:14.706 31309 31324 E TestRunner: 	at org.junit.runners.ParentRunner$3.evaluate(ParentRunner.java:306)
02-15 17:29:14.706 31309 31324 E TestRunner: 	at org.junit.runners.ParentRunner.run(ParentRunner.java:413)
02-15 17:29:14.706 31309 31324 E TestRunner: 	at org.junit.runner.JUnitCore.run(JUnitCore.java:137)
02-15 17:29:14.706 31309 31324 E TestRunner: 	at org.junit.runner.JUnitCore.run(JUnitCore.java:115)
02-15 17:29:14.707 31309 31324 E TestRunner: 	at androidx.test.internal.runner.TestExecutor.execute(TestExecutor.java:68)
02-15 17:29:14.707 31309 31324 E TestRunner: 	at androidx.test.internal.runner.TestExecutor.execute(TestExecutor.java:59)
02-15 17:29:14.707 31309 31324 E TestRunner: 	at androidx.test.runner.AndroidJUnitRunner.onStart(AndroidJUnitRunner.java:467)
02-15 17:29:14.707 31309 31324 E TestRunner: 	at com.wire.android.tests.support.suite.TaggedTestRunner.onStart(TaggedTestRunner.kt:51)
02-15 17:29:14.707 31309 31324 E TestRunner: 	at android.app.Instrumentation$InstrumentationThread.run(Instrumentation.java:2278)
02-15 17:29:14.707 31309 31324 E TestRunner: ----- end exception -----
02-15 17:29:14.711 31309 31324 I TestRunner: finished: givenUserInAnotherTeam_whenFileIsSent_thenRecipientCanReceivePlayAndDownloadIt(com.wire.android.tests.core.criticalFlows.FileSharingBetweenTeams)
02-15 17:29:14.756 31309 31324 I TestRunner: started: givenIStartGroupCall_whenParticipantShareMessageFileAndLocation_thenAllVisibleAndCallContinues(com.wire.android.tests.core.criticalFlows.GroupCallChat)
02-15 17:29:14.774 31309 31324 D UiDevice: Executing shell command: pm clear com.wire.internal
02-15 17:29:14.839 31309 31324 D UiDevice: Executing shell command: settings put secure show_ime_with_hard_keyboard 0
02-15 17:29:14.869 31309 31324 D UiDevice: Executing shell command: settings put global window_animation_scale 0
02-15 17:29:14.899 31309 31324 D UiDevice: Executing shell command: settings put global transition_animation_scale 0
02-15 17:29:14.929 31309 31324 D UiDevice: Executing shell command: settings put global animator_duration_scale .5
02-15 17:29:14.958 31309 31324 D UiDevice: Pressing home button.
02-15 17:29:15.997 31309 31324 W InteractionController: Timed out waiting 1000ms for command and events.
02-15 17:29:16.006 31309 31324 D UiDevice: Waiting 20000ms for SearchCondition[hasObject=BySelector [PKG='\Qcom.google.android.apps.nexuslauncher\E']].
02-15 17:29:16.007 31309 31324 D UiDevice: Searching for node with selector: BySelector [PKG='\Qcom.google.android.apps.nexuslauncher\E'].
02-15 17:29:16.366 31309 31324 D UiDevice: Searching for node with selector: BySelector [PKG='\Qcom.google.android.apps.nexuslauncher\E'].
02-15 17:29:16.519 31309 31324 D UiDevice: Searching for node with selector: BySelector [PKG='\Qcom.google.android.apps.nexuslauncher\E'].
02-15 17:29:16.671 31309 31324 D UiDevice: Searching for node with selector: BySelector [PKG='\Qcom.google.android.apps.nexuslauncher\E'].
02-15 17:29:16.820 31309 31324 D UiDevice: Searching for node with selector: BySelector [PKG='\Qcom.google.android.apps.nexuslauncher\E'].
02-15 17:29:16.978 31309 31324 D UiDevice: Searching for node with selector: BySelector [PKG='\Qcom.google.android.apps.nexuslauncher\E'].
02-15 17:29:17.128 31309 31324 D UiDevice: Searching for node with selector: BySelector [PKG='\Qcom.google.android.apps.nexuslauncher\E'].
02-15 17:29:17.280 31309 31324 D UiDevice: Searching for node with selector: BySelector [PKG='\Qcom.google.android.apps.nexuslauncher\E'].
02-15 17:29:17.430 31309 31324 D UiDevice: Searching for node with selector: BySelector [PKG='\Qcom.google.android.apps.nexuslauncher\E'].
02-15 17:29:17.581 31309 31324 D UiDevice: Searching for node with selector: BySelector [PKG='\Qcom.google.android.apps.nexuslauncher\E'].
02-15 17:29:17.737 31309 31324 D UiDevice: Searching for node with selector: BySelector [PKG='\Qcom.google.android.apps.nexuslauncher\E'].
02-15 17:29:17.887 31309 31324 D UiDevice: Searching for node with selector: BySelector [PKG='\Qcom.google.android.apps.nexuslauncher\E'].
02-15 17:29:18.034 31309 31324 D UiDevice: Searching for node with selector: BySelector [PKG='\Qcom.google.android.apps.nexuslauncher\E'].
02-15 17:29:18.368 31309 31324 D UiDevice: Searching for node with selector: BySelector [PKG='\Qcom.google.android.apps.nexuslauncher\E'].
02-15 17:29:18.520 31309 31324 D UiDevice: Searching for node with selector: BySelector [PKG='\Qcom.google.android.apps.nexuslauncher\E'].
02-15 17:29:18.680 31309 31324 D UiDevice: Searching for node with selector: BySelector [PKG='\Qcom.google.android.apps.nexuslauncher\E'].
02-15 17:29:18.840 31309 31324 D UiDevice: Searching for node with selector: BySelector [PKG='\Qcom.google.android.apps.nexuslauncher\E'].
02-15 17:29:18.999 31309 31324 D UiDevice: Searching for node with selector: BySelector [PKG='\Qcom.google.android.apps.nexuslauncher\E'].
02-15 17:29:19.151 31309 31324 D UiDevice: Searching for node with selector: BySelector [PKG='\Qcom.google.android.apps.nexuslauncher\E'].
02-15 17:29:19.301 31309 31324 D UiDevice: Searching for node with selector: BySelector [PKG='\Qcom.google.android.apps.nexuslauncher\E'].
02-15 17:29:19.444 31309 31324 D UiDevice: Searching for node with selector: BySelector [PKG='\Qcom.google.android.apps.nexuslauncher\E'].
02-15 17:29:19.595 31309 31324 D UiDevice: Searching for node with selector: BySelector [PKG='\Qcom.google.android.apps.nexuslauncher\E'].
02-15 17:29:19.747 31309 31324 D UiDevice: Searching for node with selector: BySelector [PKG='\Qcom.google.android.apps.nexuslauncher\E'].
02-15 17:29:19.901 31309 31324 D UiDevice: Searching for node with selector: BySelector [PKG='\Qcom.google.android.apps.nexuslauncher\E'].
02-15 17:29:20.056 31309 31324 D UiDevice: Searching for node with selector: BySelector [PKG='\Qcom.google.android.apps.nexuslauncher\E'].
02-15 17:29:20.432 31309 31324 D UiDevice: Searching for node with selector: BySelector [PKG='\Qcom.google.android.apps.nexuslauncher\E'].
02-15 17:29:20.585 31309 31324 D UiDevice: Searching for node with selector: BySelector [PKG='\Qcom.google.android.apps.nexuslauncher\E'].
02-15 17:29:20.742 31309 31324 D UiDevice: Searching for node with selector: BySelector [PKG='\Qcom.google.android.apps.nexuslauncher\E'].
02-15 17:29:20.894 31309 31324 D UiDevice: Searching for node with selector: BySelector [PKG='\Qcom.google.android.apps.nexuslauncher\E'].
02-15 17:29:21.041 31309 31324 D UiDevice: Searching for node with selector: BySelector [PKG='\Qcom.google.android.apps.nexuslauncher\E'].
02-15 17:29:21.196 31309 31324 D UiDevice: Searching for node with selector: BySelector [PKG='\Qcom.google.android.apps.nexuslauncher\E'].
02-15 17:29:21.350 31309 31324 D UiDevice: Searching for node with selector: BySelector [PKG='\Qcom.google.android.apps.nexuslauncher\E'].
02-15 17:29:21.501 31309 31324 D UiDevice: Searching for node with selector: BySelector [PKG='\Qcom.google.android.apps.nexuslauncher\E'].
02-15 17:29:21.659 31309 31324 D UiDevice: Searching for node with selector: BySelector [PKG='\Qcom.google.android.apps.nexuslauncher\E'].
02-15 17:29:21.812 31309 31324 D UiDevice: Searching for node with selector: BySelector [PKG='\Qcom.google.android.apps.nexuslauncher\E'].
02-15 17:29:21.959 31309 31324 D UiDevice: Searching for node with selector: BySelector [PKG='\Qcom.google.android.apps.nexuslauncher\E'].
02-15 17:29:21.982 31309 31314 I .testsCore.tes: Background concurrent copying GC freed 18MB AllocSpace bytes, 48(2116KB) LOS objects, 76% free, 7693KB/31MB, paused 83us,37us total 124.137ms
02-15 17:29:22.102 31309 31324 D UiDevice: Searching for node with selector: BySelector [PKG='\Qcom.google.android.apps.nexuslauncher\E'].
02-15 17:29:22.454 31309 31324 D UiDevice: Searching for node with selector: BySelector [PKG='\Qcom.google.android.apps.nexuslauncher\E'].
02-15 17:29:22.607 31309 31324 D UiDevice: Searching for node with selector: BySelector [PKG='\Qcom.google.android.apps.nexuslauncher\E'].
02-15 17:29:22.760 31309 31324 D UiDevice: Searching for node with selector: BySelector [PKG='\Qcom.google.android.apps.nexuslauncher\E'].
02-15 17:29:22.918 31309 31324 D UiDevice: Searching for node with selector: BySelector [PKG='\Qcom.google.android.apps.nexuslauncher\E'].
02-15 17:29:23.071 31309 31324 D UiDevice: Searching for node with selector: BySelector [PKG='\Qcom.google.android.apps.nexuslauncher\E'].
02-15 17:29:23.220 31309 31324 D UiDevice: Searching for node with selector: BySelector [PKG='\Qcom.google.android.apps.nexuslauncher\E'].
02-15 17:29:23.377 31309 31324 D UiDevice: Searching for node with selector: BySelector [PKG='\Qcom.google.android.apps.nexuslauncher\E'].
02-15 17:29:23.534 31309 31324 D UiDevice: Searching for node with selector: BySelector [PKG='\Qcom.google.android.apps.nexuslauncher\E'].
02-15 17:29:23.679 31309 31324 D UiDevice: Searching for node with selector: BySelector [PKG='\Qcom.google.android.apps.nexuslauncher\E'].
02-15 17:29:23.834 31309 31324 D UiDevice: Searching for node with selector: BySelector [PKG='\Qcom.google.android.apps.nexuslauncher\E'].
02-15 17:29:23.986 31309 31324 D UiDevice: Searching for node with selector: BySelector [PKG='\Qcom.google.android.apps.nexuslauncher\E'].
02-15 17:29:24.144 31309 31324 D UiDevice: Searching for node with selector: BySelector [PKG='\Qcom.google.android.apps.nexuslauncher\E'].
02-15 17:29:24.427 31309 31324 D UiDevice: Searching for node with selector: BySelector [PKG='\Qcom.google.android.apps.nexuslauncher\E'].
02-15 17:29:24.580 31309 31324 D UiDevice: Searching for node with selector: BySelector [PKG='\Qcom.google.android.apps.nexuslauncher\E'].
02-15 17:29:24.737 31309 31324 D UiDevice: Searching for node with selector: BySelector [PKG='\Qcom.google.android.apps.nexuslauncher\E'].
02-15 17:29:24.890 31309 31324 D UiDevice: Searching for node with selector: BySelector [PKG='\Qcom.google.android.apps.nexuslauncher\E'].
02-15 17:29:25.037 31309 31324 D UiDevice: Searching for node with selector: BySelector [PKG='\Qcom.google.android.apps.nexuslauncher\E'].
02-15 17:29:25.176 31309 31324 D UiDevice: Searching for node with selector: BySelector [PKG='\Qcom.google.android.apps.nexuslauncher\E'].
02-15 17:29:25.328 31309 31324 D UiDevice: Searching for node with selector: BySelector [PKG='\Qcom.google.android.apps.nexuslauncher\E'].
02-15 17:29:25.478 31309 31324 D UiDevice: Searching for node with selector: BySelector [PKG='\Qcom.google.android.apps.nexuslauncher\E'].
02-15 17:29:25.624 31309 31324 D UiDevice: Searching for node with selector: BySelector [PKG='\Qcom.google.android.apps.nexuslauncher\E'].
02-15 17:29:25.774 31309 31324 D UiDevice: Searching for node with selector: BySelector [PKG='\Qcom.google.android.apps.nexuslauncher\E'].
02-15 17:29:25.924 31309 31324 D UiDevice: Searching for node with selector: BySelector [PKG='\Qcom.google.android.apps.nexuslauncher\E'].
02-15 17:29:26.077 31309 31324 D UiDevice: Searching for node with selector: BySelector [PKG='\Qcom.google.android.apps.nexuslauncher\E'].
02-15 17:29:26.231 31309 31324 D UiDevice: Searching for node with selector: BySelector [PKG='\Qcom.google.android.apps.nexuslauncher\E'].
02-15 17:29:26.557 31309 31324 D UiDevice: Searching for node with selector: BySelector [PKG='\Qcom.google.android.apps.nexuslauncher\E'].
02-15 17:29:26.713 31309 31324 D UiDevice: Searching for node with selector: BySelector [PKG='\Qcom.google.android.apps.nexuslauncher\E'].
02-15 17:29:26.867 31309 31324 D UiDevice: Searching for node with selector: BySelector [PKG='\Qcom.google.android.apps.nexuslauncher\E'].
02-15 17:29:27.020 31309 31324 D UiDevice: Searching for node with selector: BySelector [PKG='\Qcom.google.android.apps.nexuslauncher\E'].
02-15 17:29:27.172 31309 31324 D UiDevice: Searching for node with selector: BySelector [PKG='\Qcom.google.android.apps.nexuslauncher\E'].
02-15 17:29:27.324 31309 31324 D UiDevice: Searching for node with selector: BySelector [PKG='\Qcom.google.android.apps.nexuslauncher\E'].
02-15 17:29:27.476 31309 31324 D UiDevice: Searching for node with selector: BySelector [PKG='\Qcom.google.android.apps.nexuslauncher\E'].
02-15 17:29:27.631 31309 31324 D UiDevice: Searching for node with selector: BySelector [PKG='\Qcom.google.android.apps.nexuslauncher\E'].
02-15 17:29:27.785 31309 31324 D UiDevice: Searching for node with selector: BySelector [PKG='\Qcom.google.android.apps.nexuslauncher\E'].
02-15 17:29:27.941 31309 31324 D UiDevice: Searching for node with selector: BySelector [PKG='\Qcom.google.android.apps.nexuslauncher\E'].
02-15 17:29:28.099 31309 31324 D UiDevice: Searching for node with selector: BySelector [PKG='\Qcom.google.android.apps.nexuslauncher\E'].
02-15 17:29:28.254 31309 31324 D UiDevice: Searching for node with selector: BySelector [PKG='\Qcom.google.android.apps.nexuslauncher\E'].
02-15 17:29:28.550 31309 31324 D UiDevice: Searching for node with selector: BySelector [PKG='\Qcom.google.android.apps.nexuslauncher\E'].
02-15 17:29:28.698 31309 31324 D UiDevice: Searching for node with selector: BySelector [PKG='\Qcom.google.android.apps.nexuslauncher\E'].
02-15 17:29:28.849 31309 31324 D UiDevice: Searching for node with selector: BySelector [PKG='\Qcom.google.android.apps.nexuslauncher\E'].
02-15 17:29:29.005 31309 31324 D UiDevice: Searching for node with selector: BySelector [PKG='\Qcom.google.android.apps.nexuslauncher\E'].
02-15 17:29:29.160 31309 31324 D UiDevice: Searching for node with selector: BySelector [PKG='\Qcom.google.android.apps.nexuslauncher\E'].
02-15 17:29:29.313 31309 31324 D UiDevice: Searching for node with selector: BySelector [PKG='\Qcom.google.android.apps.nexuslauncher\E'].
02-15 17:29:29.466 31309 31324 D UiDevice: Searching for node with selector: BySelector [PKG='\Qcom.google.android.apps.nexuslauncher\E'].
02-15 17:29:29.618 31309 31324 D UiDevice: Searching for node with selector: BySelector [PKG='\Qcom.google.android.apps.nexuslauncher\E'].
02-15 17:29:29.771 31309 31324 D UiDevice: Searching for node with selector: BySelector [PKG='\Qcom.google.android.apps.nexuslauncher\E'].
02-15 17:29:29.926 31309 31324 D UiDevice: Searching for node with selector: BySelector [PKG='\Qcom.google.android.apps.nexuslauncher\E'].
02-15 17:29:30.080 31309 31324 D UiDevice: Searching for node with selector: BySelector [PKG='\Qcom.google.android.apps.nexuslauncher\E'].
02-15 17:29:30.237 31309 31324 D UiDevice: Searching for node with selector: BySelector [PKG='\Qcom.google.android.apps.nexuslauncher\E'].
02-15 17:29:30.394 31309 31324 D UiDevice: Searching for node with selector: BySelector [PKG='\Qcom.google.android.apps.nexuslauncher\E'].
02-15 17:29:30.723 31309 31324 D UiDevice: Searching for node with selector: BySelector [PKG='\Qcom.google.android.apps.nexuslauncher\E'].
02-15 17:29:30.878 31309 31324 D UiDevice: Searching for node with selector: BySelector [PKG='\Qcom.google.android.apps.nexuslauncher\E'].
02-15 17:29:31.030 31309 31324 D UiDevice: Searching for node with selector: BySelector [PKG='\Qcom.google.android.apps.nexuslauncher\E'].
02-15 17:29:31.184 31309 31324 D UiDevice: Searching for node with selector: BySelector [PKG='\Qcom.google.android.apps.nexuslauncher\E'].
02-15 17:29:31.334 31309 31324 D UiDevice: Searching for node with selector: BySelector [PKG='\Qcom.google.android.apps.nexuslauncher\E'].
02-15 17:29:31.481 31309 31324 D UiDevice: Searching for node with selector: BySelector [PKG='\Qcom.google.android.apps.nexuslauncher\E'].
02-15 17:29:31.639 31309 31324 D UiDevice: Searching for node with selector: BySelector [PKG='\Qcom.google.android.apps.nexuslauncher\E'].
02-15 17:29:31.798 31309 31324 D UiDevice: Searching for node with selector: BySelector [PKG='\Qcom.google.android.apps.nexuslauncher\E'].
02-15 17:29:31.954 31309 31324 D UiDevice: Searching for node with selector: BySelector [PKG='\Qcom.google.android.apps.nexuslauncher\E'].
02-15 17:29:32.104 31309 31324 D UiDevice: Searching for node with selector: BySelector [PKG='\Qcom.google.android.apps.nexuslauncher\E'].
02-15 17:29:32.260 31309 31324 D UiDevice: Searching for node with selector: BySelector [PKG='\Qcom.google.android.apps.nexuslauncher\E'].
02-15 17:29:32.419 31309 31324 D UiDevice: Searching for node with selector: BySelector [PKG='\Qcom.google.android.apps.nexuslauncher\E'].
02-15 17:29:32.779 31309 31324 D UiDevice: Searching for node with selector: BySelector [PKG='\Qcom.google.android.apps.nexuslauncher\E'].
02-15 17:29:32.937 31309 31324 D UiDevice: Searching for node with selector: BySelector [PKG='\Qcom.google.android.apps.nexuslauncher\E'].
02-15 17:29:33.093 31309 31324 D UiDevice: Searching for node with selector: BySelector [PKG='\Qcom.google.android.apps.nexuslauncher\E'].
02-15 17:29:33.241 31309 31324 D UiDevice: Searching for node with selector: BySelector [PKG='\Qcom.google.android.apps.nexuslauncher\E'].
02-15 17:29:33.400 31309 31324 D UiDevice: Searching for node with selector: BySelector [PKG='\Qcom.google.android.apps.nexuslauncher\E'].
02-15 17:29:33.558 31309 31324 D UiDevice: Searching for node with selector: BySelector [PKG='\Qcom.google.android.apps.nexuslauncher\E'].
02-15 17:29:33.709 31309 31324 D UiDevice: Searching for node with selector: BySelector [PKG='\Qcom.google.android.apps.nexuslauncher\E'].
02-15 17:29:33.856 31309 31324 D UiDevice: Searching for node with selector: BySelector [PKG='\Qcom.google.android.apps.nexuslauncher\E'].
02-15 17:29:34.008 31309 31324 D UiDevice: Searching for node with selector: BySelector [PKG='\Qcom.google.android.apps.nexuslauncher\E'].
02-15 17:29:34.160 31309 31324 D UiDevice: Searching for node with selector: BySelector [PKG='\Qcom.google.android.apps.nexuslauncher\E'].
02-15 17:29:34.317 31309 31324 D UiDevice: Searching for node with selector: BySelector [PKG='\Qcom.google.android.apps.nexuslauncher\E'].
02-15 17:29:34.470 31309 31324 D UiDevice: Searching for node with selector: BySelector [PKG='\Qcom.google.android.apps.nexuslauncher\E'].
02-15 17:29:34.763 31309 31324 D UiDevice: Searching for node with selector: BySelector [PKG='\Qcom.google.android.apps.nexuslauncher\E'].
02-15 17:29:34.918 31309 31324 D UiDevice: Searching for node with selector: BySelector [PKG='\Qcom.google.android.apps.nexuslauncher\E'].
02-15 17:29:35.065 31309 31324 D UiDevice: Searching for node with selector: BySelector [PKG='\Qcom.google.android.apps.nexuslauncher\E'].
02-15 17:29:35.217 31309 31324 D UiDevice: Searching for node with selector: BySelector [PKG='\Qcom.google.android.apps.nexuslauncher\E'].
02-15 17:29:35.373 31309 31324 D UiDevice: Searching for node with selector: BySelector [PKG='\Qcom.google.android.apps.nexuslauncher\E'].
02-15 17:29:35.528 31309 31324 D UiDevice: Searching for node with selector: BySelector [PKG='\Qcom.google.android.apps.nexuslauncher\E'].
02-15 17:29:35.675 31309 31324 D UiDevice: Searching for node with selector: BySelector [PKG='\Qcom.google.android.apps.nexuslauncher\E'].
02-15 17:29:35.819 31309 31324 D UiDevice: Searching for node with selector: BySelector [PKG='\Qcom.google.android.apps.nexuslauncher\E'].
02-15 17:29:35.973 31309 31324 D UiDevice: Searching for node with selector: BySelector [PKG='\Qcom.google.android.apps.nexuslauncher\E'].
02-15 17:29:36.046 31309 31324 D UiDevice: Waiting 20000ms for SearchCondition[hasObject=BySelector [PKG='\Qcom.wire.internal\E']].
02-15 17:29:36.046 31309 31324 D UiDevice: Searching for node with selector: BySelector [PKG='\Qcom.wire.internal\E'].
02-15 17:29:36.169 31309 31324 D UiDevice: Searching for node with selector: BySelector [PKG='\Qcom.wire.internal\E'].
02-15 17:29:36.293 31309 31324 D UiDevice: Searching for node with selector: BySelector [PKG='\Qcom.wire.internal\E'].
02-15 17:29:36.417 31309 31324 D UiDevice: Searching for node with selector: BySelector [PKG='\Qcom.wire.internal\E'].
02-15 17:29:36.548 31309 31324 D UiDevice: Searching for node with selector: BySelector [PKG='\Qcom.wire.internal\E'].
02-15 17:29:36.827 31309 31324 D UiDevice: Searching for node with selector: BySelector [PKG='\Qcom.wire.internal\E'].
02-15 17:29:36.971 31309 31324 D UiDevice: Searching for node with selector: BySelector [PKG='\Qcom.wire.internal\E'].
02-15 17:29:37.111 31309 31324 D UiDevice: Searching for node with selector: BySelector [PKG='\Qcom.wire.internal\E'].
02-15 17:29:37.240 31309 31324 D UiDevice: Searching for node with selector: BySelector [PKG='\Qcom.wire.internal\E'].
02-15 17:29:37.370 31309 31324 D UiDevice: Searching for node with selector: BySelector [PKG='\Qcom.wire.internal\E'].
02-15 17:29:37.499 31309 31324 D UiDevice: Searching for node with selector: BySelector [PKG='\Qcom.wire.internal\E'].
02-15 17:29:37.628 31309 31324 D UiDevice: Searching for node with selector: BySelector [PKG='\Qcom.wire.internal\E'].
02-15 17:29:37.756 31309 31324 D UiDevice: Searching for node with selector: BySelector [PKG='\Qcom.wire.internal\E'].
02-15 17:29:37.885 31309 31324 D UiDevice: Searching for node with selector: BySelector [PKG='\Qcom.wire.internal\E'].
02-15 17:29:38.013 31309 31324 D UiDevice: Searching for node with selector: BySelector [PKG='\Qcom.wire.internal\E'].
02-15 17:29:38.141 31309 31324 D UiDevice: Searching for node with selector: BySelector [PKG='\Qcom.wire.internal\E'].
02-15 17:29:38.262 31309 31324 D UiDevice: Searching for node with selector: BySelector [PKG='\Qcom.wire.internal\E'].
02-15 17:29:38.383 31309 31324 D UiDevice: Searching for node with selector: BySelector [PKG='\Qcom.wire.internal\E'].
02-15 17:29:38.505 31309 31324 D UiDevice: Searching for node with selector: BySelector [PKG='\Qcom.wire.internal\E'].
02-15 17:29:38.626 31309 31324 D UiDevice: Searching for node with selector: BySelector [PKG='\Qcom.wire.internal\E'].
02-15 17:29:38.855 31309 31324 D UiDevice: Searching for node with selector: BySelector [PKG='\Qcom.wire.internal\E'].
02-15 17:29:38.978 31309 31324 D UiDevice: Searching for node with selector: BySelector [PKG='\Qcom.wire.internal\E'].
02-15 17:29:39.102 31309 31324 D UiDevice: Searching for node with selector: BySelector [PKG='\Qcom.wire.internal\E'].
02-15 17:29:39.240 31309 31324 D UiDevice: Searching for node with selector: BySelector [PKG='\Qcom.wire.internal\E'].
02-15 17:29:39.372 31309 31324 D UiDevice: Searching for node with selector: BySelector [PKG='\Qcom.wire.internal\E'].
02-15 17:29:39.519 31309 31324 D UiDevice: Searching for node with selector: BySelector [PKG='\Qcom.wire.internal\E'].
02-15 17:29:39.671 31309 31324 D UiDevice: Searching for node with selector: BySelector [PKG='\Qcom.wire.internal\E'].
02-15 17:29:39.817 31309 31324 D UiDevice: Searching for node with selector: BySelector [PKG='\Qcom.wire.internal\E'].
02-15 17:29:39.959 31309 31324 D UiDevice: Searching for node with selector: BySelector [PKG='\Qcom.wire.internal\E'].
02-15 17:29:40.097 31309 31324 D UiDevice: Searching for node with selector: BySelector [PKG='\Qcom.wire.internal\E'].
02-15 17:29:40.243 31309 31324 D UiDevice: Searching for node with selector: BySelector [PKG='\Qcom.wire.internal\E'].
02-15 17:29:40.391 31309 31324 D UiDevice: Searching for node with selector: BySelector [PKG='\Qcom.wire.internal\E'].
02-15 17:29:40.537 31309 31324 D UiDevice: Searching for node with selector: BySelector [PKG='\Qcom.wire.internal\E'].
02-15 17:29:40.686 31309 31324 D UiDevice: Searching for node with selector: BySelector [PKG='\Qcom.wire.internal\E'].
02-15 17:29:41.035 31309 31324 D UiDevice: Searching for node with selector: BySelector [PKG='\Qcom.wire.internal\E'].
02-15 17:29:41.180 31309 31324 D UiDevice: Searching for node with selector: BySelector [PKG='\Qcom.wire.internal\E'].
02-15 17:29:41.305 31309 31324 D UiDevice: Searching for node with selector: BySelector [PKG='\Qcom.wire.internal\E'].
02-15 17:29:41.431 31309 31324 D UiDevice: Searching for node with selector: BySelector [PKG='\Qcom.wire.internal\E'].
02-15 17:29:41.584 31309 31324 D UiDevice: Searching for node with selector: BySelector [PKG='\Qcom.wire.internal\E'].
02-15 17:29:41.733 31309 31324 D UiDevice: Searching for node with selector: BySelector [PKG='\Qcom.wire.internal\E'].
02-15 17:29:41.887 31309 31324 D UiDevice: Searching for node with selector: BySelector [PKG='\Qcom.wire.internal\E'].
02-15 17:29:42.038 31309 31324 D UiDevice: Searching for node with selector: BySelector [PKG='\Qcom.wire.internal\E'].
02-15 17:29:42.193 31309 31324 D UiDevice: Searching for node with selector: BySelector [PKG='\Qcom.wire.internal\E'].
02-15 17:29:42.340 31309 31324 D UiDevice: Searching for node with selector: BySelector [PKG='\Qcom.wire.internal\E'].
02-15 17:29:42.497 31309 31324 D UiDevice: Searching for node with selector: BySelector [PKG='\Qcom.wire.internal\E'].
02-15 17:29:42.650 31309 31324 D UiDevice: Searching for node with selector: BySelector [PKG='\Qcom.wire.internal\E'].
02-15 17:29:42.800 31309 31324 D UiDevice: Searching for node with selector: BySelector [PKG='\Qcom.wire.internal\E'].
02-15 17:29:43.154 31309 31324 D UiDevice: Searching for node with selector: BySelector [PKG='\Qcom.wire.internal\E'].
02-15 17:29:43.295 31309 31324 D UiDevice: Searching for node with selector: BySelector [PKG='\Qcom.wire.internal\E'].
02-15 17:29:44.058 31309 31324 D UiDevice: Searching for node with selector: BySelector [PKG='\Qcom.wire.internal\E'].
02-15 17:29:44.214 31309 31324 D UiDevice: Searching for node with selector: BySelector [PKG='\Qcom.wire.internal\E'].
02-15 17:29:44.364 31309 31324 D UiDevice: Searching for node with selector: BySelector [PKG='\Qcom.wire.internal\E'].
02-15 17:29:44.511 31309 31324 D UiDevice: Searching for node with selector: BySelector [PKG='\Qcom.wire.internal\E'].
02-15 17:29:44.643 31309 31324 D UiDevice: Searching for node with selector: BySelector [PKG='\Qcom.wire.internal\E'].
02-15 17:29:44.796 31309 31324 D UiDevice: Searching for node with selector: BySelector [PKG='\Qcom.wire.internal\E'].
02-15 17:29:44.946 31309 31324 D UiDevice: Searching for node with selector: BySelector [PKG='\Qcom.wire.internal\E'].
02-15 17:29:45.295 31309 31324 D UiDevice: Searching for node with selector: BySelector [PKG='\Qcom.wire.internal\E'].
02-15 17:29:45.448 31309 31324 D UiDevice: Searching for node with selector: BySelector [PKG='\Qcom.wire.internal\E'].
02-15 17:29:45.605 31309 31324 D UiDevice: Searching for node with selector: BySelector [PKG='\Qcom.wire.internal\E'].
02-15 17:29:45.758 31309 31324 D UiDevice: Searching for node with selector: BySelector [PKG='\Qcom.wire.internal\E'].
02-15 17:29:45.914 31309 31324 D UiDevice: Searching for node with selector: BySelector [PKG='\Qcom.wire.internal\E'].
02-15 17:29:46.067 31309 31324 D UiDevice: Searching for node with selector: BySelector [PKG='\Qcom.wire.internal\E'].
02-15 17:29:46.225 31309 31324 D UiDevice: Searching for node with selector: BySelector [PKG='\Qcom.wire.internal\E'].
02-15 17:29:46.376 31309 31324 D UiDevice: Searching for node with selector: BySelector [PKG='\Qcom.wire.internal\E'].
02-15 17:29:46.532 31309 31324 D UiDevice: Searching for node with selector: BySelector [PKG='\Qcom.wire.internal\E'].
02-15 17:29:46.680 31309 31324 D UiDevice: Searching for node with selector: BySelector [PKG='\Qcom.wire.internal\E'].
02-15 17:29:46.834 31309 31324 D UiDevice: Searching for node with selector: BySelector [PKG='\Qcom.wire.internal\E'].
02-15 17:29:46.987 31309 31324 D UiDevice: Searching for node with selector: BySelector [PKG='\Qcom.wire.internal\E'].
02-15 17:29:47.348 31309 31324 D UiDevice: Searching for node with selector: BySelector [PKG='\Qcom.wire.internal\E'].
02-15 17:29:47.499 31309 31324 D UiDevice: Searching for node with selector: BySelector [PKG='\Qcom.wire.internal\E'].
02-15 17:29:47.653 31309 31324 D UiDevice: Searching for node with selector: BySelector [PKG='\Qcom.wire.internal\E'].
02-15 17:29:47.803 31309 31324 D UiDevice: Searching for node with selector: BySelector [PKG='\Qcom.wire.internal\E'].
02-15 17:29:47.959 31309 31324 D UiDevice: Searching for node with selector: BySelector [PKG='\Qcom.wire.internal\E'].
02-15 17:29:48.113 31309 31324 D UiDevice: Searching for node with selector: BySelector [PKG='\Qcom.wire.internal\E'].
02-15 17:29:48.261 31309 31324 D UiDevice: Searching for node with selector: BySelector [PKG='\Qcom.wire.internal\E'].
02-15 17:29:48.415 31309 31324 D UiDevice: Searching for node with selector: BySelector [PKG='\Qcom.wire.internal\E'].
02-15 17:29:48.567 31309 31324 D UiDevice: Searching for node with selector: BySelector [PKG='\Qcom.wire.internal\E'].
02-15 17:29:48.723 31309 31324 D UiDevice: Searching for node with selector: BySelector [PKG='\Qcom.wire.internal\E'].
02-15 17:29:48.875 31309 31324 D UiDevice: Searching for node with selector: BySelector [PKG='\Qcom.wire.internal\E'].
02-15 17:29:49.021 31309 31324 D UiDevice: Searching for node with selector: BySelector [PKG='\Qcom.wire.internal\E'].
02-15 17:29:49.378 31309 31324 D UiDevice: Searching for node with selector: BySelector [PKG='\Qcom.wire.internal\E'].
02-15 17:29:49.529 31309 31324 D UiDevice: Searching for node with selector: BySelector [PKG='\Qcom.wire.internal\E'].
02-15 17:29:49.680 31309 31324 D UiDevice: Searching for node with selector: BySelector [PKG='\Qcom.wire.internal\E'].
02-15 17:29:49.833 31309 31324 D UiDevice: Searching for node with selector: BySelector [PKG='\Qcom.wire.internal\E'].
02-15 17:29:49.986 31309 31324 D UiDevice: Searching for node with selector: BySelector [PKG='\Qcom.wire.internal\E'].
02-15 17:29:50.130 31309 31324 D UiDevice: Searching for node with selector: BySelector [PKG='\Qcom.wire.internal\E'].
02-15 17:29:50.255 31309 31324 D UiDevice: Searching for node with selector: BySelector [PKG='\Qcom.wire.internal\E'].
02-15 17:29:50.378 31309 31324 D UiDevice: Searching for node with selector: BySelector [PKG='\Qcom.wire.internal\E'].
02-15 17:29:50.514 31309 31324 D UiDevice: Searching for node with selector: BySelector [PKG='\Qcom.wire.internal\E'].
02-15 17:29:50.661 31309 31324 D UiDevice: Searching for node with selector: BySelector [PKG='\Qcom.wire.internal\E'].
02-15 17:29:50.809 31309 31324 D UiDevice: Searching for node with selector: BySelector [PKG='\Qcom.wire.internal\E'].
02-15 17:29:50.954 31309 31324 D UiDevice: Searching for node with selector: BySelector [PKG='\Qcom.wire.internal\E'].
02-15 17:29:51.102 31309 31324 D UiDevice: Searching for node with selector: BySelector [PKG='\Qcom.wire.internal\E'].
02-15 17:29:51.478 31309 31324 D UiDevice: Searching for node with selector: BySelector [PKG='\Qcom.wire.internal\E'].
02-15 17:29:51.631 31309 31324 D UiDevice: Searching for node with selector: BySelector [PKG='\Qcom.wire.internal\E'].
02-15 17:29:51.769 31309 31324 D UiDevice: Searching for node with selector: BySelector [PKG='\Qcom.wire.internal\E'].
02-15 17:29:51.923 31309 31324 D UiDevice: Searching for node with selector: BySelector [PKG='\Qcom.wire.internal\E'].
02-15 17:29:52.079 31309 31324 D UiDevice: Searching for node with selector: BySelector [PKG='\Qcom.wire.internal\E'].
02-15 17:29:52.234 31309 31324 D UiDevice: Searching for node with selector: BySelector [PKG='\Qcom.wire.internal\E'].
02-15 17:29:52.382 31309 31324 D UiDevice: Searching for node with selector: BySelector [PKG='\Qcom.wire.internal\E'].
02-15 17:29:52.535 31309 31324 D UiDevice: Searching for node with selector: BySelector [PKG='\Qcom.wire.internal\E'].
02-15 17:29:52.683 31309 31324 D UiDevice: Searching for node with selector: BySelector [PKG='\Qcom.wire.internal\E'].
02-15 17:29:52.833 31309 31324 D UiDevice: Searching for node with selector: BySelector [PKG='\Qcom.wire.internal\E'].
02-15 17:29:52.980 31309 31324 D UiDevice: Searching for node with selector: BySelector [PKG='\Qcom.wire.internal\E'].
02-15 17:29:53.138 31309 31324 D UiDevice: Searching for node with selector: BySelector [PKG='\Qcom.wire.internal\E'].
02-15 17:29:53.510 31309 31324 D UiDevice: Searching for node with selector: BySelector [PKG='\Qcom.wire.internal\E'].
02-15 17:29:53.666 31309 31324 D UiDevice: Searching for node with selector: BySelector [PKG='\Qcom.wire.internal\E'].
02-15 17:29:53.821 31309 31324 D UiDevice: Searching for node with selector: BySelector [PKG='\Qcom.wire.internal\E'].
02-15 17:29:53.977 31309 31324 D UiDevice: Searching for node with selector: BySelector [PKG='\Qcom.wire.internal\E'].
02-15 17:29:54.128 31309 31324 D UiDevice: Searching for node with selector: BySelector [PKG='\Qcom.wire.internal\E'].
02-15 17:29:54.281 31309 31324 D UiDevice: Searching for node with selector: BySelector [PKG='\Qcom.wire.internal\E'].
02-15 17:29:54.439 31309 31324 D UiDevice: Searching for node with selector: BySelector [PKG='\Qcom.wire.internal\E'].
02-15 17:29:54.598 31309 31324 D UiDevice: Searching for node with selector: BySelector [PKG='\Qcom.wire.internal\E'].
02-15 17:29:54.749 31309 31324 D UiDevice: Searching for node with selector: BySelector [PKG='\Qcom.wire.internal\E'].
02-15 17:29:54.902 31309 31324 D UiDevice: Searching for node with selector: BySelector [PKG='\Qcom.wire.internal\E'].
02-15 17:29:55.059 31309 31324 D UiDevice: Searching for node with selector: BySelector [PKG='\Qcom.wire.internal\E'].
02-15 17:29:55.211 31309 31324 D UiDevice: Searching for node with selector: BySelector [PKG='\Qcom.wire.internal\E'].
02-15 17:29:55.550 31309 31324 D UiDevice: Searching for node with selector: BySelector [PKG='\Qcom.wire.internal\E'].
02-15 17:29:55.700 31309 31324 D UiDevice: Searching for node with selector: BySelector [PKG='\Qcom.wire.internal\E'].
02-15 17:29:55.856 31309 31324 D UiDevice: Searching for node with selector: BySelector [PKG='\Qcom.wire.internal\E'].
02-15 17:29:56.011 31309 31324 D UiDevice: Searching for node with selector: BySelector [PKG='\Qcom.wire.internal\E'].
02-15 17:29:56.059 31309 31324 I System.out: Could not access BuildConfig field 'BACKENDCONNECTION_STAGING_SOCKSPROXY': No field BACKENDCONNECTION_STAGING_SOCKSPROXY in class Lcom/wire/android/testSupport/BuildConfig; (declaration of 'com.wire.android.testSupport.BuildConfig' appears in /data/app/~~m_pU1hoj205T-afMgBoWxw==/com.wire.android.tests.testsCore.test-idDEC2RHz88hMnyDXRNjlQ==/base.apk!classes2.dex)
02-15 17:29:56.061 31309 31324 I System.out: Could not access BuildConfig field 'BACKENDCONNECTION_STAGING_SOCKSPROXY': No field BACKENDCONNECTION_STAGING_SOCKSPROXY in class Lcom/wire/android/testSupport/BuildConfig; (declaration of 'com.wire.android.testSupport.BuildConfig' appears in /data/app/~~m_pU1hoj205T-afMgBoWxw==/com.wire.android.tests.testsCore.test-idDEC2RHz88hMnyDXRNjlQ==/base.apk!classes2.dex)
02-15 17:29:56.062 31309 31324 I System.out: Could not access BuildConfig field 'BACKENDCONNECTION_STAGING_SOCKSPROXY': No field BACKENDCONNECTION_STAGING_SOCKSPROXY in class Lcom/wire/android/testSupport/BuildConfig; (declaration of 'com.wire.android.testSupport.BuildConfig' appears in /data/app/~~m_pU1hoj205T-afMgBoWxw==/com.wire.android.tests.testsCore.test-idDEC2RHz88hMnyDXRNjlQ==/base.apk!classes2.dex)
02-15 17:29:56.249 31309 31324 W UiAutomation: UiAutomation.grantRuntimePermission() is more robust and should be used instead of 'pm grant'
02-15 17:29:56.257 31309 31324 W UiAutomation: UiAutomation.grantRuntimePermission() is more robust and should be used instead of 'pm grant'
02-15 17:29:56.269 31309 31324 I ClientUserManager: 17:29:56 INFO [291] (ClientUse) Cannot find user by: user1Name 
02-15 17:29:56.270 31309 31324 I Hello   : 17:29:56 INFO [291] (ClientUse) Hello, my name is Tam Dickinson and my email is dickinsonhaibaxpwsr@wire.engineering and password is 3S4$6lar and emailPassword is cR5-:5;q,;XWinnnnn 
02-15 17:29:58.092 31309 31324 I ClientUserManager: 17:29:58 INFO [291] (ClientUse) Cannot find user by: user1Name 
02-15 17:29:58.144 31309 31324 I ClientUserManager: 17:29:58 INFO [291] (ClientUse) Cannot find user by: user2Name 
02-15 17:29:58.147 31309 31324 I ClientUserManager: 17:29:58 INFO [291] (ClientUse) Cannot find user by: user3Name 
02-15 17:30:00.167 31309 31324 I ClientUserManager: 17:30:00 INFO [291] (ClientUse) Cannot find user by: user1Name 
02-15 17:30:00.176 31309 31324 I ClientUserManager: 17:30:00 INFO [291] (ClientUse) Cannot find user by: user2Name 
02-15 17:30:00.184 31309 31324 I ClientUserManager: 17:30:00 INFO [291] (ClientUse) Cannot find user by: user3Name 
02-15 17:30:00.186 31309 31324 I System.out: Could not access BuildConfig field 'BACKENDCONNECTION_STAGING_SOCKSPROXY': No field BACKENDCONNECTION_STAGING_SOCKSPROXY in class Lcom/wire/android/testSupport/BuildConfig; (declaration of 'com.wire.android.testSupport.BuildConfig' appears in /data/app/~~m_pU1hoj205T-afMgBoWxw==/com.wire.android.tests.testsCore.test-idDEC2RHz88hMnyDXRNjlQ==/base.apk!classes2.dex)
02-15 17:30:00.368 31309 31324 I ClientUserManager: 17:30:00 INFO [291] (ClientUse) Cannot find user by: user3Name 
02-15 17:30:00.369 31309 31324 I System.out: Could not access BuildConfig field 'BACKENDCONNECTION_STAGING_SOCKSPROXY': No field BACKENDCONNECTION_STAGING_SOCKSPROXY in class Lcom/wire/android/testSupport/BuildConfig; (declaration of 'com.wire.android.testSupport.BuildConfig' appears in /data/app/~~m_pU1hoj205T-afMgBoWxw==/com.wire.android.tests.testsCore.test-idDEC2RHz88hMnyDXRNjlQ==/base.apk!classes2.dex)
02-15 17:30:00.372 31309 31324 I ClientUserManager: 17:30:00 INFO [291] (ClientUse) Cannot find user by: user3Name 
02-15 17:30:00.427 31309 31324 I ClientUserManager: 17:30:00 INFO [291] (ClientUse) Cannot find user by: user3Name 
02-15 17:30:00.430 31309 31324 I System.out: Could not access BuildConfig field 'BACKENDCONNECTION_STAGING_SOCKSPROXY': No field BACKENDCONNECTION_STAGING_SOCKSPROXY in class Lcom/wire/android/testSupport/BuildConfig; (declaration of 'com.wire.android.testSupport.BuildConfig' appears in /data/app/~~m_pU1hoj205T-afMgBoWxw==/com.wire.android.tests.testsCore.test-idDEC2RHz88hMnyDXRNjlQ==/base.apk!classes2.dex)
02-15 17:30:00.431 31309 31324 I TestService: 17:30:00 INFO [291] (TestServi) GET: http://192.168.2.18:8080/api/v1/ 
02-15 17:30:00.453 31309 31324 I TestService: 17:30:00 INFO [291] (TestServi) PUT: http://192.168.2.18:8080/api/v1/instance 
02-15 17:30:00.454 31309 31324 I TestService: 17:30:00 INFO [291] (TestServi)  >>> Request: {"email":"feestmqphvewevy@wire.engineering","password":"89#L3cwk","deviceName":"Device1","name":"TestService","customBackend":{"name":"STAGING","rest":"https:\/\/staging-nginz-https.zinfra.io\/","ws":"wss:\/\/staging-nginz-ssl.zinfra.io"},"federationDomain":"staging.zinfra.io","developmentApiEnabled":true} 
02-15 17:30:09.883 31309 31324 I TestService: 17:30:09 INFO [291] (TestServi)  >>> Response (200): {"backend":"staging","clientId":"30241a75c220d7f1","instanceId":"61bc265b-9d93-42a6-b486-a44079df01f4","name":"TestService","startupTime":7667,"startTime":1771173007837} 
02-15 17:30:09.889 31309 31324 I ClientUserManager: 17:30:09 INFO [291] (ClientUse) Cannot find user by: user1Name 
02-15 17:30:09.890 31309 31324 I System.out: Could not access BuildConfig field 'BACKENDCONNECTION_STAGING_SOCKSPROXY': No field BACKENDCONNECTION_STAGING_SOCKSPROXY in class Lcom/wire/android/testSupport/BuildConfig; (declaration of 'com.wire.android.testSupport.BuildConfig' appears in /data/app/~~m_pU1hoj205T-afMgBoWxw==/com.wire.android.tests.testsCore.test-idDEC2RHz88hMnyDXRNjlQ==/base.apk!classes2.dex)
02-15 17:30:10.038 31309 31324 I UiAutomatorPinger: 17:30:10 INFO [291] (UiAutomat) Starting UIAutomator pinger every 30 seconds 
02-15 17:30:10.056 31309 31810 I UiAutomatorPinger: 17:30:10 INFO [302] (UiAutomat) Pinging device (waking up screen) 
02-15 17:30:10.062 31309 31810 D UiDevice: Turning on screen.
02-15 17:30:10.064 31309 31811 D CallingManager: Creating instance for user3Name
02-15 17:30:10.065 31309 31809 D CallingManager: Creating instance for user2Name
02-15 17:30:10.070 31309 31811 I ClientUserManager: 17:30:10 INFO [303] (ClientUse) Cannot find user by: user3Name 
02-15 17:30:10.070 31309 31809 I ClientUserManager: 17:30:10 INFO [301] (ClientUse) Cannot find user by: user2Name 
02-15 17:30:10.071 31309 31809 I System.out: Could not access BuildConfig field 'BACKENDCONNECTION_STAGING_SOCKSPROXY': No field BACKENDCONNECTION_STAGING_SOCKSPROXY in class Lcom/wire/android/testSupport/BuildConfig; (declaration of 'com.wire.android.testSupport.BuildConfig' appears in /data/app/~~m_pU1hoj205T-afMgBoWxw==/com.wire.android.tests.testsCore.test-idDEC2RHz88hMnyDXRNjlQ==/base.apk!classes2.dex)
02-15 17:30:10.071 31309 31811 I System.out: Could not access BuildConfig field 'BACKENDCONNECTION_STAGING_SOCKSPROXY': No field BACKENDCONNECTION_STAGING_SOCKSPROXY in class Lcom/wire/android/testSupport/BuildConfig; (declaration of 'com.wire.android.testSupport.BuildConfig' appears in /data/app/~~m_pU1hoj205T-afMgBoWxw==/com.wire.android.tests.testsCore.test-idDEC2RHz88hMnyDXRNjlQ==/base.apk!classes2.dex)
02-15 17:30:10.114 31309 31809 I System.out: Could not access BuildConfig field 'BACKENDCONNECTION_STAGING_SOCKSPROXY': No field BACKENDCONNECTION_STAGING_SOCKSPROXY in class Lcom/wire/android/testSupport/BuildConfig; (declaration of 'com.wire.android.testSupport.BuildConfig' appears in /data/app/~~m_pU1hoj205T-afMgBoWxw==/com.wire.android.tests.testsCore.test-idDEC2RHz88hMnyDXRNjlQ==/base.apk!classes2.dex)
02-15 17:30:10.129 31309 31811 I System.out: Could not access BuildConfig field 'BACKENDCONNECTION_STAGING_SOCKSPROXY': No field BACKENDCONNECTION_STAGING_SOCKSPROXY in class Lcom/wire/android/testSupport/BuildConfig; (declaration of 'com.wire.android.testSupport.BuildConfig' appears in /data/app/~~m_pU1hoj205T-afMgBoWxw==/com.wire.android.tests.testsCore.test-idDEC2RHz88hMnyDXRNjlQ==/base.apk!classes2.dex)
02-15 17:30:10.798 31309 31810 I UiAutomatorPinger: 17:30:10 INFO [302] (UiAutomat) Device screen awakened 
02-15 17:30:23.060 31309 31811 D CallingManager: Started instance a55f02c6-5e5f-48b0-8d43-21aae78e9188 for user Son Feest
02-15 17:30:23.362 31309 31809 D CallingManager: Started instance 3393d293-89bb-4fe6-bdaa-c0e94b3fadc2 for user Virgilio Jacobson
02-15 17:30:23.366 31309 31324 I UiAutomatorPinger: 17:30:23 INFO [291] (UiAutomat) Stopping UIAutomator pinger 
02-15 17:30:23.376 31309 31324 I System.out: Could not access BuildConfig field 'BACKENDCONNECTION_STAGING_SOCKSPROXY': No field BACKENDCONNECTION_STAGING_SOCKSPROXY in class Lcom/wire/android/testSupport/BuildConfig; (declaration of 'com.wire.android.testSupport.BuildConfig' appears in /data/app/~~m_pU1hoj205T-afMgBoWxw==/com.wire.android.tests.testsCore.test-idDEC2RHz88hMnyDXRNjlQ==/base.apk!classes2.dex)
02-15 17:30:23.380 31309 31324 D UiDevice: Waiting 10000ms for SearchCondition[hasObject=BySelector [TEXT='\QEnter your email to start!\E']].
02-15 17:30:23.380 31309 31324 D UiDevice: Searching for node with selector: BySelector [TEXT='\QEnter your email to start!\E'].
02-15 17:30:24.003 31309 31324 W QueryController: Could not detect idle state.
02-15 17:30:24.004 31309 31324 D UiDevice: Retrieving node with selector: BySelector [TEXT='\QEnter your email to start!\E'].
02-15 17:30:24.042 31309 31324 I .testsCore.tes: hiddenapi: Accessing hidden method Landroid/view/MotionEvent;->setDisplayId(I)V (runtime_flags=0, domain=platform, api=blocked,test-api) from Landroidx/test/uiautomator/GestureController; (domain=app, TargetSdkVersion=35) using reflection: allowed
02-15 17:30:24.171 31309 31324 D UiDevice: Retrieving node with selector: BySelector [TEXT='\QEnter your email to start!\E'].
02-15 17:30:24.231 31309 31324 D UiDevice: Waiting 10000ms for SearchCondition[hasObject=BySelector [TEXT='\QProceed\E']].
02-15 17:30:24.232 31309 31324 D UiDevice: Searching for node with selector: BySelector [TEXT='\QProceed\E'].
02-15 17:30:24.401 31309 31324 D UiDevice: Searching for node with selector: BySelector [TEXT='\QProceed\E'].
02-15 17:30:24.528 31309 31324 D UiDevice: Searching for node with selector: BySelector [TEXT='\QProceed\E'].
