--------- beginning of main
02-15 17:49:13.575  1939  1957 E TestRunner: failed: givenUserInAnotherTeam_whenFileIsSent_thenRecipientCanReceivePlayAndDownloadIt(com.wire.android.tests.core.criticalFlows.FileSharingBetweenTeams)
02-15 17:49:13.576  1939  1957 E TestRunner: ----- begin exception -----
02-15 17:49:13.576  1939  1957 E TestRunner: java.lang.AssertionError: Element not found with selector: text='Enter your email to start!'
02-15 17:49:13.576  1939  1957 E TestRunner: 	at uiautomatorutils.UiWaitUtils.waitElement(UiWaitUtils.kt:94)
02-15 17:49:13.576  1939  1957 E TestRunner: 	at uiautomatorutils.UiWaitUtils.waitElement$default(UiWaitUtils.kt:84)
02-15 17:49:13.576  1939  1957 E TestRunner: 	at com.wire.android.tests.core.pages.RegistrationPage.assertEmailWelcomePage(RegistrationPage.kt:66)
02-15 17:49:13.576  1939  1957 E TestRunner: 	at com.wire.android.tests.core.criticalFlows.FileSharingBetweenTeams.givenUserInAnotherTeam_whenFileIsSent_thenRecipientCanReceivePlayAndDownloadIt$lambda$7(FileSharingBetweenTeams.kt:127)
02-15 17:49:13.576  1939  1957 E TestRunner: 	at com.wire.android.tests.core.criticalFlows.FileSharingBetweenTeams.$r8$lambda$wBwXBq4ElaSAC8GukrexFtaXqkM(Unknown Source:0)
02-15 17:49:13.576  1939  1957 E TestRunner: 	at com.wire.android.tests.core.criticalFlows.FileSharingBetweenTeams$$ExternalSyntheticLambda2.invoke(D8$$SyntheticClass:0)
02-15 17:49:13.576  1939  1957 E TestRunner: 	at com.wire.android.tests.core.BaseUiTest.step$lambda$1(BaseUiTest.kt:54)
02-15 17:49:13.576  1939  1957 E TestRunner: 	at com.wire.android.tests.core.BaseUiTest.$r8$lambda$CSKDAIjp6271vtVFMpsHBDVw5qY(Unknown Source:0)
02-15 17:49:13.576  1939  1957 E TestRunner: 	at com.wire.android.tests.core.BaseUiTest$$ExternalSyntheticLambda1.invoke(D8$$SyntheticClass:0)
02-15 17:49:13.576  1939  1957 E TestRunner: 	at io.qameta.allure.kotlin.Allure.step(Allure.kt:60)
02-15 17:49:13.576  1939  1957 E TestRunner: 	at com.wire.android.tests.core.BaseUiTest.step(BaseUiTest.kt:54)
02-15 17:49:13.576  1939  1957 E TestRunner: 	at com.wire.android.tests.core.criticalFlows.FileSharingBetweenTeams.givenUserInAnotherTeam_whenFileIsSent_thenRecipientCanReceivePlayAndDownloadIt(FileSharingBetweenTeams.kt:125)
02-15 17:49:13.576  1939  1957 E TestRunner: 	at java.lang.reflect.Method.invoke(Native Method)
02-15 17:49:13.576  1939  1957 E TestRunner: 	at org.junit.runners.model.FrameworkMethod$1.runReflectiveCall(FrameworkMethod.java:59)
02-15 17:49:13.576  1939  1957 E TestRunner: 	at org.junit.internal.runners.model.ReflectiveCallable.run(ReflectiveCallable.java:12)
02-15 17:49:13.576  1939  1957 E TestRunner: 	at org.junit.runners.model.FrameworkMethod.invokeExplosively(FrameworkMethod.java:56)
02-15 17:49:13.576  1939  1957 E TestRunner: 	at org.junit.internal.runners.statements.InvokeMethod.evaluate(InvokeMethod.java:17)
02-15 17:49:13.576  1939  1957 E TestRunner: 	at androidx.test.internal.runner.junit4.statement.RunBefores.evaluate(RunBefores.java:80)
02-15 17:49:13.576  1939  1957 E TestRunner: 	at androidx.test.internal.runner.junit4.statement.RunAfters.evaluate(RunAfters.java:61)
02-15 17:49:13.576  1939  1957 E TestRunner: 	at com.wire.android.tests.support.suite.AllureFailureScreenshotRule$apply$1.evaluate(AllureFailureScreenshotRule.kt:44)
02-15 17:49:13.576  1939  1957 E TestRunner: 	at com.wire.android.tests.support.suite.AllureLabelsRule$apply$1.evaluate(AllureLabelsRule.kt:70)
02-15 17:49:13.576  1939  1957 E TestRunner: 	at org.junit.rules.TestWatcher$1.evaluate(TestWatcher.java:61)
02-15 17:49:13.576  1939  1957 E TestRunner: 	at com.wire.android.tests.support.suite.AllureLogcatRule$apply$1.evaluate(AllureLogcatRule.kt:41)
02-15 17:49:13.576  1939  1957 E TestRunner: 	at org.junit.runners.ParentRunner$3.evaluate(ParentRunner.java:306)
02-15 17:49:13.576  1939  1957 E TestRunner: 	at org.junit.runners.BlockJUnit4ClassRunner$1.evaluate(BlockJUnit4ClassRunner.java:100)
02-15 17:49:13.576  1939  1957 E TestRunner: 	at org.junit.runners.ParentRunner.runLeaf(ParentRunner.java:366)
02-15 17:49:13.576  1939  1957 E TestRunner: 	at org.junit.runners.BlockJUnit4ClassRunner.runChild(BlockJUnit4ClassRunner.java:103)
02-15 17:49:13.576  1939  1957 E TestRunner: 	at org.junit.runners.BlockJUnit4ClassRunner.runChild(BlockJUnit4ClassRunner.java:63)
02-15 17:49:13.576  1939  1957 E TestRunner: 	at org.junit.runners.ParentRunner$4.run(ParentRunner.java:331)
02-15 17:49:13.576  1939  1957 E TestRunner: 	at org.junit.runners.ParentRunner$1.schedule(ParentRunner.java:79)
02-15 17:49:13.576  1939  1957 E TestRunner: 	at org.junit.runners.ParentRunner.runChildren(ParentRunner.java:329)
02-15 17:49:13.576  1939  1957 E TestRunner: 	at org.junit.runners.ParentRunner.access$100(ParentRunner.java:66)
02-15 17:49:13.576  1939  1957 E TestRunner: 	at org.junit.runners.ParentRunner$2.evaluate(ParentRunner.java:293)
02-15 17:49:13.576  1939  1957 E TestRunner: 	at org.junit.runners.ParentRunner$3.evaluate(ParentRunner.java:306)
02-15 17:49:13.576  1939  1957 E TestRunner: 	at org.junit.runners.ParentRunner.run(ParentRunner.java:413)
02-15 17:49:13.576  1939  1957 E TestRunner: 	at androidx.test.ext.junit.runners.AndroidJUnit4.run(AndroidJUnit4.java:162)
02-15 17:49:13.576  1939  1957 E TestRunner: 	at org.junit.runners.Suite.runChild(Suite.java:128)
02-15 17:49:13.576  1939  1957 E TestRunner: 	at org.junit.runners.Suite.runChild(Suite.java:27)
02-15 17:49:13.576  1939  1957 E TestRunner: 	at org.junit.runners.ParentRunner$4.run(ParentRunner.java:331)
02-15 17:49:13.576  1939  1957 E TestRunner: 	at org.junit.runners.ParentRunner$1.schedule(ParentRunner.java:79)
02-15 17:49:13.576  1939  1957 E TestRunner: 	at org.junit.runners.ParentRunner.runChildren(ParentRunner.java:329)
02-15 17:49:13.576  1939  1957 E TestRunner: 	at org.junit.runners.ParentRunner.access$100(ParentRunner.java:66)
02-15 17:49:13.576  1939  1957 E TestRunner: 	at org.junit.runners.ParentRunner$2.evaluate(ParentRunner.java:293)
02-15 17:49:13.576  1939  1957 E TestRunner: 	at org.junit.runners.ParentRunner$3.evaluate(ParentRunner.java:306)
02-15 17:49:13.576  1939  1957 E TestRunner: 	at org.junit.runners.ParentRunner.run(ParentRunner.java:413)
02-15 17:49:13.576  1939  1957 E TestRunner: 	at org.junit.runner.JUnitCore.run(JUnitCore.java:137)
02-15 17:49:13.576  1939  1957 E TestRunner: 	at org.junit.runner.JUnitCore.run(JUnitCore.java:115)
02-15 17:49:13.576  1939  1957 E TestRunner: 	at androidx.test.internal.runner.TestExecutor.execute(TestExecutor.java:68)
02-15 17:49:13.576  1939  1957 E TestRunner: 	at androidx.test.internal.runner.TestExecutor.execute(TestExecutor.java:59)
02-15 17:49:13.576  1939  1957 E TestRunner: 	at androidx.test.runner.AndroidJUnitRunner.onStart(AndroidJUnitRunner.java:467)
02-15 17:49:13.576  1939  1957 E TestRunner: 	at com.wire.android.tests.support.suite.TaggedTestRunner.onStart(TaggedTestRunner.kt:51)
02-15 17:49:13.576  1939  1957 E TestRunner: 	at android.app.Instrumentation$InstrumentationThread.run(Instrumentation.java:2278)
02-15 17:49:13.576  1939  1957 E TestRunner: ----- end exception -----
02-15 17:49:13.583  1939  1957 I TestRunner: finished: givenUserInAnotherTeam_whenFileIsSent_thenRecipientCanReceivePlayAndDownloadIt(com.wire.android.tests.core.criticalFlows.FileSharingBetweenTeams)
02-15 17:49:13.646  1939  1957 I TestRunner: started: givenIStartGroupCall_whenParticipantShareMessageFileAndLocation_thenAllVisibleAndCallContinues(com.wire.android.tests.core.criticalFlows.GroupCallChat)
02-15 17:49:13.667  1939  1957 D UiDevice: Executing shell command: pm clear com.wire.internal
02-15 17:49:13.735  1939  1957 D UiDevice: Executing shell command: settings put secure show_ime_with_hard_keyboard 0
02-15 17:49:13.764  1939  1957 D UiDevice: Executing shell command: settings put global window_animation_scale 0
02-15 17:49:13.798  1939  1957 D UiDevice: Executing shell command: settings put global transition_animation_scale 0
02-15 17:49:13.820  1939  1957 D UiDevice: Executing shell command: settings put global animator_duration_scale .5
02-15 17:49:13.844  1939  1957 D UiDevice: Pressing home button.
02-15 17:49:14.888  1939  1957 W InteractionController: Timed out waiting 1000ms for command and events.
02-15 17:49:14.898  1939  1957 D UiDevice: Waiting 20000ms for SearchCondition[hasObject=BySelector [PKG='\Qcom.google.android.apps.nexuslauncher\E']].
02-15 17:49:14.898  1939  1957 D UiDevice: Searching for node with selector: BySelector [PKG='\Qcom.google.android.apps.nexuslauncher\E'].
02-15 17:49:15.241  1939  1957 D UiDevice: Searching for node with selector: BySelector [PKG='\Qcom.google.android.apps.nexuslauncher\E'].
02-15 17:49:15.400  1939  1957 D UiDevice: Searching for node with selector: BySelector [PKG='\Qcom.google.android.apps.nexuslauncher\E'].
02-15 17:49:15.553  1939  1957 D UiDevice: Searching for node with selector: BySelector [PKG='\Qcom.google.android.apps.nexuslauncher\E'].
02-15 17:49:15.706  1939  1957 D UiDevice: Searching for node with selector: BySelector [PKG='\Qcom.google.android.apps.nexuslauncher\E'].
02-15 17:49:15.863  1939  1957 D UiDevice: Searching for node with selector: BySelector [PKG='\Qcom.google.android.apps.nexuslauncher\E'].
02-15 17:49:16.016  1939  1957 D UiDevice: Searching for node with selector: BySelector [PKG='\Qcom.google.android.apps.nexuslauncher\E'].
02-15 17:49:16.169  1939  1957 D UiDevice: Searching for node with selector: BySelector [PKG='\Qcom.google.android.apps.nexuslauncher\E'].
02-15 17:49:16.316  1939  1957 D UiDevice: Searching for node with selector: BySelector [PKG='\Qcom.google.android.apps.nexuslauncher\E'].
02-15 17:49:16.468  1939  1957 D UiDevice: Searching for node with selector: BySelector [PKG='\Qcom.google.android.apps.nexuslauncher\E'].
02-15 17:49:16.619  1939  1957 D UiDevice: Searching for node with selector: BySelector [PKG='\Qcom.google.android.apps.nexuslauncher\E'].
02-15 17:49:16.771  1939  1957 D UiDevice: Searching for node with selector: BySelector [PKG='\Qcom.google.android.apps.nexuslauncher\E'].
02-15 17:49:16.913  1939  1957 D UiDevice: Searching for node with selector: BySelector [PKG='\Qcom.google.android.apps.nexuslauncher\E'].
02-15 17:49:17.213  1939  1957 D UiDevice: Searching for node with selector: BySelector [PKG='\Qcom.google.android.apps.nexuslauncher\E'].
02-15 17:49:17.367  1939  1957 D UiDevice: Searching for node with selector: BySelector [PKG='\Qcom.google.android.apps.nexuslauncher\E'].
02-15 17:49:17.524  1939  1957 D UiDevice: Searching for node with selector: BySelector [PKG='\Qcom.google.android.apps.nexuslauncher\E'].
02-15 17:49:17.672  1939  1957 D UiDevice: Searching for node with selector: BySelector [PKG='\Qcom.google.android.apps.nexuslauncher\E'].
02-15 17:49:17.822  1939  1957 D UiDevice: Searching for node with selector: BySelector [PKG='\Qcom.google.android.apps.nexuslauncher\E'].
02-15 17:49:17.981  1939  1957 D UiDevice: Searching for node with selector: BySelector [PKG='\Qcom.google.android.apps.nexuslauncher\E'].
02-15 17:49:18.138  1939  1957 D UiDevice: Searching for node with selector: BySelector [PKG='\Qcom.google.android.apps.nexuslauncher\E'].
02-15 17:49:18.289  1939  1957 D UiDevice: Searching for node with selector: BySelector [PKG='\Qcom.google.android.apps.nexuslauncher\E'].
02-15 17:49:18.440  1939  1957 D UiDevice: Searching for node with selector: BySelector [PKG='\Qcom.google.android.apps.nexuslauncher\E'].
02-15 17:49:18.600  1939  1957 D UiDevice: Searching for node with selector: BySelector [PKG='\Qcom.google.android.apps.nexuslauncher\E'].
02-15 17:49:18.758  1939  1957 D UiDevice: Searching for node with selector: BySelector [PKG='\Qcom.google.android.apps.nexuslauncher\E'].
02-15 17:49:18.911  1939  1957 D UiDevice: Searching for node with selector: BySelector [PKG='\Qcom.google.android.apps.nexuslauncher\E'].
02-15 17:49:19.064  1939  1957 D UiDevice: Searching for node with selector: BySelector [PKG='\Qcom.google.android.apps.nexuslauncher\E'].
02-15 17:49:19.410  1939  1957 D UiDevice: Searching for node with selector: BySelector [PKG='\Qcom.google.android.apps.nexuslauncher\E'].
02-15 17:49:19.563  1939  1957 D UiDevice: Searching for node with selector: BySelector [PKG='\Qcom.google.android.apps.nexuslauncher\E'].
02-15 17:49:19.714  1939  1957 D UiDevice: Searching for node with selector: BySelector [PKG='\Qcom.google.android.apps.nexuslauncher\E'].
02-15 17:49:19.867  1939  1957 D UiDevice: Searching for node with selector: BySelector [PKG='\Qcom.google.android.apps.nexuslauncher\E'].
02-15 17:49:20.019  1939  1957 D UiDevice: Searching for node with selector: BySelector [PKG='\Qcom.google.android.apps.nexuslauncher\E'].
02-15 17:49:20.172  1939  1957 D UiDevice: Searching for node with selector: BySelector [PKG='\Qcom.google.android.apps.nexuslauncher\E'].
02-15 17:49:20.321  1939  1957 D UiDevice: Searching for node with selector: BySelector [PKG='\Qcom.google.android.apps.nexuslauncher\E'].
02-15 17:49:20.478  1939  1957 D UiDevice: Searching for node with selector: BySelector [PKG='\Qcom.google.android.apps.nexuslauncher\E'].
02-15 17:49:20.627  1939  1957 D UiDevice: Searching for node with selector: BySelector [PKG='\Qcom.google.android.apps.nexuslauncher\E'].
02-15 17:49:20.774  1939  1957 D UiDevice: Searching for node with selector: BySelector [PKG='\Qcom.google.android.apps.nexuslauncher\E'].
02-15 17:49:20.923  1939  1957 D UiDevice: Searching for node with selector: BySelector [PKG='\Qcom.google.android.apps.nexuslauncher\E'].
02-15 17:49:21.075  1939  1957 D UiDevice: Searching for node with selector: BySelector [PKG='\Qcom.google.android.apps.nexuslauncher\E'].
02-15 17:49:21.430  1939  1957 D UiDevice: Searching for node with selector: BySelector [PKG='\Qcom.google.android.apps.nexuslauncher\E'].
02-15 17:49:21.581  1939  1957 D UiDevice: Searching for node with selector: BySelector [PKG='\Qcom.google.android.apps.nexuslauncher\E'].
02-15 17:49:21.732  1939  1957 D UiDevice: Searching for node with selector: BySelector [PKG='\Qcom.google.android.apps.nexuslauncher\E'].
02-15 17:49:21.880  1939  1957 D UiDevice: Searching for node with selector: BySelector [PKG='\Qcom.google.android.apps.nexuslauncher\E'].
02-15 17:49:22.032  1939  1957 D UiDevice: Searching for node with selector: BySelector [PKG='\Qcom.google.android.apps.nexuslauncher\E'].
02-15 17:49:22.186  1939  1957 D UiDevice: Searching for node with selector: BySelector [PKG='\Qcom.google.android.apps.nexuslauncher\E'].
02-15 17:49:22.344  1939  1957 D UiDevice: Searching for node with selector: BySelector [PKG='\Qcom.google.android.apps.nexuslauncher\E'].
02-15 17:49:22.496  1939  1957 D UiDevice: Searching for node with selector: BySelector [PKG='\Qcom.google.android.apps.nexuslauncher\E'].
02-15 17:49:22.641  1939  1957 D UiDevice: Searching for node with selector: BySelector [PKG='\Qcom.google.android.apps.nexuslauncher\E'].
02-15 17:49:22.794  1939  1957 D UiDevice: Searching for node with selector: BySelector [PKG='\Qcom.google.android.apps.nexuslauncher\E'].
02-15 17:49:22.945  1939  1957 D UiDevice: Searching for node with selector: BySelector [PKG='\Qcom.google.android.apps.nexuslauncher\E'].
02-15 17:49:23.101  1939  1957 D UiDevice: Searching for node with selector: BySelector [PKG='\Qcom.google.android.apps.nexuslauncher\E'].
02-15 17:49:23.297  1939  1945 I .testsCore.tes: Background concurrent copying GC freed 20MB AllocSpace bytes, 36(1448KB) LOS objects, 75% free, 7828KB/31MB, paused 82us,27us total 107.188ms
02-15 17:49:23.392  1939  1957 D UiDevice: Searching for node with selector: BySelector [PKG='\Qcom.google.android.apps.nexuslauncher\E'].
02-15 17:49:23.535  1939  1957 D UiDevice: Searching for node with selector: BySelector [PKG='\Qcom.google.android.apps.nexuslauncher\E'].
02-15 17:49:23.682  1939  1957 D UiDevice: Searching for node with selector: BySelector [PKG='\Qcom.google.android.apps.nexuslauncher\E'].
02-15 17:49:23.838  1939  1957 D UiDevice: Searching for node with selector: BySelector [PKG='\Qcom.google.android.apps.nexuslauncher\E'].
02-15 17:49:23.990  1939  1957 D UiDevice: Searching for node with selector: BySelector [PKG='\Qcom.google.android.apps.nexuslauncher\E'].
02-15 17:49:24.143  1939  1957 D UiDevice: Searching for node with selector: BySelector [PKG='\Qcom.google.android.apps.nexuslauncher\E'].
02-15 17:49:24.298  1939  1957 D UiDevice: Searching for node with selector: BySelector [PKG='\Qcom.google.android.apps.nexuslauncher\E'].
02-15 17:49:24.453  1939  1957 D UiDevice: Searching for node with selector: BySelector [PKG='\Qcom.google.android.apps.nexuslauncher\E'].
02-15 17:49:24.607  1939  1957 D UiDevice: Searching for node with selector: BySelector [PKG='\Qcom.google.android.apps.nexuslauncher\E'].
02-15 17:49:24.761  1939  1957 D UiDevice: Searching for node with selector: BySelector [PKG='\Qcom.google.android.apps.nexuslauncher\E'].
02-15 17:49:24.920  1939  1957 D UiDevice: Searching for node with selector: BySelector [PKG='\Qcom.google.android.apps.nexuslauncher\E'].
02-15 17:49:25.077  1939  1957 D UiDevice: Searching for node with selector: BySelector [PKG='\Qcom.google.android.apps.nexuslauncher\E'].
02-15 17:49:25.233  1939  1957 D UiDevice: Searching for node with selector: BySelector [PKG='\Qcom.google.android.apps.nexuslauncher\E'].
02-15 17:49:25.589  1939  1957 D UiDevice: Searching for node with selector: BySelector [PKG='\Qcom.google.android.apps.nexuslauncher\E'].
02-15 17:49:25.744  1939  1957 D UiDevice: Searching for node with selector: BySelector [PKG='\Qcom.google.android.apps.nexuslauncher\E'].
02-15 17:49:25.899  1939  1957 D UiDevice: Searching for node with selector: BySelector [PKG='\Qcom.google.android.apps.nexuslauncher\E'].
02-15 17:49:26.058  1939  1957 D UiDevice: Searching for node with selector: BySelector [PKG='\Qcom.google.android.apps.nexuslauncher\E'].
02-15 17:49:26.207  1939  1957 D UiDevice: Searching for node with selector: BySelector [PKG='\Qcom.google.android.apps.nexuslauncher\E'].
02-15 17:49:26.360  1939  1957 D UiDevice: Searching for node with selector: BySelector [PKG='\Qcom.google.android.apps.nexuslauncher\E'].
02-15 17:49:26.518  1939  1957 D UiDevice: Searching for node with selector: BySelector [PKG='\Qcom.google.android.apps.nexuslauncher\E'].
02-15 17:49:26.666  1939  1957 D UiDevice: Searching for node with selector: BySelector [PKG='\Qcom.google.android.apps.nexuslauncher\E'].
02-15 17:49:26.806  1939  1957 D UiDevice: Searching for node with selector: BySelector [PKG='\Qcom.google.android.apps.nexuslauncher\E'].
02-15 17:49:26.957  1939  1957 D UiDevice: Searching for node with selector: BySelector [PKG='\Qcom.google.android.apps.nexuslauncher\E'].
02-15 17:49:27.113  1939  1957 D UiDevice: Searching for node with selector: BySelector [PKG='\Qcom.google.android.apps.nexuslauncher\E'].
02-15 17:49:27.267  1939  1957 D UiDevice: Searching for node with selector: BySelector [PKG='\Qcom.google.android.apps.nexuslauncher\E'].
02-15 17:49:27.621  1939  1957 D UiDevice: Searching for node with selector: BySelector [PKG='\Qcom.google.android.apps.nexuslauncher\E'].
02-15 17:49:27.775  1939  1957 D UiDevice: Searching for node with selector: BySelector [PKG='\Qcom.google.android.apps.nexuslauncher\E'].
02-15 17:49:27.929  1939  1957 D UiDevice: Searching for node with selector: BySelector [PKG='\Qcom.google.android.apps.nexuslauncher\E'].
02-15 17:49:28.083  1939  1957 D UiDevice: Searching for node with selector: BySelector [PKG='\Qcom.google.android.apps.nexuslauncher\E'].
02-15 17:49:28.237  1939  1957 D UiDevice: Searching for node with selector: BySelector [PKG='\Qcom.google.android.apps.nexuslauncher\E'].
02-15 17:49:28.389  1939  1957 D UiDevice: Searching for node with selector: BySelector [PKG='\Qcom.google.android.apps.nexuslauncher\E'].
02-15 17:49:28.538  1939  1957 D UiDevice: Searching for node with selector: BySelector [PKG='\Qcom.google.android.apps.nexuslauncher\E'].
02-15 17:49:28.695  1939  1957 D UiDevice: Searching for node with selector: BySelector [PKG='\Qcom.google.android.apps.nexuslauncher\E'].
02-15 17:49:28.846  1939  1957 D UiDevice: Searching for node with selector: BySelector [PKG='\Qcom.google.android.apps.nexuslauncher\E'].
02-15 17:49:28.999  1939  1957 D UiDevice: Searching for node with selector: BySelector [PKG='\Qcom.google.android.apps.nexuslauncher\E'].
02-15 17:49:29.150  1939  1957 D UiDevice: Searching for node with selector: BySelector [PKG='\Qcom.google.android.apps.nexuslauncher\E'].
02-15 17:49:29.305  1939  1957 D UiDevice: Searching for node with selector: BySelector [PKG='\Qcom.google.android.apps.nexuslauncher\E'].
02-15 17:49:29.653  1939  1957 D UiDevice: Searching for node with selector: BySelector [PKG='\Qcom.google.android.apps.nexuslauncher\E'].
02-15 17:49:29.801  1939  1957 D UiDevice: Searching for node with selector: BySelector [PKG='\Qcom.google.android.apps.nexuslauncher\E'].
02-15 17:49:29.960  1939  1957 D UiDevice: Searching for node with selector: BySelector [PKG='\Qcom.google.android.apps.nexuslauncher\E'].
02-15 17:49:30.117  1939  1957 D UiDevice: Searching for node with selector: BySelector [PKG='\Qcom.google.android.apps.nexuslauncher\E'].
02-15 17:49:30.267  1939  1957 D UiDevice: Searching for node with selector: BySelector [PKG='\Qcom.google.android.apps.nexuslauncher\E'].
02-15 17:49:30.423  1939  1957 D UiDevice: Searching for node with selector: BySelector [PKG='\Qcom.google.android.apps.nexuslauncher\E'].
02-15 17:49:30.573  1939  1957 D UiDevice: Searching for node with selector: BySelector [PKG='\Qcom.google.android.apps.nexuslauncher\E'].
02-15 17:49:30.706  1939  1957 D UiDevice: Searching for node with selector: BySelector [PKG='\Qcom.google.android.apps.nexuslauncher\E'].
02-15 17:49:30.861  1939  1957 D UiDevice: Searching for node with selector: BySelector [PKG='\Qcom.google.android.apps.nexuslauncher\E'].
02-15 17:49:31.014  1939  1957 D UiDevice: Searching for node with selector: BySelector [PKG='\Qcom.google.android.apps.nexuslauncher\E'].
02-15 17:49:31.167  1939  1957 D UiDevice: Searching for node with selector: BySelector [PKG='\Qcom.google.android.apps.nexuslauncher\E'].
02-15 17:49:31.323  1939  1957 D UiDevice: Searching for node with selector: BySelector [PKG='\Qcom.google.android.apps.nexuslauncher\E'].
02-15 17:49:31.652  1939  1957 D UiDevice: Searching for node with selector: BySelector [PKG='\Qcom.google.android.apps.nexuslauncher\E'].
02-15 17:49:31.800  1939  1957 D UiDevice: Searching for node with selector: BySelector [PKG='\Qcom.google.android.apps.nexuslauncher\E'].
02-15 17:49:31.956  1939  1957 D UiDevice: Searching for node with selector: BySelector [PKG='\Qcom.google.android.apps.nexuslauncher\E'].
02-15 17:49:32.109  1939  1957 D UiDevice: Searching for node with selector: BySelector [PKG='\Qcom.google.android.apps.nexuslauncher\E'].
02-15 17:49:32.263  1939  1957 D UiDevice: Searching for node with selector: BySelector [PKG='\Qcom.google.android.apps.nexuslauncher\E'].
02-15 17:49:32.416  1939  1957 D UiDevice: Searching for node with selector: BySelector [PKG='\Qcom.google.android.apps.nexuslauncher\E'].
02-15 17:49:32.564  1939  1957 D UiDevice: Searching for node with selector: BySelector [PKG='\Qcom.google.android.apps.nexuslauncher\E'].
02-15 17:49:32.718  1939  1957 D UiDevice: Searching for node with selector: BySelector [PKG='\Qcom.google.android.apps.nexuslauncher\E'].
02-15 17:49:32.866  1939  1957 D UiDevice: Searching for node with selector: BySelector [PKG='\Qcom.google.android.apps.nexuslauncher\E'].
02-15 17:49:33.019  1939  1957 D UiDevice: Searching for node with selector: BySelector [PKG='\Qcom.google.android.apps.nexuslauncher\E'].
02-15 17:49:33.175  1939  1957 D UiDevice: Searching for node with selector: BySelector [PKG='\Qcom.google.android.apps.nexuslauncher\E'].
02-15 17:49:33.322  1939  1957 D UiDevice: Searching for node with selector: BySelector [PKG='\Qcom.google.android.apps.nexuslauncher\E'].
02-15 17:49:33.479  1939  1957 D UiDevice: Searching for node with selector: BySelector [PKG='\Qcom.google.android.apps.nexuslauncher\E'].
02-15 17:49:33.817  1939  1957 D UiDevice: Searching for node with selector: BySelector [PKG='\Qcom.google.android.apps.nexuslauncher\E'].
02-15 17:49:33.961  1939  1957 D UiDevice: Searching for node with selector: BySelector [PKG='\Qcom.google.android.apps.nexuslauncher\E'].
02-15 17:49:34.113  1939  1957 D UiDevice: Searching for node with selector: BySelector [PKG='\Qcom.google.android.apps.nexuslauncher\E'].
02-15 17:49:34.268  1939  1957 D UiDevice: Searching for node with selector: BySelector [PKG='\Qcom.google.android.apps.nexuslauncher\E'].
02-15 17:49:34.422  1939  1957 D UiDevice: Searching for node with selector: BySelector [PKG='\Qcom.google.android.apps.nexuslauncher\E'].
02-15 17:49:34.579  1939  1957 D UiDevice: Searching for node with selector: BySelector [PKG='\Qcom.google.android.apps.nexuslauncher\E'].
02-15 17:49:34.737  1939  1957 D UiDevice: Searching for node with selector: BySelector [PKG='\Qcom.google.android.apps.nexuslauncher\E'].
02-15 17:49:34.891  1939  1957 D UiDevice: Searching for node with selector: BySelector [PKG='\Qcom.google.android.apps.nexuslauncher\E'].
02-15 17:49:34.964  1939  1957 D UiDevice: Waiting 20000ms for SearchCondition[hasObject=BySelector [PKG='\Qcom.wire.internal\E']].
02-15 17:49:34.964  1939  1957 D UiDevice: Searching for node with selector: BySelector [PKG='\Qcom.wire.internal\E'].
02-15 17:49:35.086  1939  1957 D UiDevice: Searching for node with selector: BySelector [PKG='\Qcom.wire.internal\E'].
02-15 17:49:35.211  1939  1957 D UiDevice: Searching for node with selector: BySelector [PKG='\Qcom.wire.internal\E'].
02-15 17:49:35.337  1939  1957 D UiDevice: Searching for node with selector: BySelector [PKG='\Qcom.wire.internal\E'].
02-15 17:49:35.460  1939  1957 D UiDevice: Searching for node with selector: BySelector [PKG='\Qcom.wire.internal\E'].
02-15 17:49:35.600  1939  1957 D UiDevice: Searching for node with selector: BySelector [PKG='\Qcom.wire.internal\E'].
02-15 17:49:35.896  1939  1957 D UiDevice: Searching for node with selector: BySelector [PKG='\Qcom.wire.internal\E'].
02-15 17:49:36.044  1939  1957 D UiDevice: Searching for node with selector: BySelector [PKG='\Qcom.wire.internal\E'].
02-15 17:49:36.172  1939  1957 D UiDevice: Searching for node with selector: BySelector [PKG='\Qcom.wire.internal\E'].
02-15 17:49:36.301  1939  1957 D UiDevice: Searching for node with selector: BySelector [PKG='\Qcom.wire.internal\E'].
02-15 17:49:36.430  1939  1957 D UiDevice: Searching for node with selector: BySelector [PKG='\Qcom.wire.internal\E'].
02-15 17:49:36.561  1939  1957 D UiDevice: Searching for node with selector: BySelector [PKG='\Qcom.wire.internal\E'].
02-15 17:49:36.690  1939  1957 D UiDevice: Searching for node with selector: BySelector [PKG='\Qcom.wire.internal\E'].
02-15 17:49:36.820  1939  1957 D UiDevice: Searching for node with selector: BySelector [PKG='\Qcom.wire.internal\E'].
02-15 17:49:36.948  1939  1957 D UiDevice: Searching for node with selector: BySelector [PKG='\Qcom.wire.internal\E'].
02-15 17:49:37.074  1939  1957 D UiDevice: Searching for node with selector: BySelector [PKG='\Qcom.wire.internal\E'].
02-15 17:49:37.197  1939  1957 D UiDevice: Searching for node with selector: BySelector [PKG='\Qcom.wire.internal\E'].
02-15 17:49:37.319  1939  1957 D UiDevice: Searching for node with selector: BySelector [PKG='\Qcom.wire.internal\E'].
02-15 17:49:37.441  1939  1957 D UiDevice: Searching for node with selector: BySelector [PKG='\Qcom.wire.internal\E'].
02-15 17:49:37.566  1939  1957 D UiDevice: Searching for node with selector: BySelector [PKG='\Qcom.wire.internal\E'].
02-15 17:49:37.689  1939  1957 D UiDevice: Searching for node with selector: BySelector [PKG='\Qcom.wire.internal\E'].
02-15 17:49:37.934  1939  1957 D UiDevice: Searching for node with selector: BySelector [PKG='\Qcom.wire.internal\E'].
02-15 17:49:38.066  1939  1957 D UiDevice: Searching for node with selector: BySelector [PKG='\Qcom.wire.internal\E'].
02-15 17:49:38.214  1939  1957 D UiDevice: Searching for node with selector: BySelector [PKG='\Qcom.wire.internal\E'].
02-15 17:49:38.363  1939  1957 D UiDevice: Searching for node with selector: BySelector [PKG='\Qcom.wire.internal\E'].
02-15 17:49:38.518  1939  1957 D UiDevice: Searching for node with selector: BySelector [PKG='\Qcom.wire.internal\E'].
02-15 17:49:38.673  1939  1957 D UiDevice: Searching for node with selector: BySelector [PKG='\Qcom.wire.internal\E'].
02-15 17:49:38.817  1939  1957 D UiDevice: Searching for node with selector: BySelector [PKG='\Qcom.wire.internal\E'].
02-15 17:49:38.964  1939  1957 D UiDevice: Searching for node with selector: BySelector [PKG='\Qcom.wire.internal\E'].
02-15 17:49:39.117  1939  1957 D UiDevice: Searching for node with selector: BySelector [PKG='\Qcom.wire.internal\E'].
02-15 17:49:39.265  1939  1957 D UiDevice: Searching for node with selector: BySelector [PKG='\Qcom.wire.internal\E'].
02-15 17:49:39.424  1939  1957 D UiDevice: Searching for node with selector: BySelector [PKG='\Qcom.wire.internal\E'].
02-15 17:49:39.574  1939  1957 D UiDevice: Searching for node with selector: BySelector [PKG='\Qcom.wire.internal\E'].
02-15 17:49:39.722  1939  1957 D UiDevice: Searching for node with selector: BySelector [PKG='\Qcom.wire.internal\E'].
02-15 17:49:40.092  1939  1957 D UiDevice: Searching for node with selector: BySelector [PKG='\Qcom.wire.internal\E'].
02-15 17:49:40.216  1939  1957 D UiDevice: Searching for node with selector: BySelector [PKG='\Qcom.wire.internal\E'].
02-15 17:49:40.350  1939  1957 D UiDevice: Searching for node with selector: BySelector [PKG='\Qcom.wire.internal\E'].
02-15 17:49:40.498  1939  1957 D UiDevice: Searching for node with selector: BySelector [PKG='\Qcom.wire.internal\E'].
02-15 17:49:40.645  1939  1957 D UiDevice: Searching for node with selector: BySelector [PKG='\Qcom.wire.internal\E'].
02-15 17:49:40.799  1939  1957 D UiDevice: Searching for node with selector: BySelector [PKG='\Qcom.wire.internal\E'].
02-15 17:49:40.950  1939  1957 D UiDevice: Searching for node with selector: BySelector [PKG='\Qcom.wire.internal\E'].
02-15 17:49:41.104  1939  1957 D UiDevice: Searching for node with selector: BySelector [PKG='\Qcom.wire.internal\E'].
02-15 17:49:41.259  1939  1957 D UiDevice: Searching for node with selector: BySelector [PKG='\Qcom.wire.internal\E'].
02-15 17:49:41.416  1939  1957 D UiDevice: Searching for node with selector: BySelector [PKG='\Qcom.wire.internal\E'].
02-15 17:49:41.566  1939  1957 D UiDevice: Searching for node with selector: BySelector [PKG='\Qcom.wire.internal\E'].
02-15 17:49:41.719  1939  1957 D UiDevice: Searching for node with selector: BySelector [PKG='\Qcom.wire.internal\E'].
02-15 17:49:41.866  1939  1957 D UiDevice: Searching for node with selector: BySelector [PKG='\Qcom.wire.internal\E'].
02-15 17:49:42.231  1939  1957 D UiDevice: Searching for node with selector: BySelector [PKG='\Qcom.wire.internal\E'].
02-15 17:49:42.381  1939  1957 D UiDevice: Searching for node with selector: BySelector [PKG='\Qcom.wire.internal\E'].
02-15 17:49:42.538  1939  1957 D UiDevice: Searching for node with selector: BySelector [PKG='\Qcom.wire.internal\E'].
02-15 17:49:42.693  1939  1957 D UiDevice: Searching for node with selector: BySelector [PKG='\Qcom.wire.internal\E'].
02-15 17:49:42.842  1939  1957 D UiDevice: Searching for node with selector: BySelector [PKG='\Qcom.wire.internal\E'].
02-15 17:49:42.996  1939  1957 D UiDevice: Searching for node with selector: BySelector [PKG='\Qcom.wire.internal\E'].
02-15 17:49:43.146  1939  1957 D UiDevice: Searching for node with selector: BySelector [PKG='\Qcom.wire.internal\E'].
02-15 17:49:43.292  1939  1957 D UiDevice: Searching for node with selector: BySelector [PKG='\Qcom.wire.internal\E'].
02-15 17:49:44.071  1939  1957 D UiDevice: Searching for node with selector: BySelector [PKG='\Qcom.wire.internal\E'].
02-15 17:49:44.434  1939  1957 D UiDevice: Searching for node with selector: BySelector [PKG='\Qcom.wire.internal\E'].
02-15 17:49:44.587  1939  1957 D UiDevice: Searching for node with selector: BySelector [PKG='\Qcom.wire.internal\E'].
02-15 17:49:44.739  1939  1957 D UiDevice: Searching for node with selector: BySelector [PKG='\Qcom.wire.internal\E'].
02-15 17:49:44.889  1939  1957 D UiDevice: Searching for node with selector: BySelector [PKG='\Qcom.wire.internal\E'].
02-15 17:49:45.039  1939  1957 D UiDevice: Searching for node with selector: BySelector [PKG='\Qcom.wire.internal\E'].
02-15 17:49:45.201  1939  1957 D UiDevice: Searching for node with selector: BySelector [PKG='\Qcom.wire.internal\E'].
02-15 17:49:45.326  1939  1957 D UiDevice: Searching for node with selector: BySelector [PKG='\Qcom.wire.internal\E'].
02-15 17:49:45.453  1939  1957 D UiDevice: Searching for node with selector: BySelector [PKG='\Qcom.wire.internal\E'].
02-15 17:49:45.607  1939  1957 D UiDevice: Searching for node with selector: BySelector [PKG='\Qcom.wire.internal\E'].
02-15 17:49:45.764  1939  1957 D UiDevice: Searching for node with selector: BySelector [PKG='\Qcom.wire.internal\E'].
02-15 17:49:45.916  1939  1957 D UiDevice: Searching for node with selector: BySelector [PKG='\Qcom.wire.internal\E'].
02-15 17:49:46.060  1939  1957 D UiDevice: Searching for node with selector: BySelector [PKG='\Qcom.wire.internal\E'].
02-15 17:49:46.217  1939  1957 D UiDevice: Searching for node with selector: BySelector [PKG='\Qcom.wire.internal\E'].
02-15 17:49:46.574  1939  1957 D UiDevice: Searching for node with selector: BySelector [PKG='\Qcom.wire.internal\E'].
02-15 17:49:46.727  1939  1957 D UiDevice: Searching for node with selector: BySelector [PKG='\Qcom.wire.internal\E'].
02-15 17:49:46.883  1939  1957 D UiDevice: Searching for node with selector: BySelector [PKG='\Qcom.wire.internal\E'].
02-15 17:49:47.035  1939  1957 D UiDevice: Searching for node with selector: BySelector [PKG='\Qcom.wire.internal\E'].
02-15 17:49:47.190  1939  1957 D UiDevice: Searching for node with selector: BySelector [PKG='\Qcom.wire.internal\E'].
02-15 17:49:47.335  1939  1957 D UiDevice: Searching for node with selector: BySelector [PKG='\Qcom.wire.internal\E'].
02-15 17:49:47.487  1939  1957 D UiDevice: Searching for node with selector: BySelector [PKG='\Qcom.wire.internal\E'].
02-15 17:49:47.643  1939  1957 D UiDevice: Searching for node with selector: BySelector [PKG='\Qcom.wire.internal\E'].
02-15 17:49:47.798  1939  1957 D UiDevice: Searching for node with selector: BySelector [PKG='\Qcom.wire.internal\E'].
02-15 17:49:47.948  1939  1957 D UiDevice: Searching for node with selector: BySelector [PKG='\Qcom.wire.internal\E'].
02-15 17:49:48.097  1939  1957 D UiDevice: Searching for node with selector: BySelector [PKG='\Qcom.wire.internal\E'].
02-15 17:49:48.255  1939  1957 D UiDevice: Searching for node with selector: BySelector [PKG='\Qcom.wire.internal\E'].
02-15 17:49:48.626  1939  1957 D UiDevice: Searching for node with selector: BySelector [PKG='\Qcom.wire.internal\E'].
02-15 17:49:48.775  1939  1957 D UiDevice: Searching for node with selector: BySelector [PKG='\Qcom.wire.internal\E'].
02-15 17:49:48.928  1939  1957 D UiDevice: Searching for node with selector: BySelector [PKG='\Qcom.wire.internal\E'].
02-15 17:49:49.084  1939  1957 D UiDevice: Searching for node with selector: BySelector [PKG='\Qcom.wire.internal\E'].
02-15 17:49:49.238  1939  1957 D UiDevice: Searching for node with selector: BySelector [PKG='\Qcom.wire.internal\E'].
02-15 17:49:49.395  1939  1957 D UiDevice: Searching for node with selector: BySelector [PKG='\Qcom.wire.internal\E'].
02-15 17:49:49.547  1939  1957 D UiDevice: Searching for node with selector: BySelector [PKG='\Qcom.wire.internal\E'].
02-15 17:49:49.705  1939  1957 D UiDevice: Searching for node with selector: BySelector [PKG='\Qcom.wire.internal\E'].
02-15 17:49:49.864  1939  1957 D UiDevice: Searching for node with selector: BySelector [PKG='\Qcom.wire.internal\E'].
02-15 17:49:50.015  1939  1957 D UiDevice: Searching for node with selector: BySelector [PKG='\Qcom.wire.internal\E'].
02-15 17:49:50.166  1939  1957 D UiDevice: Searching for node with selector: BySelector [PKG='\Qcom.wire.internal\E'].
02-15 17:49:50.309  1939  1957 D UiDevice: Searching for node with selector: BySelector [PKG='\Qcom.wire.internal\E'].
02-15 17:49:50.647  1939  1957 D UiDevice: Searching for node with selector: BySelector [PKG='\Qcom.wire.internal\E'].
02-15 17:49:50.800  1939  1957 D UiDevice: Searching for node with selector: BySelector [PKG='\Qcom.wire.internal\E'].
02-15 17:49:50.954  1939  1957 D UiDevice: Searching for node with selector: BySelector [PKG='\Qcom.wire.internal\E'].
02-15 17:49:51.107  1939  1957 D UiDevice: Searching for node with selector: BySelector [PKG='\Qcom.wire.internal\E'].
02-15 17:49:51.261  1939  1957 D UiDevice: Searching for node with selector: BySelector [PKG='\Qcom.wire.internal\E'].
02-15 17:49:51.419  1939  1957 D UiDevice: Searching for node with selector: BySelector [PKG='\Qcom.wire.internal\E'].
02-15 17:49:51.574  1939  1957 D UiDevice: Searching for node with selector: BySelector [PKG='\Qcom.wire.internal\E'].
02-15 17:49:51.720  1939  1957 D UiDevice: Searching for node with selector: BySelector [PKG='\Qcom.wire.internal\E'].
02-15 17:49:51.878  1939  1957 D UiDevice: Searching for node with selector: BySelector [PKG='\Qcom.wire.internal\E'].
02-15 17:49:52.032  1939  1957 D UiDevice: Searching for node with selector: BySelector [PKG='\Qcom.wire.internal\E'].
02-15 17:49:52.178  1939  1957 D UiDevice: Searching for node with selector: BySelector [PKG='\Qcom.wire.internal\E'].
02-15 17:49:52.330  1939  1957 D UiDevice: Searching for node with selector: BySelector [PKG='\Qcom.wire.internal\E'].
02-15 17:49:52.657  1939  1957 D UiDevice: Searching for node with selector: BySelector [PKG='\Qcom.wire.internal\E'].
02-15 17:49:52.806  1939  1957 D UiDevice: Searching for node with selector: BySelector [PKG='\Qcom.wire.internal\E'].
02-15 17:49:52.960  1939  1957 D UiDevice: Searching for node with selector: BySelector [PKG='\Qcom.wire.internal\E'].
02-15 17:49:53.118  1939  1957 D UiDevice: Searching for node with selector: BySelector [PKG='\Qcom.wire.internal\E'].
02-15 17:49:53.270  1939  1957 D UiDevice: Searching for node with selector: BySelector [PKG='\Qcom.wire.internal\E'].
02-15 17:49:53.425  1939  1957 D UiDevice: Searching for node with selector: BySelector [PKG='\Qcom.wire.internal\E'].
02-15 17:49:53.581  1939  1957 D UiDevice: Searching for node with selector: BySelector [PKG='\Qcom.wire.internal\E'].
02-15 17:49:53.730  1939  1957 D UiDevice: Searching for node with selector: BySelector [PKG='\Qcom.wire.internal\E'].
02-15 17:49:53.883  1939  1957 D UiDevice: Searching for node with selector: BySelector [PKG='\Qcom.wire.internal\E'].
02-15 17:49:54.039  1939  1957 D UiDevice: Searching for node with selector: BySelector [PKG='\Qcom.wire.internal\E'].
02-15 17:49:54.197  1939  1957 D UiDevice: Searching for node with selector: BySelector [PKG='\Qcom.wire.internal\E'].
02-15 17:49:54.347  1939  1957 D UiDevice: Searching for node with selector: BySelector [PKG='\Qcom.wire.internal\E'].
02-15 17:49:54.688  1939  1957 D UiDevice: Searching for node with selector: BySelector [PKG='\Qcom.wire.internal\E'].
02-15 17:49:54.844  1939  1957 D UiDevice: Searching for node with selector: BySelector [PKG='\Qcom.wire.internal\E'].
02-15 17:49:54.997  1939  1957 D UiDevice: Searching for node with selector: BySelector [PKG='\Qcom.wire.internal\E'].
02-15 17:49:55.040  1939  1957 I System.out: Could not access BuildConfig field 'BACKENDCONNECTION_STAGING_SOCKSPROXY': No field BACKENDCONNECTION_STAGING_SOCKSPROXY in class Lcom/wire/android/testSupport/BuildConfig; (declaration of 'com.wire.android.testSupport.BuildConfig' appears in /data/app/~~yStJ8vy1CpWdVZWhC13zNA==/com.wire.android.tests.testsCore.test-bZvK52gHtBXMj53Jp5ZTXQ==/base.apk!classes2.dex)
02-15 17:49:55.041  1939  1957 I System.out: Could not access BuildConfig field 'BACKENDCONNECTION_STAGING_SOCKSPROXY': No field BACKENDCONNECTION_STAGING_SOCKSPROXY in class Lcom/wire/android/testSupport/BuildConfig; (declaration of 'com.wire.android.testSupport.BuildConfig' appears in /data/app/~~yStJ8vy1CpWdVZWhC13zNA==/com.wire.android.tests.testsCore.test-bZvK52gHtBXMj53Jp5ZTXQ==/base.apk!classes2.dex)
02-15 17:49:55.043  1939  1957 I System.out: Could not access BuildConfig field 'BACKENDCONNECTION_STAGING_SOCKSPROXY': No field BACKENDCONNECTION_STAGING_SOCKSPROXY in class Lcom/wire/android/testSupport/BuildConfig; (declaration of 'com.wire.android.testSupport.BuildConfig' appears in /data/app/~~yStJ8vy1CpWdVZWhC13zNA==/com.wire.android.tests.testsCore.test-bZvK52gHtBXMj53Jp5ZTXQ==/base.apk!classes2.dex)
02-15 17:49:55.215  1939  1957 W UiAutomation: UiAutomation.grantRuntimePermission() is more robust and should be used instead of 'pm grant'
02-15 17:49:55.222  1939  1957 W UiAutomation: UiAutomation.grantRuntimePermission() is more robust and should be used instead of 'pm grant'
02-15 17:49:55.232  1939  1957 I ClientUserManager: 17:49:55 INFO [301] (ClientUse) Cannot find user by: user1Name 
02-15 17:49:55.233  1939  1957 I Hello   : 17:49:55 INFO [301] (ClientUse) Hello, my name is Marcela Funk and my email is funkyixbziauat@wire.engineering and password is P@b!@9xt and emailPassword is U_3c<@8i4;z&innnnn 
02-15 17:49:57.208  1939  1957 I ClientUserManager: 17:49:57 INFO [301] (ClientUse) Cannot find user by: user1Name 
02-15 17:49:57.261  1939  1957 I ClientUserManager: 17:49:57 INFO [301] (ClientUse) Cannot find user by: user2Name 
02-15 17:49:57.264  1939  1957 I ClientUserManager: 17:49:57 INFO [301] (ClientUse) Cannot find user by: user3Name 
02-15 17:49:59.123  1939  1957 I ClientUserManager: 17:49:59 INFO [301] (ClientUse) Cannot find user by: user1Name 
02-15 17:49:59.130  1939  1957 I ClientUserManager: 17:49:59 INFO [301] (ClientUse) Cannot find user by: user2Name 
02-15 17:49:59.137  1939  1957 I ClientUserManager: 17:49:59 INFO [301] (ClientUse) Cannot find user by: user3Name 
02-15 17:49:59.139  1939  1957 I System.out: Could not access BuildConfig field 'BACKENDCONNECTION_STAGING_SOCKSPROXY': No field BACKENDCONNECTION_STAGING_SOCKSPROXY in class Lcom/wire/android/testSupport/BuildConfig; (declaration of 'com.wire.android.testSupport.BuildConfig' appears in /data/app/~~yStJ8vy1CpWdVZWhC13zNA==/com.wire.android.tests.testsCore.test-bZvK52gHtBXMj53Jp5ZTXQ==/base.apk!classes2.dex)
02-15 17:49:59.314  1939  1957 I ClientUserManager: 17:49:59 INFO [301] (ClientUse) Cannot find user by: user3Name 
02-15 17:49:59.316  1939  1957 I System.out: Could not access BuildConfig field 'BACKENDCONNECTION_STAGING_SOCKSPROXY': No field BACKENDCONNECTION_STAGING_SOCKSPROXY in class Lcom/wire/android/testSupport/BuildConfig; (declaration of 'com.wire.android.testSupport.BuildConfig' appears in /data/app/~~yStJ8vy1CpWdVZWhC13zNA==/com.wire.android.tests.testsCore.test-bZvK52gHtBXMj53Jp5ZTXQ==/base.apk!classes2.dex)
02-15 17:49:59.319  1939  1957 I ClientUserManager: 17:49:59 INFO [301] (ClientUse) Cannot find user by: user3Name 
02-15 17:49:59.379  1939  1957 I ClientUserManager: 17:49:59 INFO [301] (ClientUse) Cannot find user by: user3Name 
02-15 17:49:59.381  1939  1957 I System.out: Could not access BuildConfig field 'BACKENDCONNECTION_STAGING_SOCKSPROXY': No field BACKENDCONNECTION_STAGING_SOCKSPROXY in class Lcom/wire/android/testSupport/BuildConfig; (declaration of 'com.wire.android.testSupport.BuildConfig' appears in /data/app/~~yStJ8vy1CpWdVZWhC13zNA==/com.wire.android.tests.testsCore.test-bZvK52gHtBXMj53Jp5ZTXQ==/base.apk!classes2.dex)
02-15 17:49:59.383  1939  1957 I TestService: 17:49:59 INFO [301] (TestServi) GET: http://192.168.2.18:8080/api/v1/ 
02-15 17:49:59.399  1939  1957 I TestService: 17:49:59 INFO [301] (TestServi) PUT: http://192.168.2.18:8080/api/v1/instance 
02-15 17:49:59.400  1939  1957 I TestService: 17:49:59 INFO [301] (TestServi)  >>> Request: {"email":"ratkemtmufcgxip@wire.engineering","password":"BPkH4ff!","deviceName":"Device1","name":"TestService","customBackend":{"name":"STAGING","rest":"https:\/\/staging-nginz-https.zinfra.io\/","ws":"wss:\/\/staging-nginz-ssl.zinfra.io"},"federationDomain":"staging.zinfra.io","developmentApiEnabled":true} 
02-15 17:50:09.726  1939  1957 I TestService: 17:50:09 INFO [301] (TestServi)  >>> Response (200): {"backend":"staging","clientId":"cb147d46eed6122a","instanceId":"6b849e17-05df-4492-b95f-2d359173f27f","name":"TestService","startupTime":8421,"startTime":1771174207534} 
02-15 17:50:09.731  1939  1957 I ClientUserManager: 17:50:09 INFO [301] (ClientUse) Cannot find user by: user1Name 
02-15 17:50:09.733  1939  1957 I System.out: Could not access BuildConfig field 'BACKENDCONNECTION_STAGING_SOCKSPROXY': No field BACKENDCONNECTION_STAGING_SOCKSPROXY in class Lcom/wire/android/testSupport/BuildConfig; (declaration of 'com.wire.android.testSupport.BuildConfig' appears in /data/app/~~yStJ8vy1CpWdVZWhC13zNA==/com.wire.android.tests.testsCore.test-bZvK52gHtBXMj53Jp5ZTXQ==/base.apk!classes2.dex)
02-15 17:50:09.894  1939  1957 I UiAutomatorPinger: 17:50:09 INFO [301] (UiAutomat) Starting UIAutomator pinger every 30 seconds 
02-15 17:50:09.914  1939  2793 I UiAutomatorPinger: 17:50:09 INFO [310] (UiAutomat) Pinging device (waking up screen) 
02-15 17:50:09.919  1939  2794 D CallingManager: Creating instance for user2Name
02-15 17:50:09.919  1939  2800 D CallingManager: Creating instance for user3Name
02-15 17:50:09.919  1939  2793 D UiDevice: Turning on screen.
02-15 17:50:09.926  1939  2794 I ClientUserManager: 17:50:09 INFO [311] (ClientUse) Cannot find user by: user2Name 
02-15 17:50:09.926  1939  2800 I ClientUserManager: 17:50:09 INFO [315] (ClientUse) Cannot find user by: user3Name 
02-15 17:50:09.928  1939  2794 I System.out: Could not access BuildConfig field 'BACKENDCONNECTION_STAGING_SOCKSPROXY': No field BACKENDCONNECTION_STAGING_SOCKSPROXY in class Lcom/wire/android/testSupport/BuildConfig; (declaration of 'com.wire.android.testSupport.BuildConfig' appears in /data/app/~~yStJ8vy1CpWdVZWhC13zNA==/com.wire.android.tests.testsCore.test-bZvK52gHtBXMj53Jp5ZTXQ==/base.apk!classes2.dex)
02-15 17:50:09.928  1939  2800 I System.out: Could not access BuildConfig field 'BACKENDCONNECTION_STAGING_SOCKSPROXY': No field BACKENDCONNECTION_STAGING_SOCKSPROXY in class Lcom/wire/android/testSupport/BuildConfig; (declaration of 'com.wire.android.testSupport.BuildConfig' appears in /data/app/~~yStJ8vy1CpWdVZWhC13zNA==/com.wire.android.tests.testsCore.test-bZvK52gHtBXMj53Jp5ZTXQ==/base.apk!classes2.dex)
02-15 17:50:09.980  1939  2794 I System.out: Could not access BuildConfig field 'BACKENDCONNECTION_STAGING_SOCKSPROXY': No field BACKENDCONNECTION_STAGING_SOCKSPROXY in class Lcom/wire/android/testSupport/BuildConfig; (declaration of 'com.wire.android.testSupport.BuildConfig' appears in /data/app/~~yStJ8vy1CpWdVZWhC13zNA==/com.wire.android.tests.testsCore.test-bZvK52gHtBXMj53Jp5ZTXQ==/base.apk!classes2.dex)
02-15 17:50:09.981  1939  2800 I System.out: Could not access BuildConfig field 'BACKENDCONNECTION_STAGING_SOCKSPROXY': No field BACKENDCONNECTION_STAGING_SOCKSPROXY in class Lcom/wire/android/testSupport/BuildConfig; (declaration of 'com.wire.android.testSupport.BuildConfig' appears in /data/app/~~yStJ8vy1CpWdVZWhC13zNA==/com.wire.android.tests.testsCore.test-bZvK52gHtBXMj53Jp5ZTXQ==/base.apk!classes2.dex)
02-15 17:50:10.624  1939  2793 I UiAutomatorPinger: 17:50:10 INFO [310] (UiAutomat) Device screen awakened 
02-15 17:50:23.206  1939  2794 D CallingManager: Started instance 539ed2cd-3f6d-435d-a77c-7eeaaa070290 for user Jackie MacGyver
02-15 17:50:38.560  1939  2800 D CallingManager: Started instance dbe9d8b2-e8a2-4356-956e-820e592cf746 for user Edwardo Ratke
02-15 17:50:38.565  1939  1957 I UiAutomatorPinger: 17:50:38 INFO [301] (UiAutomat) Stopping UIAutomator pinger 
02-15 17:50:38.574  1939  1957 I System.out: Could not access BuildConfig field 'BACKENDCONNECTION_STAGING_SOCKSPROXY': No field BACKENDCONNECTION_STAGING_SOCKSPROXY in class Lcom/wire/android/testSupport/BuildConfig; (declaration of 'com.wire.android.testSupport.BuildConfig' appears in /data/app/~~yStJ8vy1CpWdVZWhC13zNA==/com.wire.android.tests.testsCore.test-bZvK52gHtBXMj53Jp5ZTXQ==/base.apk!classes2.dex)
02-15 17:50:38.578  1939  1957 D UiDevice: Waiting 10000ms for SearchCondition[hasObject=BySelector [TEXT='\QEnter your email to start!\E']].
02-15 17:50:38.579  1939  1957 D UiDevice: Searching for node with selector: BySelector [TEXT='\QEnter your email to start!\E'].
02-15 17:50:39.206  1939  1957 W QueryController: Could not detect idle state.
02-15 17:50:39.207  1939  1957 D UiDevice: Retrieving node with selector: BySelector [TEXT='\QEnter your email to start!\E'].
02-15 17:50:39.250  1939  1957 I .testsCore.tes: hiddenapi: Accessing hidden method Landroid/view/MotionEvent;->setDisplayId(I)V (runtime_flags=0, domain=platform, api=blocked,test-api) from Landroidx/test/uiautomator/GestureController; (domain=app, TargetSdkVersion=35) using reflection: allowed
02-15 17:50:39.377  1939  1957 D UiDevice: Retrieving node with selector: BySelector [TEXT='\QEnter your email to start!\E'].
02-15 17:50:39.450  1939  1957 D UiDevice: Waiting 10000ms for SearchCondition[hasObject=BySelector [TEXT='\QProceed\E']].
02-15 17:50:39.451  1939  1957 D UiDevice: Searching for node with selector: BySelector [TEXT='\QProceed\E'].
02-15 17:50:39.603  1939  1957 D UiDevice: Searching for node with selector: BySelector [TEXT='\QProceed\E'].
02-15 17:50:39.736  1939  1957 D UiDevice: Searching for node with selector: BySelector [TEXT='\QProceed\E'].
02-15 17:50:40.453  1939  1957 D UiDevice: Retrieving node with selector: BySelector [TEXT='\QProceed\E'].
