--------- beginning of main
02-16 13:01:04.717  6054  6077 E TestRunner: failed: givenUserInAnotherTeam_whenFileIsSent_thenRecipientCanReceivePlayAndDownloadIt(com.wire.android.tests.core.criticalFlows.FileSharingBetweenTeams)
02-16 13:01:04.718  6054  6077 E TestRunner: ----- begin exception -----
02-16 13:01:04.718  6054  6077 E TestRunner: java.lang.AssertionError: Element not found with selector: text='Enter your email to start!'
02-16 13:01:04.718  6054  6077 E TestRunner: 	at uiautomatorutils.UiWaitUtils.waitElement(UiWaitUtils.kt:94)
02-16 13:01:04.718  6054  6077 E TestRunner: 	at uiautomatorutils.UiWaitUtils.waitElement$default(UiWaitUtils.kt:84)
02-16 13:01:04.718  6054  6077 E TestRunner: 	at com.wire.android.tests.core.pages.RegistrationPage.assertEmailWelcomePage(RegistrationPage.kt:66)
02-16 13:01:04.718  6054  6077 E TestRunner: 	at com.wire.android.tests.core.criticalFlows.FileSharingBetweenTeams.givenUserInAnotherTeam_whenFileIsSent_thenRecipientCanReceivePlayAndDownloadIt$lambda$7(FileSharingBetweenTeams.kt:127)
02-16 13:01:04.718  6054  6077 E TestRunner: 	at com.wire.android.tests.core.criticalFlows.FileSharingBetweenTeams.$r8$lambda$wBwXBq4ElaSAC8GukrexFtaXqkM(Unknown Source:0)
02-16 13:01:04.718  6054  6077 E TestRunner: 	at com.wire.android.tests.core.criticalFlows.FileSharingBetweenTeams$$ExternalSyntheticLambda2.invoke(D8$$SyntheticClass:0)
02-16 13:01:04.718  6054  6077 E TestRunner: 	at com.wire.android.tests.core.BaseUiTest.step$lambda$1(BaseUiTest.kt:54)
02-16 13:01:04.718  6054  6077 E TestRunner: 	at com.wire.android.tests.core.BaseUiTest.$r8$lambda$CSKDAIjp6271vtVFMpsHBDVw5qY(Unknown Source:0)
02-16 13:01:04.718  6054  6077 E TestRunner: 	at com.wire.android.tests.core.BaseUiTest$$ExternalSyntheticLambda1.invoke(D8$$SyntheticClass:0)
02-16 13:01:04.718  6054  6077 E TestRunner: 	at io.qameta.allure.kotlin.Allure.step(Allure.kt:60)
02-16 13:01:04.718  6054  6077 E TestRunner: 	at com.wire.android.tests.core.BaseUiTest.step(BaseUiTest.kt:54)
02-16 13:01:04.718  6054  6077 E TestRunner: 	at com.wire.android.tests.core.criticalFlows.FileSharingBetweenTeams.givenUserInAnotherTeam_whenFileIsSent_thenRecipientCanReceivePlayAndDownloadIt(FileSharingBetweenTeams.kt:125)
02-16 13:01:04.718  6054  6077 E TestRunner: 	at java.lang.reflect.Method.invoke(Native Method)
02-16 13:01:04.718  6054  6077 E TestRunner: 	at org.junit.runners.model.FrameworkMethod$1.runReflectiveCall(FrameworkMethod.java:59)
02-16 13:01:04.718  6054  6077 E TestRunner: 	at org.junit.internal.runners.model.ReflectiveCallable.run(ReflectiveCallable.java:12)
02-16 13:01:04.718  6054  6077 E TestRunner: 	at org.junit.runners.model.FrameworkMethod.invokeExplosively(FrameworkMethod.java:56)
02-16 13:01:04.718  6054  6077 E TestRunner: 	at org.junit.internal.runners.statements.InvokeMethod.evaluate(InvokeMethod.java:17)
02-16 13:01:04.718  6054  6077 E TestRunner: 	at androidx.test.internal.runner.junit4.statement.RunBefores.evaluate(RunBefores.java:80)
02-16 13:01:04.718  6054  6077 E TestRunner: 	at androidx.test.internal.runner.junit4.statement.RunAfters.evaluate(RunAfters.java:61)
02-16 13:01:04.718  6054  6077 E TestRunner: 	at com.wire.android.tests.support.suite.AllureFailureScreenshotRule$apply$1.evaluate(AllureFailureScreenshotRule.kt:44)
02-16 13:01:04.718  6054  6077 E TestRunner: 	at com.wire.android.tests.support.suite.AllureLabelsRule$apply$1.evaluate(AllureLabelsRule.kt:70)
02-16 13:01:04.718  6054  6077 E TestRunner: 	at org.junit.rules.TestWatcher$1.evaluate(TestWatcher.java:61)
02-16 13:01:04.718  6054  6077 E TestRunner: 	at com.wire.android.tests.support.suite.AllureLogcatRule$apply$1.evaluate(AllureLogcatRule.kt:41)
02-16 13:01:04.718  6054  6077 E TestRunner: 	at org.junit.runners.ParentRunner$3.evaluate(ParentRunner.java:306)
02-16 13:01:04.718  6054  6077 E TestRunner: 	at org.junit.runners.BlockJUnit4ClassRunner$1.evaluate(BlockJUnit4ClassRunner.java:100)
02-16 13:01:04.718  6054  6077 E TestRunner: 	at org.junit.runners.ParentRunner.runLeaf(ParentRunner.java:366)
02-16 13:01:04.718  6054  6077 E TestRunner: 	at org.junit.runners.BlockJUnit4ClassRunner.runChild(BlockJUnit4ClassRunner.java:103)
02-16 13:01:04.718  6054  6077 E TestRunner: 	at org.junit.runners.BlockJUnit4ClassRunner.runChild(BlockJUnit4ClassRunner.java:63)
02-16 13:01:04.718  6054  6077 E TestRunner: 	at org.junit.runners.ParentRunner$4.run(ParentRunner.java:331)
02-16 13:01:04.718  6054  6077 E TestRunner: 	at org.junit.runners.ParentRunner$1.schedule(ParentRunner.java:79)
02-16 13:01:04.718  6054  6077 E TestRunner: 	at org.junit.runners.ParentRunner.runChildren(ParentRunner.java:329)
02-16 13:01:04.718  6054  6077 E TestRunner: 	at org.junit.runners.ParentRunner.access$100(ParentRunner.java:66)
02-16 13:01:04.718  6054  6077 E TestRunner: 	at org.junit.runners.ParentRunner$2.evaluate(ParentRunner.java:293)
02-16 13:01:04.718  6054  6077 E TestRunner: 	at org.junit.runners.ParentRunner$3.evaluate(ParentRunner.java:306)
02-16 13:01:04.718  6054  6077 E TestRunner: 	at org.junit.runners.ParentRunner.run(ParentRunner.java:413)
02-16 13:01:04.718  6054  6077 E TestRunner: 	at androidx.test.ext.junit.runners.AndroidJUnit4.run(AndroidJUnit4.java:162)
02-16 13:01:04.718  6054  6077 E TestRunner: 	at org.junit.runners.Suite.runChild(Suite.java:128)
02-16 13:01:04.718  6054  6077 E TestRunner: 	at org.junit.runners.Suite.runChild(Suite.java:27)
02-16 13:01:04.718  6054  6077 E TestRunner: 	at org.junit.runners.ParentRunner$4.run(ParentRunner.java:331)
02-16 13:01:04.718  6054  6077 E TestRunner: 	at org.junit.runners.ParentRunner$1.schedule(ParentRunner.java:79)
02-16 13:01:04.718  6054  6077 E TestRunner: 	at org.junit.runners.ParentRunner.runChildren(ParentRunner.java:329)
02-16 13:01:04.718  6054  6077 E TestRunner: 	at org.junit.runners.ParentRunner.access$100(ParentRunner.java:66)
02-16 13:01:04.718  6054  6077 E TestRunner: 	at org.junit.runners.ParentRunner$2.evaluate(ParentRunner.java:293)
02-16 13:01:04.718  6054  6077 E TestRunner: 	at org.junit.runners.ParentRunner$3.evaluate(ParentRunner.java:306)
02-16 13:01:04.718  6054  6077 E TestRunner: 	at org.junit.runners.ParentRunner.run(ParentRunner.java:413)
02-16 13:01:04.718  6054  6077 E TestRunner: 	at org.junit.runner.JUnitCore.run(JUnitCore.java:137)
02-16 13:01:04.718  6054  6077 E TestRunner: 	at org.junit.runner.JUnitCore.run(JUnitCore.java:115)
02-16 13:01:04.718  6054  6077 E TestRunner: 	at androidx.test.internal.runner.TestExecutor.execute(TestExecutor.java:68)
02-16 13:01:04.718  6054  6077 E TestRunner: 	at androidx.test.internal.runner.TestExecutor.execute(TestExecutor.java:59)
02-16 13:01:04.718  6054  6077 E TestRunner: 	at androidx.test.runner.AndroidJUnitRunner.onStart(AndroidJUnitRunner.java:467)
02-16 13:01:04.718  6054  6077 E TestRunner: 	at com.wire.android.tests.support.suite.TaggedTestRunner.onStart(TaggedTestRunner.kt:51)
02-16 13:01:04.718  6054  6077 E TestRunner: 	at android.app.Instrumentation$InstrumentationThread.run(Instrumentation.java:2278)
02-16 13:01:04.718  6054  6077 E TestRunner: ----- end exception -----
02-16 13:01:04.723  6054  6077 I TestRunner: finished: givenUserInAnotherTeam_whenFileIsSent_thenRecipientCanReceivePlayAndDownloadIt(com.wire.android.tests.core.criticalFlows.FileSharingBetweenTeams)
02-16 13:01:04.778  6054  6077 I TestRunner: started: givenIStartGroupCall_whenParticipantShareMessageFileAndLocation_thenAllVisibleAndCallContinues(com.wire.android.tests.core.criticalFlows.GroupCallChat)
02-16 13:01:04.797  6054  6077 D UiDevice: Executing shell command: pm clear com.wire.internal
02-16 13:01:04.858  6054  6077 D UiDevice: Executing shell command: settings put secure show_ime_with_hard_keyboard 0
02-16 13:01:04.891  6054  6077 D UiDevice: Executing shell command: settings put global window_animation_scale 0
02-16 13:01:04.923  6054  6077 D UiDevice: Executing shell command: settings put global transition_animation_scale 0
02-16 13:01:04.947  6054  6077 D UiDevice: Executing shell command: settings put global animator_duration_scale .5
02-16 13:01:04.972  6054  6077 D UiDevice: Pressing home button.
02-16 13:01:06.018  6054  6077 W InteractionController: Timed out waiting 1000ms for command and events.
02-16 13:01:06.028  6054  6077 D UiDevice: Waiting 20000ms for SearchCondition[hasObject=BySelector [PKG='\Qcom.google.android.apps.nexuslauncher\E']].
02-16 13:01:06.029  6054  6077 D UiDevice: Searching for node with selector: BySelector [PKG='\Qcom.google.android.apps.nexuslauncher\E'].
02-16 13:01:06.347  6054  6077 D UiDevice: Searching for node with selector: BySelector [PKG='\Qcom.google.android.apps.nexuslauncher\E'].
02-16 13:01:06.497  6054  6077 D UiDevice: Searching for node with selector: BySelector [PKG='\Qcom.google.android.apps.nexuslauncher\E'].
02-16 13:01:06.649  6054  6077 D UiDevice: Searching for node with selector: BySelector [PKG='\Qcom.google.android.apps.nexuslauncher\E'].
02-16 13:01:06.798  6054  6077 D UiDevice: Searching for node with selector: BySelector [PKG='\Qcom.google.android.apps.nexuslauncher\E'].
02-16 13:01:06.951  6054  6077 D UiDevice: Searching for node with selector: BySelector [PKG='\Qcom.google.android.apps.nexuslauncher\E'].
02-16 13:01:07.099  6054  6077 D UiDevice: Searching for node with selector: BySelector [PKG='\Qcom.google.android.apps.nexuslauncher\E'].
02-16 13:01:07.258  6054  6077 D UiDevice: Searching for node with selector: BySelector [PKG='\Qcom.google.android.apps.nexuslauncher\E'].
02-16 13:01:07.417  6054  6077 D UiDevice: Searching for node with selector: BySelector [PKG='\Qcom.google.android.apps.nexuslauncher\E'].
02-16 13:01:07.571  6054  6077 D UiDevice: Searching for node with selector: BySelector [PKG='\Qcom.google.android.apps.nexuslauncher\E'].
02-16 13:01:07.719  6054  6077 D UiDevice: Searching for node with selector: BySelector [PKG='\Qcom.google.android.apps.nexuslauncher\E'].
02-16 13:01:07.867  6054  6077 D UiDevice: Searching for node with selector: BySelector [PKG='\Qcom.google.android.apps.nexuslauncher\E'].
02-16 13:01:08.013  6054  6077 D UiDevice: Searching for node with selector: BySelector [PKG='\Qcom.google.android.apps.nexuslauncher\E'].
02-16 13:01:08.169  6054  6077 D UiDevice: Searching for node with selector: BySelector [PKG='\Qcom.google.android.apps.nexuslauncher\E'].
02-16 13:01:08.520  6054  6077 D UiDevice: Searching for node with selector: BySelector [PKG='\Qcom.google.android.apps.nexuslauncher\E'].
02-16 13:01:08.674  6054  6077 D UiDevice: Searching for node with selector: BySelector [PKG='\Qcom.google.android.apps.nexuslauncher\E'].
02-16 13:01:08.828  6054  6077 D UiDevice: Searching for node with selector: BySelector [PKG='\Qcom.google.android.apps.nexuslauncher\E'].
02-16 13:01:08.974  6054  6077 D UiDevice: Searching for node with selector: BySelector [PKG='\Qcom.google.android.apps.nexuslauncher\E'].
02-16 13:01:09.129  6054  6077 D UiDevice: Searching for node with selector: BySelector [PKG='\Qcom.google.android.apps.nexuslauncher\E'].
02-16 13:01:09.286  6054  6077 D UiDevice: Searching for node with selector: BySelector [PKG='\Qcom.google.android.apps.nexuslauncher\E'].
02-16 13:01:09.436  6054  6077 D UiDevice: Searching for node with selector: BySelector [PKG='\Qcom.google.android.apps.nexuslauncher\E'].
02-16 13:01:09.590  6054  6077 D UiDevice: Searching for node with selector: BySelector [PKG='\Qcom.google.android.apps.nexuslauncher\E'].
02-16 13:01:09.747  6054  6077 D UiDevice: Searching for node with selector: BySelector [PKG='\Qcom.google.android.apps.nexuslauncher\E'].
02-16 13:01:09.900  6054  6077 D UiDevice: Searching for node with selector: BySelector [PKG='\Qcom.google.android.apps.nexuslauncher\E'].
02-16 13:01:10.052  6054  6077 D UiDevice: Searching for node with selector: BySelector [PKG='\Qcom.google.android.apps.nexuslauncher\E'].
02-16 13:01:10.196  6054  6077 D UiDevice: Searching for node with selector: BySelector [PKG='\Qcom.google.android.apps.nexuslauncher\E'].
02-16 13:01:10.523  6054  6077 D UiDevice: Searching for node with selector: BySelector [PKG='\Qcom.google.android.apps.nexuslauncher\E'].
02-16 13:01:10.677  6054  6077 D UiDevice: Searching for node with selector: BySelector [PKG='\Qcom.google.android.apps.nexuslauncher\E'].
02-16 13:01:10.828  6054  6077 D UiDevice: Searching for node with selector: BySelector [PKG='\Qcom.google.android.apps.nexuslauncher\E'].
02-16 13:01:10.972  6054  6077 D UiDevice: Searching for node with selector: BySelector [PKG='\Qcom.google.android.apps.nexuslauncher\E'].
02-16 13:01:11.131  6054  6077 D UiDevice: Searching for node with selector: BySelector [PKG='\Qcom.google.android.apps.nexuslauncher\E'].
02-16 13:01:11.287  6054  6077 D UiDevice: Searching for node with selector: BySelector [PKG='\Qcom.google.android.apps.nexuslauncher\E'].
02-16 13:01:11.435  6054  6077 D UiDevice: Searching for node with selector: BySelector [PKG='\Qcom.google.android.apps.nexuslauncher\E'].
02-16 13:01:11.593  6054  6077 D UiDevice: Searching for node with selector: BySelector [PKG='\Qcom.google.android.apps.nexuslauncher\E'].
02-16 13:01:11.746  6054  6077 D UiDevice: Searching for node with selector: BySelector [PKG='\Qcom.google.android.apps.nexuslauncher\E'].
02-16 13:01:11.896  6054  6077 D UiDevice: Searching for node with selector: BySelector [PKG='\Qcom.google.android.apps.nexuslauncher\E'].
02-16 13:01:12.047  6054  6077 D UiDevice: Searching for node with selector: BySelector [PKG='\Qcom.google.android.apps.nexuslauncher\E'].
02-16 13:01:12.193  6054  6077 D UiDevice: Searching for node with selector: BySelector [PKG='\Qcom.google.android.apps.nexuslauncher\E'].
02-16 13:01:12.214  6054  6059 I .testsCore.tes: Background concurrent copying GC freed 18MB AllocSpace bytes, 49(2248KB) LOS objects, 76% free, 7683KB/31MB, paused 72us,34us total 122.231ms
02-16 13:01:12.333  6054  6077 D UiDevice: Searching for node with selector: BySelector [PKG='\Qcom.google.android.apps.nexuslauncher\E'].
02-16 13:01:12.696  6054  6077 D UiDevice: Searching for node with selector: BySelector [PKG='\Qcom.google.android.apps.nexuslauncher\E'].
02-16 13:01:12.848  6054  6077 D UiDevice: Searching for node with selector: BySelector [PKG='\Qcom.google.android.apps.nexuslauncher\E'].
02-16 13:01:13.003  6054  6077 D UiDevice: Searching for node with selector: BySelector [PKG='\Qcom.google.android.apps.nexuslauncher\E'].
02-16 13:01:13.157  6054  6077 D UiDevice: Searching for node with selector: BySelector [PKG='\Qcom.google.android.apps.nexuslauncher\E'].
02-16 13:01:13.311  6054  6077 D UiDevice: Searching for node with selector: BySelector [PKG='\Qcom.google.android.apps.nexuslauncher\E'].
02-16 13:01:13.464  6054  6077 D UiDevice: Searching for node with selector: BySelector [PKG='\Qcom.google.android.apps.nexuslauncher\E'].
02-16 13:01:13.615  6054  6077 D UiDevice: Searching for node with selector: BySelector [PKG='\Qcom.google.android.apps.nexuslauncher\E'].
02-16 13:01:13.774  6054  6077 D UiDevice: Searching for node with selector: BySelector [PKG='\Qcom.google.android.apps.nexuslauncher\E'].
02-16 13:01:13.933  6054  6077 D UiDevice: Searching for node with selector: BySelector [PKG='\Qcom.google.android.apps.nexuslauncher\E'].
02-16 13:01:14.090  6054  6077 D UiDevice: Searching for node with selector: BySelector [PKG='\Qcom.google.android.apps.nexuslauncher\E'].
02-16 13:01:14.247  6054  6077 D UiDevice: Searching for node with selector: BySelector [PKG='\Qcom.google.android.apps.nexuslauncher\E'].
02-16 13:01:14.395  6054  6077 D UiDevice: Searching for node with selector: BySelector [PKG='\Qcom.google.android.apps.nexuslauncher\E'].
02-16 13:01:14.720  6054  6077 D UiDevice: Searching for node with selector: BySelector [PKG='\Qcom.google.android.apps.nexuslauncher\E'].
02-16 13:01:14.871  6054  6077 D UiDevice: Searching for node with selector: BySelector [PKG='\Qcom.google.android.apps.nexuslauncher\E'].
02-16 13:01:15.013  6054  6077 D UiDevice: Searching for node with selector: BySelector [PKG='\Qcom.google.android.apps.nexuslauncher\E'].
02-16 13:01:15.161  6054  6077 D UiDevice: Searching for node with selector: BySelector [PKG='\Qcom.google.android.apps.nexuslauncher\E'].
02-16 13:01:15.315  6054  6077 D UiDevice: Searching for node with selector: BySelector [PKG='\Qcom.google.android.apps.nexuslauncher\E'].
02-16 13:01:15.470  6054  6077 D UiDevice: Searching for node with selector: BySelector [PKG='\Qcom.google.android.apps.nexuslauncher\E'].
02-16 13:01:15.616  6054  6077 D UiDevice: Searching for node with selector: BySelector [PKG='\Qcom.google.android.apps.nexuslauncher\E'].
02-16 13:01:15.773  6054  6077 D UiDevice: Searching for node with selector: BySelector [PKG='\Qcom.google.android.apps.nexuslauncher\E'].
02-16 13:01:15.929  6054  6077 D UiDevice: Searching for node with selector: BySelector [PKG='\Qcom.google.android.apps.nexuslauncher\E'].
02-16 13:01:16.078  6054  6077 D UiDevice: Searching for node with selector: BySelector [PKG='\Qcom.google.android.apps.nexuslauncher\E'].
02-16 13:01:16.232  6054  6077 D UiDevice: Searching for node with selector: BySelector [PKG='\Qcom.google.android.apps.nexuslauncher\E'].
02-16 13:01:16.382  6054  6077 D UiDevice: Searching for node with selector: BySelector [PKG='\Qcom.google.android.apps.nexuslauncher\E'].
02-16 13:01:16.533  6054  6077 D UiDevice: Searching for node with selector: BySelector [PKG='\Qcom.google.android.apps.nexuslauncher\E'].
02-16 13:01:16.882  6054  6077 D UiDevice: Searching for node with selector: BySelector [PKG='\Qcom.google.android.apps.nexuslauncher\E'].
02-16 13:01:17.031  6054  6077 D UiDevice: Searching for node with selector: BySelector [PKG='\Qcom.google.android.apps.nexuslauncher\E'].
02-16 13:01:17.183  6054  6077 D UiDevice: Searching for node with selector: BySelector [PKG='\Qcom.google.android.apps.nexuslauncher\E'].
02-16 13:01:17.331  6054  6077 D UiDevice: Searching for node with selector: BySelector [PKG='\Qcom.google.android.apps.nexuslauncher\E'].
02-16 13:01:17.481  6054  6077 D UiDevice: Searching for node with selector: BySelector [PKG='\Qcom.google.android.apps.nexuslauncher\E'].
02-16 13:01:17.637  6054  6077 D UiDevice: Searching for node with selector: BySelector [PKG='\Qcom.google.android.apps.nexuslauncher\E'].
02-16 13:01:17.794  6054  6077 D UiDevice: Searching for node with selector: BySelector [PKG='\Qcom.google.android.apps.nexuslauncher\E'].
02-16 13:01:17.950  6054  6077 D UiDevice: Searching for node with selector: BySelector [PKG='\Qcom.google.android.apps.nexuslauncher\E'].
02-16 13:01:18.101  6054  6077 D UiDevice: Searching for node with selector: BySelector [PKG='\Qcom.google.android.apps.nexuslauncher\E'].
02-16 13:01:18.255  6054  6077 D UiDevice: Searching for node with selector: BySelector [PKG='\Qcom.google.android.apps.nexuslauncher\E'].
02-16 13:01:18.411  6054  6077 D UiDevice: Searching for node with selector: BySelector [PKG='\Qcom.google.android.apps.nexuslauncher\E'].
02-16 13:01:18.568  6054  6077 D UiDevice: Searching for node with selector: BySelector [PKG='\Qcom.google.android.apps.nexuslauncher\E'].
02-16 13:01:18.922  6054  6077 D UiDevice: Searching for node with selector: BySelector [PKG='\Qcom.google.android.apps.nexuslauncher\E'].
02-16 13:01:19.076  6054  6077 D UiDevice: Searching for node with selector: BySelector [PKG='\Qcom.google.android.apps.nexuslauncher\E'].
02-16 13:01:19.230  6054  6077 D UiDevice: Searching for node with selector: BySelector [PKG='\Qcom.google.android.apps.nexuslauncher\E'].
02-16 13:01:19.376  6054  6077 D UiDevice: Searching for node with selector: BySelector [PKG='\Qcom.google.android.apps.nexuslauncher\E'].
02-16 13:01:19.529  6054  6077 D UiDevice: Searching for node with selector: BySelector [PKG='\Qcom.google.android.apps.nexuslauncher\E'].
02-16 13:01:19.684  6054  6077 D UiDevice: Searching for node with selector: BySelector [PKG='\Qcom.google.android.apps.nexuslauncher\E'].
02-16 13:01:19.837  6054  6077 D UiDevice: Searching for node with selector: BySelector [PKG='\Qcom.google.android.apps.nexuslauncher\E'].
02-16 13:01:19.991  6054  6077 D UiDevice: Searching for node with selector: BySelector [PKG='\Qcom.google.android.apps.nexuslauncher\E'].
02-16 13:01:20.143  6054  6077 D UiDevice: Searching for node with selector: BySelector [PKG='\Qcom.google.android.apps.nexuslauncher\E'].
02-16 13:01:20.292  6054  6077 D UiDevice: Searching for node with selector: BySelector [PKG='\Qcom.google.android.apps.nexuslauncher\E'].
02-16 13:01:20.445  6054  6077 D UiDevice: Searching for node with selector: BySelector [PKG='\Qcom.google.android.apps.nexuslauncher\E'].
02-16 13:01:20.598  6054  6077 D UiDevice: Searching for node with selector: BySelector [PKG='\Qcom.google.android.apps.nexuslauncher\E'].
02-16 13:01:20.950  6054  6077 D UiDevice: Searching for node with selector: BySelector [PKG='\Qcom.google.android.apps.nexuslauncher\E'].
02-16 13:01:21.104  6054  6077 D UiDevice: Searching for node with selector: BySelector [PKG='\Qcom.google.android.apps.nexuslauncher\E'].
02-16 13:01:21.255  6054  6077 D UiDevice: Searching for node with selector: BySelector [PKG='\Qcom.google.android.apps.nexuslauncher\E'].
02-16 13:01:21.408  6054  6077 D UiDevice: Searching for node with selector: BySelector [PKG='\Qcom.google.android.apps.nexuslauncher\E'].
02-16 13:01:21.558  6054  6077 D UiDevice: Searching for node with selector: BySelector [PKG='\Qcom.google.android.apps.nexuslauncher\E'].
02-16 13:01:21.714  6054  6077 D UiDevice: Searching for node with selector: BySelector [PKG='\Qcom.google.android.apps.nexuslauncher\E'].
02-16 13:01:21.872  6054  6077 D UiDevice: Searching for node with selector: BySelector [PKG='\Qcom.google.android.apps.nexuslauncher\E'].
02-16 13:01:22.030  6054  6077 D UiDevice: Searching for node with selector: BySelector [PKG='\Qcom.google.android.apps.nexuslauncher\E'].
02-16 13:01:22.181  6054  6077 D UiDevice: Searching for node with selector: BySelector [PKG='\Qcom.google.android.apps.nexuslauncher\E'].
02-16 13:01:22.333  6054  6077 D UiDevice: Searching for node with selector: BySelector [PKG='\Qcom.google.android.apps.nexuslauncher\E'].
02-16 13:01:22.486  6054  6077 D UiDevice: Searching for node with selector: BySelector [PKG='\Qcom.google.android.apps.nexuslauncher\E'].
02-16 13:01:22.636  6054  6077 D UiDevice: Searching for node with selector: BySelector [PKG='\Qcom.google.android.apps.nexuslauncher\E'].
02-16 13:01:22.998  6054  6077 D UiDevice: Searching for node with selector: BySelector [PKG='\Qcom.google.android.apps.nexuslauncher\E'].
02-16 13:01:23.157  6054  6077 D UiDevice: Searching for node with selector: BySelector [PKG='\Qcom.google.android.apps.nexuslauncher\E'].
02-16 13:01:23.311  6054  6077 D UiDevice: Searching for node with selector: BySelector [PKG='\Qcom.google.android.apps.nexuslauncher\E'].
02-16 13:01:23.467  6054  6077 D UiDevice: Searching for node with selector: BySelector [PKG='\Qcom.google.android.apps.nexuslauncher\E'].
02-16 13:01:23.613  6054  6077 D UiDevice: Searching for node with selector: BySelector [PKG='\Qcom.google.android.apps.nexuslauncher\E'].
02-16 13:01:23.766  6054  6077 D UiDevice: Searching for node with selector: BySelector [PKG='\Qcom.google.android.apps.nexuslauncher\E'].
02-16 13:01:24.429  6054  6077 D UiDevice: Searching for node with selector: BySelector [PKG='\Qcom.google.android.apps.nexuslauncher\E'].
02-16 13:01:24.572  6054  6077 D UiDevice: Searching for node with selector: BySelector [PKG='\Qcom.google.android.apps.nexuslauncher\E'].
02-16 13:01:24.728  6054  6077 D UiDevice: Searching for node with selector: BySelector [PKG='\Qcom.google.android.apps.nexuslauncher\E'].
02-16 13:01:25.094  6054  6077 D UiDevice: Searching for node with selector: BySelector [PKG='\Qcom.google.android.apps.nexuslauncher\E'].
02-16 13:01:25.250  6054  6077 D UiDevice: Searching for node with selector: BySelector [PKG='\Qcom.google.android.apps.nexuslauncher\E'].
02-16 13:01:25.403  6054  6077 D UiDevice: Searching for node with selector: BySelector [PKG='\Qcom.google.android.apps.nexuslauncher\E'].
02-16 13:01:25.556  6054  6077 D UiDevice: Searching for node with selector: BySelector [PKG='\Qcom.google.android.apps.nexuslauncher\E'].
02-16 13:01:25.713  6054  6077 D UiDevice: Searching for node with selector: BySelector [PKG='\Qcom.google.android.apps.nexuslauncher\E'].
02-16 13:01:25.872  6054  6077 D UiDevice: Searching for node with selector: BySelector [PKG='\Qcom.google.android.apps.nexuslauncher\E'].
02-16 13:01:26.030  6054  6077 D UiDevice: Searching for node with selector: BySelector [PKG='\Qcom.google.android.apps.nexuslauncher\E'].
02-16 13:01:26.110  6054  6077 D UiDevice: Waiting 20000ms for SearchCondition[hasObject=BySelector [PKG='\Qcom.wire.internal\E']].
02-16 13:01:26.110  6054  6077 D UiDevice: Searching for node with selector: BySelector [PKG='\Qcom.wire.internal\E'].
02-16 13:01:26.232  6054  6077 D UiDevice: Searching for node with selector: BySelector [PKG='\Qcom.wire.internal\E'].
02-16 13:01:26.361  6054  6077 D UiDevice: Searching for node with selector: BySelector [PKG='\Qcom.wire.internal\E'].
02-16 13:01:26.486  6054  6077 D UiDevice: Searching for node with selector: BySelector [PKG='\Qcom.wire.internal\E'].
02-16 13:01:26.617  6054  6077 D UiDevice: Searching for node with selector: BySelector [PKG='\Qcom.wire.internal\E'].
02-16 13:01:26.742  6054  6077 D UiDevice: Searching for node with selector: BySelector [PKG='\Qcom.wire.internal\E'].
02-16 13:01:27.042  6054  6077 D UiDevice: Searching for node with selector: BySelector [PKG='\Qcom.wire.internal\E'].
02-16 13:01:27.185  6054  6077 D UiDevice: Searching for node with selector: BySelector [PKG='\Qcom.wire.internal\E'].
02-16 13:01:27.308  6054  6077 D UiDevice: Searching for node with selector: BySelector [PKG='\Qcom.wire.internal\E'].
02-16 13:01:27.435  6054  6077 D UiDevice: Searching for node with selector: BySelector [PKG='\Qcom.wire.internal\E'].
02-16 13:01:27.563  6054  6077 D UiDevice: Searching for node with selector: BySelector [PKG='\Qcom.wire.internal\E'].
02-16 13:01:27.691  6054  6077 D UiDevice: Searching for node with selector: BySelector [PKG='\Qcom.wire.internal\E'].
02-16 13:01:27.819  6054  6077 D UiDevice: Searching for node with selector: BySelector [PKG='\Qcom.wire.internal\E'].
02-16 13:01:27.945  6054  6077 D UiDevice: Searching for node with selector: BySelector [PKG='\Qcom.wire.internal\E'].
02-16 13:01:28.074  6054  6077 D UiDevice: Searching for node with selector: BySelector [PKG='\Qcom.wire.internal\E'].
02-16 13:01:28.201  6054  6077 D UiDevice: Searching for node with selector: BySelector [PKG='\Qcom.wire.internal\E'].
02-16 13:01:28.325  6054  6077 D UiDevice: Searching for node with selector: BySelector [PKG='\Qcom.wire.internal\E'].
02-16 13:01:28.449  6054  6077 D UiDevice: Searching for node with selector: BySelector [PKG='\Qcom.wire.internal\E'].
02-16 13:01:28.572  6054  6077 D UiDevice: Searching for node with selector: BySelector [PKG='\Qcom.wire.internal\E'].
02-16 13:01:28.694  6054  6077 D UiDevice: Searching for node with selector: BySelector [PKG='\Qcom.wire.internal\E'].
02-16 13:01:28.814  6054  6077 D UiDevice: Searching for node with selector: BySelector [PKG='\Qcom.wire.internal\E'].
02-16 13:01:29.029  6054  6077 D UiDevice: Searching for node with selector: BySelector [PKG='\Qcom.wire.internal\E'].
02-16 13:01:29.152  6054  6077 D UiDevice: Searching for node with selector: BySelector [PKG='\Qcom.wire.internal\E'].
02-16 13:01:29.276  6054  6077 D UiDevice: Searching for node with selector: BySelector [PKG='\Qcom.wire.internal\E'].
02-16 13:01:29.403  6054  6077 D UiDevice: Searching for node with selector: BySelector [PKG='\Qcom.wire.internal\E'].
02-16 13:01:29.529  6054  6077 D UiDevice: Searching for node with selector: BySelector [PKG='\Qcom.wire.internal\E'].
02-16 13:01:29.656  6054  6077 D UiDevice: Searching for node with selector: BySelector [PKG='\Qcom.wire.internal\E'].
02-16 13:01:29.785  6054  6077 D UiDevice: Searching for node with selector: BySelector [PKG='\Qcom.wire.internal\E'].
02-16 13:01:29.915  6054  6077 D UiDevice: Searching for node with selector: BySelector [PKG='\Qcom.wire.internal\E'].
02-16 13:01:30.044  6054  6077 D UiDevice: Searching for node with selector: BySelector [PKG='\Qcom.wire.internal\E'].
02-16 13:01:30.174  6054  6077 D UiDevice: Searching for node with selector: BySelector [PKG='\Qcom.wire.internal\E'].
02-16 13:01:30.303  6054  6077 D UiDevice: Searching for node with selector: BySelector [PKG='\Qcom.wire.internal\E'].
02-16 13:01:30.432  6054  6077 D UiDevice: Searching for node with selector: BySelector [PKG='\Qcom.wire.internal\E'].
02-16 13:01:30.559  6054  6077 D UiDevice: Searching for node with selector: BySelector [PKG='\Qcom.wire.internal\E'].
02-16 13:01:30.689  6054  6077 D UiDevice: Searching for node with selector: BySelector [PKG='\Qcom.wire.internal\E'].
02-16 13:01:30.817  6054  6077 D UiDevice: Searching for node with selector: BySelector [PKG='\Qcom.wire.internal\E'].
02-16 13:01:31.050  6054  6077 D UiDevice: Searching for node with selector: BySelector [PKG='\Qcom.wire.internal\E'].
02-16 13:01:31.178  6054  6077 D UiDevice: Searching for node with selector: BySelector [PKG='\Qcom.wire.internal\E'].
02-16 13:01:31.304  6054  6077 D UiDevice: Searching for node with selector: BySelector [PKG='\Qcom.wire.internal\E'].
02-16 13:01:31.428  6054  6077 D UiDevice: Searching for node with selector: BySelector [PKG='\Qcom.wire.internal\E'].
02-16 13:01:31.555  6054  6077 D UiDevice: Searching for node with selector: BySelector [PKG='\Qcom.wire.internal\E'].
02-16 13:01:31.678  6054  6077 D UiDevice: Searching for node with selector: BySelector [PKG='\Qcom.wire.internal\E'].
02-16 13:01:31.801  6054  6077 D UiDevice: Searching for node with selector: BySelector [PKG='\Qcom.wire.internal\E'].
02-16 13:01:31.926  6054  6077 D UiDevice: Searching for node with selector: BySelector [PKG='\Qcom.wire.internal\E'].
02-16 13:01:32.076  6054  6077 D UiDevice: Searching for node with selector: BySelector [PKG='\Qcom.wire.internal\E'].
02-16 13:01:32.231  6054  6077 D UiDevice: Searching for node with selector: BySelector [PKG='\Qcom.wire.internal\E'].
02-16 13:01:32.382  6054  6077 D UiDevice: Searching for node with selector: BySelector [PKG='\Qcom.wire.internal\E'].
02-16 13:01:32.530  6054  6077 D UiDevice: Searching for node with selector: BySelector [PKG='\Qcom.wire.internal\E'].
02-16 13:01:32.677  6054  6077 D UiDevice: Searching for node with selector: BySelector [PKG='\Qcom.wire.internal\E'].
02-16 13:01:32.829  6054  6077 D UiDevice: Searching for node with selector: BySelector [PKG='\Qcom.wire.internal\E'].
02-16 13:01:33.161  6054  6077 D UiDevice: Searching for node with selector: BySelector [PKG='\Qcom.wire.internal\E'].
02-16 13:01:33.318  6054  6077 D UiDevice: Searching for node with selector: BySelector [PKG='\Qcom.wire.internal\E'].
02-16 13:01:33.473  6054  6077 D UiDevice: Searching for node with selector: BySelector [PKG='\Qcom.wire.internal\E'].
02-16 13:01:33.630  6054  6077 D UiDevice: Searching for node with selector: BySelector [PKG='\Qcom.wire.internal\E'].
02-16 13:01:33.784  6054  6077 D UiDevice: Searching for node with selector: BySelector [PKG='\Qcom.wire.internal\E'].
02-16 13:01:33.937  6054  6077 D UiDevice: Searching for node with selector: BySelector [PKG='\Qcom.wire.internal\E'].
02-16 13:01:34.087  6054  6077 D UiDevice: Searching for node with selector: BySelector [PKG='\Qcom.wire.internal\E'].
02-16 13:01:34.239  6054  6077 D UiDevice: Searching for node with selector: BySelector [PKG='\Qcom.wire.internal\E'].
02-16 13:01:34.391  6054  6077 D UiDevice: Searching for node with selector: BySelector [PKG='\Qcom.wire.internal\E'].
02-16 13:01:34.520  6054  6077 D UiDevice: Searching for node with selector: BySelector [PKG='\Qcom.wire.internal\E'].
02-16 13:01:34.652  6054  6077 D UiDevice: Searching for node with selector: BySelector [PKG='\Qcom.wire.internal\E'].
02-16 13:01:34.806  6054  6077 D UiDevice: Searching for node with selector: BySelector [PKG='\Qcom.wire.internal\E'].
02-16 13:01:34.954  6054  6077 D UiDevice: Searching for node with selector: BySelector [PKG='\Qcom.wire.internal\E'].
02-16 13:01:35.309  6054  6077 D UiDevice: Searching for node with selector: BySelector [PKG='\Qcom.wire.internal\E'].
02-16 13:01:35.464  6054  6077 D UiDevice: Searching for node with selector: BySelector [PKG='\Qcom.wire.internal\E'].
02-16 13:01:35.618  6054  6077 D UiDevice: Searching for node with selector: BySelector [PKG='\Qcom.wire.internal\E'].
02-16 13:01:35.774  6054  6077 D UiDevice: Searching for node with selector: BySelector [PKG='\Qcom.wire.internal\E'].
02-16 13:01:35.928  6054  6077 D UiDevice: Searching for node with selector: BySelector [PKG='\Qcom.wire.internal\E'].
02-16 13:01:36.080  6054  6077 D UiDevice: Searching for node with selector: BySelector [PKG='\Qcom.wire.internal\E'].
02-16 13:01:36.236  6054  6077 D UiDevice: Searching for node with selector: BySelector [PKG='\Qcom.wire.internal\E'].
02-16 13:01:36.387  6054  6077 D UiDevice: Searching for node with selector: BySelector [PKG='\Qcom.wire.internal\E'].
02-16 13:01:36.532  6054  6077 D UiDevice: Searching for node with selector: BySelector [PKG='\Qcom.wire.internal\E'].
02-16 13:01:36.656  6054  6077 D UiDevice: Searching for node with selector: BySelector [PKG='\Qcom.wire.internal\E'].
02-16 13:01:36.787  6054  6077 D UiDevice: Searching for node with selector: BySelector [PKG='\Qcom.wire.internal\E'].
02-16 13:01:36.940  6054  6077 D UiDevice: Searching for node with selector: BySelector [PKG='\Qcom.wire.internal\E'].
02-16 13:01:37.093  6054  6077 D UiDevice: Searching for node with selector: BySelector [PKG='\Qcom.wire.internal\E'].
02-16 13:01:37.460  6054  6077 D UiDevice: Searching for node with selector: BySelector [PKG='\Qcom.wire.internal\E'].
02-16 13:01:37.615  6054  6077 D UiDevice: Searching for node with selector: BySelector [PKG='\Qcom.wire.internal\E'].
02-16 13:01:37.768  6054  6077 D UiDevice: Searching for node with selector: BySelector [PKG='\Qcom.wire.internal\E'].
02-16 13:01:37.919  6054  6077 D UiDevice: Searching for node with selector: BySelector [PKG='\Qcom.wire.internal\E'].
02-16 13:01:38.074  6054  6077 D UiDevice: Searching for node with selector: BySelector [PKG='\Qcom.wire.internal\E'].
02-16 13:01:38.233  6054  6077 D UiDevice: Searching for node with selector: BySelector [PKG='\Qcom.wire.internal\E'].
02-16 13:01:38.387  6054  6077 D UiDevice: Searching for node with selector: BySelector [PKG='\Qcom.wire.internal\E'].
02-16 13:01:38.535  6054  6077 D UiDevice: Searching for node with selector: BySelector [PKG='\Qcom.wire.internal\E'].
02-16 13:01:38.689  6054  6077 D UiDevice: Searching for node with selector: BySelector [PKG='\Qcom.wire.internal\E'].
02-16 13:01:38.842  6054  6077 D UiDevice: Searching for node with selector: BySelector [PKG='\Qcom.wire.internal\E'].
02-16 13:01:38.993  6054  6077 D UiDevice: Searching for node with selector: BySelector [PKG='\Qcom.wire.internal\E'].
02-16 13:01:39.150  6054  6077 D UiDevice: Searching for node with selector: BySelector [PKG='\Qcom.wire.internal\E'].
02-16 13:01:39.516  6054  6077 D UiDevice: Searching for node with selector: BySelector [PKG='\Qcom.wire.internal\E'].
02-16 13:01:39.640  6054  6077 D UiDevice: Searching for node with selector: BySelector [PKG='\Qcom.wire.internal\E'].
02-16 13:01:39.774  6054  6077 D UiDevice: Searching for node with selector: BySelector [PKG='\Qcom.wire.internal\E'].
02-16 13:01:39.902  6054  6077 D UiDevice: Searching for node with selector: BySelector [PKG='\Qcom.wire.internal\E'].
02-16 13:01:40.022  6054  6077 D UiDevice: Searching for node with selector: BySelector [PKG='\Qcom.wire.internal\E'].
02-16 13:01:40.147  6054  6077 D UiDevice: Searching for node with selector: BySelector [PKG='\Qcom.wire.internal\E'].
02-16 13:01:40.268  6054  6077 D UiDevice: Searching for node with selector: BySelector [PKG='\Qcom.wire.internal\E'].
02-16 13:01:40.388  6054  6077 D UiDevice: Searching for node with selector: BySelector [PKG='\Qcom.wire.internal\E'].
02-16 13:01:40.510  6054  6077 D UiDevice: Searching for node with selector: BySelector [PKG='\Qcom.wire.internal\E'].
02-16 13:01:40.632  6054  6077 D UiDevice: Searching for node with selector: BySelector [PKG='\Qcom.wire.internal\E'].
02-16 13:01:40.754  6054  6077 D UiDevice: Searching for node with selector: BySelector [PKG='\Qcom.wire.internal\E'].
02-16 13:01:40.876  6054  6077 D UiDevice: Searching for node with selector: BySelector [PKG='\Qcom.wire.internal\E'].
02-16 13:01:41.019  6054  6077 D UiDevice: Searching for node with selector: BySelector [PKG='\Qcom.wire.internal\E'].
02-16 13:01:41.164  6054  6077 D UiDevice: Searching for node with selector: BySelector [PKG='\Qcom.wire.internal\E'].
02-16 13:01:41.506  6054  6077 D UiDevice: Searching for node with selector: BySelector [PKG='\Qcom.wire.internal\E'].
02-16 13:01:41.660  6054  6077 D UiDevice: Searching for node with selector: BySelector [PKG='\Qcom.wire.internal\E'].
02-16 13:01:41.816  6054  6077 D UiDevice: Searching for node with selector: BySelector [PKG='\Qcom.wire.internal\E'].
02-16 13:01:41.970  6054  6077 D UiDevice: Searching for node with selector: BySelector [PKG='\Qcom.wire.internal\E'].
02-16 13:01:42.123  6054  6077 D UiDevice: Searching for node with selector: BySelector [PKG='\Qcom.wire.internal\E'].
02-16 13:01:42.272  6054  6077 D UiDevice: Searching for node with selector: BySelector [PKG='\Qcom.wire.internal\E'].
02-16 13:01:42.429  6054  6077 D UiDevice: Searching for node with selector: BySelector [PKG='\Qcom.wire.internal\E'].
02-16 13:01:42.585  6054  6077 D UiDevice: Searching for node with selector: BySelector [PKG='\Qcom.wire.internal\E'].
02-16 13:01:42.732  6054  6077 D UiDevice: Searching for node with selector: BySelector [PKG='\Qcom.wire.internal\E'].
02-16 13:01:42.882  6054  6077 D UiDevice: Searching for node with selector: BySelector [PKG='\Qcom.wire.internal\E'].
02-16 13:01:43.032  6054  6077 D UiDevice: Searching for node with selector: BySelector [PKG='\Qcom.wire.internal\E'].
02-16 13:01:43.189  6054  6077 D UiDevice: Searching for node with selector: BySelector [PKG='\Qcom.wire.internal\E'].
02-16 13:01:43.545  6054  6077 D UiDevice: Searching for node with selector: BySelector [PKG='\Qcom.wire.internal\E'].
02-16 13:01:43.848  6054  6077 D UiDevice: Searching for node with selector: BySelector [PKG='\Qcom.wire.internal\E'].
02-16 13:01:43.994  6054  6077 D UiDevice: Searching for node with selector: BySelector [PKG='\Qcom.wire.internal\E'].
02-16 13:01:44.149  6054  6077 D UiDevice: Searching for node with selector: BySelector [PKG='\Qcom.wire.internal\E'].
02-16 13:01:44.293  6054  6077 D UiDevice: Searching for node with selector: BySelector [PKG='\Qcom.wire.internal\E'].
02-16 13:01:44.445  6054  6077 D UiDevice: Searching for node with selector: BySelector [PKG='\Qcom.wire.internal\E'].
02-16 13:01:44.597  6054  6077 D UiDevice: Searching for node with selector: BySelector [PKG='\Qcom.wire.internal\E'].
02-16 13:01:44.751  6054  6077 D UiDevice: Searching for node with selector: BySelector [PKG='\Qcom.wire.internal\E'].
02-16 13:01:44.900  6054  6077 D UiDevice: Searching for node with selector: BySelector [PKG='\Qcom.wire.internal\E'].
02-16 13:01:45.057  6054  6077 D UiDevice: Searching for node with selector: BySelector [PKG='\Qcom.wire.internal\E'].
02-16 13:01:45.204  6054  6077 D UiDevice: Searching for node with selector: BySelector [PKG='\Qcom.wire.internal\E'].
02-16 13:01:45.484  6054  6077 D UiDevice: Searching for node with selector: BySelector [PKG='\Qcom.wire.internal\E'].
02-16 13:01:45.636  6054  6077 D UiDevice: Searching for node with selector: BySelector [PKG='\Qcom.wire.internal\E'].
02-16 13:01:45.795  6054  6077 D UiDevice: Searching for node with selector: BySelector [PKG='\Qcom.wire.internal\E'].
02-16 13:01:45.950  6054  6077 D UiDevice: Searching for node with selector: BySelector [PKG='\Qcom.wire.internal\E'].
02-16 13:01:46.101  6054  6077 D UiDevice: Searching for node with selector: BySelector [PKG='\Qcom.wire.internal\E'].
02-16 13:01:46.151  6054  6077 I System.out: Could not access BuildConfig field 'BACKENDCONNECTION_STAGING_SOCKSPROXY': No field BACKENDCONNECTION_STAGING_SOCKSPROXY in class Lcom/wire/android/testSupport/BuildConfig; (declaration of 'com.wire.android.testSupport.BuildConfig' appears in /data/app/~~W0-IPFSbvyPOAPCjlX2t1g==/com.wire.android.tests.testsCore.test-WHzOfHM9A41J_M5vfuWEjw==/base.apk!classes2.dex)
02-16 13:01:46.153  6054  6077 I System.out: Could not access BuildConfig field 'BACKENDCONNECTION_STAGING_SOCKSPROXY': No field BACKENDCONNECTION_STAGING_SOCKSPROXY in class Lcom/wire/android/testSupport/BuildConfig; (declaration of 'com.wire.android.testSupport.BuildConfig' appears in /data/app/~~W0-IPFSbvyPOAPCjlX2t1g==/com.wire.android.tests.testsCore.test-WHzOfHM9A41J_M5vfuWEjw==/base.apk!classes2.dex)
02-16 13:01:46.154  6054  6077 I System.out: Could not access BuildConfig field 'BACKENDCONNECTION_STAGING_SOCKSPROXY': No field BACKENDCONNECTION_STAGING_SOCKSPROXY in class Lcom/wire/android/testSupport/BuildConfig; (declaration of 'com.wire.android.testSupport.BuildConfig' appears in /data/app/~~W0-IPFSbvyPOAPCjlX2t1g==/com.wire.android.tests.testsCore.test-WHzOfHM9A41J_M5vfuWEjw==/base.apk!classes2.dex)
02-16 13:01:46.339  6054  6077 W UiAutomation: UiAutomation.grantRuntimePermission() is more robust and should be used instead of 'pm grant'
02-16 13:01:46.346  6054  6077 W UiAutomation: UiAutomation.grantRuntimePermission() is more robust and should be used instead of 'pm grant'
02-16 13:01:46.359  6054  6077 I ClientUserManager: 13:01:46 INFO [361] (ClientUse) Cannot find user by: user1Name 
02-16 13:01:46.361  6054  6077 I Hello   : 13:01:46 INFO [361] (ClientUse) Hello, my name is Dominic Effertz and my email is effertzrkngavhwwg@wire.engineering and password is @@60Rtlj and emailPassword is >NVwy&~v:5]ainnnnn 
02-16 13:01:48.274  6054  6077 I ClientUserManager: 13:01:48 INFO [361] (ClientUse) Cannot find user by: user1Name 
02-16 13:01:48.324  6054  6077 I ClientUserManager: 13:01:48 INFO [361] (ClientUse) Cannot find user by: user2Name 
02-16 13:01:48.327  6054  6077 I ClientUserManager: 13:01:48 INFO [361] (ClientUse) Cannot find user by: user3Name 
02-16 13:01:50.239  6054  6077 I ClientUserManager: 13:01:50 INFO [361] (ClientUse) Cannot find user by: user1Name 
02-16 13:01:50.248  6054  6077 I ClientUserManager: 13:01:50 INFO [361] (ClientUse) Cannot find user by: user2Name 
02-16 13:01:50.256  6054  6077 I ClientUserManager: 13:01:50 INFO [361] (ClientUse) Cannot find user by: user3Name 
02-16 13:01:50.258  6054  6077 I System.out: Could not access BuildConfig field 'BACKENDCONNECTION_STAGING_SOCKSPROXY': No field BACKENDCONNECTION_STAGING_SOCKSPROXY in class Lcom/wire/android/testSupport/BuildConfig; (declaration of 'com.wire.android.testSupport.BuildConfig' appears in /data/app/~~W0-IPFSbvyPOAPCjlX2t1g==/com.wire.android.tests.testsCore.test-WHzOfHM9A41J_M5vfuWEjw==/base.apk!classes2.dex)
02-16 13:01:50.403  6054  6077 I ClientUserManager: 13:01:50 INFO [361] (ClientUse) Cannot find user by: user3Name 
02-16 13:01:50.405  6054  6077 I System.out: Could not access BuildConfig field 'BACKENDCONNECTION_STAGING_SOCKSPROXY': No field BACKENDCONNECTION_STAGING_SOCKSPROXY in class Lcom/wire/android/testSupport/BuildConfig; (declaration of 'com.wire.android.testSupport.BuildConfig' appears in /data/app/~~W0-IPFSbvyPOAPCjlX2t1g==/com.wire.android.tests.testsCore.test-WHzOfHM9A41J_M5vfuWEjw==/base.apk!classes2.dex)
02-16 13:01:50.408  6054  6077 I ClientUserManager: 13:01:50 INFO [361] (ClientUse) Cannot find user by: user3Name 
02-16 13:01:50.466  6054  6077 I ClientUserManager: 13:01:50 INFO [361] (ClientUse) Cannot find user by: user3Name 
02-16 13:01:50.469  6054  6077 I System.out: Could not access BuildConfig field 'BACKENDCONNECTION_STAGING_SOCKSPROXY': No field BACKENDCONNECTION_STAGING_SOCKSPROXY in class Lcom/wire/android/testSupport/BuildConfig; (declaration of 'com.wire.android.testSupport.BuildConfig' appears in /data/app/~~W0-IPFSbvyPOAPCjlX2t1g==/com.wire.android.tests.testsCore.test-WHzOfHM9A41J_M5vfuWEjw==/base.apk!classes2.dex)
02-16 13:01:50.471  6054  6077 I TestService: 13:01:50 INFO [361] (TestServi) GET: http://192.168.2.18:8080/api/v1/ 
02-16 13:01:50.485  6054  6077 I TestService: 13:01:50 INFO [361] (TestServi) PUT: http://192.168.2.18:8080/api/v1/instance 
02-16 13:01:50.486  6054  6077 I TestService: 13:01:50 INFO [361] (TestServi)  >>> Request: {"email":"schneiderkkloiubols@wire.engineering","password":"8#eZA$ko","deviceName":"Device1","name":"TestService","customBackend":{"name":"STAGING","rest":"https:\/\/staging-nginz-https.zinfra.io\/","ws":"wss:\/\/staging-nginz-ssl.zinfra.io"},"federationDomain":"staging.zinfra.io","developmentApiEnabled":true} 
02-16 13:01:59.659  6054  6077 I TestService: 13:01:59 INFO [361] (TestServi)  >>> Response (200): {"backend":"staging","clientId":"75f286e963e399cd","instanceId":"d9a82558-1962-490f-b38a-6934e0468e08","name":"TestService","startupTime":7370,"startTime":1771243317369} 
02-16 13:01:59.665  6054  6077 I ClientUserManager: 13:01:59 INFO [361] (ClientUse) Cannot find user by: user1Name 
02-16 13:01:59.666  6054  6077 I System.out: Could not access BuildConfig field 'BACKENDCONNECTION_STAGING_SOCKSPROXY': No field BACKENDCONNECTION_STAGING_SOCKSPROXY in class Lcom/wire/android/testSupport/BuildConfig; (declaration of 'com.wire.android.testSupport.BuildConfig' appears in /data/app/~~W0-IPFSbvyPOAPCjlX2t1g==/com.wire.android.tests.testsCore.test-WHzOfHM9A41J_M5vfuWEjw==/base.apk!classes2.dex)
02-16 13:01:59.860  6054  6077 I UiAutomatorPinger: 13:01:59 INFO [361] (UiAutomat) Starting UIAutomator pinger every 30 seconds 
02-16 13:01:59.872  6054  6567 I UiAutomatorPinger: 13:01:59 INFO [371] (UiAutomat) Pinging device (waking up screen) 
02-16 13:01:59.878  6054  6567 D UiDevice: Turning on screen.
02-16 13:01:59.881  6054  6568 D CallingManager: Creating instance for user2Name
02-16 13:01:59.881  6054  6569 D CallingManager: Creating instance for user3Name
02-16 13:01:59.888  6054  6568 I ClientUserManager: 13:01:59 INFO [372] (ClientUse) Cannot find user by: user2Name 
02-16 13:01:59.889  6054  6569 I ClientUserManager: 13:01:59 INFO [373] (ClientUse) Cannot find user by: user3Name 
02-16 13:01:59.890  6054  6568 I System.out: Could not access BuildConfig field 'BACKENDCONNECTION_STAGING_SOCKSPROXY': No field BACKENDCONNECTION_STAGING_SOCKSPROXY in class Lcom/wire/android/testSupport/BuildConfig; (declaration of 'com.wire.android.testSupport.BuildConfig' appears in /data/app/~~W0-IPFSbvyPOAPCjlX2t1g==/com.wire.android.tests.testsCore.test-WHzOfHM9A41J_M5vfuWEjw==/base.apk!classes2.dex)
02-16 13:01:59.891  6054  6569 I System.out: Could not access BuildConfig field 'BACKENDCONNECTION_STAGING_SOCKSPROXY': No field BACKENDCONNECTION_STAGING_SOCKSPROXY in class Lcom/wire/android/testSupport/BuildConfig; (declaration of 'com.wire.android.testSupport.BuildConfig' appears in /data/app/~~W0-IPFSbvyPOAPCjlX2t1g==/com.wire.android.tests.testsCore.test-WHzOfHM9A41J_M5vfuWEjw==/base.apk!classes2.dex)
02-16 13:01:59.939  6054  6568 I System.out: Could not access BuildConfig field 'BACKENDCONNECTION_STAGING_SOCKSPROXY': No field BACKENDCONNECTION_STAGING_SOCKSPROXY in class Lcom/wire/android/testSupport/BuildConfig; (declaration of 'com.wire.android.testSupport.BuildConfig' appears in /data/app/~~W0-IPFSbvyPOAPCjlX2t1g==/com.wire.android.tests.testsCore.test-WHzOfHM9A41J_M5vfuWEjw==/base.apk!classes2.dex)
02-16 13:01:59.958  6054  6569 I System.out: Could not access BuildConfig field 'BACKENDCONNECTION_STAGING_SOCKSPROXY': No field BACKENDCONNECTION_STAGING_SOCKSPROXY in class Lcom/wire/android/testSupport/BuildConfig; (declaration of 'com.wire.android.testSupport.BuildConfig' appears in /data/app/~~W0-IPFSbvyPOAPCjlX2t1g==/com.wire.android.tests.testsCore.test-WHzOfHM9A41J_M5vfuWEjw==/base.apk!classes2.dex)
02-16 13:02:00.638  6054  6567 I UiAutomatorPinger: 13:02:00 INFO [371] (UiAutomat) Device screen awakened 
02-16 13:02:12.624  6054  6569 D CallingManager: Started instance b38d22da-4a97-4b04-af1b-9dd0d1eb4daa for user Malik Schneider
02-16 13:02:30.650  6054  6569 I UiAutomatorPinger: 13:02:30 INFO [373] (UiAutomat) Pinging device (waking up screen) 
02-16 13:02:30.653  6054  6569 I UiAutomatorPinger: 13:02:30 INFO [373] (UiAutomat) Device screen already on 
02-16 13:02:32.812  6054  6568 D CallingManager: Started instance cf9b4474-d7d2-44d6-9976-644fb8c9be43 for user Tawanda Lakin
02-16 13:02:32.817  6054  6077 I UiAutomatorPinger: 13:02:32 INFO [361] (UiAutomat) Stopping UIAutomator pinger 
02-16 13:02:32.828  6054  6077 I System.out: Could not access BuildConfig field 'BACKENDCONNECTION_STAGING_SOCKSPROXY': No field BACKENDCONNECTION_STAGING_SOCKSPROXY in class Lcom/wire/android/testSupport/BuildConfig; (declaration of 'com.wire.android.testSupport.BuildConfig' appears in /data/app/~~W0-IPFSbvyPOAPCjlX2t1g==/com.wire.android.tests.testsCore.test-WHzOfHM9A41J_M5vfuWEjw==/base.apk!classes2.dex)
02-16 13:02:32.832  6054  6077 D UiDevice: Waiting 10000ms for SearchCondition[hasObject=BySelector [TEXT='\QEnter your email to start!\E']].
02-16 13:02:32.832  6054  6077 D UiDevice: Searching for node with selector: BySelector [TEXT='\QEnter your email to start!\E'].
02-16 13:02:33.454  6054  6077 W QueryController: Could not detect idle state.
02-16 13:02:33.454  6054  6077 D UiDevice: Retrieving node with selector: BySelector [TEXT='\QEnter your email to start!\E'].
