--------- beginning of main
02-18 17:49:05.646  2793  2808 E TestRunner: failed: givenUserInAnotherTeam_whenFileIsSent_thenRecipientCanReceivePlayAndDownloadIt(com.wire.android.tests.core.criticalFlows.FileSharingBetweenTeams)
02-18 17:49:05.647  2793  2808 E TestRunner: ----- begin exception -----
02-18 17:49:05.647  2793  2808 E TestRunner: java.lang.AssertionError: Element not found with selector: text='Enter your email to start!'
02-18 17:49:05.647  2793  2808 E TestRunner: 	at uiautomatorutils.UiWaitUtils.waitElement(UiWaitUtils.kt:94)
02-18 17:49:05.647  2793  2808 E TestRunner: 	at uiautomatorutils.UiWaitUtils.waitElement$default(UiWaitUtils.kt:85)
02-18 17:49:05.647  2793  2808 E TestRunner: 	at com.wire.android.tests.core.pages.RegistrationPage.assertEmailWelcomePage(RegistrationPage.kt:66)
02-18 17:49:05.647  2793  2808 E TestRunner: 	at com.wire.android.tests.core.criticalFlows.FileSharingBetweenTeams.givenUserInAnotherTeam_whenFileIsSent_thenRecipientCanReceivePlayAndDownloadIt$lambda$1(FileSharingBetweenTeams.kt:127)
02-18 17:49:05.647  2793  2808 E TestRunner: 	at com.wire.android.tests.core.criticalFlows.FileSharingBetweenTeams$$ExternalSyntheticLambda2.invoke(D8$$SyntheticClass:0)
02-18 17:49:05.647  2793  2808 E TestRunner: 	at com.wire.android.tests.core.BaseUiTest.step$lambda$0(BaseUiTest.kt:54)
02-18 17:49:05.647  2793  2808 E TestRunner: 	at com.wire.android.tests.core.BaseUiTest$$ExternalSyntheticLambda1.invoke(D8$$SyntheticClass:0)
02-18 17:49:05.647  2793  2808 E TestRunner: 	at io.qameta.allure.kotlin.Allure.step(Allure.kt:60)
02-18 17:49:05.647  2793  2808 E TestRunner: 	at com.wire.android.tests.core.BaseUiTest.step(BaseUiTest.kt:54)
02-18 17:49:05.647  2793  2808 E TestRunner: 	at com.wire.android.tests.core.criticalFlows.FileSharingBetweenTeams.givenUserInAnotherTeam_whenFileIsSent_thenRecipientCanReceivePlayAndDownloadIt(FileSharingBetweenTeams.kt:125)
02-18 17:49:05.647  2793  2808 E TestRunner: 	at java.lang.reflect.Method.invoke(Native Method)
02-18 17:49:05.647  2793  2808 E TestRunner: 	at org.junit.runners.model.FrameworkMethod$1.runReflectiveCall(FrameworkMethod.java:59)
02-18 17:49:05.647  2793  2808 E TestRunner: 	at org.junit.internal.runners.model.ReflectiveCallable.run(ReflectiveCallable.java:12)
02-18 17:49:05.647  2793  2808 E TestRunner: 	at org.junit.runners.model.FrameworkMethod.invokeExplosively(FrameworkMethod.java:56)
02-18 17:49:05.647  2793  2808 E TestRunner: 	at org.junit.internal.runners.statements.InvokeMethod.evaluate(InvokeMethod.java:17)
02-18 17:49:05.647  2793  2808 E TestRunner: 	at androidx.test.internal.runner.junit4.statement.RunBefores.evaluate(RunBefores.java:80)
02-18 17:49:05.647  2793  2808 E TestRunner: 	at androidx.test.internal.runner.junit4.statement.RunAfters.evaluate(RunAfters.java:61)
02-18 17:49:05.647  2793  2808 E TestRunner: 	at com.wire.android.tests.support.suite.AllureFailureScreenshotRule$apply$1.evaluate(AllureFailureScreenshotRule.kt:44)
02-18 17:49:05.647  2793  2808 E TestRunner: 	at com.wire.android.tests.support.suite.AllureLabelsRule$apply$1.evaluate(AllureLabelsRule.kt:70)
02-18 17:49:05.647  2793  2808 E TestRunner: 	at org.junit.rules.TestWatcher$1.evaluate(TestWatcher.java:61)
02-18 17:49:05.647  2793  2808 E TestRunner: 	at com.wire.android.tests.support.suite.AllureLogcatRule$apply$1.evaluate(AllureLogcatRule.kt:41)
02-18 17:49:05.647  2793  2808 E TestRunner: 	at org.junit.runners.ParentRunner$3.evaluate(ParentRunner.java:306)
02-18 17:49:05.647  2793  2808 E TestRunner: 	at org.junit.runners.BlockJUnit4ClassRunner$1.evaluate(BlockJUnit4ClassRunner.java:100)
02-18 17:49:05.647  2793  2808 E TestRunner: 	at org.junit.runners.ParentRunner.runLeaf(ParentRunner.java:366)
02-18 17:49:05.647  2793  2808 E TestRunner: 	at org.junit.runners.BlockJUnit4ClassRunner.runChild(BlockJUnit4ClassRunner.java:103)
02-18 17:49:05.647  2793  2808 E TestRunner: 	at org.junit.runners.BlockJUnit4ClassRunner.runChild(BlockJUnit4ClassRunner.java:63)
02-18 17:49:05.647  2793  2808 E TestRunner: 	at org.junit.runners.ParentRunner$4.run(ParentRunner.java:331)
02-18 17:49:05.647  2793  2808 E TestRunner: 	at org.junit.runners.ParentRunner$1.schedule(ParentRunner.java:79)
02-18 17:49:05.647  2793  2808 E TestRunner: 	at org.junit.runners.ParentRunner.runChildren(ParentRunner.java:329)
02-18 17:49:05.647  2793  2808 E TestRunner: 	at org.junit.runners.ParentRunner.access$100(ParentRunner.java:66)
02-18 17:49:05.647  2793  2808 E TestRunner: 	at org.junit.runners.ParentRunner$2.evaluate(ParentRunner.java:293)
02-18 17:49:05.647  2793  2808 E TestRunner: 	at org.junit.runners.ParentRunner$3.evaluate(ParentRunner.java:306)
02-18 17:49:05.647  2793  2808 E TestRunner: 	at org.junit.runners.ParentRunner.run(ParentRunner.java:413)
02-18 17:49:05.647  2793  2808 E TestRunner: 	at androidx.test.ext.junit.runners.AndroidJUnit4.run(AndroidJUnit4.java:162)
02-18 17:49:05.647  2793  2808 E TestRunner: 	at org.junit.runners.Suite.runChild(Suite.java:128)
02-18 17:49:05.647  2793  2808 E TestRunner: 	at org.junit.runners.Suite.runChild(Suite.java:27)
02-18 17:49:05.647  2793  2808 E TestRunner: 	at org.junit.runners.ParentRunner$4.run(ParentRunner.java:331)
02-18 17:49:05.647  2793  2808 E TestRunner: 	at org.junit.runners.ParentRunner$1.schedule(ParentRunner.java:79)
02-18 17:49:05.647  2793  2808 E TestRunner: 	at org.junit.runners.ParentRunner.runChildren(ParentRunner.java:329)
02-18 17:49:05.647  2793  2808 E TestRunner: 	at org.junit.runners.ParentRunner.access$100(ParentRunner.java:66)
02-18 17:49:05.647  2793  2808 E TestRunner: 	at org.junit.runners.ParentRunner$2.evaluate(ParentRunner.java:293)
02-18 17:49:05.647  2793  2808 E TestRunner: 	at org.junit.runners.ParentRunner$3.evaluate(ParentRunner.java:306)
02-18 17:49:05.647  2793  2808 E TestRunner: 	at org.junit.runners.ParentRunner.run(ParentRunner.java:413)
02-18 17:49:05.647  2793  2808 E TestRunner: 	at org.junit.runner.JUnitCore.run(JUnitCore.java:137)
02-18 17:49:05.647  2793  2808 E TestRunner: 	at org.junit.runner.JUnitCore.run(JUnitCore.java:115)
02-18 17:49:05.647  2793  2808 E TestRunner: 	at androidx.test.internal.runner.TestExecutor.execute(TestExecutor.java:68)
02-18 17:49:05.647  2793  2808 E TestRunner: 	at androidx.test.internal.runner.TestExecutor.execute(TestExecutor.java:59)
02-18 17:49:05.647  2793  2808 E TestRunner: 	at androidx.test.runner.AndroidJUnitRunner.onStart(AndroidJUnitRunner.java:467)
02-18 17:49:05.647  2793  2808 E TestRunner: 	at com.wire.android.tests.support.suite.TaggedTestRunner.onStart(TaggedTestRunner.kt:51)
02-18 17:49:05.647  2793  2808 E TestRunner: 	at android.app.Instrumentation$InstrumentationThread.run(Instrumentation.java:2278)
02-18 17:49:05.647  2793  2808 E TestRunner: ----- end exception -----
02-18 17:49:05.655  2793  2808 I TestRunner: finished: givenUserInAnotherTeam_whenFileIsSent_thenRecipientCanReceivePlayAndDownloadIt(com.wire.android.tests.core.criticalFlows.FileSharingBetweenTeams)
02-18 17:49:05.727  2793  2808 I TestRunner: started: givenIStartGroupCall_whenParticipantShareMessageFileAndLocation_thenAllVisibleAndCallContinues(com.wire.android.tests.core.criticalFlows.GroupCallChat)
02-18 17:49:05.761  2793  2808 D UiDevice: Executing shell command: pm clear com.wire.internal
02-18 17:49:05.847  2793  2808 D UiDevice: Executing shell command: settings put secure show_ime_with_hard_keyboard 0
02-18 17:49:05.877  2793  2808 D UiDevice: Executing shell command: settings put global window_animation_scale 0
02-18 17:49:05.905  2793  2808 D UiDevice: Executing shell command: settings put global transition_animation_scale 0
02-18 17:49:05.931  2793  2808 D UiDevice: Executing shell command: settings put global animator_duration_scale .5
02-18 17:49:05.960  2793  2808 D UiDevice: Pressing home button.
02-18 17:49:06.998  2793  2808 W InteractionController: Timed out waiting 1000ms for command and events.
02-18 17:49:07.009  2793  2808 D UiDevice: Waiting 20000ms for SearchCondition[hasObject=BySelector [PKG='\Qcom.google.android.apps.nexuslauncher\E']].
02-18 17:49:07.010  2793  2808 D UiDevice: Searching for node with selector: BySelector [PKG='\Qcom.google.android.apps.nexuslauncher\E'].
02-18 17:49:07.335  2793  2808 D UiDevice: Searching for node with selector: BySelector [PKG='\Qcom.google.android.apps.nexuslauncher\E'].
02-18 17:49:07.485  2793  2808 D UiDevice: Searching for node with selector: BySelector [PKG='\Qcom.google.android.apps.nexuslauncher\E'].
02-18 17:49:07.486  2793  2800 I .testsCore.tes: Background concurrent copying GC freed 15MB AllocSpace bytes, 105(4804KB) LOS objects, 75% free, 8008KB/31MB, paused 78us,35us total 106.771ms
02-18 17:49:07.613  2793  2808 D UiDevice: Searching for node with selector: BySelector [PKG='\Qcom.google.android.apps.nexuslauncher\E'].
02-18 17:49:07.763  2793  2808 D UiDevice: Searching for node with selector: BySelector [PKG='\Qcom.google.android.apps.nexuslauncher\E'].
02-18 17:49:07.916  2793  2808 D UiDevice: Searching for node with selector: BySelector [PKG='\Qcom.google.android.apps.nexuslauncher\E'].
02-18 17:49:08.073  2793  2808 D UiDevice: Searching for node with selector: BySelector [PKG='\Qcom.google.android.apps.nexuslauncher\E'].
02-18 17:49:08.222  2793  2808 D UiDevice: Searching for node with selector: BySelector [PKG='\Qcom.google.android.apps.nexuslauncher\E'].
02-18 17:49:08.375  2793  2808 D UiDevice: Searching for node with selector: BySelector [PKG='\Qcom.google.android.apps.nexuslauncher\E'].
02-18 17:49:08.528  2793  2808 D UiDevice: Searching for node with selector: BySelector [PKG='\Qcom.google.android.apps.nexuslauncher\E'].
02-18 17:49:08.679  2793  2808 D UiDevice: Searching for node with selector: BySelector [PKG='\Qcom.google.android.apps.nexuslauncher\E'].
02-18 17:49:08.830  2793  2808 D UiDevice: Searching for node with selector: BySelector [PKG='\Qcom.google.android.apps.nexuslauncher\E'].
02-18 17:49:08.977  2793  2808 D UiDevice: Searching for node with selector: BySelector [PKG='\Qcom.google.android.apps.nexuslauncher\E'].
02-18 17:49:09.130  2793  2808 D UiDevice: Searching for node with selector: BySelector [PKG='\Qcom.google.android.apps.nexuslauncher\E'].
02-18 17:49:09.474  2793  2808 D UiDevice: Searching for node with selector: BySelector [PKG='\Qcom.google.android.apps.nexuslauncher\E'].
02-18 17:49:09.626  2793  2808 D UiDevice: Searching for node with selector: BySelector [PKG='\Qcom.google.android.apps.nexuslauncher\E'].
02-18 17:49:09.778  2793  2808 D UiDevice: Searching for node with selector: BySelector [PKG='\Qcom.google.android.apps.nexuslauncher\E'].
02-18 17:49:09.932  2793  2808 D UiDevice: Searching for node with selector: BySelector [PKG='\Qcom.google.android.apps.nexuslauncher\E'].
02-18 17:49:10.086  2793  2808 D UiDevice: Searching for node with selector: BySelector [PKG='\Qcom.google.android.apps.nexuslauncher\E'].
02-18 17:49:10.237  2793  2808 D UiDevice: Searching for node with selector: BySelector [PKG='\Qcom.google.android.apps.nexuslauncher\E'].
02-18 17:49:10.389  2793  2808 D UiDevice: Searching for node with selector: BySelector [PKG='\Qcom.google.android.apps.nexuslauncher\E'].
02-18 17:49:10.533  2793  2808 D UiDevice: Searching for node with selector: BySelector [PKG='\Qcom.google.android.apps.nexuslauncher\E'].
02-18 17:49:10.690  2793  2808 D UiDevice: Searching for node with selector: BySelector [PKG='\Qcom.google.android.apps.nexuslauncher\E'].
02-18 17:49:10.836  2793  2808 D UiDevice: Searching for node with selector: BySelector [PKG='\Qcom.google.android.apps.nexuslauncher\E'].
02-18 17:49:10.974  2793  2808 D UiDevice: Searching for node with selector: BySelector [PKG='\Qcom.google.android.apps.nexuslauncher\E'].
02-18 17:49:11.124  2793  2808 D UiDevice: Searching for node with selector: BySelector [PKG='\Qcom.google.android.apps.nexuslauncher\E'].
02-18 17:49:11.278  2793  2808 D UiDevice: Searching for node with selector: BySelector [PKG='\Qcom.google.android.apps.nexuslauncher\E'].
02-18 17:49:11.594  2793  2808 D UiDevice: Searching for node with selector: BySelector [PKG='\Qcom.google.android.apps.nexuslauncher\E'].
02-18 17:49:11.747  2793  2808 D UiDevice: Searching for node with selector: BySelector [PKG='\Qcom.google.android.apps.nexuslauncher\E'].
02-18 17:49:11.898  2793  2808 D UiDevice: Searching for node with selector: BySelector [PKG='\Qcom.google.android.apps.nexuslauncher\E'].
02-18 17:49:12.051  2793  2808 D UiDevice: Searching for node with selector: BySelector [PKG='\Qcom.google.android.apps.nexuslauncher\E'].
02-18 17:49:12.202  2793  2808 D UiDevice: Searching for node with selector: BySelector [PKG='\Qcom.google.android.apps.nexuslauncher\E'].
02-18 17:49:12.354  2793  2808 D UiDevice: Searching for node with selector: BySelector [PKG='\Qcom.google.android.apps.nexuslauncher\E'].
02-18 17:49:12.503  2793  2808 D UiDevice: Searching for node with selector: BySelector [PKG='\Qcom.google.android.apps.nexuslauncher\E'].
02-18 17:49:12.655  2793  2808 D UiDevice: Searching for node with selector: BySelector [PKG='\Qcom.google.android.apps.nexuslauncher\E'].
02-18 17:49:12.805  2793  2808 D UiDevice: Searching for node with selector: BySelector [PKG='\Qcom.google.android.apps.nexuslauncher\E'].
02-18 17:49:12.950  2793  2808 D UiDevice: Searching for node with selector: BySelector [PKG='\Qcom.google.android.apps.nexuslauncher\E'].
02-18 17:49:13.090  2793  2808 D UiDevice: Searching for node with selector: BySelector [PKG='\Qcom.google.android.apps.nexuslauncher\E'].
02-18 17:49:13.239  2793  2808 D UiDevice: Searching for node with selector: BySelector [PKG='\Qcom.google.android.apps.nexuslauncher\E'].
02-18 17:49:13.400  2793  2808 D UiDevice: Searching for node with selector: BySelector [PKG='\Qcom.google.android.apps.nexuslauncher\E'].
02-18 17:49:13.733  2793  2808 D UiDevice: Searching for node with selector: BySelector [PKG='\Qcom.google.android.apps.nexuslauncher\E'].
02-18 17:49:13.887  2793  2808 D UiDevice: Searching for node with selector: BySelector [PKG='\Qcom.google.android.apps.nexuslauncher\E'].
02-18 17:49:14.037  2793  2808 D UiDevice: Searching for node with selector: BySelector [PKG='\Qcom.google.android.apps.nexuslauncher\E'].
02-18 17:49:14.190  2793  2808 D UiDevice: Searching for node with selector: BySelector [PKG='\Qcom.google.android.apps.nexuslauncher\E'].
02-18 17:49:14.339  2793  2808 D UiDevice: Searching for node with selector: BySelector [PKG='\Qcom.google.android.apps.nexuslauncher\E'].
02-18 17:49:14.488  2793  2808 D UiDevice: Searching for node with selector: BySelector [PKG='\Qcom.google.android.apps.nexuslauncher\E'].
02-18 17:49:14.639  2793  2808 D UiDevice: Searching for node with selector: BySelector [PKG='\Qcom.google.android.apps.nexuslauncher\E'].
02-18 17:49:14.793  2793  2808 D UiDevice: Searching for node with selector: BySelector [PKG='\Qcom.google.android.apps.nexuslauncher\E'].
02-18 17:49:14.950  2793  2808 D UiDevice: Searching for node with selector: BySelector [PKG='\Qcom.google.android.apps.nexuslauncher\E'].
02-18 17:49:15.102  2793  2808 D UiDevice: Searching for node with selector: BySelector [PKG='\Qcom.google.android.apps.nexuslauncher\E'].
02-18 17:49:15.251  2793  2808 D UiDevice: Searching for node with selector: BySelector [PKG='\Qcom.google.android.apps.nexuslauncher\E'].
02-18 17:49:15.390  2793  2808 D UiDevice: Searching for node with selector: BySelector [PKG='\Qcom.google.android.apps.nexuslauncher\E'].
02-18 17:49:15.532  2793  2808 D UiDevice: Searching for node with selector: BySelector [PKG='\Qcom.google.android.apps.nexuslauncher\E'].
02-18 17:49:15.884  2793  2808 D UiDevice: Searching for node with selector: BySelector [PKG='\Qcom.google.android.apps.nexuslauncher\E'].
02-18 17:49:16.025  2793  2808 D UiDevice: Searching for node with selector: BySelector [PKG='\Qcom.google.android.apps.nexuslauncher\E'].
02-18 17:49:16.155  2793  2808 D UiDevice: Searching for node with selector: BySelector [PKG='\Qcom.google.android.apps.nexuslauncher\E'].
02-18 17:49:16.308  2793  2808 D UiDevice: Searching for node with selector: BySelector [PKG='\Qcom.google.android.apps.nexuslauncher\E'].
02-18 17:49:16.459  2793  2808 D UiDevice: Searching for node with selector: BySelector [PKG='\Qcom.google.android.apps.nexuslauncher\E'].
02-18 17:49:16.606  2793  2808 D UiDevice: Searching for node with selector: BySelector [PKG='\Qcom.google.android.apps.nexuslauncher\E'].
02-18 17:49:16.755  2793  2808 D UiDevice: Searching for node with selector: BySelector [PKG='\Qcom.google.android.apps.nexuslauncher\E'].
02-18 17:49:16.907  2793  2808 D UiDevice: Searching for node with selector: BySelector [PKG='\Qcom.google.android.apps.nexuslauncher\E'].
02-18 17:49:17.058  2793  2808 D UiDevice: Searching for node with selector: BySelector [PKG='\Qcom.google.android.apps.nexuslauncher\E'].
02-18 17:49:17.206  2793  2808 D UiDevice: Searching for node with selector: BySelector [PKG='\Qcom.google.android.apps.nexuslauncher\E'].
02-18 17:49:17.358  2793  2808 D UiDevice: Searching for node with selector: BySelector [PKG='\Qcom.google.android.apps.nexuslauncher\E'].
02-18 17:49:17.508  2793  2808 D UiDevice: Searching for node with selector: BySelector [PKG='\Qcom.google.android.apps.nexuslauncher\E'].
02-18 17:49:17.653  2793  2808 D UiDevice: Searching for node with selector: BySelector [PKG='\Qcom.google.android.apps.nexuslauncher\E'].
02-18 17:49:18.004  2793  2808 D UiDevice: Searching for node with selector: BySelector [PKG='\Qcom.google.android.apps.nexuslauncher\E'].
02-18 17:49:18.154  2793  2808 D UiDevice: Searching for node with selector: BySelector [PKG='\Qcom.google.android.apps.nexuslauncher\E'].
02-18 17:49:18.309  2793  2808 D UiDevice: Searching for node with selector: BySelector [PKG='\Qcom.google.android.apps.nexuslauncher\E'].
02-18 17:49:18.459  2793  2808 D UiDevice: Searching for node with selector: BySelector [PKG='\Qcom.google.android.apps.nexuslauncher\E'].
02-18 17:49:18.617  2793  2808 D UiDevice: Searching for node with selector: BySelector [PKG='\Qcom.google.android.apps.nexuslauncher\E'].
02-18 17:49:18.768  2793  2808 D UiDevice: Searching for node with selector: BySelector [PKG='\Qcom.google.android.apps.nexuslauncher\E'].
02-18 17:49:18.918  2793  2808 D UiDevice: Searching for node with selector: BySelector [PKG='\Qcom.google.android.apps.nexuslauncher\E'].
02-18 17:49:19.072  2793  2808 D UiDevice: Searching for node with selector: BySelector [PKG='\Qcom.google.android.apps.nexuslauncher\E'].
02-18 17:49:19.219  2793  2808 D UiDevice: Searching for node with selector: BySelector [PKG='\Qcom.google.android.apps.nexuslauncher\E'].
02-18 17:49:19.367  2793  2808 D UiDevice: Searching for node with selector: BySelector [PKG='\Qcom.google.android.apps.nexuslauncher\E'].
02-18 17:49:19.515  2793  2808 D UiDevice: Searching for node with selector: BySelector [PKG='\Qcom.google.android.apps.nexuslauncher\E'].
02-18 17:49:19.670  2793  2808 D UiDevice: Searching for node with selector: BySelector [PKG='\Qcom.google.android.apps.nexuslauncher\E'].
02-18 17:49:20.013  2793  2808 D UiDevice: Searching for node with selector: BySelector [PKG='\Qcom.google.android.apps.nexuslauncher\E'].
02-18 17:49:20.170  2793  2808 D UiDevice: Searching for node with selector: BySelector [PKG='\Qcom.google.android.apps.nexuslauncher\E'].
02-18 17:49:20.322  2793  2808 D UiDevice: Searching for node with selector: BySelector [PKG='\Qcom.google.android.apps.nexuslauncher\E'].
02-18 17:49:20.472  2793  2808 D UiDevice: Searching for node with selector: BySelector [PKG='\Qcom.google.android.apps.nexuslauncher\E'].
02-18 17:49:20.623  2793  2808 D UiDevice: Searching for node with selector: BySelector [PKG='\Qcom.google.android.apps.nexuslauncher\E'].
02-18 17:49:20.776  2793  2808 D UiDevice: Searching for node with selector: BySelector [PKG='\Qcom.google.android.apps.nexuslauncher\E'].
02-18 17:49:20.930  2793  2808 D UiDevice: Searching for node with selector: BySelector [PKG='\Qcom.google.android.apps.nexuslauncher\E'].
02-18 17:49:21.075  2793  2808 D UiDevice: Searching for node with selector: BySelector [PKG='\Qcom.google.android.apps.nexuslauncher\E'].
02-18 17:49:21.204  2793  2808 D UiDevice: Searching for node with selector: BySelector [PKG='\Qcom.google.android.apps.nexuslauncher\E'].
02-18 17:49:21.349  2793  2808 D UiDevice: Searching for node with selector: BySelector [PKG='\Qcom.google.android.apps.nexuslauncher\E'].
02-18 17:49:21.495  2793  2808 D UiDevice: Searching for node with selector: BySelector [PKG='\Qcom.google.android.apps.nexuslauncher\E'].
02-18 17:49:21.647  2793  2808 D UiDevice: Searching for node with selector: BySelector [PKG='\Qcom.google.android.apps.nexuslauncher\E'].
02-18 17:49:21.795  2793  2808 D UiDevice: Searching for node with selector: BySelector [PKG='\Qcom.google.android.apps.nexuslauncher\E'].
02-18 17:49:22.126  2793  2808 D UiDevice: Searching for node with selector: BySelector [PKG='\Qcom.google.android.apps.nexuslauncher\E'].
02-18 17:49:22.275  2793  2808 D UiDevice: Searching for node with selector: BySelector [PKG='\Qcom.google.android.apps.nexuslauncher\E'].
02-18 17:49:22.431  2793  2808 D UiDevice: Searching for node with selector: BySelector [PKG='\Qcom.google.android.apps.nexuslauncher\E'].
02-18 17:49:22.585  2793  2808 D UiDevice: Searching for node with selector: BySelector [PKG='\Qcom.google.android.apps.nexuslauncher\E'].
02-18 17:49:22.734  2793  2808 D UiDevice: Searching for node with selector: BySelector [PKG='\Qcom.google.android.apps.nexuslauncher\E'].
02-18 17:49:22.884  2793  2808 D UiDevice: Searching for node with selector: BySelector [PKG='\Qcom.google.android.apps.nexuslauncher\E'].
02-18 17:49:23.037  2793  2808 D UiDevice: Searching for node with selector: BySelector [PKG='\Qcom.google.android.apps.nexuslauncher\E'].
02-18 17:49:23.187  2793  2808 D UiDevice: Searching for node with selector: BySelector [PKG='\Qcom.google.android.apps.nexuslauncher\E'].
02-18 17:49:23.332  2793  2808 D UiDevice: Searching for node with selector: BySelector [PKG='\Qcom.google.android.apps.nexuslauncher\E'].
02-18 17:49:23.482  2793  2808 D UiDevice: Searching for node with selector: BySelector [PKG='\Qcom.google.android.apps.nexuslauncher\E'].
02-18 17:49:23.638  2793  2808 D UiDevice: Searching for node with selector: BySelector [PKG='\Qcom.google.android.apps.nexuslauncher\E'].
02-18 17:49:23.784  2793  2808 D UiDevice: Searching for node with selector: BySelector [PKG='\Qcom.google.android.apps.nexuslauncher\E'].
02-18 17:49:23.934  2793  2808 D UiDevice: Searching for node with selector: BySelector [PKG='\Qcom.google.android.apps.nexuslauncher\E'].
02-18 17:49:24.278  2793  2808 D UiDevice: Searching for node with selector: BySelector [PKG='\Qcom.google.android.apps.nexuslauncher\E'].
02-18 17:49:24.430  2793  2808 D UiDevice: Searching for node with selector: BySelector [PKG='\Qcom.google.android.apps.nexuslauncher\E'].
02-18 17:49:24.577  2793  2808 D UiDevice: Searching for node with selector: BySelector [PKG='\Qcom.google.android.apps.nexuslauncher\E'].
02-18 17:49:24.731  2793  2808 D UiDevice: Searching for node with selector: BySelector [PKG='\Qcom.google.android.apps.nexuslauncher\E'].
02-18 17:49:24.878  2793  2808 D UiDevice: Searching for node with selector: BySelector [PKG='\Qcom.google.android.apps.nexuslauncher\E'].
02-18 17:49:25.034  2793  2808 D UiDevice: Searching for node with selector: BySelector [PKG='\Qcom.google.android.apps.nexuslauncher\E'].
02-18 17:49:25.182  2793  2808 D UiDevice: Searching for node with selector: BySelector [PKG='\Qcom.google.android.apps.nexuslauncher\E'].
02-18 17:49:25.320  2793  2808 D UiDevice: Searching for node with selector: BySelector [PKG='\Qcom.google.android.apps.nexuslauncher\E'].
02-18 17:49:25.471  2793  2808 D UiDevice: Searching for node with selector: BySelector [PKG='\Qcom.google.android.apps.nexuslauncher\E'].
02-18 17:49:25.623  2793  2808 D UiDevice: Searching for node with selector: BySelector [PKG='\Qcom.google.android.apps.nexuslauncher\E'].
02-18 17:49:25.769  2793  2808 D UiDevice: Searching for node with selector: BySelector [PKG='\Qcom.google.android.apps.nexuslauncher\E'].
02-18 17:49:25.917  2793  2808 D UiDevice: Searching for node with selector: BySelector [PKG='\Qcom.google.android.apps.nexuslauncher\E'].
02-18 17:49:26.067  2793  2808 D UiDevice: Searching for node with selector: BySelector [PKG='\Qcom.google.android.apps.nexuslauncher\E'].
02-18 17:49:26.354  2793  2808 D UiDevice: Searching for node with selector: BySelector [PKG='\Qcom.google.android.apps.nexuslauncher\E'].
02-18 17:49:26.510  2793  2808 D UiDevice: Searching for node with selector: BySelector [PKG='\Qcom.google.android.apps.nexuslauncher\E'].
02-18 17:49:26.658  2793  2808 D UiDevice: Searching for node with selector: BySelector [PKG='\Qcom.google.android.apps.nexuslauncher\E'].
02-18 17:49:26.810  2793  2808 D UiDevice: Searching for node with selector: BySelector [PKG='\Qcom.google.android.apps.nexuslauncher\E'].
02-18 17:49:26.962  2793  2808 D UiDevice: Searching for node with selector: BySelector [PKG='\Qcom.google.android.apps.nexuslauncher\E'].
02-18 17:49:27.111  2793  2808 D UiDevice: Searching for node with selector: BySelector [PKG='\Qcom.google.android.apps.nexuslauncher\E'].
02-18 17:49:27.173  2793  2808 D UiDevice: Waiting 20000ms for SearchCondition[hasObject=BySelector [PKG='\Qcom.wire.internal\E']].
02-18 17:49:27.173  2793  2808 D UiDevice: Searching for node with selector: BySelector [PKG='\Qcom.wire.internal\E'].
02-18 17:49:27.293  2793  2808 D UiDevice: Searching for node with selector: BySelector [PKG='\Qcom.wire.internal\E'].
02-18 17:49:27.418  2793  2808 D UiDevice: Searching for node with selector: BySelector [PKG='\Qcom.wire.internal\E'].
02-18 17:49:27.545  2793  2808 D UiDevice: Searching for node with selector: BySelector [PKG='\Qcom.wire.internal\E'].
02-18 17:49:27.674  2793  2808 D UiDevice: Searching for node with selector: BySelector [PKG='\Qcom.wire.internal\E'].
02-18 17:49:27.809  2793  2808 D UiDevice: Searching for node with selector: BySelector [PKG='\Qcom.wire.internal\E'].
02-18 17:49:27.947  2793  2808 D UiDevice: Searching for node with selector: BySelector [PKG='\Qcom.wire.internal\E'].
02-18 17:49:28.087  2793  2808 D UiDevice: Searching for node with selector: BySelector [PKG='\Qcom.wire.internal\E'].
02-18 17:49:28.335  2793  2808 D UiDevice: Searching for node with selector: BySelector [PKG='\Qcom.wire.internal\E'].
02-18 17:49:28.462  2793  2808 D UiDevice: Searching for node with selector: BySelector [PKG='\Qcom.wire.internal\E'].
02-18 17:49:28.589  2793  2808 D UiDevice: Searching for node with selector: BySelector [PKG='\Qcom.wire.internal\E'].
02-18 17:49:28.715  2793  2808 D UiDevice: Searching for node with selector: BySelector [PKG='\Qcom.wire.internal\E'].
02-18 17:49:28.843  2793  2808 D UiDevice: Searching for node with selector: BySelector [PKG='\Qcom.wire.internal\E'].
02-18 17:49:28.970  2793  2808 D UiDevice: Searching for node with selector: BySelector [PKG='\Qcom.wire.internal\E'].
02-18 17:49:29.095  2793  2808 D UiDevice: Searching for node with selector: BySelector [PKG='\Qcom.wire.internal\E'].
02-18 17:49:29.222  2793  2808 D UiDevice: Searching for node with selector: BySelector [PKG='\Qcom.wire.internal\E'].
02-18 17:49:29.342  2793  2808 D UiDevice: Searching for node with selector: BySelector [PKG='\Qcom.wire.internal\E'].
02-18 17:49:29.462  2793  2808 D UiDevice: Searching for node with selector: BySelector [PKG='\Qcom.wire.internal\E'].
02-18 17:49:29.583  2793  2808 D UiDevice: Searching for node with selector: BySelector [PKG='\Qcom.wire.internal\E'].
02-18 17:49:29.704  2793  2808 D UiDevice: Searching for node with selector: BySelector [PKG='\Qcom.wire.internal\E'].
02-18 17:49:29.825  2793  2808 D UiDevice: Searching for node with selector: BySelector [PKG='\Qcom.wire.internal\E'].
02-18 17:49:29.945  2793  2808 D UiDevice: Searching for node with selector: BySelector [PKG='\Qcom.wire.internal\E'].
02-18 17:49:30.067  2793  2808 D UiDevice: Searching for node with selector: BySelector [PKG='\Qcom.wire.internal\E'].
02-18 17:49:30.192  2793  2808 D UiDevice: Searching for node with selector: BySelector [PKG='\Qcom.wire.internal\E'].
02-18 17:49:30.426  2793  2808 D UiDevice: Searching for node with selector: BySelector [PKG='\Qcom.wire.internal\E'].
02-18 17:49:30.552  2793  2808 D UiDevice: Searching for node with selector: BySelector [PKG='\Qcom.wire.internal\E'].
02-18 17:49:30.679  2793  2808 D UiDevice: Searching for node with selector: BySelector [PKG='\Qcom.wire.internal\E'].
02-18 17:49:30.805  2793  2808 D UiDevice: Searching for node with selector: BySelector [PKG='\Qcom.wire.internal\E'].
02-18 17:49:30.934  2793  2808 D UiDevice: Searching for node with selector: BySelector [PKG='\Qcom.wire.internal\E'].
02-18 17:49:31.067  2793  2808 D UiDevice: Searching for node with selector: BySelector [PKG='\Qcom.wire.internal\E'].
02-18 17:49:31.215  2793  2808 D UiDevice: Searching for node with selector: BySelector [PKG='\Qcom.wire.internal\E'].
02-18 17:49:31.365  2793  2808 D UiDevice: Searching for node with selector: BySelector [PKG='\Qcom.wire.internal\E'].
02-18 17:49:31.510  2793  2808 D UiDevice: Searching for node with selector: BySelector [PKG='\Qcom.wire.internal\E'].
02-18 17:49:31.654  2793  2808 D UiDevice: Searching for node with selector: BySelector [PKG='\Qcom.wire.internal\E'].
02-18 17:49:31.803  2793  2808 D UiDevice: Searching for node with selector: BySelector [PKG='\Qcom.wire.internal\E'].
02-18 17:49:31.949  2793  2808 D UiDevice: Searching for node with selector: BySelector [PKG='\Qcom.wire.internal\E'].
02-18 17:49:32.095  2793  2808 D UiDevice: Searching for node with selector: BySelector [PKG='\Qcom.wire.internal\E'].
02-18 17:49:32.245  2793  2808 D UiDevice: Searching for node with selector: BySelector [PKG='\Qcom.wire.internal\E'].
02-18 17:49:32.494  2793  2808 D UiDevice: Searching for node with selector: BySelector [PKG='\Qcom.wire.internal\E'].
02-18 17:49:32.631  2793  2808 D UiDevice: Searching for node with selector: BySelector [PKG='\Qcom.wire.internal\E'].
02-18 17:49:32.776  2793  2808 D UiDevice: Searching for node with selector: BySelector [PKG='\Qcom.wire.internal\E'].
02-18 17:49:32.924  2793  2808 D UiDevice: Searching for node with selector: BySelector [PKG='\Qcom.wire.internal\E'].
02-18 17:49:33.075  2793  2808 D UiDevice: Searching for node with selector: BySelector [PKG='\Qcom.wire.internal\E'].
02-18 17:49:33.224  2793  2808 D UiDevice: Searching for node with selector: BySelector [PKG='\Qcom.wire.internal\E'].
02-18 17:49:33.377  2793  2808 D UiDevice: Searching for node with selector: BySelector [PKG='\Qcom.wire.internal\E'].
02-18 17:49:33.528  2793  2808 D UiDevice: Searching for node with selector: BySelector [PKG='\Qcom.wire.internal\E'].
02-18 17:49:33.677  2793  2808 D UiDevice: Searching for node with selector: BySelector [PKG='\Qcom.wire.internal\E'].
02-18 17:49:33.831  2793  2808 D UiDevice: Searching for node with selector: BySelector [PKG='\Qcom.wire.internal\E'].
02-18 17:49:33.977  2793  2808 D UiDevice: Searching for node with selector: BySelector [PKG='\Qcom.wire.internal\E'].
02-18 17:49:34.119  2793  2808 D UiDevice: Searching for node with selector: BySelector [PKG='\Qcom.wire.internal\E'].
02-18 17:49:34.264  2793  2808 D UiDevice: Searching for node with selector: BySelector [PKG='\Qcom.wire.internal\E'].
02-18 17:49:34.579  2793  2808 D UiDevice: Searching for node with selector: BySelector [PKG='\Qcom.wire.internal\E'].
02-18 17:49:34.737  2793  2808 D UiDevice: Searching for node with selector: BySelector [PKG='\Qcom.wire.internal\E'].
02-18 17:49:34.892  2793  2808 D UiDevice: Searching for node with selector: BySelector [PKG='\Qcom.wire.internal\E'].
02-18 17:49:35.040  2793  2808 D UiDevice: Searching for node with selector: BySelector [PKG='\Qcom.wire.internal\E'].
02-18 17:49:35.193  2793  2808 D UiDevice: Searching for node with selector: BySelector [PKG='\Qcom.wire.internal\E'].
02-18 17:49:35.328  2793  2808 D UiDevice: Searching for node with selector: BySelector [PKG='\Qcom.wire.internal\E'].
02-18 17:49:35.469  2793  2808 D UiDevice: Searching for node with selector: BySelector [PKG='\Qcom.wire.internal\E'].
02-18 17:49:35.615  2793  2808 D UiDevice: Searching for node with selector: BySelector [PKG='\Qcom.wire.internal\E'].
02-18 17:49:35.770  2793  2808 D UiDevice: Searching for node with selector: BySelector [PKG='\Qcom.wire.internal\E'].
02-18 17:49:35.922  2793  2808 D UiDevice: Searching for node with selector: BySelector [PKG='\Qcom.wire.internal\E'].
02-18 17:49:36.068  2793  2808 D UiDevice: Searching for node with selector: BySelector [PKG='\Qcom.wire.internal\E'].
02-18 17:49:36.215  2793  2808 D UiDevice: Searching for node with selector: BySelector [PKG='\Qcom.wire.internal\E'].
02-18 17:49:36.368  2793  2808 D UiDevice: Searching for node with selector: BySelector [PKG='\Qcom.wire.internal\E'].
02-18 17:49:36.690  2793  2808 D UiDevice: Searching for node with selector: BySelector [PKG='\Qcom.wire.internal\E'].
02-18 17:49:36.838  2793  2808 D UiDevice: Searching for node with selector: BySelector [PKG='\Qcom.wire.internal\E'].
02-18 17:49:36.989  2793  2808 D UiDevice: Searching for node with selector: BySelector [PKG='\Qcom.wire.internal\E'].
02-18 17:49:37.138  2793  2808 D UiDevice: Searching for node with selector: BySelector [PKG='\Qcom.wire.internal\E'].
02-18 17:49:37.284  2793  2808 D UiDevice: Searching for node with selector: BySelector [PKG='\Qcom.wire.internal\E'].
02-18 17:49:37.416  2793  2808 D UiDevice: Searching for node with selector: BySelector [PKG='\Qcom.wire.internal\E'].
02-18 17:49:37.565  2793  2808 D UiDevice: Searching for node with selector: BySelector [PKG='\Qcom.wire.internal\E'].
02-18 17:49:37.717  2793  2808 D UiDevice: Searching for node with selector: BySelector [PKG='\Qcom.wire.internal\E'].
02-18 17:49:37.873  2793  2808 D UiDevice: Searching for node with selector: BySelector [PKG='\Qcom.wire.internal\E'].
02-18 17:49:38.025  2793  2808 D UiDevice: Searching for node with selector: BySelector [PKG='\Qcom.wire.internal\E'].
02-18 17:49:38.177  2793  2808 D UiDevice: Searching for node with selector: BySelector [PKG='\Qcom.wire.internal\E'].
02-18 17:49:38.327  2793  2808 D UiDevice: Searching for node with selector: BySelector [PKG='\Qcom.wire.internal\E'].
02-18 17:49:38.474  2793  2808 D UiDevice: Searching for node with selector: BySelector [PKG='\Qcom.wire.internal\E'].
02-18 17:49:38.764  2793  2808 D UiDevice: Searching for node with selector: BySelector [PKG='\Qcom.wire.internal\E'].
02-18 17:49:38.906  2793  2808 D UiDevice: Searching for node with selector: BySelector [PKG='\Qcom.wire.internal\E'].
02-18 17:49:39.062  2793  2808 D UiDevice: Searching for node with selector: BySelector [PKG='\Qcom.wire.internal\E'].
02-18 17:49:39.214  2793  2808 D UiDevice: Searching for node with selector: BySelector [PKG='\Qcom.wire.internal\E'].
02-18 17:49:39.367  2793  2808 D UiDevice: Searching for node with selector: BySelector [PKG='\Qcom.wire.internal\E'].
02-18 17:49:39.516  2793  2808 D UiDevice: Searching for node with selector: BySelector [PKG='\Qcom.wire.internal\E'].
02-18 17:49:39.667  2793  2808 D UiDevice: Searching for node with selector: BySelector [PKG='\Qcom.wire.internal\E'].
02-18 17:49:39.814  2793  2808 D UiDevice: Searching for node with selector: BySelector [PKG='\Qcom.wire.internal\E'].
02-18 17:49:39.970  2793  2808 D UiDevice: Searching for node with selector: BySelector [PKG='\Qcom.wire.internal\E'].
02-18 17:49:40.122  2793  2808 D UiDevice: Searching for node with selector: BySelector [PKG='\Qcom.wire.internal\E'].
02-18 17:49:40.268  2793  2808 D UiDevice: Searching for node with selector: BySelector [PKG='\Qcom.wire.internal\E'].
02-18 17:49:40.413  2793  2808 D UiDevice: Searching for node with selector: BySelector [PKG='\Qcom.wire.internal\E'].
02-18 17:49:40.570  2793  2808 D UiDevice: Searching for node with selector: BySelector [PKG='\Qcom.wire.internal\E'].
02-18 17:49:40.894  2793  2808 D UiDevice: Searching for node with selector: BySelector [PKG='\Qcom.wire.internal\E'].
02-18 17:49:41.047  2793  2808 D UiDevice: Searching for node with selector: BySelector [PKG='\Qcom.wire.internal\E'].
02-18 17:49:41.197  2793  2808 D UiDevice: Searching for node with selector: BySelector [PKG='\Qcom.wire.internal\E'].
02-18 17:49:41.348  2793  2808 D UiDevice: Searching for node with selector: BySelector [PKG='\Qcom.wire.internal\E'].
02-18 17:49:41.495  2793  2808 D UiDevice: Searching for node with selector: BySelector [PKG='\Qcom.wire.internal\E'].
02-18 17:49:41.643  2793  2808 D UiDevice: Searching for node with selector: BySelector [PKG='\Qcom.wire.internal\E'].
02-18 17:49:41.789  2793  2808 D UiDevice: Searching for node with selector: BySelector [PKG='\Qcom.wire.internal\E'].
02-18 17:49:41.913  2793  2808 D UiDevice: Searching for node with selector: BySelector [PKG='\Qcom.wire.internal\E'].
02-18 17:49:42.040  2793  2808 D UiDevice: Searching for node with selector: BySelector [PKG='\Qcom.wire.internal\E'].
02-18 17:49:42.187  2793  2808 D UiDevice: Searching for node with selector: BySelector [PKG='\Qcom.wire.internal\E'].
02-18 17:49:42.337  2793  2808 D UiDevice: Searching for node with selector: BySelector [PKG='\Qcom.wire.internal\E'].
02-18 17:49:42.491  2793  2808 D UiDevice: Searching for node with selector: BySelector [PKG='\Qcom.wire.internal\E'].
02-18 17:49:42.634  2793  2808 D UiDevice: Searching for node with selector: BySelector [PKG='\Qcom.wire.internal\E'].
02-18 17:49:42.973  2793  2808 D UiDevice: Searching for node with selector: BySelector [PKG='\Qcom.wire.internal\E'].
02-18 17:49:43.125  2793  2808 D UiDevice: Searching for node with selector: BySelector [PKG='\Qcom.wire.internal\E'].
02-18 17:49:43.278  2793  2808 D UiDevice: Searching for node with selector: BySelector [PKG='\Qcom.wire.internal\E'].
02-18 17:49:44.057  2793  2808 D UiDevice: Searching for node with selector: BySelector [PKG='\Qcom.wire.internal\E'].
02-18 17:49:44.208  2793  2808 D UiDevice: Searching for node with selector: BySelector [PKG='\Qcom.wire.internal\E'].
02-18 17:49:44.357  2793  2808 D UiDevice: Searching for node with selector: BySelector [PKG='\Qcom.wire.internal\E'].
02-18 17:49:44.508  2793  2808 D UiDevice: Searching for node with selector: BySelector [PKG='\Qcom.wire.internal\E'].
02-18 17:49:44.656  2793  2808 D UiDevice: Searching for node with selector: BySelector [PKG='\Qcom.wire.internal\E'].
02-18 17:49:44.991  2793  2808 D UiDevice: Searching for node with selector: BySelector [PKG='\Qcom.wire.internal\E'].
02-18 17:49:45.144  2793  2808 D UiDevice: Searching for node with selector: BySelector [PKG='\Qcom.wire.internal\E'].
02-18 17:49:45.291  2793  2808 D UiDevice: Searching for node with selector: BySelector [PKG='\Qcom.wire.internal\E'].
02-18 17:49:45.439  2793  2808 D UiDevice: Searching for node with selector: BySelector [PKG='\Qcom.wire.internal\E'].
02-18 17:49:45.592  2793  2808 D UiDevice: Searching for node with selector: BySelector [PKG='\Qcom.wire.internal\E'].
02-18 17:49:45.738  2793  2808 D UiDevice: Searching for node with selector: BySelector [PKG='\Qcom.wire.internal\E'].
02-18 17:49:45.892  2793  2808 D UiDevice: Searching for node with selector: BySelector [PKG='\Qcom.wire.internal\E'].
02-18 17:49:46.044  2793  2808 D UiDevice: Searching for node with selector: BySelector [PKG='\Qcom.wire.internal\E'].
02-18 17:49:46.194  2793  2808 D UiDevice: Searching for node with selector: BySelector [PKG='\Qcom.wire.internal\E'].
02-18 17:49:46.347  2793  2808 D UiDevice: Searching for node with selector: BySelector [PKG='\Qcom.wire.internal\E'].
02-18 17:49:46.498  2793  2808 D UiDevice: Searching for node with selector: BySelector [PKG='\Qcom.wire.internal\E'].
02-18 17:49:46.651  2793  2808 D UiDevice: Searching for node with selector: BySelector [PKG='\Qcom.wire.internal\E'].
02-18 17:49:46.799  2793  2808 D UiDevice: Searching for node with selector: BySelector [PKG='\Qcom.wire.internal\E'].
02-18 17:49:47.141  2793  2808 D UiDevice: Searching for node with selector: BySelector [PKG='\Qcom.wire.internal\E'].
02-18 17:49:47.187  2793  2808 I System.out: Could not access BuildConfig field 'BACKENDCONNECTION_STAGING_SOCKSPROXY': No field BACKENDCONNECTION_STAGING_SOCKSPROXY in class Lcom/wire/android/testSupport/BuildConfig; (declaration of 'com.wire.android.testSupport.BuildConfig' appears in /data/app/~~t8b1v4AlXeN3zrsdSTXC-g==/com.wire.android.tests.testsCore.test-9CvJmFs2uPqOX6dMdTq1Aw==/base.apk!classes2.dex)
02-18 17:49:47.189  2793  2808 I System.out: Could not access BuildConfig field 'BACKENDCONNECTION_STAGING_SOCKSPROXY': No field BACKENDCONNECTION_STAGING_SOCKSPROXY in class Lcom/wire/android/testSupport/BuildConfig; (declaration of 'com.wire.android.testSupport.BuildConfig' appears in /data/app/~~t8b1v4AlXeN3zrsdSTXC-g==/com.wire.android.tests.testsCore.test-9CvJmFs2uPqOX6dMdTq1Aw==/base.apk!classes2.dex)
02-18 17:49:47.190  2793  2808 I System.out: Could not access BuildConfig field 'BACKENDCONNECTION_STAGING_SOCKSPROXY': No field BACKENDCONNECTION_STAGING_SOCKSPROXY in class Lcom/wire/android/testSupport/BuildConfig; (declaration of 'com.wire.android.testSupport.BuildConfig' appears in /data/app/~~t8b1v4AlXeN3zrsdSTXC-g==/com.wire.android.tests.testsCore.test-9CvJmFs2uPqOX6dMdTq1Aw==/base.apk!classes2.dex)
02-18 17:49:47.359  2793  2808 W UiAutomation: UiAutomation.grantRuntimePermission() is more robust and should be used instead of 'pm grant'
02-18 17:49:47.366  2793  2808 W UiAutomation: UiAutomation.grantRuntimePermission() is more robust and should be used instead of 'pm grant'
02-18 17:49:47.377  2793  2808 I ClientUserManager: 17:49:47 INFO [481] (ClientUse) Cannot find user by: user1Name 
02-18 17:49:47.378  2793  2808 I Hello   : 17:49:47 INFO [481] (ClientUse) Hello, my name is Vanesa Harber and my email is harbervqovrjssyl@wire.engineering and password is 1DX5rxf@ and emailPassword is HA.^Q+OKIDI1innnnn 
02-18 17:49:49.093  2793  2808 I ClientUserManager: 17:49:49 INFO [481] (ClientUse) Cannot find user by: user1Name 
02-18 17:49:49.145  2793  2808 I ClientUserManager: 17:49:49 INFO [481] (ClientUse) Cannot find user by: user2Name 
02-18 17:49:49.148  2793  2808 I ClientUserManager: 17:49:49 INFO [481] (ClientUse) Cannot find user by: user3Name 
02-18 17:49:51.021  2793  2808 I ClientUserManager: 17:49:51 INFO [481] (ClientUse) Cannot find user by: user1Name 
02-18 17:49:51.030  2793  2808 I ClientUserManager: 17:49:51 INFO [481] (ClientUse) Cannot find user by: user2Name 
02-18 17:49:51.039  2793  2808 I ClientUserManager: 17:49:51 INFO [481] (ClientUse) Cannot find user by: user3Name 
02-18 17:49:51.041  2793  2808 I System.out: Could not access BuildConfig field 'BACKENDCONNECTION_STAGING_SOCKSPROXY': No field BACKENDCONNECTION_STAGING_SOCKSPROXY in class Lcom/wire/android/testSupport/BuildConfig; (declaration of 'com.wire.android.testSupport.BuildConfig' appears in /data/app/~~t8b1v4AlXeN3zrsdSTXC-g==/com.wire.android.tests.testsCore.test-9CvJmFs2uPqOX6dMdTq1Aw==/base.apk!classes2.dex)
02-18 17:49:51.219  2793  2808 I ClientUserManager: 17:49:51 INFO [481] (ClientUse) Cannot find user by: user3Name 
02-18 17:49:51.220  2793  2808 I System.out: Could not access BuildConfig field 'BACKENDCONNECTION_STAGING_SOCKSPROXY': No field BACKENDCONNECTION_STAGING_SOCKSPROXY in class Lcom/wire/android/testSupport/BuildConfig; (declaration of 'com.wire.android.testSupport.BuildConfig' appears in /data/app/~~t8b1v4AlXeN3zrsdSTXC-g==/com.wire.android.tests.testsCore.test-9CvJmFs2uPqOX6dMdTq1Aw==/base.apk!classes2.dex)
02-18 17:49:51.223  2793  2808 I ClientUserManager: 17:49:51 INFO [481] (ClientUse) Cannot find user by: user3Name 
02-18 17:49:51.279  2793  2808 I ClientUserManager: 17:49:51 INFO [481] (ClientUse) Cannot find user by: user3Name 
02-18 17:49:51.281  2793  2808 I System.out: Could not access BuildConfig field 'BACKENDCONNECTION_STAGING_SOCKSPROXY': No field BACKENDCONNECTION_STAGING_SOCKSPROXY in class Lcom/wire/android/testSupport/BuildConfig; (declaration of 'com.wire.android.testSupport.BuildConfig' appears in /data/app/~~t8b1v4AlXeN3zrsdSTXC-g==/com.wire.android.tests.testsCore.test-9CvJmFs2uPqOX6dMdTq1Aw==/base.apk!classes2.dex)
02-18 17:49:51.283  2793  2808 I TestService: 17:49:51 INFO [481] (TestServi) GET: http://192.168.2.18:8080/api/v1/ 
02-18 17:49:51.299  2793  2808 I TestService: 17:49:51 INFO [481] (TestServi) PUT: http://192.168.2.18:8080/api/v1/instance 
02-18 17:49:51.301  2793  2808 I TestService: 17:49:51 INFO [481] (TestServi)  >>> Request: {"email":"bartelldlrzwsnrwc@wire.engineering","password":"$X790xbd","deviceName":"Device1","name":"TestService","customBackend":{"name":"STAGING","rest":"https:\/\/staging-nginz-https.zinfra.io\/","ws":"wss:\/\/staging-nginz-ssl.zinfra.io"},"federationDomain":"staging.zinfra.io","developmentApiEnabled":true} 
02-18 17:50:02.335  2793  2808 I TestService: 17:50:02 INFO [481] (TestServi)  >>> Response (200): {"backend":"staging","clientId":"a0bf297e6d5e40e3","instanceId":"c79a293d-af21-47b0-9cff-73a714375773","name":"TestService","startupTime":9185,"startTime":1771433399471} 
02-18 17:50:02.341  2793  2808 I ClientUserManager: 17:50:02 INFO [481] (ClientUse) Cannot find user by: user1Name 
02-18 17:50:02.342  2793  2808 I System.out: Could not access BuildConfig field 'BACKENDCONNECTION_STAGING_SOCKSPROXY': No field BACKENDCONNECTION_STAGING_SOCKSPROXY in class Lcom/wire/android/testSupport/BuildConfig; (declaration of 'com.wire.android.testSupport.BuildConfig' appears in /data/app/~~t8b1v4AlXeN3zrsdSTXC-g==/com.wire.android.tests.testsCore.test-9CvJmFs2uPqOX6dMdTq1Aw==/base.apk!classes2.dex)
02-18 17:50:02.492  2793  2808 I UiAutomatorPinger: 17:50:02 INFO [481] (UiAutomat) Starting UIAutomator pinger every 30 seconds 
02-18 17:50:02.505  2793  3453 I UiAutomatorPinger: 17:50:02 INFO [491] (UiAutomat) Pinging device (waking up screen) 
02-18 17:50:02.513  2793  3453 D UiDevice: Turning on screen.
02-18 17:50:02.513  2793  3455 D CallingManager: Creating instance for user3Name
02-18 17:50:02.514  2793  3454 D CallingManager: Creating instance for user2Name
02-18 17:50:02.518  2793  3454 I ClientUserManager: 17:50:02 INFO [492] (ClientUse) Cannot find user by: user2Name 
02-18 17:50:02.518  2793  3455 I ClientUserManager: 17:50:02 INFO [493] (ClientUse) Cannot find user by: user3Name 
02-18 17:50:02.519  2793  3454 I System.out: Could not access BuildConfig field 'BACKENDCONNECTION_STAGING_SOCKSPROXY': No field BACKENDCONNECTION_STAGING_SOCKSPROXY in class Lcom/wire/android/testSupport/BuildConfig; (declaration of 'com.wire.android.testSupport.BuildConfig' appears in /data/app/~~t8b1v4AlXeN3zrsdSTXC-g==/com.wire.android.tests.testsCore.test-9CvJmFs2uPqOX6dMdTq1Aw==/base.apk!classes2.dex)
02-18 17:50:02.519  2793  3455 I System.out: Could not access BuildConfig field 'BACKENDCONNECTION_STAGING_SOCKSPROXY': No field BACKENDCONNECTION_STAGING_SOCKSPROXY in class Lcom/wire/android/testSupport/BuildConfig; (declaration of 'com.wire.android.testSupport.BuildConfig' appears in /data/app/~~t8b1v4AlXeN3zrsdSTXC-g==/com.wire.android.tests.testsCore.test-9CvJmFs2uPqOX6dMdTq1Aw==/base.apk!classes2.dex)
02-18 17:50:02.562  2793  3454 I System.out: Could not access BuildConfig field 'BACKENDCONNECTION_STAGING_SOCKSPROXY': No field BACKENDCONNECTION_STAGING_SOCKSPROXY in class Lcom/wire/android/testSupport/BuildConfig; (declaration of 'com.wire.android.testSupport.BuildConfig' appears in /data/app/~~t8b1v4AlXeN3zrsdSTXC-g==/com.wire.android.tests.testsCore.test-9CvJmFs2uPqOX6dMdTq1Aw==/base.apk!classes2.dex)
02-18 17:50:02.565  2793  3455 I System.out: Could not access BuildConfig field 'BACKENDCONNECTION_STAGING_SOCKSPROXY': No field BACKENDCONNECTION_STAGING_SOCKSPROXY in class Lcom/wire/android/testSupport/BuildConfig; (declaration of 'com.wire.android.testSupport.BuildConfig' appears in /data/app/~~t8b1v4AlXeN3zrsdSTXC-g==/com.wire.android.tests.testsCore.test-9CvJmFs2uPqOX6dMdTq1Aw==/base.apk!classes2.dex)
02-18 17:50:03.325  2793  3453 I UiAutomatorPinger: 17:50:03 INFO [491] (UiAutomat) Device screen awakened 
02-18 17:50:12.449  2793  3454 D CallingManager: Started instance 085bf086-6497-410c-a7be-728b9a00521e for user Norene Howell
02-18 17:50:32.934  2793  3455 D CallingManager: Started instance cea2f9bd-ceef-41c8-97e6-d0dc3bff2e70 for user Terri Bartell
02-18 17:50:32.939  2793  2808 I UiAutomatorPinger: 17:50:32 INFO [481] (UiAutomat) Stopping UIAutomator pinger 
02-18 17:50:32.950  2793  2808 I System.out: Could not access BuildConfig field 'BACKENDCONNECTION_STAGING_SOCKSPROXY': No field BACKENDCONNECTION_STAGING_SOCKSPROXY in class Lcom/wire/android/testSupport/BuildConfig; (declaration of 'com.wire.android.testSupport.BuildConfig' appears in /data/app/~~t8b1v4AlXeN3zrsdSTXC-g==/com.wire.android.tests.testsCore.test-9CvJmFs2uPqOX6dMdTq1Aw==/base.apk!classes2.dex)
02-18 17:50:32.954  2793  2808 D UiDevice: Waiting 10000ms for SearchCondition[hasObject=BySelector [TEXT='\QEnter your email to start!\E']].
02-18 17:50:32.954  2793  2808 D UiDevice: Searching for node with selector: BySelector [TEXT='\QEnter your email to start!\E'].
02-18 17:50:33.582  2793  2808 W QueryController: Could not detect idle state.
02-18 17:50:33.584  2793  2808 D UiDevice: Retrieving node with selector: BySelector [TEXT='\QEnter your email to start!\E'].
02-18 17:50:33.625  2793  2808 I .testsCore.tes: hiddenapi: Accessing hidden method Landroid/view/MotionEvent;->setDisplayId(I)V (runtime_flags=0, domain=platform, api=blocked,test-api) from Landroidx/test/uiautomator/GestureController; (domain=app, TargetSdkVersion=36) using reflection: allowed
