--------- beginning of main
02-16 21:21:09.560 29387 29400 E TestRunner: failed: givenUserInAnotherTeam_whenFileIsSent_thenRecipientCanReceivePlayAndDownloadIt(com.wire.android.tests.core.criticalFlows.FileSharingBetweenTeams)
02-16 21:21:09.561 29387 29400 E TestRunner: ----- begin exception -----
02-16 21:21:09.561 29387 29400 E TestRunner: java.lang.AssertionError: Element not found with selector: text='Enter your email to start!'
02-16 21:21:09.561 29387 29400 E TestRunner: 	at uiautomatorutils.UiWaitUtils.waitElement(UiWaitUtils.kt:94)
02-16 21:21:09.561 29387 29400 E TestRunner: 	at uiautomatorutils.UiWaitUtils.waitElement$default(UiWaitUtils.kt:84)
02-16 21:21:09.561 29387 29400 E TestRunner: 	at com.wire.android.tests.core.pages.RegistrationPage.assertEmailWelcomePage(RegistrationPage.kt:66)
02-16 21:21:09.561 29387 29400 E TestRunner: 	at com.wire.android.tests.core.criticalFlows.FileSharingBetweenTeams.givenUserInAnotherTeam_whenFileIsSent_thenRecipientCanReceivePlayAndDownloadIt$lambda$7(FileSharingBetweenTeams.kt:127)
02-16 21:21:09.561 29387 29400 E TestRunner: 	at com.wire.android.tests.core.criticalFlows.FileSharingBetweenTeams.$r8$lambda$wBwXBq4ElaSAC8GukrexFtaXqkM(Unknown Source:0)
02-16 21:21:09.561 29387 29400 E TestRunner: 	at com.wire.android.tests.core.criticalFlows.FileSharingBetweenTeams$$ExternalSyntheticLambda2.invoke(D8$$SyntheticClass:0)
02-16 21:21:09.561 29387 29400 E TestRunner: 	at com.wire.android.tests.core.BaseUiTest.step$lambda$1(BaseUiTest.kt:54)
02-16 21:21:09.561 29387 29400 E TestRunner: 	at com.wire.android.tests.core.BaseUiTest.$r8$lambda$CSKDAIjp6271vtVFMpsHBDVw5qY(Unknown Source:0)
02-16 21:21:09.561 29387 29400 E TestRunner: 	at com.wire.android.tests.core.BaseUiTest$$ExternalSyntheticLambda1.invoke(D8$$SyntheticClass:0)
02-16 21:21:09.561 29387 29400 E TestRunner: 	at io.qameta.allure.kotlin.Allure.step(Allure.kt:60)
02-16 21:21:09.561 29387 29400 E TestRunner: 	at com.wire.android.tests.core.BaseUiTest.step(BaseUiTest.kt:54)
02-16 21:21:09.561 29387 29400 E TestRunner: 	at com.wire.android.tests.core.criticalFlows.FileSharingBetweenTeams.givenUserInAnotherTeam_whenFileIsSent_thenRecipientCanReceivePlayAndDownloadIt(FileSharingBetweenTeams.kt:125)
02-16 21:21:09.561 29387 29400 E TestRunner: 	at java.lang.reflect.Method.invoke(Native Method)
02-16 21:21:09.561 29387 29400 E TestRunner: 	at org.junit.runners.model.FrameworkMethod$1.runReflectiveCall(FrameworkMethod.java:59)
02-16 21:21:09.561 29387 29400 E TestRunner: 	at org.junit.internal.runners.model.ReflectiveCallable.run(ReflectiveCallable.java:12)
02-16 21:21:09.561 29387 29400 E TestRunner: 	at org.junit.runners.model.FrameworkMethod.invokeExplosively(FrameworkMethod.java:56)
02-16 21:21:09.561 29387 29400 E TestRunner: 	at org.junit.internal.runners.statements.InvokeMethod.evaluate(InvokeMethod.java:17)
02-16 21:21:09.561 29387 29400 E TestRunner: 	at androidx.test.internal.runner.junit4.statement.RunBefores.evaluate(RunBefores.java:80)
02-16 21:21:09.561 29387 29400 E TestRunner: 	at androidx.test.internal.runner.junit4.statement.RunAfters.evaluate(RunAfters.java:61)
02-16 21:21:09.561 29387 29400 E TestRunner: 	at com.wire.android.tests.support.suite.AllureFailureScreenshotRule$apply$1.evaluate(AllureFailureScreenshotRule.kt:44)
02-16 21:21:09.561 29387 29400 E TestRunner: 	at com.wire.android.tests.support.suite.AllureLabelsRule$apply$1.evaluate(AllureLabelsRule.kt:70)
02-16 21:21:09.561 29387 29400 E TestRunner: 	at org.junit.rules.TestWatcher$1.evaluate(TestWatcher.java:61)
02-16 21:21:09.561 29387 29400 E TestRunner: 	at com.wire.android.tests.support.suite.AllureLogcatRule$apply$1.evaluate(AllureLogcatRule.kt:41)
02-16 21:21:09.561 29387 29400 E TestRunner: 	at org.junit.runners.ParentRunner$3.evaluate(ParentRunner.java:306)
02-16 21:21:09.561 29387 29400 E TestRunner: 	at org.junit.runners.BlockJUnit4ClassRunner$1.evaluate(BlockJUnit4ClassRunner.java:100)
02-16 21:21:09.561 29387 29400 E TestRunner: 	at org.junit.runners.ParentRunner.runLeaf(ParentRunner.java:366)
02-16 21:21:09.561 29387 29400 E TestRunner: 	at org.junit.runners.BlockJUnit4ClassRunner.runChild(BlockJUnit4ClassRunner.java:103)
02-16 21:21:09.561 29387 29400 E TestRunner: 	at org.junit.runners.BlockJUnit4ClassRunner.runChild(BlockJUnit4ClassRunner.java:63)
02-16 21:21:09.561 29387 29400 E TestRunner: 	at org.junit.runners.ParentRunner$4.run(ParentRunner.java:331)
02-16 21:21:09.561 29387 29400 E TestRunner: 	at org.junit.runners.ParentRunner$1.schedule(ParentRunner.java:79)
02-16 21:21:09.561 29387 29400 E TestRunner: 	at org.junit.runners.ParentRunner.runChildren(ParentRunner.java:329)
02-16 21:21:09.561 29387 29400 E TestRunner: 	at org.junit.runners.ParentRunner.access$100(ParentRunner.java:66)
02-16 21:21:09.561 29387 29400 E TestRunner: 	at org.junit.runners.ParentRunner$2.evaluate(ParentRunner.java:293)
02-16 21:21:09.561 29387 29400 E TestRunner: 	at org.junit.runners.ParentRunner$3.evaluate(ParentRunner.java:306)
02-16 21:21:09.561 29387 29400 E TestRunner: 	at org.junit.runners.ParentRunner.run(ParentRunner.java:413)
02-16 21:21:09.561 29387 29400 E TestRunner: 	at androidx.test.ext.junit.runners.AndroidJUnit4.run(AndroidJUnit4.java:162)
02-16 21:21:09.561 29387 29400 E TestRunner: 	at org.junit.runners.Suite.runChild(Suite.java:128)
02-16 21:21:09.561 29387 29400 E TestRunner: 	at org.junit.runners.Suite.runChild(Suite.java:27)
02-16 21:21:09.561 29387 29400 E TestRunner: 	at org.junit.runners.ParentRunner$4.run(ParentRunner.java:331)
02-16 21:21:09.561 29387 29400 E TestRunner: 	at org.junit.runners.ParentRunner$1.schedule(ParentRunner.java:79)
02-16 21:21:09.561 29387 29400 E TestRunner: 	at org.junit.runners.ParentRunner.runChildren(ParentRunner.java:329)
02-16 21:21:09.561 29387 29400 E TestRunner: 	at org.junit.runners.ParentRunner.access$100(ParentRunner.java:66)
02-16 21:21:09.561 29387 29400 E TestRunner: 	at org.junit.runners.ParentRunner$2.evaluate(ParentRunner.java:293)
02-16 21:21:09.561 29387 29400 E TestRunner: 	at org.junit.runners.ParentRunner$3.evaluate(ParentRunner.java:306)
02-16 21:21:09.561 29387 29400 E TestRunner: 	at org.junit.runners.ParentRunner.run(ParentRunner.java:413)
02-16 21:21:09.561 29387 29400 E TestRunner: 	at org.junit.runner.JUnitCore.run(JUnitCore.java:137)
02-16 21:21:09.561 29387 29400 E TestRunner: 	at org.junit.runner.JUnitCore.run(JUnitCore.java:115)
02-16 21:21:09.561 29387 29400 E TestRunner: 	at androidx.test.internal.runner.TestExecutor.execute(TestExecutor.java:68)
02-16 21:21:09.561 29387 29400 E TestRunner: 	at androidx.test.internal.runner.TestExecutor.execute(TestExecutor.java:59)
02-16 21:21:09.561 29387 29400 E TestRunner: 	at androidx.test.runner.AndroidJUnitRunner.onStart(AndroidJUnitRunner.java:467)
02-16 21:21:09.561 29387 29400 E TestRunner: 	at com.wire.android.tests.support.suite.TaggedTestRunner.onStart(TaggedTestRunner.kt:51)
02-16 21:21:09.561 29387 29400 E TestRunner: 	at android.app.Instrumentation$InstrumentationThread.run(Instrumentation.java:2278)
02-16 21:21:09.561 29387 29400 E TestRunner: ----- end exception -----
02-16 21:21:09.568 29387 29400 I TestRunner: finished: givenUserInAnotherTeam_whenFileIsSent_thenRecipientCanReceivePlayAndDownloadIt(com.wire.android.tests.core.criticalFlows.FileSharingBetweenTeams)
02-16 21:21:09.623 29387 29400 I TestRunner: started: givenIStartGroupCall_whenParticipantShareMessageFileAndLocation_thenAllVisibleAndCallContinues(com.wire.android.tests.core.criticalFlows.GroupCallChat)
02-16 21:21:09.638 29387 29400 D UiDevice: Executing shell command: pm clear com.wire.internal
02-16 21:21:09.713 29387 29400 D UiDevice: Executing shell command: settings put secure show_ime_with_hard_keyboard 0
02-16 21:21:09.741 29387 29400 D UiDevice: Executing shell command: settings put global window_animation_scale 0
02-16 21:21:09.770 29387 29400 D UiDevice: Executing shell command: settings put global transition_animation_scale 0
02-16 21:21:09.802 29387 29400 D UiDevice: Executing shell command: settings put global animator_duration_scale .5
02-16 21:21:09.833 29387 29400 D UiDevice: Pressing home button.
02-16 21:21:10.876 29387 29400 W InteractionController: Timed out waiting 1000ms for command and events.
02-16 21:21:10.885 29387 29400 D UiDevice: Waiting 20000ms for SearchCondition[hasObject=BySelector [PKG='\Qcom.google.android.apps.nexuslauncher\E']].
02-16 21:21:10.886 29387 29400 D UiDevice: Searching for node with selector: BySelector [PKG='\Qcom.google.android.apps.nexuslauncher\E'].
02-16 21:21:11.173 29387 29400 D UiDevice: Searching for node with selector: BySelector [PKG='\Qcom.google.android.apps.nexuslauncher\E'].
02-16 21:21:11.325 29387 29400 D UiDevice: Searching for node with selector: BySelector [PKG='\Qcom.google.android.apps.nexuslauncher\E'].
02-16 21:21:11.474 29387 29400 D UiDevice: Searching for node with selector: BySelector [PKG='\Qcom.google.android.apps.nexuslauncher\E'].
02-16 21:21:11.629 29387 29400 D UiDevice: Searching for node with selector: BySelector [PKG='\Qcom.google.android.apps.nexuslauncher\E'].
02-16 21:21:11.780 29387 29400 D UiDevice: Searching for node with selector: BySelector [PKG='\Qcom.google.android.apps.nexuslauncher\E'].
02-16 21:21:11.929 29387 29400 D UiDevice: Searching for node with selector: BySelector [PKG='\Qcom.google.android.apps.nexuslauncher\E'].
02-16 21:21:12.076 29387 29400 D UiDevice: Searching for node with selector: BySelector [PKG='\Qcom.google.android.apps.nexuslauncher\E'].
02-16 21:21:12.220 29387 29400 D UiDevice: Searching for node with selector: BySelector [PKG='\Qcom.google.android.apps.nexuslauncher\E'].
02-16 21:21:12.368 29387 29400 D UiDevice: Searching for node with selector: BySelector [PKG='\Qcom.google.android.apps.nexuslauncher\E'].
02-16 21:21:12.519 29387 29400 D UiDevice: Searching for node with selector: BySelector [PKG='\Qcom.google.android.apps.nexuslauncher\E'].
02-16 21:21:12.663 29387 29400 D UiDevice: Searching for node with selector: BySelector [PKG='\Qcom.google.android.apps.nexuslauncher\E'].
02-16 21:21:12.808 29387 29400 D UiDevice: Searching for node with selector: BySelector [PKG='\Qcom.google.android.apps.nexuslauncher\E'].
02-16 21:21:12.951 29387 29400 D UiDevice: Searching for node with selector: BySelector [PKG='\Qcom.google.android.apps.nexuslauncher\E'].
02-16 21:21:13.263 29387 29400 D UiDevice: Searching for node with selector: BySelector [PKG='\Qcom.google.android.apps.nexuslauncher\E'].
02-16 21:21:13.410 29387 29400 D UiDevice: Searching for node with selector: BySelector [PKG='\Qcom.google.android.apps.nexuslauncher\E'].
02-16 21:21:13.554 29387 29400 D UiDevice: Searching for node with selector: BySelector [PKG='\Qcom.google.android.apps.nexuslauncher\E'].
02-16 21:21:13.704 29387 29400 D UiDevice: Searching for node with selector: BySelector [PKG='\Qcom.google.android.apps.nexuslauncher\E'].
02-16 21:21:13.849 29387 29400 D UiDevice: Searching for node with selector: BySelector [PKG='\Qcom.google.android.apps.nexuslauncher\E'].
02-16 21:21:14.000 29387 29400 D UiDevice: Searching for node with selector: BySelector [PKG='\Qcom.google.android.apps.nexuslauncher\E'].
02-16 21:21:14.148 29387 29400 D UiDevice: Searching for node with selector: BySelector [PKG='\Qcom.google.android.apps.nexuslauncher\E'].
02-16 21:21:14.295 29387 29400 D UiDevice: Searching for node with selector: BySelector [PKG='\Qcom.google.android.apps.nexuslauncher\E'].
02-16 21:21:14.454 29387 29400 D UiDevice: Searching for node with selector: BySelector [PKG='\Qcom.google.android.apps.nexuslauncher\E'].
02-16 21:21:14.603 29387 29400 D UiDevice: Searching for node with selector: BySelector [PKG='\Qcom.google.android.apps.nexuslauncher\E'].
02-16 21:21:14.751 29387 29400 D UiDevice: Searching for node with selector: BySelector [PKG='\Qcom.google.android.apps.nexuslauncher\E'].
02-16 21:21:14.903 29387 29400 D UiDevice: Searching for node with selector: BySelector [PKG='\Qcom.google.android.apps.nexuslauncher\E'].
02-16 21:21:15.050 29387 29400 D UiDevice: Searching for node with selector: BySelector [PKG='\Qcom.google.android.apps.nexuslauncher\E'].
02-16 21:21:15.397 29387 29400 D UiDevice: Searching for node with selector: BySelector [PKG='\Qcom.google.android.apps.nexuslauncher\E'].
02-16 21:21:15.549 29387 29400 D UiDevice: Searching for node with selector: BySelector [PKG='\Qcom.google.android.apps.nexuslauncher\E'].
02-16 21:21:15.706 29387 29400 D UiDevice: Searching for node with selector: BySelector [PKG='\Qcom.google.android.apps.nexuslauncher\E'].
02-16 21:21:15.854 29387 29400 D UiDevice: Searching for node with selector: BySelector [PKG='\Qcom.google.android.apps.nexuslauncher\E'].
02-16 21:21:16.003 29387 29400 D UiDevice: Searching for node with selector: BySelector [PKG='\Qcom.google.android.apps.nexuslauncher\E'].
02-16 21:21:16.154 29387 29400 D UiDevice: Searching for node with selector: BySelector [PKG='\Qcom.google.android.apps.nexuslauncher\E'].
02-16 21:21:16.300 29387 29400 D UiDevice: Searching for node with selector: BySelector [PKG='\Qcom.google.android.apps.nexuslauncher\E'].
02-16 21:21:16.444 29387 29400 D UiDevice: Searching for node with selector: BySelector [PKG='\Qcom.google.android.apps.nexuslauncher\E'].
02-16 21:21:16.465 29387 29392 I .testsCore.tes: Background concurrent copying GC freed 19MB AllocSpace bytes, 68(2696KB) LOS objects, 76% free, 7745KB/31MB, paused 72us,29us total 122.162ms
02-16 21:21:16.582 29387 29400 D UiDevice: Searching for node with selector: BySelector [PKG='\Qcom.google.android.apps.nexuslauncher\E'].
02-16 21:21:16.720 29387 29400 D UiDevice: Searching for node with selector: BySelector [PKG='\Qcom.google.android.apps.nexuslauncher\E'].
02-16 21:21:16.867 29387 29400 D UiDevice: Searching for node with selector: BySelector [PKG='\Qcom.google.android.apps.nexuslauncher\E'].
02-16 21:21:17.008 29387 29400 D UiDevice: Searching for node with selector: BySelector [PKG='\Qcom.google.android.apps.nexuslauncher\E'].
02-16 21:21:17.154 29387 29400 D UiDevice: Searching for node with selector: BySelector [PKG='\Qcom.google.android.apps.nexuslauncher\E'].
02-16 21:21:17.475 29387 29400 D UiDevice: Searching for node with selector: BySelector [PKG='\Qcom.google.android.apps.nexuslauncher\E'].
02-16 21:21:17.623 29387 29400 D UiDevice: Searching for node with selector: BySelector [PKG='\Qcom.google.android.apps.nexuslauncher\E'].
02-16 21:21:17.772 29387 29400 D UiDevice: Searching for node with selector: BySelector [PKG='\Qcom.google.android.apps.nexuslauncher\E'].
02-16 21:21:17.920 29387 29400 D UiDevice: Searching for node with selector: BySelector [PKG='\Qcom.google.android.apps.nexuslauncher\E'].
02-16 21:21:18.068 29387 29400 D UiDevice: Searching for node with selector: BySelector [PKG='\Qcom.google.android.apps.nexuslauncher\E'].
02-16 21:21:18.220 29387 29400 D UiDevice: Searching for node with selector: BySelector [PKG='\Qcom.google.android.apps.nexuslauncher\E'].
02-16 21:21:18.367 29387 29400 D UiDevice: Searching for node with selector: BySelector [PKG='\Qcom.google.android.apps.nexuslauncher\E'].
02-16 21:21:18.515 29387 29400 D UiDevice: Searching for node with selector: BySelector [PKG='\Qcom.google.android.apps.nexuslauncher\E'].
02-16 21:21:18.667 29387 29400 D UiDevice: Searching for node with selector: BySelector [PKG='\Qcom.google.android.apps.nexuslauncher\E'].
02-16 21:21:18.814 29387 29400 D UiDevice: Searching for node with selector: BySelector [PKG='\Qcom.google.android.apps.nexuslauncher\E'].
02-16 21:21:18.961 29387 29400 D UiDevice: Searching for node with selector: BySelector [PKG='\Qcom.google.android.apps.nexuslauncher\E'].
02-16 21:21:19.107 29387 29400 D UiDevice: Searching for node with selector: BySelector [PKG='\Qcom.google.android.apps.nexuslauncher\E'].
02-16 21:21:19.245 29387 29400 D UiDevice: Searching for node with selector: BySelector [PKG='\Qcom.google.android.apps.nexuslauncher\E'].
02-16 21:21:19.586 29387 29400 D UiDevice: Searching for node with selector: BySelector [PKG='\Qcom.google.android.apps.nexuslauncher\E'].
02-16 21:21:19.734 29387 29400 D UiDevice: Searching for node with selector: BySelector [PKG='\Qcom.google.android.apps.nexuslauncher\E'].
02-16 21:21:19.879 29387 29400 D UiDevice: Searching for node with selector: BySelector [PKG='\Qcom.google.android.apps.nexuslauncher\E'].
02-16 21:21:20.029 29387 29400 D UiDevice: Searching for node with selector: BySelector [PKG='\Qcom.google.android.apps.nexuslauncher\E'].
02-16 21:21:20.181 29387 29400 D UiDevice: Searching for node with selector: BySelector [PKG='\Qcom.google.android.apps.nexuslauncher\E'].
02-16 21:21:20.330 29387 29400 D UiDevice: Searching for node with selector: BySelector [PKG='\Qcom.google.android.apps.nexuslauncher\E'].
02-16 21:21:20.480 29387 29400 D UiDevice: Searching for node with selector: BySelector [PKG='\Qcom.google.android.apps.nexuslauncher\E'].
02-16 21:21:20.628 29387 29400 D UiDevice: Searching for node with selector: BySelector [PKG='\Qcom.google.android.apps.nexuslauncher\E'].
02-16 21:21:20.780 29387 29400 D UiDevice: Searching for node with selector: BySelector [PKG='\Qcom.google.android.apps.nexuslauncher\E'].
02-16 21:21:20.928 29387 29400 D UiDevice: Searching for node with selector: BySelector [PKG='\Qcom.google.android.apps.nexuslauncher\E'].
02-16 21:21:21.072 29387 29400 D UiDevice: Searching for node with selector: BySelector [PKG='\Qcom.google.android.apps.nexuslauncher\E'].
02-16 21:21:21.225 29387 29400 D UiDevice: Searching for node with selector: BySelector [PKG='\Qcom.google.android.apps.nexuslauncher\E'].
02-16 21:21:21.373 29387 29400 D UiDevice: Searching for node with selector: BySelector [PKG='\Qcom.google.android.apps.nexuslauncher\E'].
02-16 21:21:21.700 29387 29400 D UiDevice: Searching for node with selector: BySelector [PKG='\Qcom.google.android.apps.nexuslauncher\E'].
02-16 21:21:21.845 29387 29400 D UiDevice: Searching for node with selector: BySelector [PKG='\Qcom.google.android.apps.nexuslauncher\E'].
02-16 21:21:21.998 29387 29400 D UiDevice: Searching for node with selector: BySelector [PKG='\Qcom.google.android.apps.nexuslauncher\E'].
02-16 21:21:22.148 29387 29400 D UiDevice: Searching for node with selector: BySelector [PKG='\Qcom.google.android.apps.nexuslauncher\E'].
02-16 21:21:22.300 29387 29400 D UiDevice: Searching for node with selector: BySelector [PKG='\Qcom.google.android.apps.nexuslauncher\E'].
02-16 21:21:22.448 29387 29400 D UiDevice: Searching for node with selector: BySelector [PKG='\Qcom.google.android.apps.nexuslauncher\E'].
02-16 21:21:22.598 29387 29400 D UiDevice: Searching for node with selector: BySelector [PKG='\Qcom.google.android.apps.nexuslauncher\E'].
02-16 21:21:22.748 29387 29400 D UiDevice: Searching for node with selector: BySelector [PKG='\Qcom.google.android.apps.nexuslauncher\E'].
02-16 21:21:22.893 29387 29400 D UiDevice: Searching for node with selector: BySelector [PKG='\Qcom.google.android.apps.nexuslauncher\E'].
02-16 21:21:23.040 29387 29400 D UiDevice: Searching for node with selector: BySelector [PKG='\Qcom.google.android.apps.nexuslauncher\E'].
02-16 21:21:23.181 29387 29400 D UiDevice: Searching for node with selector: BySelector [PKG='\Qcom.google.android.apps.nexuslauncher\E'].
02-16 21:21:23.333 29387 29400 D UiDevice: Searching for node with selector: BySelector [PKG='\Qcom.google.android.apps.nexuslauncher\E'].
02-16 21:21:23.483 29387 29400 D UiDevice: Searching for node with selector: BySelector [PKG='\Qcom.google.android.apps.nexuslauncher\E'].
02-16 21:21:23.800 29387 29400 D UiDevice: Searching for node with selector: BySelector [PKG='\Qcom.google.android.apps.nexuslauncher\E'].
02-16 21:21:23.945 29387 29400 D UiDevice: Searching for node with selector: BySelector [PKG='\Qcom.google.android.apps.nexuslauncher\E'].
02-16 21:21:24.094 29387 29400 D UiDevice: Searching for node with selector: BySelector [PKG='\Qcom.google.android.apps.nexuslauncher\E'].
02-16 21:21:24.247 29387 29400 D UiDevice: Searching for node with selector: BySelector [PKG='\Qcom.google.android.apps.nexuslauncher\E'].
02-16 21:21:24.388 29387 29400 D UiDevice: Searching for node with selector: BySelector [PKG='\Qcom.google.android.apps.nexuslauncher\E'].
02-16 21:21:24.534 29387 29400 D UiDevice: Searching for node with selector: BySelector [PKG='\Qcom.google.android.apps.nexuslauncher\E'].
02-16 21:21:24.683 29387 29400 D UiDevice: Searching for node with selector: BySelector [PKG='\Qcom.google.android.apps.nexuslauncher\E'].
02-16 21:21:24.831 29387 29400 D UiDevice: Searching for node with selector: BySelector [PKG='\Qcom.google.android.apps.nexuslauncher\E'].
02-16 21:21:24.977 29387 29400 D UiDevice: Searching for node with selector: BySelector [PKG='\Qcom.google.android.apps.nexuslauncher\E'].
02-16 21:21:25.122 29387 29400 D UiDevice: Searching for node with selector: BySelector [PKG='\Qcom.google.android.apps.nexuslauncher\E'].
02-16 21:21:25.270 29387 29400 D UiDevice: Searching for node with selector: BySelector [PKG='\Qcom.google.android.apps.nexuslauncher\E'].
02-16 21:21:25.414 29387 29400 D UiDevice: Searching for node with selector: BySelector [PKG='\Qcom.google.android.apps.nexuslauncher\E'].
02-16 21:21:25.566 29387 29400 D UiDevice: Searching for node with selector: BySelector [PKG='\Qcom.google.android.apps.nexuslauncher\E'].
02-16 21:21:25.880 29387 29400 D UiDevice: Searching for node with selector: BySelector [PKG='\Qcom.google.android.apps.nexuslauncher\E'].
02-16 21:21:26.030 29387 29400 D UiDevice: Searching for node with selector: BySelector [PKG='\Qcom.google.android.apps.nexuslauncher\E'].
02-16 21:21:26.174 29387 29400 D UiDevice: Searching for node with selector: BySelector [PKG='\Qcom.google.android.apps.nexuslauncher\E'].
02-16 21:21:26.322 29387 29400 D UiDevice: Searching for node with selector: BySelector [PKG='\Qcom.google.android.apps.nexuslauncher\E'].
02-16 21:21:26.469 29387 29400 D UiDevice: Searching for node with selector: BySelector [PKG='\Qcom.google.android.apps.nexuslauncher\E'].
02-16 21:21:26.620 29387 29400 D UiDevice: Searching for node with selector: BySelector [PKG='\Qcom.google.android.apps.nexuslauncher\E'].
02-16 21:21:26.765 29387 29400 D UiDevice: Searching for node with selector: BySelector [PKG='\Qcom.google.android.apps.nexuslauncher\E'].
02-16 21:21:26.914 29387 29400 D UiDevice: Searching for node with selector: BySelector [PKG='\Qcom.google.android.apps.nexuslauncher\E'].
02-16 21:21:27.065 29387 29400 D UiDevice: Searching for node with selector: BySelector [PKG='\Qcom.google.android.apps.nexuslauncher\E'].
02-16 21:21:27.207 29387 29400 D UiDevice: Searching for node with selector: BySelector [PKG='\Qcom.google.android.apps.nexuslauncher\E'].
02-16 21:21:27.356 29387 29400 D UiDevice: Searching for node with selector: BySelector [PKG='\Qcom.google.android.apps.nexuslauncher\E'].
02-16 21:21:27.502 29387 29400 D UiDevice: Searching for node with selector: BySelector [PKG='\Qcom.google.android.apps.nexuslauncher\E'].
02-16 21:21:27.652 29387 29400 D UiDevice: Searching for node with selector: BySelector [PKG='\Qcom.google.android.apps.nexuslauncher\E'].
02-16 21:21:27.977 29387 29400 D UiDevice: Searching for node with selector: BySelector [PKG='\Qcom.google.android.apps.nexuslauncher\E'].
02-16 21:21:28.112 29387 29400 D UiDevice: Searching for node with selector: BySelector [PKG='\Qcom.google.android.apps.nexuslauncher\E'].
02-16 21:21:28.264 29387 29400 D UiDevice: Searching for node with selector: BySelector [PKG='\Qcom.google.android.apps.nexuslauncher\E'].
02-16 21:21:28.410 29387 29400 D UiDevice: Searching for node with selector: BySelector [PKG='\Qcom.google.android.apps.nexuslauncher\E'].
02-16 21:21:28.557 29387 29400 D UiDevice: Searching for node with selector: BySelector [PKG='\Qcom.google.android.apps.nexuslauncher\E'].
02-16 21:21:28.705 29387 29400 D UiDevice: Searching for node with selector: BySelector [PKG='\Qcom.google.android.apps.nexuslauncher\E'].
02-16 21:21:28.850 29387 29400 D UiDevice: Searching for node with selector: BySelector [PKG='\Qcom.google.android.apps.nexuslauncher\E'].
02-16 21:21:29.000 29387 29400 D UiDevice: Searching for node with selector: BySelector [PKG='\Qcom.google.android.apps.nexuslauncher\E'].
02-16 21:21:29.144 29387 29400 D UiDevice: Searching for node with selector: BySelector [PKG='\Qcom.google.android.apps.nexuslauncher\E'].
02-16 21:21:29.291 29387 29400 D UiDevice: Searching for node with selector: BySelector [PKG='\Qcom.google.android.apps.nexuslauncher\E'].
02-16 21:21:29.444 29387 29400 D UiDevice: Searching for node with selector: BySelector [PKG='\Qcom.google.android.apps.nexuslauncher\E'].
02-16 21:21:29.589 29387 29400 D UiDevice: Searching for node with selector: BySelector [PKG='\Qcom.google.android.apps.nexuslauncher\E'].
02-16 21:21:29.733 29387 29400 D UiDevice: Searching for node with selector: BySelector [PKG='\Qcom.google.android.apps.nexuslauncher\E'].
02-16 21:21:30.029 29387 29400 D UiDevice: Searching for node with selector: BySelector [PKG='\Qcom.google.android.apps.nexuslauncher\E'].
02-16 21:21:30.175 29387 29400 D UiDevice: Searching for node with selector: BySelector [PKG='\Qcom.google.android.apps.nexuslauncher\E'].
02-16 21:21:30.322 29387 29400 D UiDevice: Searching for node with selector: BySelector [PKG='\Qcom.google.android.apps.nexuslauncher\E'].
02-16 21:21:30.472 29387 29400 D UiDevice: Searching for node with selector: BySelector [PKG='\Qcom.google.android.apps.nexuslauncher\E'].
02-16 21:21:30.620 29387 29400 D UiDevice: Searching for node with selector: BySelector [PKG='\Qcom.google.android.apps.nexuslauncher\E'].
02-16 21:21:30.765 29387 29400 D UiDevice: Searching for node with selector: BySelector [PKG='\Qcom.google.android.apps.nexuslauncher\E'].
02-16 21:21:30.913 29387 29400 D UiDevice: Searching for node with selector: BySelector [PKG='\Qcom.google.android.apps.nexuslauncher\E'].
02-16 21:21:30.988 29387 29400 D UiDevice: Waiting 20000ms for SearchCondition[hasObject=BySelector [PKG='\Qcom.wire.internal\E']].
02-16 21:21:30.988 29387 29400 D UiDevice: Searching for node with selector: BySelector [PKG='\Qcom.wire.internal\E'].
02-16 21:21:31.110 29387 29400 D UiDevice: Searching for node with selector: BySelector [PKG='\Qcom.wire.internal\E'].
02-16 21:21:31.228 29387 29400 D UiDevice: Searching for node with selector: BySelector [PKG='\Qcom.wire.internal\E'].
02-16 21:21:31.354 29387 29400 D UiDevice: Searching for node with selector: BySelector [PKG='\Qcom.wire.internal\E'].
02-16 21:21:31.477 29387 29400 D UiDevice: Searching for node with selector: BySelector [PKG='\Qcom.wire.internal\E'].
02-16 21:21:31.611 29387 29400 D UiDevice: Searching for node with selector: BySelector [PKG='\Qcom.wire.internal\E'].
02-16 21:21:31.750 29387 29400 D UiDevice: Searching for node with selector: BySelector [PKG='\Qcom.wire.internal\E'].
02-16 21:21:32.044 29387 29400 D UiDevice: Searching for node with selector: BySelector [PKG='\Qcom.wire.internal\E'].
02-16 21:21:32.171 29387 29400 D UiDevice: Searching for node with selector: BySelector [PKG='\Qcom.wire.internal\E'].
02-16 21:21:32.298 29387 29400 D UiDevice: Searching for node with selector: BySelector [PKG='\Qcom.wire.internal\E'].
02-16 21:21:32.424 29387 29400 D UiDevice: Searching for node with selector: BySelector [PKG='\Qcom.wire.internal\E'].
02-16 21:21:32.550 29387 29400 D UiDevice: Searching for node with selector: BySelector [PKG='\Qcom.wire.internal\E'].
02-16 21:21:32.674 29387 29400 D UiDevice: Searching for node with selector: BySelector [PKG='\Qcom.wire.internal\E'].
02-16 21:21:32.799 29387 29400 D UiDevice: Searching for node with selector: BySelector [PKG='\Qcom.wire.internal\E'].
02-16 21:21:32.924 29387 29400 D UiDevice: Searching for node with selector: BySelector [PKG='\Qcom.wire.internal\E'].
02-16 21:21:33.050 29387 29400 D UiDevice: Searching for node with selector: BySelector [PKG='\Qcom.wire.internal\E'].
02-16 21:21:33.170 29387 29400 D UiDevice: Searching for node with selector: BySelector [PKG='\Qcom.wire.internal\E'].
02-16 21:21:33.290 29387 29400 D UiDevice: Searching for node with selector: BySelector [PKG='\Qcom.wire.internal\E'].
02-16 21:21:33.410 29387 29400 D UiDevice: Searching for node with selector: BySelector [PKG='\Qcom.wire.internal\E'].
02-16 21:21:33.530 29387 29400 D UiDevice: Searching for node with selector: BySelector [PKG='\Qcom.wire.internal\E'].
02-16 21:21:33.652 29387 29400 D UiDevice: Searching for node with selector: BySelector [PKG='\Qcom.wire.internal\E'].
02-16 21:21:33.774 29387 29400 D UiDevice: Searching for node with selector: BySelector [PKG='\Qcom.wire.internal\E'].
02-16 21:21:33.983 29387 29400 D UiDevice: Searching for node with selector: BySelector [PKG='\Qcom.wire.internal\E'].
02-16 21:21:34.109 29387 29400 D UiDevice: Searching for node with selector: BySelector [PKG='\Qcom.wire.internal\E'].
02-16 21:21:34.229 29387 29400 D UiDevice: Searching for node with selector: BySelector [PKG='\Qcom.wire.internal\E'].
02-16 21:21:34.353 29387 29400 D UiDevice: Searching for node with selector: BySelector [PKG='\Qcom.wire.internal\E'].
02-16 21:21:34.477 29387 29400 D UiDevice: Searching for node with selector: BySelector [PKG='\Qcom.wire.internal\E'].
02-16 21:21:34.603 29387 29400 D UiDevice: Searching for node with selector: BySelector [PKG='\Qcom.wire.internal\E'].
02-16 21:21:34.727 29387 29400 D UiDevice: Searching for node with selector: BySelector [PKG='\Qcom.wire.internal\E'].
02-16 21:21:34.852 29387 29400 D UiDevice: Searching for node with selector: BySelector [PKG='\Qcom.wire.internal\E'].
02-16 21:21:34.998 29387 29400 D UiDevice: Searching for node with selector: BySelector [PKG='\Qcom.wire.internal\E'].
02-16 21:21:35.146 29387 29400 D UiDevice: Searching for node with selector: BySelector [PKG='\Qcom.wire.internal\E'].
02-16 21:21:35.296 29387 29400 D UiDevice: Searching for node with selector: BySelector [PKG='\Qcom.wire.internal\E'].
02-16 21:21:35.444 29387 29400 D UiDevice: Searching for node with selector: BySelector [PKG='\Qcom.wire.internal\E'].
02-16 21:21:35.588 29387 29400 D UiDevice: Searching for node with selector: BySelector [PKG='\Qcom.wire.internal\E'].
02-16 21:21:35.723 29387 29400 D UiDevice: Searching for node with selector: BySelector [PKG='\Qcom.wire.internal\E'].
02-16 21:21:35.866 29387 29400 D UiDevice: Searching for node with selector: BySelector [PKG='\Qcom.wire.internal\E'].
02-16 21:21:36.160 29387 29400 D UiDevice: Searching for node with selector: BySelector [PKG='\Qcom.wire.internal\E'].
02-16 21:21:36.283 29387 29400 D UiDevice: Searching for node with selector: BySelector [PKG='\Qcom.wire.internal\E'].
02-16 21:21:36.417 29387 29400 D UiDevice: Searching for node with selector: BySelector [PKG='\Qcom.wire.internal\E'].
02-16 21:21:36.561 29387 29400 D UiDevice: Searching for node with selector: BySelector [PKG='\Qcom.wire.internal\E'].
02-16 21:21:36.708 29387 29400 D UiDevice: Searching for node with selector: BySelector [PKG='\Qcom.wire.internal\E'].
02-16 21:21:36.860 29387 29400 D UiDevice: Searching for node with selector: BySelector [PKG='\Qcom.wire.internal\E'].
02-16 21:21:37.006 29387 29400 D UiDevice: Searching for node with selector: BySelector [PKG='\Qcom.wire.internal\E'].
02-16 21:21:37.151 29387 29400 D UiDevice: Searching for node with selector: BySelector [PKG='\Qcom.wire.internal\E'].
02-16 21:21:37.306 29387 29400 D UiDevice: Searching for node with selector: BySelector [PKG='\Qcom.wire.internal\E'].
02-16 21:21:37.450 29387 29400 D UiDevice: Searching for node with selector: BySelector [PKG='\Qcom.wire.internal\E'].
02-16 21:21:37.600 29387 29400 D UiDevice: Searching for node with selector: BySelector [PKG='\Qcom.wire.internal\E'].
02-16 21:21:37.745 29387 29400 D UiDevice: Searching for node with selector: BySelector [PKG='\Qcom.wire.internal\E'].
02-16 21:21:37.897 29387 29400 D UiDevice: Searching for node with selector: BySelector [PKG='\Qcom.wire.internal\E'].
02-16 21:21:38.231 29387 29400 D UiDevice: Searching for node with selector: BySelector [PKG='\Qcom.wire.internal\E'].
02-16 21:21:38.382 29387 29400 D UiDevice: Searching for node with selector: BySelector [PKG='\Qcom.wire.internal\E'].
02-16 21:21:38.528 29387 29400 D UiDevice: Searching for node with selector: BySelector [PKG='\Qcom.wire.internal\E'].
02-16 21:21:38.677 29387 29400 D UiDevice: Searching for node with selector: BySelector [PKG='\Qcom.wire.internal\E'].
02-16 21:21:38.828 29387 29400 D UiDevice: Searching for node with selector: BySelector [PKG='\Qcom.wire.internal\E'].
02-16 21:21:38.973 29387 29400 D UiDevice: Searching for node with selector: BySelector [PKG='\Qcom.wire.internal\E'].
02-16 21:21:39.121 29387 29400 D UiDevice: Searching for node with selector: BySelector [PKG='\Qcom.wire.internal\E'].
02-16 21:21:39.263 29387 29400 D UiDevice: Searching for node with selector: BySelector [PKG='\Qcom.wire.internal\E'].
02-16 21:21:39.392 29387 29400 D UiDevice: Searching for node with selector: BySelector [PKG='\Qcom.wire.internal\E'].
02-16 21:21:39.543 29387 29400 D UiDevice: Searching for node with selector: BySelector [PKG='\Qcom.wire.internal\E'].
02-16 21:21:39.688 29387 29400 D UiDevice: Searching for node with selector: BySelector [PKG='\Qcom.wire.internal\E'].
02-16 21:21:39.836 29387 29400 D UiDevice: Searching for node with selector: BySelector [PKG='\Qcom.wire.internal\E'].
02-16 21:21:39.984 29387 29400 D UiDevice: Searching for node with selector: BySelector [PKG='\Qcom.wire.internal\E'].
02-16 21:21:40.310 29387 29400 D UiDevice: Searching for node with selector: BySelector [PKG='\Qcom.wire.internal\E'].
02-16 21:21:40.460 29387 29400 D UiDevice: Searching for node with selector: BySelector [PKG='\Qcom.wire.internal\E'].
02-16 21:21:40.610 29387 29400 D UiDevice: Searching for node with selector: BySelector [PKG='\Qcom.wire.internal\E'].
02-16 21:21:40.755 29387 29400 D UiDevice: Searching for node with selector: BySelector [PKG='\Qcom.wire.internal\E'].
02-16 21:21:40.900 29387 29400 D UiDevice: Searching for node with selector: BySelector [PKG='\Qcom.wire.internal\E'].
02-16 21:21:41.045 29387 29400 D UiDevice: Searching for node with selector: BySelector [PKG='\Qcom.wire.internal\E'].
02-16 21:21:41.191 29387 29400 D UiDevice: Searching for node with selector: BySelector [PKG='\Qcom.wire.internal\E'].
02-16 21:21:41.339 29387 29400 D UiDevice: Searching for node with selector: BySelector [PKG='\Qcom.wire.internal\E'].
02-16 21:21:41.487 29387 29400 D UiDevice: Searching for node with selector: BySelector [PKG='\Qcom.wire.internal\E'].
02-16 21:21:41.635 29387 29400 D UiDevice: Searching for node with selector: BySelector [PKG='\Qcom.wire.internal\E'].
02-16 21:21:41.787 29387 29400 D UiDevice: Searching for node with selector: BySelector [PKG='\Qcom.wire.internal\E'].
02-16 21:21:41.934 29387 29400 D UiDevice: Searching for node with selector: BySelector [PKG='\Qcom.wire.internal\E'].
02-16 21:21:42.080 29387 29400 D UiDevice: Searching for node with selector: BySelector [PKG='\Qcom.wire.internal\E'].
02-16 21:21:42.387 29387 29400 D UiDevice: Searching for node with selector: BySelector [PKG='\Qcom.wire.internal\E'].
02-16 21:21:42.538 29387 29400 D UiDevice: Searching for node with selector: BySelector [PKG='\Qcom.wire.internal\E'].
02-16 21:21:42.689 29387 29400 D UiDevice: Searching for node with selector: BySelector [PKG='\Qcom.wire.internal\E'].
02-16 21:21:42.838 29387 29400 D UiDevice: Searching for node with selector: BySelector [PKG='\Qcom.wire.internal\E'].
02-16 21:21:42.989 29387 29400 D UiDevice: Searching for node with selector: BySelector [PKG='\Qcom.wire.internal\E'].
02-16 21:21:43.134 29387 29400 D UiDevice: Searching for node with selector: BySelector [PKG='\Qcom.wire.internal\E'].
02-16 21:21:43.265 29387 29400 D UiDevice: Searching for node with selector: BySelector [PKG='\Qcom.wire.internal\E'].
02-16 21:21:44.029 29387 29400 D UiDevice: Searching for node with selector: BySelector [PKG='\Qcom.wire.internal\E'].
02-16 21:21:44.180 29387 29400 D UiDevice: Searching for node with selector: BySelector [PKG='\Qcom.wire.internal\E'].
02-16 21:21:44.487 29387 29400 D UiDevice: Searching for node with selector: BySelector [PKG='\Qcom.wire.internal\E'].
02-16 21:21:44.629 29387 29400 D UiDevice: Searching for node with selector: BySelector [PKG='\Qcom.wire.internal\E'].
02-16 21:21:44.775 29387 29400 D UiDevice: Searching for node with selector: BySelector [PKG='\Qcom.wire.internal\E'].
02-16 21:21:44.921 29387 29400 D UiDevice: Searching for node with selector: BySelector [PKG='\Qcom.wire.internal\E'].
02-16 21:21:45.045 29387 29400 D UiDevice: Searching for node with selector: BySelector [PKG='\Qcom.wire.internal\E'].
02-16 21:21:45.176 29387 29400 D UiDevice: Searching for node with selector: BySelector [PKG='\Qcom.wire.internal\E'].
02-16 21:21:45.322 29387 29400 D UiDevice: Searching for node with selector: BySelector [PKG='\Qcom.wire.internal\E'].
02-16 21:21:45.470 29387 29400 D UiDevice: Searching for node with selector: BySelector [PKG='\Qcom.wire.internal\E'].
02-16 21:21:45.624 29387 29400 D UiDevice: Searching for node with selector: BySelector [PKG='\Qcom.wire.internal\E'].
02-16 21:21:45.769 29387 29400 D UiDevice: Searching for node with selector: BySelector [PKG='\Qcom.wire.internal\E'].
02-16 21:21:45.916 29387 29400 D UiDevice: Searching for node with selector: BySelector [PKG='\Qcom.wire.internal\E'].
02-16 21:21:46.071 29387 29400 D UiDevice: Searching for node with selector: BySelector [PKG='\Qcom.wire.internal\E'].
02-16 21:21:46.227 29387 29400 D UiDevice: Searching for node with selector: BySelector [PKG='\Qcom.wire.internal\E'].
02-16 21:21:46.548 29387 29400 D UiDevice: Searching for node with selector: BySelector [PKG='\Qcom.wire.internal\E'].
02-16 21:21:46.691 29387 29400 D UiDevice: Searching for node with selector: BySelector [PKG='\Qcom.wire.internal\E'].
02-16 21:21:46.841 29387 29400 D UiDevice: Searching for node with selector: BySelector [PKG='\Qcom.wire.internal\E'].
02-16 21:21:46.987 29387 29400 D UiDevice: Searching for node with selector: BySelector [PKG='\Qcom.wire.internal\E'].
02-16 21:21:47.137 29387 29400 D UiDevice: Searching for node with selector: BySelector [PKG='\Qcom.wire.internal\E'].
02-16 21:21:47.284 29387 29400 D UiDevice: Searching for node with selector: BySelector [PKG='\Qcom.wire.internal\E'].
02-16 21:21:47.428 29387 29400 D UiDevice: Searching for node with selector: BySelector [PKG='\Qcom.wire.internal\E'].
02-16 21:21:47.575 29387 29400 D UiDevice: Searching for node with selector: BySelector [PKG='\Qcom.wire.internal\E'].
02-16 21:21:47.724 29387 29400 D UiDevice: Searching for node with selector: BySelector [PKG='\Qcom.wire.internal\E'].
02-16 21:21:47.870 29387 29400 D UiDevice: Searching for node with selector: BySelector [PKG='\Qcom.wire.internal\E'].
02-16 21:21:48.020 29387 29400 D UiDevice: Searching for node with selector: BySelector [PKG='\Qcom.wire.internal\E'].
02-16 21:21:48.162 29387 29400 D UiDevice: Searching for node with selector: BySelector [PKG='\Qcom.wire.internal\E'].
02-16 21:21:48.308 29387 29400 D UiDevice: Searching for node with selector: BySelector [PKG='\Qcom.wire.internal\E'].
02-16 21:21:48.619 29387 29400 D UiDevice: Searching for node with selector: BySelector [PKG='\Qcom.wire.internal\E'].
02-16 21:21:48.767 29387 29400 D UiDevice: Searching for node with selector: BySelector [PKG='\Qcom.wire.internal\E'].
02-16 21:21:48.914 29387 29400 D UiDevice: Searching for node with selector: BySelector [PKG='\Qcom.wire.internal\E'].
02-16 21:21:49.063 29387 29400 D UiDevice: Searching for node with selector: BySelector [PKG='\Qcom.wire.internal\E'].
02-16 21:21:49.209 29387 29400 D UiDevice: Searching for node with selector: BySelector [PKG='\Qcom.wire.internal\E'].
02-16 21:21:49.355 29387 29400 D UiDevice: Searching for node with selector: BySelector [PKG='\Qcom.wire.internal\E'].
02-16 21:21:49.504 29387 29400 D UiDevice: Searching for node with selector: BySelector [PKG='\Qcom.wire.internal\E'].
02-16 21:21:49.648 29387 29400 D UiDevice: Searching for node with selector: BySelector [PKG='\Qcom.wire.internal\E'].
02-16 21:21:49.795 29387 29400 D UiDevice: Searching for node with selector: BySelector [PKG='\Qcom.wire.internal\E'].
02-16 21:21:49.943 29387 29400 D UiDevice: Searching for node with selector: BySelector [PKG='\Qcom.wire.internal\E'].
02-16 21:21:50.089 29387 29400 D UiDevice: Searching for node with selector: BySelector [PKG='\Qcom.wire.internal\E'].
02-16 21:21:50.246 29387 29400 D UiDevice: Searching for node with selector: BySelector [PKG='\Qcom.wire.internal\E'].
02-16 21:21:50.393 29387 29400 D UiDevice: Searching for node with selector: BySelector [PKG='\Qcom.wire.internal\E'].
02-16 21:21:50.714 29387 29400 D UiDevice: Searching for node with selector: BySelector [PKG='\Qcom.wire.internal\E'].
02-16 21:21:50.860 29387 29400 D UiDevice: Searching for node with selector: BySelector [PKG='\Qcom.wire.internal\E'].
02-16 21:21:51.008 29387 29400 D UiDevice: Searching for node with selector: BySelector [PKG='\Qcom.wire.internal\E'].
02-16 21:21:51.054 29387 29400 I System.out: Could not access BuildConfig field 'BACKENDCONNECTION_STAGING_SOCKSPROXY': No field BACKENDCONNECTION_STAGING_SOCKSPROXY in class Lcom/wire/android/testSupport/BuildConfig; (declaration of 'com.wire.android.testSupport.BuildConfig' appears in /data/app/~~TTk915TyBKMfXnuW2Vxj2A==/com.wire.android.tests.testsCore.test-OJb2QLm__YdtbvmC__veMg==/base.apk!classes2.dex)
02-16 21:21:51.056 29387 29400 I System.out: Could not access BuildConfig field 'BACKENDCONNECTION_STAGING_SOCKSPROXY': No field BACKENDCONNECTION_STAGING_SOCKSPROXY in class Lcom/wire/android/testSupport/BuildConfig; (declaration of 'com.wire.android.testSupport.BuildConfig' appears in /data/app/~~TTk915TyBKMfXnuW2Vxj2A==/com.wire.android.tests.testsCore.test-OJb2QLm__YdtbvmC__veMg==/base.apk!classes2.dex)
02-16 21:21:51.058 29387 29400 I System.out: Could not access BuildConfig field 'BACKENDCONNECTION_STAGING_SOCKSPROXY': No field BACKENDCONNECTION_STAGING_SOCKSPROXY in class Lcom/wire/android/testSupport/BuildConfig; (declaration of 'com.wire.android.testSupport.BuildConfig' appears in /data/app/~~TTk915TyBKMfXnuW2Vxj2A==/com.wire.android.tests.testsCore.test-OJb2QLm__YdtbvmC__veMg==/base.apk!classes2.dex)
02-16 21:21:51.237 29387 29400 W UiAutomation: UiAutomation.grantRuntimePermission() is more robust and should be used instead of 'pm grant'
02-16 21:21:51.244 29387 29400 W UiAutomation: UiAutomation.grantRuntimePermission() is more robust and should be used instead of 'pm grant'
02-16 21:21:51.253 29387 29400 I ClientUserManager: 21:21:51 INFO [421] (ClientUse) Cannot find user by: user1Name 
02-16 21:21:51.255 29387 29400 I Hello   : 21:21:51 INFO [421] (ClientUse) Hello, my name is Teddy Zieme and my email is ziemecvhvytpeem@wire.engineering and password is 7Un8Jai! and emailPassword is C6=,X|.tHS'Yinnnnn 
02-16 21:21:52.968 29387 29400 I ClientUserManager: 21:21:52 INFO [421] (ClientUse) Cannot find user by: user1Name 
02-16 21:21:53.024 29387 29400 I ClientUserManager: 21:21:53 INFO [421] (ClientUse) Cannot find user by: user2Name 
02-16 21:21:53.027 29387 29400 I ClientUserManager: 21:21:53 INFO [421] (ClientUse) Cannot find user by: user3Name 
02-16 21:21:54.965 29387 29400 I ClientUserManager: 21:21:54 INFO [421] (ClientUse) Cannot find user by: user1Name 
02-16 21:21:54.973 29387 29400 I ClientUserManager: 21:21:54 INFO [421] (ClientUse) Cannot find user by: user2Name 
02-16 21:21:54.978 29387 29400 I ClientUserManager: 21:21:54 INFO [421] (ClientUse) Cannot find user by: user3Name 
02-16 21:21:54.980 29387 29400 I System.out: Could not access BuildConfig field 'BACKENDCONNECTION_STAGING_SOCKSPROXY': No field BACKENDCONNECTION_STAGING_SOCKSPROXY in class Lcom/wire/android/testSupport/BuildConfig; (declaration of 'com.wire.android.testSupport.BuildConfig' appears in /data/app/~~TTk915TyBKMfXnuW2Vxj2A==/com.wire.android.tests.testsCore.test-OJb2QLm__YdtbvmC__veMg==/base.apk!classes2.dex)
02-16 21:21:55.165 29387 29400 I ClientUserManager: 21:21:55 INFO [421] (ClientUse) Cannot find user by: user3Name 
02-16 21:21:55.166 29387 29400 I System.out: Could not access BuildConfig field 'BACKENDCONNECTION_STAGING_SOCKSPROXY': No field BACKENDCONNECTION_STAGING_SOCKSPROXY in class Lcom/wire/android/testSupport/BuildConfig; (declaration of 'com.wire.android.testSupport.BuildConfig' appears in /data/app/~~TTk915TyBKMfXnuW2Vxj2A==/com.wire.android.tests.testsCore.test-OJb2QLm__YdtbvmC__veMg==/base.apk!classes2.dex)
02-16 21:21:55.169 29387 29400 I ClientUserManager: 21:21:55 INFO [421] (ClientUse) Cannot find user by: user3Name 
02-16 21:21:55.222 29387 29400 I ClientUserManager: 21:21:55 INFO [421] (ClientUse) Cannot find user by: user3Name 
02-16 21:21:55.225 29387 29400 I System.out: Could not access BuildConfig field 'BACKENDCONNECTION_STAGING_SOCKSPROXY': No field BACKENDCONNECTION_STAGING_SOCKSPROXY in class Lcom/wire/android/testSupport/BuildConfig; (declaration of 'com.wire.android.testSupport.BuildConfig' appears in /data/app/~~TTk915TyBKMfXnuW2Vxj2A==/com.wire.android.tests.testsCore.test-OJb2QLm__YdtbvmC__veMg==/base.apk!classes2.dex)
02-16 21:21:55.226 29387 29400 I TestService: 21:21:55 INFO [421] (TestServi) GET: http://192.168.2.18:8080/api/v1/ 
02-16 21:21:55.245 29387 29400 I TestService: 21:21:55 INFO [421] (TestServi) PUT: http://192.168.2.18:8080/api/v1/instance 
02-16 21:21:55.246 29387 29400 I TestService: 21:21:55 INFO [421] (TestServi)  >>> Request: {"email":"mayercavzyhctcf@wire.engineering","password":"P67qVxw#","deviceName":"Device1","name":"TestService","customBackend":{"name":"STAGING","rest":"https:\/\/staging-nginz-https.zinfra.io\/","ws":"wss:\/\/staging-nginz-ssl.zinfra.io"},"federationDomain":"staging.zinfra.io","developmentApiEnabled":true} 
02-16 21:22:05.088 29387 29400 I TestService: 21:22:05 INFO [421] (TestServi)  >>> Response (200): {"backend":"staging","clientId":"1687e2fd19d92cb6","instanceId":"ecdb7094-bf1d-4b85-992c-91ebf496df77","name":"TestService","startupTime":8014,"startTime":1771273322698} 
02-16 21:22:05.094 29387 29400 I ClientUserManager: 21:22:05 INFO [421] (ClientUse) Cannot find user by: user1Name 
02-16 21:22:05.095 29387 29400 I System.out: Could not access BuildConfig field 'BACKENDCONNECTION_STAGING_SOCKSPROXY': No field BACKENDCONNECTION_STAGING_SOCKSPROXY in class Lcom/wire/android/testSupport/BuildConfig; (declaration of 'com.wire.android.testSupport.BuildConfig' appears in /data/app/~~TTk915TyBKMfXnuW2Vxj2A==/com.wire.android.tests.testsCore.test-OJb2QLm__YdtbvmC__veMg==/base.apk!classes2.dex)
02-16 21:22:05.251 29387 29400 I UiAutomatorPinger: 21:22:05 INFO [421] (UiAutomat) Starting UIAutomator pinger every 30 seconds 
02-16 21:22:05.263 29387 29757 I UiAutomatorPinger: 21:22:05 INFO [431] (UiAutomat) Pinging device (waking up screen) 
02-16 21:22:05.271 29387 29757 D UiDevice: Turning on screen.
02-16 21:22:05.274 29387 29758 D CallingManager: Creating instance for user3Name
02-16 21:22:05.277 29387 29756 D CallingManager: Creating instance for user2Name
02-16 21:22:05.278 29387 29758 I ClientUserManager: 21:22:05 INFO [432] (ClientUse) Cannot find user by: user3Name 
02-16 21:22:05.279 29387 29756 I ClientUserManager: 21:22:05 INFO [430] (ClientUse) Cannot find user by: user2Name 
02-16 21:22:05.280 29387 29758 I System.out: Could not access BuildConfig field 'BACKENDCONNECTION_STAGING_SOCKSPROXY': No field BACKENDCONNECTION_STAGING_SOCKSPROXY in class Lcom/wire/android/testSupport/BuildConfig; (declaration of 'com.wire.android.testSupport.BuildConfig' appears in /data/app/~~TTk915TyBKMfXnuW2Vxj2A==/com.wire.android.tests.testsCore.test-OJb2QLm__YdtbvmC__veMg==/base.apk!classes2.dex)
02-16 21:22:05.280 29387 29756 I System.out: Could not access BuildConfig field 'BACKENDCONNECTION_STAGING_SOCKSPROXY': No field BACKENDCONNECTION_STAGING_SOCKSPROXY in class Lcom/wire/android/testSupport/BuildConfig; (declaration of 'com.wire.android.testSupport.BuildConfig' appears in /data/app/~~TTk915TyBKMfXnuW2Vxj2A==/com.wire.android.tests.testsCore.test-OJb2QLm__YdtbvmC__veMg==/base.apk!classes2.dex)
02-16 21:22:05.336 29387 29758 I System.out: Could not access BuildConfig field 'BACKENDCONNECTION_STAGING_SOCKSPROXY': No field BACKENDCONNECTION_STAGING_SOCKSPROXY in class Lcom/wire/android/testSupport/BuildConfig; (declaration of 'com.wire.android.testSupport.BuildConfig' appears in /data/app/~~TTk915TyBKMfXnuW2Vxj2A==/com.wire.android.tests.testsCore.test-OJb2QLm__YdtbvmC__veMg==/base.apk!classes2.dex)
02-16 21:22:05.347 29387 29756 I System.out: Could not access BuildConfig field 'BACKENDCONNECTION_STAGING_SOCKSPROXY': No field BACKENDCONNECTION_STAGING_SOCKSPROXY in class Lcom/wire/android/testSupport/BuildConfig; (declaration of 'com.wire.android.testSupport.BuildConfig' appears in /data/app/~~TTk915TyBKMfXnuW2Vxj2A==/com.wire.android.tests.testsCore.test-OJb2QLm__YdtbvmC__veMg==/base.apk!classes2.dex)
02-16 21:22:05.980 29387 29757 I UiAutomatorPinger: 21:22:05 INFO [431] (UiAutomat) Device screen awakened 
02-16 21:22:17.037 29387 29756 D CallingManager: Started instance 9475c48d-87c8-4906-b0cd-16973daf633c for user Reinaldo Crist
02-16 21:22:17.858 29387 29758 D CallingManager: Started instance 4cbcf461-eb64-49b3-b91a-e8568ff14783 for user Mike Mayer
02-16 21:22:17.861 29387 29400 I UiAutomatorPinger: 21:22:17 INFO [421] (UiAutomat) Stopping UIAutomator pinger 
